 prism_d3d

 Timestamp is 5c212b5e (Mon Dec 24 13:54:22 2018)

 Preferred load address is 0000000180000000

 Start         Length     Name                   Class
 0001:00000000 00000030H .text$di                CODE
 0001:00000030 0000a580H .text$mn                CODE
 0001:0000a5b0 00000020H .text$mn$00             CODE
 0001:0000a5d0 00000276H .text$x                 CODE
 0002:00000000 00000270H .idata$5                DATA
 0002:00000270 00000010H .00cfg                  DATA
 0002:00000280 00000008H .CRT$XCA                DATA
 0002:00000288 00000008H .CRT$XCU                DATA
 0002:00000290 00000008H .CRT$XCZ                DATA
 0002:00000298 00000008H .CRT$XIA                DATA
 0002:000002a0 00000008H .CRT$XIZ                DATA
 0002:000002a8 00000008H .CRT$XPA                DATA
 0002:000002b0 00000008H .CRT$XPZ                DATA
 0002:000002b8 00000008H .CRT$XTA                DATA
 0002:000002c0 00000010H .CRT$XTZ                DATA
 0002:000002c8 00000000H .gfids$y                DATA
 0002:000002d0 0000e880H .rdata                  DATA
 0002:0000eb50 00000714H .rdata$r                DATA
 0002:0000f264 000002a4H .rdata$zzzdbg           DATA
 0002:0000f508 00000008H .rtc$IAA                DATA
 0002:0000f510 00000008H .rtc$IZZ                DATA
 0002:0000f518 00000008H .rtc$TAA                DATA
 0002:0000f520 00000010H .rtc$TZZ                DATA
 0002:0000f530 00001160H .xdata                  DATA
 0002:00010690 000000f0H .xdata$x                DATA
 0002:00010780 00001044H .edata                  DATA
 0002:000117c4 000000b4H .idata$2                DATA
 0002:00011878 00000018H .idata$3                DATA
 0002:00011890 00000270H .idata$4                DATA
 0002:00011b00 0000081eH .idata$6                DATA
 0003:00000000 00000058H .data                   DATA
 0003:00000058 00000258H .data$r                 DATA
 0003:000002b0 00000738H .bss                    DATA
 0004:00000000 00000d08H .pdata                  DATA
 0005:00000000 00000060H .rsrc$01                DATA
 0005:00000060 00000318H .rsrc$02                DATA

  Address         Publics by Value              Rva+Base               Lib:Object

 0000:00000000       ___safe_se_handler_count   0000000000000000     <absolute>
 0000:00000000       __guard_iat_table          0000000000000000     <absolute>
 0000:00000000       __enclave_config           0000000000000000     <absolute>
 0000:00000000       __dynamic_value_reloc_table 0000000000000000     <absolute>
 0000:00000000       __hybrid_code_map          0000000000000000     <absolute>
 0000:00000000       __volatile_metadata        0000000000000000     <absolute>
 0000:00000000       __guard_iat_count          0000000000000000     <absolute>
 0000:00000000       ___safe_se_handler_table   0000000000000000     <absolute>
 0000:00000000       __guard_fids_table         0000000000000000     <absolute>
 0000:00000000       __guard_longjmp_count      0000000000000000     <absolute>
 0000:00000000       __guard_longjmp_table      0000000000000000     <absolute>
 0000:00000000       __hybrid_code_map_count    0000000000000000     <absolute>
 0000:00000000       __guard_fids_count         0000000000000000     <absolute>
 0000:00000000       __hybrid_auxiliary_iat     0000000000000000     <absolute>
 0000:00000100       __guard_flags              0000000000000100     <absolute>
 0000:00000000       __ImageBase                0000000180000000     <linker-defined>
 0001:00000030       ?BeginScene@D3DContext@@QEAAJXZ 0000000180001030 f   D3DContext.obj
 0001:00000070       ?Clear@D3DContext@@QEAAJKHH@Z 0000000180001070 f   D3DContext.obj
 0001:00000210       ?CreateInstance@D3DContext@@SAJPEAUIDirect3D9@@PEAUIDirect3D9Ex@@I_NPEAPEAV1@@Z 0000000180001210 f   D3DContext.obj
 0001:00000320       ?EndScene@D3DContext@@QEAAJXZ 0000000180001320 f   D3DContext.obj
 0001:00000350       ?InitContextCaps@D3DContext@@AEAAJXZ 0000000180001350 f   D3DContext.obj
 0001:000003a0       ?InitDevice@D3DContext@@AEAAJPEAUIDirect3DDevice9@@@Z 00000001800013a0 f   D3DContext.obj
 0001:00000710       ?ReleaseContextResources@D3DContext@@QEAAXH@Z 0000000180001710 f   D3DContext.obj
 0001:00000800       ?ResetClip@D3DContext@@QEAAJXZ 0000000180001800 f   D3DContext.obj
 0001:00000830       ?ResetTransform@D3DContext@@QEAAJXZ 0000000180001830 f   D3DContext.obj
 0001:00000880       ?SetCameraPosition@D3DContext@@QEAAJNNN@Z 0000000180001880 f   D3DContext.obj
 0001:00000920       ?SetProjViewMatrix@D3DContext@@QEAAJHNNNNNNNNNNNNNNNN@Z 0000000180001920 f   D3DContext.obj
 0001:00000bb0       ?SetRectClip@D3DContext@@QEAAJHHHH@Z 0000000180001bb0 f   D3DContext.obj
 0001:00000d60       ?SetRenderTarget@D3DContext@@QEAAJPEAUIDirect3DSurface9@@PEAPEAU2@HH@Z 0000000180001d60 f   D3DContext.obj
 0001:00001100       ?SetTransform@D3DContext@@QEAAJNNNNNNNNNNNNNNNN@Z 0000000180002100 f   D3DContext.obj
 0001:00001210       ?TestCooperativeLevel@D3DContext@@QEAAJXZ 0000000180002210 f   D3DContext.obj
 0001:00001250       ?UpdateVertexShaderTX@D3DContext@@AEAAJXZ 0000000180002250 f   D3DContext.obj
 0001:000013b0       ?createTexture@@YAPEAUIDirect3DTexture9@@W4_D3DFORMAT@@HHPEAPEAUIDirect3DSurface9@@PEAUIDirect3DDevice9@@@Z 00000001800023b0 f   D3DContext.obj
 0001:00001480       ?getTextureCache@D3DContext@@QEAAPEAUIDirect3DTexture9@@HW4_D3DFORMAT@@HHPEAPEAUIDirect3DSurface9@@@Z 0000000180002480 f   D3DContext.obj
 0001:000015b0       ?release@D3DContext@@QEAAHXZ 00000001800025b0 f   D3DContext.obj
 0001:00001710       ?setDeviceParametersFor3D@D3DContext@@QEAAJXZ 0000000180002710 f   D3DContext.obj
 0001:000018e0       ?setWorldTransform@D3DContext@@QEAAXNNNNNNNNNNNNNNNN@Z 00000001800028e0 f   D3DContext.obj
 0001:000019f0       ?setWorldTransformIndentity@D3DContext@@QEAAXXZ 00000001800029f0 f   D3DContext.obj
 0001:00001a40       Java_com_sun_prism_d3d_D3DContext_nBlit 0000000180002a40 f   D3DContext.obj
 0001:00001ae0       Java_com_sun_prism_d3d_D3DContext_nBuildNativeGeometryInt 0000000180002ae0 f   D3DContext.obj
 0001:00001c20       Java_com_sun_prism_d3d_D3DContext_nBuildNativeGeometryShort 0000000180002c20 f   D3DContext.obj
 0001:00001d60       Java_com_sun_prism_d3d_D3DContext_nCreateD3DMesh 0000000180002d60 f   D3DContext.obj
 0001:00001da0       Java_com_sun_prism_d3d_D3DContext_nCreateD3DMeshView 0000000180002da0 f   D3DContext.obj
 0001:00001df0       Java_com_sun_prism_d3d_D3DContext_nCreateD3DPhongMaterial 0000000180002df0 f   D3DContext.obj
 0001:00001e30       Java_com_sun_prism_d3d_D3DContext_nReleaseD3DMesh 0000000180002e30 f   D3DContext.obj
 0001:00001e30       Java_com_sun_prism_d3d_D3DContext_nReleaseD3DPhongMaterial 0000000180002e30 f   D3DContext.obj
 0001:00001e30       Java_com_sun_prism_d3d_D3DContext_nReleaseD3DMeshView 0000000180002e30 f   D3DContext.obj
 0001:00001e50       Java_com_sun_prism_d3d_D3DContext_nRenderMeshView 0000000180002e50 f   D3DContext.obj
 0001:00001e60       Java_com_sun_prism_d3d_D3DContext_nSetAmbientLight 0000000180002e60 f   D3DContext.obj
 0001:00001e80       Java_com_sun_prism_d3d_D3DContext_nSetCullingMode 0000000180002e80 f   D3DContext.obj
 0001:00001ec0       Java_com_sun_prism_d3d_D3DContext_nSetDeviceParametersFor2D 0000000180002ec0 f   D3DContext.obj
 0001:00001fd0       Java_com_sun_prism_d3d_D3DContext_nSetDeviceParametersFor3D 0000000180002fd0 f   D3DContext.obj
 0001:00001ff0       Java_com_sun_prism_d3d_D3DContext_nSetDiffuseColor 0000000180002ff0 f   D3DContext.obj
 0001:00002020       Java_com_sun_prism_d3d_D3DContext_nSetMap 0000000180003020 f   D3DContext.obj
 0001:00002040       Java_com_sun_prism_d3d_D3DContext_nSetMaterial 0000000180003040 f   D3DContext.obj
 0001:00002060       Java_com_sun_prism_d3d_D3DContext_nSetPointLight 0000000180003060 f   D3DContext.obj
 0001:000020e0       Java_com_sun_prism_d3d_D3DContext_nSetSpecularColor 00000001800030e0 f   D3DContext.obj
 0001:00002120       Java_com_sun_prism_d3d_D3DContext_nSetWireframe 0000000180003120 f   D3DContext.obj
 0001:00002140       ?InitContext@D3DContext@@QEAAJ_N@Z 0000000180003140 f   D3DContextInit.obj
 0001:000023a0       ?ResetContext@D3DContext@@QEAAJXZ 00000001800033a0 f   D3DContextInit.obj
 0001:00002430       ?drawIndexedQuads@D3DContext@@QEAAJPEBUPrismSourceVertex@@PEBEH@Z 0000000180003430 f   D3DGraphics.obj
 0001:000025e0       ?fillVB@@YAXPEAUPRISM_VERTEX_2D@@PEBUPrismSourceVertex@@PEBEI@Z 00000001800035e0 f   D3DGraphics.obj
 0001:00002820       ?stretchRect@D3DContext@@QEAAXPEAUIDirect3DSurface9@@HHHH0HHHH@Z 0000000180003820 f   D3DGraphics.obj
 0001:000028e0       Java_com_sun_prism_d3d_D3DContext_nDrawIndexedQuads 00000001800038e0 f   D3DGraphics.obj
 0001:000029d0       Java_com_sun_prism_d3d_D3DContext_nGetFrameStats 00000001800039d0 f   D3DGraphics.obj
 0001:00002b40       Java_com_sun_prism_d3d_D3DContext_nIsRTTVolatile 0000000180003b40 f   D3DGraphics.obj
 0001:00002b60       Java_com_sun_prism_d3d_D3DContext_nResetClipRect 0000000180003b60 f   D3DGraphics.obj
 0001:00002b80       Java_com_sun_prism_d3d_D3DContext_nResetTransform 0000000180003b80 f   D3DGraphics.obj
 0001:00002ba0       Java_com_sun_prism_d3d_D3DContext_nSetBlendEnabled 0000000180003ba0 f   D3DGraphics.obj
 0001:00002c80       Java_com_sun_prism_d3d_D3DContext_nSetCameraPosition 0000000180003c80 f   D3DGraphics.obj
 0001:00002cb0       Java_com_sun_prism_d3d_D3DContext_nSetClipRect 0000000180003cb0 f   D3DGraphics.obj
 0001:00002ce0       Java_com_sun_prism_d3d_D3DContext_nSetProjViewMatrix 0000000180003ce0 f   D3DGraphics.obj
 0001:00002e00       Java_com_sun_prism_d3d_D3DContext_nSetRenderTarget 0000000180003e00 f   D3DGraphics.obj
 0001:00002e60       Java_com_sun_prism_d3d_D3DContext_nSetTexture 0000000180003e60 f   D3DGraphics.obj
 0001:00002fa0       Java_com_sun_prism_d3d_D3DContext_nSetTransform 0000000180003fa0 f   D3DGraphics.obj
 0001:000030b0       Java_com_sun_prism_d3d_D3DContext_nSetWorldTransform 00000001800040b0 f   D3DGraphics.obj
 0001:000031b0       Java_com_sun_prism_d3d_D3DContext_nSetWorldTransformToIdentity 00000001800041b0 f   D3DGraphics.obj
 0001:000031c0       Java_com_sun_prism_d3d_D3DGraphics_nClear 00000001800041c0 f   D3DGraphics.obj
 0001:00003220       Java_com_sun_prism_d3d_D3DSwapChain_nPresent 0000000180004220 f   D3DGraphics.obj
 0001:000032b0       ??0D3DLight@@QEAA@XZ       00000001800042b0 f   D3DLight.obj
 0001:000032d0       ??1D3DLight@@UEAA@XZ       00000001800042d0 f   D3DLight.obj
 0001:000032e0       ??_GD3DLight@@UEAAPEAXI@Z  00000001800042e0 f i D3DLight.obj
 0001:000032e0       ??_ED3DLight@@UEAAPEAXI@Z  00000001800042e0 f i D3DLight.obj
 0001:00003310       ??$?6U?$char_traits@D@std@@@std@@YAAEAV?$basic_ostream@DU?$char_traits@D@std@@@0@AEAV10@PEBD@Z 0000000180004310 f i D3DMesh.obj
 0001:000034e0       ??0D3DMesh@@QEAA@PEAVD3DContext@@@Z 00000001800044e0 f   D3DMesh.obj
 0001:00003510       ??1_Sentry_base@?$basic_ostream@DU?$char_traits@D@std@@@std@@QEAA@XZ 0000000180004510 f i D3DMesh.obj
 0001:00003540       ??1sentry@?$basic_ostream@DU?$char_traits@D@std@@@std@@QEAA@XZ 0000000180004540 f i D3DMesh.obj
 0001:00003590       ??_ED3DMesh@@UEAAPEAXI@Z   0000000180004590 f i D3DMesh.obj
 0001:00003590       ??_GD3DMesh@@UEAAPEAXI@Z   0000000180004590 f i D3DMesh.obj
 0001:00003620       ?buildBuffers@D3DMesh@@QEAAEPEAMIPEAGI@Z 0000000180004620 f   D3DMesh.obj
 0001:000037f0       ?buildBuffers@D3DMesh@@QEAAEPEAMIPEAII@Z 00000001800047f0 f   D3DMesh.obj
 0001:000039d0       ?getVertexShader@D3DPhongShader@@QEAAPEAUIDirect3DVertexShader9@@XZ 00000001800049d0 f   D3DPhongShader.obj
 0001:000039d0       ?getIndexBuffer@D3DMesh@@QEAAPEAUIDirect3DIndexBuffer9@@XZ 00000001800049d0 f   D3DMesh.obj
 0001:000039e0       ?getNumIndices@D3DMesh@@QEAAIXZ 00000001800049e0 f   D3DMesh.obj
 0001:000039f0       ?getNumVertices@D3DMesh@@QEAAIXZ 00000001800049f0 f   D3DMesh.obj
 0001:00003a00       ?getVertexBuffer@D3DMesh@@QEAAPEAUIDirect3DVertexBuffer9@@XZ 0000000180004a00 f   D3DMesh.obj
 0001:00003a10       ?getVertexFVF@D3DMesh@@QEAAKXZ 0000000180004a10 f   D3DMesh.obj
 0001:00003ad0       ??$endl@DU?$char_traits@D@std@@@std@@YAAEAV?$basic_ostream@DU?$char_traits@D@std@@@0@AEAV10@@Z 0000000180004ad0 f i D3DMeshView.obj
 0001:00003b10       ??0D3DMeshView@@QEAA@PEAVD3DContext@@PEAVD3DMesh@@@Z 0000000180004b10 f   D3DMeshView.obj
 0001:00003bc0       ??_ED3DMeshView@@UEAAPEAXI@Z 0000000180004bc0 f i D3DMeshView.obj
 0001:00003bc0       ??_GD3DMeshView@@UEAAPEAXI@Z 0000000180004bc0 f i D3DMeshView.obj
 0001:00003c30       ?render@D3DMeshView@@QEAAXXZ 0000000180004c30 f   D3DMeshView.obj
 0001:000041e0       ?setAmbientLight@D3DMeshView@@QEAAXMMM@Z 00000001800051e0 f   D3DMeshView.obj
 0001:00004200       ?setCullingMode@D3DMeshView@@QEAAXH@Z 0000000180005200 f   D3DMeshView.obj
 0001:00004210       ?setMaterial@D3DMeshView@@QEAAXPEAVD3DPhongMaterial@@@Z 0000000180005210 f   D3DMeshView.obj
 0001:00004220       ?setPointLight@D3DMeshView@@QEAAXHMMMMMMM@Z 0000000180005220 f   D3DMeshView.obj
 0001:00004280       ?setWireframe@D3DMeshView@@QEAAX_N@Z 0000000180005280 f   D3DMeshView.obj
 0001:00004290       ??0D3DPhongMaterial@@QEAA@PEAVD3DContext@@@Z 0000000180005290 f   D3DPhongMaterial.obj
 0001:000042e0       ??_GD3DPhongMaterial@@UEAAPEAXI@Z 00000001800052e0 f i D3DPhongMaterial.obj
 0001:000042e0       ??_ED3DPhongMaterial@@UEAAPEAXI@Z 00000001800052e0 f i D3DPhongMaterial.obj
 0001:00004320       ?getDiffuseColor@D3DPhongMaterial@@QEAAPEAMXZ 0000000180005320 f   D3DPhongMaterial.obj
 0001:00004330       ?getMap@D3DPhongMaterial@@QEAAPEAUIDirect3DBaseTexture9@@H@Z 0000000180005330 f   D3DPhongMaterial.obj
 0001:00004380       ?getSpecularColor@D3DPhongMaterial@@QEAAPEAMXZ 0000000180005380 f   D3DPhongMaterial.obj
 0001:00004390       ?isBumpMap@D3DPhongMaterial@@QEAA_NXZ 0000000180005390 f   D3DPhongMaterial.obj
 0001:000043a0       ?isSelfIllumMap@D3DPhongMaterial@@QEAA_NXZ 00000001800053a0 f   D3DPhongMaterial.obj
 0001:000043b0       ?isSpecularColor@D3DPhongMaterial@@QEAA_NXZ 00000001800053b0 f   D3DPhongMaterial.obj
 0001:000043c0       ?isSpecularMap@D3DPhongMaterial@@QEAA_NXZ 00000001800053c0 f   D3DPhongMaterial.obj
 0001:000043d0       ?setDiffuseColor@D3DPhongMaterial@@QEAAXMMMM@Z 00000001800053d0 f   D3DPhongMaterial.obj
 0001:000043f0       ?setMap@D3DPhongMaterial@@QEAAXHPEAUIDirect3DBaseTexture9@@@Z 00000001800053f0 f   D3DPhongMaterial.obj
 0001:00004440       ?setSpecularColor@D3DPhongMaterial@@QEAAX_NMMMM@Z 0000000180005440 f   D3DPhongMaterial.obj
 0001:00004470       ??0D3DPhongShader@@QEAA@PEAUIDirect3DDevice9@@@Z 0000000180005470 f   D3DPhongShader.obj
 0001:000045c0       ??_ED3DPhongShader@@UEAAPEAXI@Z 00000001800055c0 f i D3DPhongShader.obj
 0001:000045c0       ??_GD3DPhongShader@@UEAAPEAXI@Z 00000001800055c0 f i D3DPhongShader.obj
 0001:000046c0       ?getBumpMode@D3DPhongShader@@QEAAH_N@Z 00000001800056c0 f   D3DPhongShader.obj
 0001:000046d0       ?getSpecularMode@D3DPhongShader@@QEAAH_N0@Z 00000001800056d0 f   D3DPhongShader.obj
 0001:000046e0       ?setPixelShader@D3DPhongShader@@QEAAJHHHH@Z 00000001800056e0 f   D3DPhongShader.obj
 0001:00004760       ?psMtl1@@YAPEBKXZ          0000000180005760 f   D3DPhongShaderGen.obj
 0001:00004770       ?psMtl1_b1c@@YAPEBKXZ      0000000180005770 f   D3DPhongShaderGen.obj
 0001:00004780       ?psMtl1_b1ci@@YAPEBKXZ     0000000180005780 f   D3DPhongShaderGen.obj
 0001:00004790       ?psMtl1_b1m@@YAPEBKXZ      0000000180005790 f   D3DPhongShaderGen.obj
 0001:000047a0       ?psMtl1_b1mi@@YAPEBKXZ     00000001800057a0 f   D3DPhongShaderGen.obj
 0001:000047b0       ?psMtl1_b1n@@YAPEBKXZ      00000001800057b0 f   D3DPhongShaderGen.obj
 0001:000047c0       ?psMtl1_b1ni@@YAPEBKXZ     00000001800057c0 f   D3DPhongShaderGen.obj
 0001:000047d0       ?psMtl1_b1t@@YAPEBKXZ      00000001800057d0 f   D3DPhongShaderGen.obj
 0001:000047e0       ?psMtl1_b1ti@@YAPEBKXZ     00000001800057e0 f   D3DPhongShaderGen.obj
 0001:000047f0       ?psMtl1_b2c@@YAPEBKXZ      00000001800057f0 f   D3DPhongShaderGen.obj
 0001:00004800       ?psMtl1_b2ci@@YAPEBKXZ     0000000180005800 f   D3DPhongShaderGen.obj
 0001:00004810       ?psMtl1_b2m@@YAPEBKXZ      0000000180005810 f   D3DPhongShaderGen.obj
 0001:00004820       ?psMtl1_b2mi@@YAPEBKXZ     0000000180005820 f   D3DPhongShaderGen.obj
 0001:00004830       ?psMtl1_b2n@@YAPEBKXZ      0000000180005830 f   D3DPhongShaderGen.obj
 0001:00004840       ?psMtl1_b2ni@@YAPEBKXZ     0000000180005840 f   D3DPhongShaderGen.obj
 0001:00004850       ?psMtl1_b2t@@YAPEBKXZ      0000000180005850 f   D3DPhongShaderGen.obj
 0001:00004860       ?psMtl1_b2ti@@YAPEBKXZ     0000000180005860 f   D3DPhongShaderGen.obj
 0001:00004870       ?psMtl1_b3c@@YAPEBKXZ      0000000180005870 f   D3DPhongShaderGen.obj
 0001:00004880       ?psMtl1_b3ci@@YAPEBKXZ     0000000180005880 f   D3DPhongShaderGen.obj
 0001:00004890       ?psMtl1_b3m@@YAPEBKXZ      0000000180005890 f   D3DPhongShaderGen.obj
 0001:000048a0       ?psMtl1_b3mi@@YAPEBKXZ     00000001800058a0 f   D3DPhongShaderGen.obj
 0001:000048b0       ?psMtl1_b3n@@YAPEBKXZ      00000001800058b0 f   D3DPhongShaderGen.obj
 0001:000048c0       ?psMtl1_b3ni@@YAPEBKXZ     00000001800058c0 f   D3DPhongShaderGen.obj
 0001:000048d0       ?psMtl1_b3t@@YAPEBKXZ      00000001800058d0 f   D3DPhongShaderGen.obj
 0001:000048e0       ?psMtl1_b3ti@@YAPEBKXZ     00000001800058e0 f   D3DPhongShaderGen.obj
 0001:000048f0       ?psMtl1_i@@YAPEBKXZ        00000001800058f0 f   D3DPhongShaderGen.obj
 0001:00004900       ?psMtl1_s1c@@YAPEBKXZ      0000000180005900 f   D3DPhongShaderGen.obj
 0001:00004910       ?psMtl1_s1ci@@YAPEBKXZ     0000000180005910 f   D3DPhongShaderGen.obj
 0001:00004920       ?psMtl1_s1m@@YAPEBKXZ      0000000180005920 f   D3DPhongShaderGen.obj
 0001:00004930       ?psMtl1_s1mi@@YAPEBKXZ     0000000180005930 f   D3DPhongShaderGen.obj
 0001:00004940       ?psMtl1_s1n@@YAPEBKXZ      0000000180005940 f   D3DPhongShaderGen.obj
 0001:00004950       ?psMtl1_s1ni@@YAPEBKXZ     0000000180005950 f   D3DPhongShaderGen.obj
 0001:00004960       ?psMtl1_s1t@@YAPEBKXZ      0000000180005960 f   D3DPhongShaderGen.obj
 0001:00004970       ?psMtl1_s1ti@@YAPEBKXZ     0000000180005970 f   D3DPhongShaderGen.obj
 0001:00004980       ?psMtl1_s2c@@YAPEBKXZ      0000000180005980 f   D3DPhongShaderGen.obj
 0001:00004990       ?psMtl1_s2ci@@YAPEBKXZ     0000000180005990 f   D3DPhongShaderGen.obj
 0001:000049a0       ?psMtl1_s2m@@YAPEBKXZ      00000001800059a0 f   D3DPhongShaderGen.obj
 0001:000049b0       ?psMtl1_s2mi@@YAPEBKXZ     00000001800059b0 f   D3DPhongShaderGen.obj
 0001:000049c0       ?psMtl1_s2n@@YAPEBKXZ      00000001800059c0 f   D3DPhongShaderGen.obj
 0001:000049d0       ?psMtl1_s2ni@@YAPEBKXZ     00000001800059d0 f   D3DPhongShaderGen.obj
 0001:000049e0       ?psMtl1_s2t@@YAPEBKXZ      00000001800059e0 f   D3DPhongShaderGen.obj
 0001:000049f0       ?psMtl1_s2ti@@YAPEBKXZ     00000001800059f0 f   D3DPhongShaderGen.obj
 0001:00004a00       ?psMtl1_s3c@@YAPEBKXZ      0000000180005a00 f   D3DPhongShaderGen.obj
 0001:00004a10       ?psMtl1_s3ci@@YAPEBKXZ     0000000180005a10 f   D3DPhongShaderGen.obj
 0001:00004a20       ?psMtl1_s3m@@YAPEBKXZ      0000000180005a20 f   D3DPhongShaderGen.obj
 0001:00004a30       ?psMtl1_s3mi@@YAPEBKXZ     0000000180005a30 f   D3DPhongShaderGen.obj
 0001:00004a40       ?psMtl1_s3n@@YAPEBKXZ      0000000180005a40 f   D3DPhongShaderGen.obj
 0001:00004a50       ?psMtl1_s3ni@@YAPEBKXZ     0000000180005a50 f   D3DPhongShaderGen.obj
 0001:00004a60       ?psMtl1_s3t@@YAPEBKXZ      0000000180005a60 f   D3DPhongShaderGen.obj
 0001:00004a70       ?psMtl1_s3ti@@YAPEBKXZ     0000000180005a70 f   D3DPhongShaderGen.obj
 0001:00004a80       ?vsMtl1_Obj@@YAPEBKXZ      0000000180005a80 f   D3DPhongShaderGen.obj
 0001:00004a90       ?Direct3DCreate9@@YAPEAUIDirect3D9@@XZ 0000000180005a90 f   D3DPipeline.obj
 0001:00004ab0       ?Direct3DCreate9Ex@@YAPEAUIDirect3D9Ex@@XZ 0000000180005ab0 f   D3DPipeline.obj
 0001:00004b00       ?fillDriverInformation@@YAXPEAUJNIEnv_@@PEAV_jobject@@PEAV_jclass@@AEAU_D3DADAPTER_IDENTIFIER9@@AEAU_D3DCAPS9@@@Z 0000000180005b00 f   D3DPipeline.obj
 0001:00004ef0       ?getBool@ConfigJavaStaticClass@@UEAA_NPEBD@Z 0000000180005ef0 f i D3DPipeline.obj
 0001:00004f50       ?getInt@ConfigJavaStaticClass@@UEAAHPEBD@Z 0000000180005f50 f i D3DPipeline.obj
 0001:00004fa0       ?getMaxSampleSupport@@YAHPEAUIDirect3D9@@I@Z 0000000180005fa0 f   D3DPipeline.obj
 0001:00005050       ?setIntField@@YAXPEAUJNIEnv_@@PEAV_jobject@@PEAV_jclass@@PEBDH@Z 0000000180006050 f   D3DPipeline.obj
 0001:000050e0       ?setStringField@@YAXPEAUJNIEnv_@@PEAV_jobject@@PEAV_jclass@@PEBD3@Z 00000001800060e0 f   D3DPipeline.obj
 0001:00005190       DllMain                    0000000180006190 f   D3DPipeline.obj
 0001:00005280       Java_com_sun_prism_d3d_D3DPipeline_nDispose 0000000180006280 f   D3DPipeline.obj
 0001:00005290       Java_com_sun_prism_d3d_D3DPipeline_nGetAdapterCount 0000000180006290 f   D3DPipeline.obj
 0001:000052a0       Java_com_sun_prism_d3d_D3DPipeline_nGetAdapterOrdinal 00000001800062a0 f   D3DPipeline.obj
 0001:000052c0       Java_com_sun_prism_d3d_D3DPipeline_nGetDriverInformation 00000001800062c0 f   D3DPipeline.obj
 0001:00005590       Java_com_sun_prism_d3d_D3DPipeline_nGetErrorMessage 0000000180006590 f   D3DPipeline.obj
 0001:000055c0       Java_com_sun_prism_d3d_D3DPipeline_nGetMaxSampleSupport 00000001800065c0 f   D3DPipeline.obj
 0001:00005650       Java_com_sun_prism_d3d_D3DPipeline_nInit 0000000180006650 f   D3DPipeline.obj
 0001:00005700       ?CheckAdaptersInfo@D3DPipelineManager@@AEAAJAEAUIConfig@@@Z 0000000180006700 f   D3DPipelineManager.obj
 0001:00005bd0       ?CheckDeviceCaps@D3DPipelineManager@@AEAAJI@Z 0000000180006bd0 f   D3DPipelineManager.obj
 0001:00005db0       ?CheckForBadHardware@D3DPipelineManager@@SAJKK_J@Z 0000000180006db0 f   D3DPipelineManager.obj
 0001:00005f00       ?CheckOSVersion@D3DPipelineManager@@SAJXZ 0000000180006f00 f   D3DPipelineManager.obj
 0001:00005f60       ?CreateInstance@D3DPipelineManager@@SAPEAV1@AEAUIConfig@@@Z 0000000180006f60 f   D3DPipelineManager.obj
 0001:00006140       ?D3DEnabledOnAdapter@D3DPipelineManager@@AEAAJI@Z 0000000180007140 f   D3DPipelineManager.obj
 0001:000061d0       ?D3DPPLM_OsVersionMatches@@YAHG@Z 00000001800071d0 f   D3DPipelineManager.obj
 0001:000064a0       ?DeleteInstance@D3DPipelineManager@@SAXXZ 00000001800074a0 f   D3DPipelineManager.obj
 0001:000064e0       ?GetAdapterOrdinalByHmon@D3DPipelineManager@@QEAAIPEAUHMONITOR__@@@Z 00000001800074e0 f   D3DPipelineManager.obj
 0001:00006560       ?GetD3DContext@D3DPipelineManager@@QEAAJIPEAPEAVD3DContext@@@Z 0000000180007560 f   D3DPipelineManager.obj
 0001:00006680       ?GetErrorMessage@D3DPipelineManager@@SAPEBDXZ 0000000180007680 f   D3DPipelineManager.obj
 0001:00006690       ?GetMatchingDepthStencilFormat@D3DPipelineManager@@QEAA?AW4_D3DFORMAT@@IW42@0@Z 0000000180007690 f   D3DPipelineManager.obj
 0001:00006760       ?InitD3D@D3DPipelineManager@@AEAAJAEAUIConfig@@@Z 0000000180007760 f   D3DPipelineManager.obj
 0001:00006990       ?ReleaseD3D@D3DPipelineManager@@AEAAJXZ 0000000180007990 f   D3DPipelineManager.obj
 0001:00006a20       ?SetErrorMessage@D3DPipelineManager@@SAXPEBD@Z 0000000180007a20 f   D3DPipelineManager.obj
 0001:00006a70       ?SetErrorMessageV@D3DPipelineManager@@SAXPEBDZZ 0000000180007a70 f   D3DPipelineManager.obj
 0001:00006b00       __local_stdio_printf_options 0000000180007b00 f i D3DPipelineManager.obj
 0001:00006b10       fprintf                    0000000180007b10 f i D3DPipelineManager.obj
 0001:00006f20       ?updateTexture@@YAJPEAVD3DContext@@PEAVD3DResource@@PEAEJJJJJJJJJ@Z 0000000180007f20 f i D3DResourceFactory.obj
 0001:00007190       Java_com_sun_prism_d3d_D3DResourceFactory_nCreateSwapChain 0000000180008190 f   D3DResourceFactory.obj
 0001:00007220       Java_com_sun_prism_d3d_D3DResourceFactory_nCreateTexture 0000000180008220 f   D3DResourceFactory.obj
 0001:000073c0       Java_com_sun_prism_d3d_D3DResourceFactory_nGetContext 00000001800083c0 f   D3DResourceFactory.obj
 0001:00007420       Java_com_sun_prism_d3d_D3DResourceFactory_nGetDevice 0000000180008420 f   D3DResourceFactory.obj
 0001:00007430       Java_com_sun_prism_d3d_D3DResourceFactory_nGetMaximumTextureSize 0000000180008430 f   D3DResourceFactory.obj
 0001:00007460       Java_com_sun_prism_d3d_D3DResourceFactory_nGetNativeTextureObject 0000000180008460 f   D3DResourceFactory.obj
 0001:00007470       Java_com_sun_prism_d3d_D3DResourceFactory_nGetTextureHeight 0000000180008470 f   D3DResourceFactory.obj
 0001:00007480       Java_com_sun_prism_d3d_D3DResourceFactory_nGetTextureWidth 0000000180008480 f   D3DResourceFactory.obj
 0001:00007490       Java_com_sun_prism_d3d_D3DResourceFactory_nIsDefaultPool 0000000180008490 f   D3DResourceFactory.obj
 0001:000074c0       Java_com_sun_prism_d3d_D3DResourceFactory_nReadPixelsB 00000001800084c0 f   D3DResourceFactory.obj
 0001:000074c0       Java_com_sun_prism_d3d_D3DResourceFactory_nReadPixelsI 00000001800084c0 f   D3DResourceFactory.obj
 0001:00007510       Java_com_sun_prism_d3d_D3DResourceFactory_nReleaseResource 0000000180008510 f   D3DResourceFactory.obj
 0001:00007540       Java_com_sun_prism_d3d_D3DResourceFactory_nResetDevice 0000000180008540 f   D3DResourceFactory.obj
 0001:00007560       Java_com_sun_prism_d3d_D3DResourceFactory_nTestCooperativeLevel 0000000180008560 f   D3DResourceFactory.obj
 0001:00007580       Java_com_sun_prism_d3d_D3DResourceFactory_nUpdateTextureB 0000000180008580 f   D3DResourceFactory.obj
 0001:000076e0       Java_com_sun_prism_d3d_D3DResourceFactory_nUpdateTextureF 00000001800086e0 f   D3DResourceFactory.obj
 0001:00007960       Java_com_sun_prism_d3d_D3DResourceFactory_nUpdateTextureI 0000000180008960 f   D3DResourceFactory.obj
 0001:00007ac0       ??1D3DResourceManager@@QEAA@XZ 0000000180008ac0 f   D3DResourceManager.obj
 0001:00007b20       ??1IManagedResource@@MEAA@XZ 0000000180008b20 f i D3DResourceManager.obj
 0001:00007b40       ??_ED3DPixelShaderResource@@UEAAPEAXI@Z 0000000180008b40 f i D3DResourceManager.obj
 0001:00007b40       ??_GD3DPixelShaderResource@@UEAAPEAXI@Z 0000000180008b40 f i D3DResourceManager.obj
 0001:00007bc0       ??_ED3DResource@@MEAAPEAXI@Z 0000000180008bc0 f i D3DResourceManager.obj
 0001:00007bc0       ??_GD3DResource@@MEAAPEAXI@Z 0000000180008bc0 f i D3DResourceManager.obj
 0001:00007c90       ??_ED3DVertexBufferResource@@UEAAPEAXI@Z 0000000180008c90 f i D3DResourceManager.obj
 0001:00007c90       ??_GD3DVertexBufferResource@@UEAAPEAXI@Z 0000000180008c90 f i D3DResourceManager.obj
 0001:00007d10       ??_EIManagedResource@@MEAAPEAXI@Z 0000000180008d10 f i D3DResourceManager.obj
 0001:00007d10       ??_GIManagedResource@@MEAAPEAXI@Z 0000000180008d10 f i D3DResourceManager.obj
 0001:00007d50       ?CreateInstance@D3DResourceManager@@SAPEAV1@PEAVD3DContext@@@Z 0000000180008d50 f   D3DResourceManager.obj
 0001:00007d90       ?CreatePixelShader@D3DResourceManager@@QEAAJPEAKPEAPEAVD3DPixelShaderResource@@@Z 0000000180008d90 f   D3DResourceManager.obj
 0001:00007e70       ?CreateRenderTarget@D3DResourceManager@@QEAAJIIHPEAW4_D3DFORMAT@@W4_D3DMULTISAMPLE_TYPE@@PEAPEAVD3DResource@@@Z 0000000180008e70 f   D3DResourceManager.obj
 0001:00008050       ?CreateSwapChain@D3DResourceManager@@QEAAJPEAUHWND__@@IIIW4_D3DSWAPEFFECT@@IPEAPEAVD3DResource@@@Z 0000000180009050 f   D3DResourceManager.obj
 0001:000081e0       ?CreateTexture@D3DResourceManager@@QEAAJIIHHHPEAW4_D3DFORMAT@@KPEAPEAVD3DResource@@@Z 00000001800091e0 f   D3DResourceManager.obj
 0001:000083c0       ?CreateVertexBuffer@D3DResourceManager@@QEAAJPEAPEAVD3DVertexBufferResource@@@Z 00000001800093c0 f   D3DResourceManager.obj
 0001:000084c0       ?GetBlitOSPSurface@D3DResourceManager@@QEAAJIIW4_D3DFORMAT@@PEAPEAVD3DResource@@@Z 00000001800094c0 f   D3DResourceManager.obj
 0001:00008630       ?Init@D3DResource@@IEAAXPEAUIDirect3DResource9@@PEAUIDirect3DSwapChain9@@@Z 0000000180009630 f   D3DResourceManager.obj
 0001:00008710       ?IsDefaultPool@D3DPixelShaderResource@@UEAAHXZ 0000000180009710 f i D3DResourceManager.obj
 0001:00008710       __scrt_stub_for_is_c_termination_complete 0000000180009710 f i MSVCRT:ucrt_stubs.obj
 0001:00008710       _is_c_termination_complete 0000000180009710 f i MSVCRT:ucrt_stubs.obj
 0001:00008720       ?IsDefaultPool@D3DResource@@UEAAHXZ 0000000180009720 f   D3DResourceManager.obj
 0001:00008740       ?IsDefaultPool@D3DVertexBufferResource@@UEAAHXZ 0000000180009740 f i D3DResourceManager.obj
 0001:00008750       ?Release@D3DPixelShaderResource@@UEAAXXZ 0000000180009750 f   D3DResourceManager.obj
 0001:00008780       ?Release@D3DResource@@MEAAXXZ 0000000180009780 f   D3DResourceManager.obj
 0001:00008800       ?Release@D3DVertexBufferResource@@UEAAXXZ 0000000180009800 f   D3DResourceManager.obj
 0001:00008840       ?ReleaseDefPoolResources@D3DResourceManager@@QEAAXXZ 0000000180009840 f   D3DResourceManager.obj
 0001:000088d0       ?ReleaseResource@D3DResourceManager@@QEAAJPEAVIManagedResource@@@Z 00000001800098d0 f   D3DResourceManager.obj
 0001:00008930       Java_com_sun_prism_d3d_D3DShader_disable 0000000180009930 f   D3DShader.obj
 0001:00008960       Java_com_sun_prism_d3d_D3DShader_enable 0000000180009960 f   D3DShader.obj
 0001:000089c0       Java_com_sun_prism_d3d_D3DShader_init 00000001800099c0 f   D3DShader.obj
 0001:00008a30       Java_com_sun_prism_d3d_D3DShader_nGetRegister 0000000180009a30 f   D3DShader.obj
 0001:00008a40       Java_com_sun_prism_d3d_D3DShader_setConstantsF 0000000180009a40 f   D3DShader.obj
 0001:00008b10       Java_com_sun_prism_d3d_D3DShader_setConstantsI 0000000180009b10 f   D3DShader.obj
 0001:00008be0       ?transferBytes@TextureUpdater@@CAXPEBEHPEAEHHH@Z 0000000180009be0 f   TextureUploader.obj
 0001:00008c60       ?updateD3D9ExTexture@TextureUpdater@@QEAAHPEAVD3DContext@@@Z 0000000180009c60 f   TextureUploader.obj
 0001:00008dc0       ?updateLockableTexture@TextureUpdater@@QEAAHXZ 0000000180009dc0 f   TextureUploader.obj
 0001:00009180       TraceImpl                  000000018000a180 f   Trace.obj
 0001:00009340       __local_stdio_scanf_options 000000018000a340 f i Trace.obj
 0001:00009350       printf                     000000018000a350 f i Trace.obj
 0001:000093b0       sscanf                     000000018000a3b0 f i Trace.obj
 0001:00009402       ?uncaught_exception@std@@YA_NXZ 000000018000a402 f   msvcprt:MSVCP140.dll
 0001:00009408       ??2@YAPEAX_K@Z             000000018000a408 f   MSVCRT:new_scalar.obj
 0001:00009444       ??_V@YAXPEAX@Z             000000018000a444 f   MSVCRT:delete_array.obj
 0001:00009444       ??3@YAXPEAX_K@Z            000000018000a444 f   MSVCRT:delete_scalar_size.obj
 0001:0000944c       __GSHandlerCheck           000000018000a44c f   MSVCRT:gshandler.obj
 0001:0000946c       __GSHandlerCheckCommon     000000018000a46c f   MSVCRT:gshandler.obj
 0001:000094e0       __security_check_cookie    000000018000a4e0 f   MSVCRT:amdsecgs.obj
 0001:00009504       ??_Gtype_info@@UEAAPEAXI@Z 000000018000a504 f i MSVCRT:std_type_info_static.obj
 0001:00009504       ??_Etype_info@@UEAAPEAXI@Z 000000018000a504 f i MSVCRT:std_type_info_static.obj
 0001:00009530       ??_L@YAXPEAX_K1P6AX0@Z2@Z  000000018000a530 f   MSVCRT:ehvecctr.obj
 0001:000095a0       ??_M@YAXPEAX_K1P6AX0@Z@Z   000000018000a5a0 f   MSVCRT:ehvecdtr.obj
 0001:0000960c       ?__ArrayUnwind@@YAXPEAX_K1P6AX0@Z@Z 000000018000a60c f   MSVCRT:ehvecdtr.obj
 0001:00009670       ??_U@YAPEAX_K@Z            000000018000a670 f   MSVCRT:new_array.obj
 0001:000099a8       _DllMainCRTStartup         000000018000a9a8 f   MSVCRT:dll_dllmain.obj
 0001:000099e8       ??0bad_alloc@std@@QEAA@AEBV01@@Z 000000018000a9e8 f i MSVCRT:throw_bad_alloc.obj
 0001:00009a28       ??0bad_alloc@std@@QEAA@XZ  000000018000aa28 f i MSVCRT:throw_bad_alloc.obj
 0001:00009a48       ??0bad_array_new_length@std@@QEAA@AEBV01@@Z 000000018000aa48 f i MSVCRT:throw_bad_alloc.obj
 0001:00009a88       ??0bad_array_new_length@std@@QEAA@XZ 000000018000aa88 f i MSVCRT:throw_bad_alloc.obj
 0001:00009aa8       ??0exception@std@@QEAA@AEBV01@@Z 000000018000aaa8 f i MSVCRT:throw_bad_alloc.obj
 0001:00009ae0       ??1bad_alloc@std@@UEAA@XZ  000000018000aae0 f i MSVCRT:throw_bad_alloc.obj
 0001:00009ae0       ??1bad_array_new_length@std@@UEAA@XZ 000000018000aae0 f i MSVCRT:throw_bad_alloc.obj
 0001:00009af4       ??_Ebad_alloc@std@@UEAAPEAXI@Z 000000018000aaf4 f i MSVCRT:throw_bad_alloc.obj
 0001:00009af4       ??_Gbad_array_new_length@std@@UEAAPEAXI@Z 000000018000aaf4 f i MSVCRT:throw_bad_alloc.obj
 0001:00009af4       ??_Gexception@std@@UEAAPEAXI@Z 000000018000aaf4 f i MSVCRT:throw_bad_alloc.obj
 0001:00009af4       ??_Gbad_alloc@std@@UEAAPEAXI@Z 000000018000aaf4 f i MSVCRT:throw_bad_alloc.obj
 0001:00009af4       ??_Eexception@std@@UEAAPEAXI@Z 000000018000aaf4 f i MSVCRT:throw_bad_alloc.obj
 0001:00009af4       ??_Ebad_array_new_length@std@@UEAAPEAXI@Z 000000018000aaf4 f i MSVCRT:throw_bad_alloc.obj
 0001:00009b38       ?__scrt_throw_std_bad_alloc@@YAXXZ 000000018000ab38 f   MSVCRT:throw_bad_alloc.obj
 0001:00009b58       ?__scrt_throw_std_bad_array_new_length@@YAXXZ 000000018000ab58 f   MSVCRT:throw_bad_alloc.obj
 0001:00009b78       ?what@exception@std@@UEBAPEBDXZ 000000018000ab78 f i MSVCRT:throw_bad_alloc.obj
 0001:00009b8c       ??3@YAXPEAX@Z              000000018000ab8c f   MSVCRT:delete_scalar.obj
 0001:00009b94       __raise_securityfailure    000000018000ab94 f   MSVCRT:gs_report.obj
 0001:00009bc8       __report_gsfailure         000000018000abc8 f   MSVCRT:gs_report.obj
 0001:00009d10       _guard_check_icall_nop     000000018000ad10 f i MSVCRT:guard_support.obj
 0001:00009d14       __security_init_cookie     000000018000ad14 f   MSVCRT:gs_support.obj
 0001:00009dc0       ?__scrt_initialize_type_info@@YAXXZ 000000018000adc0 f   MSVCRT:tncleanup.obj
 0001:00009dd0       ?__scrt_uninitialize_type_info@@YAXXZ 000000018000add0 f   MSVCRT:tncleanup.obj
 0001:00009ddc       __scrt_initialize_default_local_stdio_options 000000018000addc f   MSVCRT:default_local_stdio_options.obj
 0001:00009df8       __scrt_acquire_startup_lock 000000018000adf8 f   MSVCRT:utility.obj
 0001:00009e34       __scrt_dllmain_after_initialize_c 000000018000ae34 f   MSVCRT:utility.obj
 0001:00009e68       __scrt_dllmain_before_initialize_c 000000018000ae68 f   MSVCRT:utility.obj
 0001:00009e80       __scrt_dllmain_crt_thread_attach 000000018000ae80 f   MSVCRT:utility.obj
 0001:00009ea8       __scrt_dllmain_crt_thread_detach 000000018000aea8 f   MSVCRT:utility.obj
 0001:00009ec0       __scrt_dllmain_exception_filter 000000018000aec0 f   MSVCRT:utility.obj
 0001:00009f20       __scrt_dllmain_uninitialize_c 000000018000af20 f   MSVCRT:utility.obj
 0001:00009f50       __scrt_dllmain_uninitialize_critical 000000018000af50 f   MSVCRT:utility.obj
 0001:00009f64       __scrt_initialize_crt      000000018000af64 f   MSVCRT:utility.obj
 0001:00009fb0       __scrt_initialize_onexit_tables 000000018000afb0 f   MSVCRT:utility.obj
 0001:0000a088       __scrt_is_nonwritable_in_current_image 000000018000b088 f   MSVCRT:utility.obj
 0001:0000a124       __scrt_release_startup_lock 000000018000b124 f   MSVCRT:utility.obj
 0001:0000a148       __scrt_uninitialize_crt    000000018000b148 f   MSVCRT:utility.obj
 0001:0000a174       __scrt_get_dyn_tls_init_callback 000000018000b174 f   MSVCRT:dyn_tls_init.obj
 0001:0000a17c       __crt_debugger_hook        000000018000b17c f   MSVCRT:utility_desktop.obj
 0001:0000a184       __scrt_fastfail            000000018000b184 f   MSVCRT:utility_desktop.obj
 0001:0000a2d0       _RTC_Initialize            000000018000b2d0 f   MSVCRT:initsect.obj
 0001:0000a30c       _RTC_Terminate             000000018000b30c f   MSVCRT:initsect.obj
 0001:0000a350       __isa_available_init       000000018000b350 f   MSVCRT:cpu_disp.obj
 0001:0000a50c       _get_startup_argv_mode     000000018000b50c f   MSVCRT:argv_mode.obj
 0001:0000a514       __scrt_is_ucrt_dll_in_use  000000018000b514 f   MSVCRT:ucrt_detection.obj
 0001:0000a520       IsProcessorFeaturePresent  000000018000b520 f   kernel32:KERNEL32.dll
 0001:0000a526       __CxxFrameHandler3         000000018000b526 f   vcruntime:VCRUNTIME140.dll
 0001:0000a52c       memset                     000000018000b52c f   vcruntime:VCRUNTIME140.dll
 0001:0000a532       __std_terminate            000000018000b532 f   vcruntime:VCRUNTIME140.dll
 0001:0000a538       memcpy                     000000018000b538 f   vcruntime:VCRUNTIME140.dll
 0001:0000a53e       _purecall                  000000018000b53e f   vcruntime:VCRUNTIME140.dll
 0001:0000a544       __C_specific_handler       000000018000b544 f   vcruntime:VCRUNTIME140.dll
 0001:0000a54a       __std_exception_copy       000000018000b54a f   vcruntime:VCRUNTIME140.dll
 0001:0000a550       __std_exception_destroy    000000018000b550 f   vcruntime:VCRUNTIME140.dll
 0001:0000a556       _CxxThrowException         000000018000b556 f   vcruntime:VCRUNTIME140.dll
 0001:0000a55c       __std_type_info_destroy_list 000000018000b55c f   vcruntime:VCRUNTIME140.dll
 0001:0000a562       _callnewh                  000000018000b562 f   ucrt:api-ms-win-crt-heap-l1-1-0.dll
 0001:0000a568       malloc                     000000018000b568 f   ucrt:api-ms-win-crt-heap-l1-1-0.dll
 0001:0000a56e       terminate                  000000018000b56e f   ucrt:api-ms-win-crt-runtime-l1-1-0.dll
 0001:0000a574       _initterm                  000000018000b574 f   ucrt:api-ms-win-crt-runtime-l1-1-0.dll
 0001:0000a57a       _initterm_e                000000018000b57a f   ucrt:api-ms-win-crt-runtime-l1-1-0.dll
 0001:0000a580       free                       000000018000b580 f   ucrt:api-ms-win-crt-heap-l1-1-0.dll
 0001:0000a586       _seh_filter_dll            000000018000b586 f   ucrt:api-ms-win-crt-runtime-l1-1-0.dll
 0001:0000a58c       _configure_narrow_argv     000000018000b58c f   ucrt:api-ms-win-crt-runtime-l1-1-0.dll
 0001:0000a592       _initialize_narrow_environment 000000018000b592 f   ucrt:api-ms-win-crt-runtime-l1-1-0.dll
 0001:0000a598       _initialize_onexit_table   000000018000b598 f   ucrt:api-ms-win-crt-runtime-l1-1-0.dll
 0001:0000a59e       _execute_onexit_table      000000018000b59e f   ucrt:api-ms-win-crt-runtime-l1-1-0.dll
 0001:0000a5a4       _cexit                     000000018000b5a4 f   ucrt:api-ms-win-crt-runtime-l1-1-0.dll
 0001:0000a5ac       __vcrt_uninitialize_critical 000000018000b5ac f   MSVCRT:ucrt_stubs.obj
 0001:0000a5ac       __acrt_uninitialize_critical 000000018000b5ac f   MSVCRT:ucrt_stubs.obj
 0001:0000a5ac       __scrt_stub_for_acrt_thread_attach 000000018000b5ac f   MSVCRT:ucrt_stubs.obj
 0001:0000a5ac       __scrt_stub_for_acrt_thread_detach 000000018000b5ac f   MSVCRT:ucrt_stubs.obj
 0001:0000a5ac       __vcrt_uninitialize        000000018000b5ac f   MSVCRT:ucrt_stubs.obj
 0001:0000a5ac       __vcrt_thread_attach       000000018000b5ac f   MSVCRT:ucrt_stubs.obj
 0001:0000a5ac       __vcrt_thread_detach       000000018000b5ac f   MSVCRT:ucrt_stubs.obj
 0001:0000a5ac       __acrt_thread_detach       000000018000b5ac f   MSVCRT:ucrt_stubs.obj
 0001:0000a5ac       __scrt_stub_for_acrt_uninitialize 000000018000b5ac f   MSVCRT:ucrt_stubs.obj
 0001:0000a5ac       __acrt_uninitialize        000000018000b5ac f   MSVCRT:ucrt_stubs.obj
 0001:0000a5ac       __acrt_initialize          000000018000b5ac f   MSVCRT:ucrt_stubs.obj
 0001:0000a5ac       __acrt_thread_attach       000000018000b5ac f   MSVCRT:ucrt_stubs.obj
 0001:0000a5ac       __scrt_stub_for_acrt_initialize 000000018000b5ac f   MSVCRT:ucrt_stubs.obj
 0001:0000a5ac       __vcrt_initialize          000000018000b5ac f   MSVCRT:ucrt_stubs.obj
 0001:0000a5ac       __scrt_stub_for_acrt_uninitialize_critical 000000018000b5ac f   MSVCRT:ucrt_stubs.obj
 0001:0000a5c0       _guard_dispatch_icall_nop  000000018000b5c0 f   MSVCRT:guard_dispatch.obj
 0002:00000000       __imp_LoadLibraryW         000000018000c000     kernel32:KERNEL32.dll
 0002:00000008       __imp_IsDebuggerPresent    000000018000c008     kernel32:KERNEL32.dll
 0002:00000010       __imp_InitializeSListHead  000000018000c010     kernel32:KERNEL32.dll
 0002:00000018       __imp_GetSystemTimeAsFileTime 000000018000c018     kernel32:KERNEL32.dll
 0002:00000020       __imp_GetCurrentThreadId   000000018000c020     kernel32:KERNEL32.dll
 0002:00000028       __imp_GetCurrentProcessId  000000018000c028     kernel32:KERNEL32.dll
 0002:00000030       __imp_QueryPerformanceCounter 000000018000c030     kernel32:KERNEL32.dll
 0002:00000038       __imp_IsProcessorFeaturePresent 000000018000c038     kernel32:KERNEL32.dll
 0002:00000040       __imp_TerminateProcess     000000018000c040     kernel32:KERNEL32.dll
 0002:00000048       __imp_GetCurrentProcess    000000018000c048     kernel32:KERNEL32.dll
 0002:00000050       __imp_SetUnhandledExceptionFilter 000000018000c050     kernel32:KERNEL32.dll
 0002:00000058       __imp_UnhandledExceptionFilter 000000018000c058     kernel32:KERNEL32.dll
 0002:00000060       __imp_RtlVirtualUnwind     000000018000c060     kernel32:KERNEL32.dll
 0002:00000068       __imp_RtlLookupFunctionEntry 000000018000c068     kernel32:KERNEL32.dll
 0002:00000070       __imp_GetSystemDirectoryW  000000018000c070     kernel32:KERNEL32.dll
 0002:00000078       __imp_GetVersionExW        000000018000c078     kernel32:KERNEL32.dll
 0002:00000080       __imp_FreeLibrary          000000018000c080     kernel32:KERNEL32.dll
 0002:00000088       __imp_GetProcAddress       000000018000c088     kernel32:KERNEL32.dll
 0002:00000090       __imp_OutputDebugStringA   000000018000c090     kernel32:KERNEL32.dll
 0002:00000098       __imp_GetVersion           000000018000c098     kernel32:KERNEL32.dll
 0002:000000a0       __imp_RtlCaptureContext    000000018000c0a0     kernel32:KERNEL32.dll
 0002:000000a8       \177KERNEL32_NULL_THUNK_DATA 000000018000c0a8     kernel32:KERNEL32.dll
 0002:000000b0       __imp_?_Osfx@?$basic_ostream@DU?$char_traits@D@std@@@std@@QEAAXXZ 000000018000c0b0     msvcprt:MSVCP140.dll
 0002:000000b8       __imp_?cerr@std@@3V?$basic_ostream@DU?$char_traits@D@std@@@1@A 000000018000c0b8     msvcprt:MSVCP140.dll
 0002:000000c0       __imp_??6?$basic_ostream@DU?$char_traits@D@std@@@std@@QEAAAEAV01@H@Z 000000018000c0c0     msvcprt:MSVCP140.dll
 0002:000000c8       __imp_?put@?$basic_ostream@DU?$char_traits@D@std@@@std@@QEAAAEAV12@D@Z 000000018000c0c8     msvcprt:MSVCP140.dll
 0002:000000d0       __imp_??6?$basic_ostream@DU?$char_traits@D@std@@@std@@QEAAAEAV01@P6AAEAV01@AEAV01@@Z@Z 000000018000c0d0     msvcprt:MSVCP140.dll
 0002:000000d8       __imp_?widen@?$basic_ios@DU?$char_traits@D@std@@@std@@QEBADD@Z 000000018000c0d8     msvcprt:MSVCP140.dll
 0002:000000e0       __imp_?cout@std@@3V?$basic_ostream@DU?$char_traits@D@std@@@1@A 000000018000c0e0     msvcprt:MSVCP140.dll
 0002:000000e8       __imp_?flush@?$basic_ostream@DU?$char_traits@D@std@@@std@@QEAAAEAV12@XZ 000000018000c0e8     msvcprt:MSVCP140.dll
 0002:000000f0       __imp_?sputc@?$basic_streambuf@DU?$char_traits@D@std@@@std@@QEAAHD@Z 000000018000c0f0     msvcprt:MSVCP140.dll
 0002:000000f8       __imp_?setstate@?$basic_ios@DU?$char_traits@D@std@@@std@@QEAAXH_N@Z 000000018000c0f8     msvcprt:MSVCP140.dll
 0002:00000100       __imp_?sputn@?$basic_streambuf@DU?$char_traits@D@std@@@std@@QEAA_JPEBD_J@Z 000000018000c100     msvcprt:MSVCP140.dll
 0002:00000108       __imp_?uncaught_exception@std@@YA_NXZ 000000018000c108     msvcprt:MSVCP140.dll
 0002:00000110       \177MSVCP140_NULL_THUNK_DATA 000000018000c110     msvcprt:MSVCP140.dll
 0002:00000118       __imp_IsWindow             000000018000c118     user32:USER32.dll
 0002:00000120       __imp_GetDesktopWindow     000000018000c120     user32:USER32.dll
 0002:00000128       \177USER32_NULL_THUNK_DATA 000000018000c128     user32:USER32.dll
 0002:00000130       __imp___CxxFrameHandler3   000000018000c130     vcruntime:VCRUNTIME140.dll
 0002:00000138       __imp_memset               000000018000c138     vcruntime:VCRUNTIME140.dll
 0002:00000140       __imp___std_terminate      000000018000c140     vcruntime:VCRUNTIME140.dll
 0002:00000148       __imp_memcpy               000000018000c148     vcruntime:VCRUNTIME140.dll
 0002:00000150       __imp__purecall            000000018000c150     vcruntime:VCRUNTIME140.dll
 0002:00000158       __imp___C_specific_handler 000000018000c158     vcruntime:VCRUNTIME140.dll
 0002:00000160       __imp___std_exception_copy 000000018000c160     vcruntime:VCRUNTIME140.dll
 0002:00000168       __imp___std_exception_destroy 000000018000c168     vcruntime:VCRUNTIME140.dll
 0002:00000170       __imp__CxxThrowException   000000018000c170     vcruntime:VCRUNTIME140.dll
 0002:00000178       __imp___std_type_info_destroy_list 000000018000c178     vcruntime:VCRUNTIME140.dll
 0002:00000180       \177VCRUNTIME140_NULL_THUNK_DATA 000000018000c180     vcruntime:VCRUNTIME140.dll
 0002:00000188       __imp_getenv               000000018000c188     ucrt:api-ms-win-crt-environment-l1-1-0.dll
 0002:00000190       \177api-ms-win-crt-environment-l1-1-0_NULL_THUNK_DATA 000000018000c190     ucrt:api-ms-win-crt-environment-l1-1-0.dll
 0002:00000198       __imp_malloc               000000018000c198     ucrt:api-ms-win-crt-heap-l1-1-0.dll
 0002:000001a0       __imp__callnewh            000000018000c1a0     ucrt:api-ms-win-crt-heap-l1-1-0.dll
 0002:000001a8       __imp_free                 000000018000c1a8     ucrt:api-ms-win-crt-heap-l1-1-0.dll
 0002:000001b0       \177api-ms-win-crt-heap-l1-1-0_NULL_THUNK_DATA 000000018000c1b0     ucrt:api-ms-win-crt-heap-l1-1-0.dll
 0002:000001b8       __imp__configure_narrow_argv 000000018000c1b8     ucrt:api-ms-win-crt-runtime-l1-1-0.dll
 0002:000001c0       __imp__invalid_parameter_noinfo 000000018000c1c0     ucrt:api-ms-win-crt-runtime-l1-1-0.dll
 0002:000001c8       __imp__cexit               000000018000c1c8     ucrt:api-ms-win-crt-runtime-l1-1-0.dll
 0002:000001d0       __imp__execute_onexit_table 000000018000c1d0     ucrt:api-ms-win-crt-runtime-l1-1-0.dll
 0002:000001d8       __imp__initialize_onexit_table 000000018000c1d8     ucrt:api-ms-win-crt-runtime-l1-1-0.dll
 0002:000001e0       __imp_terminate            000000018000c1e0     ucrt:api-ms-win-crt-runtime-l1-1-0.dll
 0002:000001e8       __imp__initialize_narrow_environment 000000018000c1e8     ucrt:api-ms-win-crt-runtime-l1-1-0.dll
 0002:000001f0       __imp__initterm_e          000000018000c1f0     ucrt:api-ms-win-crt-runtime-l1-1-0.dll
 0002:000001f8       __imp__errno               000000018000c1f8     ucrt:api-ms-win-crt-runtime-l1-1-0.dll
 0002:00000200       __imp__seh_filter_dll      000000018000c200     ucrt:api-ms-win-crt-runtime-l1-1-0.dll
 0002:00000208       __imp__initterm            000000018000c208     ucrt:api-ms-win-crt-runtime-l1-1-0.dll
 0002:00000210       \177api-ms-win-crt-runtime-l1-1-0_NULL_THUNK_DATA 000000018000c210     ucrt:api-ms-win-crt-runtime-l1-1-0.dll
 0002:00000218       __imp_fflush               000000018000c218     ucrt:api-ms-win-crt-stdio-l1-1-0.dll
 0002:00000220       __imp___stdio_common_vsscanf 000000018000c220     ucrt:api-ms-win-crt-stdio-l1-1-0.dll
 0002:00000228       __imp_fopen                000000018000c228     ucrt:api-ms-win-crt-stdio-l1-1-0.dll
 0002:00000230       __imp___stdio_common_vfprintf 000000018000c230     ucrt:api-ms-win-crt-stdio-l1-1-0.dll
 0002:00000238       __imp___acrt_iob_func      000000018000c238     ucrt:api-ms-win-crt-stdio-l1-1-0.dll
 0002:00000240       __imp___stdio_common_vsprintf 000000018000c240     ucrt:api-ms-win-crt-stdio-l1-1-0.dll
 0002:00000248       \177api-ms-win-crt-stdio-l1-1-0_NULL_THUNK_DATA 000000018000c248     ucrt:api-ms-win-crt-stdio-l1-1-0.dll
 0002:00000250       __imp_strncmp              000000018000c250     ucrt:api-ms-win-crt-string-l1-1-0.dll
 0002:00000258       __imp_strncpy              000000018000c258     ucrt:api-ms-win-crt-string-l1-1-0.dll
 0002:00000260       __imp_wcscat_s             000000018000c260     ucrt:api-ms-win-crt-string-l1-1-0.dll
 0002:00000268       \177api-ms-win-crt-string-l1-1-0_NULL_THUNK_DATA 000000018000c268     ucrt:api-ms-win-crt-string-l1-1-0.dll
 0002:00000270       __guard_check_icall_fptr   000000018000c270     MSVCRT:guard_support.obj
 0002:00000278       __guard_dispatch_icall_fptr 000000018000c278     MSVCRT:guard_support.obj
 0002:00000280       __xc_a                     000000018000c280     MSVCRT:initializers.obj
 0002:00000290       __xc_z                     000000018000c290     MSVCRT:initializers.obj
 0002:00000298       __xi_a                     000000018000c298     MSVCRT:initializers.obj
 0002:000002a0       __xi_z                     000000018000c2a0     MSVCRT:initializers.obj
 0002:000002a8       __xp_a                     000000018000c2a8     MSVCRT:initializers.obj
 0002:000002b0       __xp_z                     000000018000c2b0     MSVCRT:initializers.obj
 0002:000002b8       __xt_a                     000000018000c2b8     MSVCRT:initializers.obj
 0002:000002c0       __xt_z                     000000018000c2c0     MSVCRT:initializers.obj
 0002:000004a8       ??_C@_0CC@PBKPNBLP@D3DContext?3?3InitDevice?3?5device?5@ 000000018000c4a8     D3DContext.obj
 0002:000004d0       ??_C@_0DL@JEHPONPC@D3DContext?3?3InitDevice?3?5success@ 000000018000c4d0     D3DContext.obj
 0002:00000510       ??_C@_0CC@EHOKFFJA@?5?5x1?$DN?$CF?94d?5y1?$DN?$CF?94d?5x2?$DN?$CF?94d?5y2?$DN?$CF?9@ 000000018000c510     D3DContext.obj
 0002:00000538       ??_C@_0BC@PPIMNJCB@?5?5CAPS_TEXNONPOW2@ 000000018000c538     D3DContext.obj
 0002:00000550       ??_C@_0BE@JKNIOEOF@?5?5CAPS_TEXNONSQUARE@ 000000018000c550     D3DContext.obj
 0002:00000570       ??_C@_0EC@DBPDGLJA@Failed?5to?5create?5system?5memory?5@ 000000018000c570     D3DContext.obj
 0002:000005b8       ??_C@_0DB@MBOMKEFI@Failed?5to?5get?5surface?5for?5updat@ 000000018000c5b8     D3DContext.obj
 0002:000005ec       __real@3f800000            000000018000c5ec     D3DContext.obj
 0002:000005f0       __real@bf800000            000000018000c5f0     D3DContext.obj
 0002:000005f8       ??_C@_0CC@NNEOKBOM@D3DContext?3?3InitContext?5device?5@ 000000018000c5f8     D3DContextInit.obj
 0002:00000620       ??_C@_0BL@LIAJNLPH@?7HARDWARE_VERTEXPROCESSING@ 000000018000c620     D3DContextInit.obj
 0002:00000640       ??_C@_0BL@OFOKNIPE@?7SOFTWARE_VERTEXPROCESSING@ 000000018000c640     D3DContextInit.obj
 0002:00000660       ??_C@_0DJ@MPBFBNNP@D3DContext?3?3InitContext?3?5succes@ 000000018000c660     D3DContextInit.obj
 0002:000006a0       ??_C@_0DO@KKCLEDJF@D3DContext?3?3ResetContext?3?5cound@ 000000018000c6a0     D3DContextInit.obj
 0002:000006e0       ??_C@_0DI@HKCFHMEN@D3DContext?3?3ResetContext?3?5succe@ 000000018000c6e0     D3DContextInit.obj
 0002:00000718       ??_C@_0BC@DKCOGID@numTrianglesDrawn@ 000000018000c718     D3DGraphics.obj
 0002:00000730       ??_C@_0N@EGAMDGLE@numDrawCalls@ 000000018000c730     D3DGraphics.obj
 0002:00000740       ??_C@_0P@OJNIIOAO@numBufferLocks@ 000000018000c740     D3DGraphics.obj
 0002:00000750       ??_C@_0BA@EBMOILNP@numTextureLocks@ 000000018000c750     D3DGraphics.obj
 0002:00000760       ??_C@_0BI@PEHFKILJ@numTextureTransferBytes@ 000000018000c760     D3DGraphics.obj
 0002:00000778       ??_C@_0O@PDCGDMIH@numSetTexture@ 000000018000c778     D3DGraphics.obj
 0002:00000788       ??_C@_0BC@PNJBGKJO@numSetPixelShader@ 000000018000c788     D3DGraphics.obj
 0002:000007a0       ??_C@_0BG@CMEHLIPP@numRenderTargetSwitch@ 000000018000c7a0     D3DGraphics.obj
 0002:000007c0       ??_7D3DLight@@6B@          000000018000c7c0     D3DLight.obj
 0002:00000870       ??_7D3DMesh@@6B@           000000018000c870     D3DMesh.obj
 0002:000008a8       ??_7D3DMeshView@@6B@       000000018000c8a8     D3DMeshView.obj
 0002:000008b0       ??_C@_0CJ@CLPEGGIG@D3DMeshView?4render?$CI?$CJ?5?9?5SetFVF?5f@ 000000018000c8b0     D3DMeshView.obj
 0002:000008e0       ??_C@_0DC@PKNFNJME@D3DMeshView?4render?$CI?$CJ?5?9?5SetVerte@ 000000018000c8e0     D3DMeshView.obj
 0002:00000920       ??_C@_0EO@PIPONGMF@D3DMeshView?4render?$CI?$CJ?5?9?5SetVerte@ 000000018000c920     D3DMeshView.obj
 0002:00000970       ??_C@_0EN@JLCJIDGB@D3DMeshView?4render?$CI?$CJ?5?9?5SetPixel@ 000000018000c970     D3DMeshView.obj
 0002:000009c0       ??_C@_0EO@BIILMMID@D3DMeshView?4render?$CI?$CJ?5?9?5SetPixel@ 000000018000c9c0     D3DMeshView.obj
 0002:00000a10       ??_C@_0EL@NBBHLCEI@D3DMeshView?4render?$CI?$CJ?5?9?5SetPixel@ 000000018000ca10     D3DMeshView.obj
 0002:00000a60       ??_C@_0DB@KJJIOPPM@D3DMeshView?4render?$CI?$CJ?5?9?5setPixel@ 000000018000ca60     D3DMeshView.obj
 0002:00000aa0       ??_7D3DPhongMaterial@@6B@  000000018000caa0     D3DPhongMaterial.obj
 0002:00000aa8       ??_C@_0DL@IKPAJLFI@D3DPhongMaterial?3?3getMap?5?9?9?5typ@ 000000018000caa8     D3DPhongMaterial.obj
 0002:00000ae8       ??_C@_0DN@INMAPIDL@D3DPhongMaterial?3?3getMap?5?9?9?5map@ 000000018000cae8     D3DPhongMaterial.obj
 0002:00000b58       ??_7D3DPhongShader@@6B@    000000018000cb58     D3DPhongShader.obj
 0002:0000bae0       ??_C@_1BE@NFJDKKPC@?$AA?2?$AAd?$AA3?$AAd?$AA9?$AA?4?$AAd?$AAl?$AAl@ 0000000180017ae0     D3DPipeline.obj
 0002:0000baf8       ??_C@_0BA@FAFMMBOF@Direct3DCreate9@ 0000000180017af8     D3DPipeline.obj
 0002:0000bb08       ??_C@_0BC@FONNBJAG@Direct3DCreate9Ex@ 0000000180017b08     D3DPipeline.obj
 0002:0000bb28       ??_7ConfigJavaStaticClass@@6B@ 0000000180017b28     D3DPipeline.obj
 0002:0000bb38       ??_C@_01JPJNBJEM@I@        0000000180017b38     D3DPipeline.obj
 0002:0000bb3c       ??_C@_01POHCFINO@Z@        0000000180017b3c     D3DPipeline.obj
 0002:0000bb40       ??_C@_0CJ@OHJFGGOC@Double?5D3DPipelineManager?5initi@ 0000000180017b40     D3DPipeline.obj
 0002:0000bb70       ??_C@_0BP@GGGAEKLJ@Wrong?5operating?5system?5version@ 0000000180017b70     D3DPipeline.obj
 0002:0000bb90       ??_C@_0BP@GFBCBADM@Direct3D?5initialization?5failed@ 0000000180017b90     D3DPipeline.obj
 0002:0000bbb0       ??_C@_0L@PKEILPNF@maxSamples@ 0000000180017bb0     D3DPipeline.obj
 0002:0000bbc0       ??_C@_0BC@MLJBEMAP@deviceDescription@ 0000000180017bc0     D3DPipeline.obj
 0002:0000bbd8       ??_C@_0L@NBBNBMBM@deviceName@ 0000000180017bd8     D3DPipeline.obj
 0002:0000bbe8       ??_C@_0L@LPIOCPLD@driverName@ 0000000180017be8     D3DPipeline.obj
 0002:0000bbf8       ??_C@_08HLKCDBOA@vendorID@ 0000000180017bf8     D3DPipeline.obj
 0002:0000bc08       ??_C@_08BJAFBIEH@deviceID@ 0000000180017c08     D3DPipeline.obj
 0002:0000bc18       ??_C@_08FBMJDJAA@subSysId@ 0000000180017c18     D3DPipeline.obj
 0002:0000bc28       ??_C@_07IFEJIFCD@product@  0000000180017c28     D3DPipeline.obj
 0002:0000bc30       ??_C@_07CPCPJPKL@version@  0000000180017c30     D3DPipeline.obj
 0002:0000bc38       ??_C@_0L@NNMJEAHE@subVersion@ 0000000180017c38     D3DPipeline.obj
 0002:0000bc48       ??_C@_07JKGAOABI@buildID@  0000000180017c48     D3DPipeline.obj
 0002:0000bc50       ??_C@_0P@CFNPODCG@psVersionMajor@ 0000000180017c50     D3DPipeline.obj
 0002:0000bc60       ??_C@_0P@JKMNDPLA@psVersionMinor@ 0000000180017c60     D3DPipeline.obj
 0002:0000bc70       ??_C@_0P@ONIHMCBE@warningMessage@ 0000000180017c70     D3DPipeline.obj
 0002:0000bc80       ??_C@_0P@OBIEJKDD@osMajorVersion@ 0000000180017c80     D3DPipeline.obj
 0002:0000bc90       ??_C@_0P@FHFBJPEP@osMinorVersion@ 0000000180017c90     D3DPipeline.obj
 0002:0000bca0       ??_C@_0O@IPFJIFKF@osBuildNumber@ 0000000180017ca0     D3DPipeline.obj
 0002:0000da30       ??_C@_0BE@HHFFHFLE@NEWT_D3D_NO_HWCHECK@ 0000000180019a30     D3DPipelineManager.obj
 0002:0000da48       ??_C@_08DGLCACIG@forceGPU@ 0000000180019a48     D3DPipelineManager.obj
 0002:0000da58       ??_C@_0P@PLKJIKEG@isVsyncEnabled@ 0000000180019a58     D3DPipelineManager.obj
 0002:0000da68       ??_C@_0O@IENOJFHM@disableD3D9Ex@ 0000000180019a68     D3DPipelineManager.obj
 0002:0000da78       ??_C@_07KBAMPNJK@verbose@  0000000180019a78     D3DPipelineManager.obj
 0002:0000da80       ??_C@_0CL@FBPCLBCE@D3DPipelineManager?3?5Created?5D3D@ 0000000180019a80     D3DPipelineManager.obj
 0002:0000dab0       ??_C@_0CJ@CPIHFFIE@D3DPipelineManager?3?5Created?5D3D@ 0000000180019ab0     D3DPipelineManager.obj
 0002:0000dae0       ??_C@_0DC@LAONOFGJ@D3DPipelineManager?3?5Unable?5to?5c@ 0000000180019ae0     D3DPipelineManager.obj
 0002:0000db18       ??_C@_0CM@GDCJFKAG@InitD3D?3?5unable?5to?5create?5IDire@ 0000000180019b18     D3DPipelineManager.obj
 0002:0000db48       ??_C@_0CB@ENHMHEFB@InitD3D?3?5failed?5to?5init?5adapter@ 0000000180019b48     D3DPipelineManager.obj
 0002:0000db70       ??_C@_0BM@GDBEFNAP@InitAdapters?3?5out?5of?5memory@ 0000000180019b70     D3DPipelineManager.obj
 0002:0000db90       ??_C@_0CL@NDGNFLED@Adapter?5validation?5failed?5for?5a@ 0000000180019b90     D3DPipelineManager.obj
 0002:0000dbc0       ??_C@_0EF@GFAPOPMC@D3DPPLM?3?3CheckOSVersion?3?5Window@ 0000000180019bc0     D3DPipelineManager.obj
 0002:0000dc08       ??_C@_0CO@OOBCMLCI@?5?5OS?5check?5overridden?5via?5NEWT_@ 0000000180019c08     D3DPipelineManager.obj
 0002:0000dc38       ??_C@_0BC@LMKDNMNH@?$FLI?$FN?5OS?5Version?5?$DN?5@ 0000000180019c38     D3DPipelineManager.obj
 0002:0000dc50       ??_C@_0BE@COOAIOLI@OS_WIN8?41?5or?5newer?6@ 0000000180019c50     D3DPipelineManager.obj
 0002:0000dc68       ??_C@_0BN@BOPNFDFA@OS_WINSERV_2012_R2?5or?5newer?6@ 0000000180019c68     D3DPipelineManager.obj
 0002:0000dc88       ??_C@_08PJNNDLCH@OS_WIN8?6@ 0000000180019c88     D3DPipelineManager.obj
 0002:0000dc98       ??_C@_0BB@MJGDLIBE@OS_WINSERV_2012?6@ 0000000180019c98     D3DPipelineManager.obj
 0002:0000dcb0       ??_C@_08PCIBHMBK@OS_WIN7?6@ 0000000180019cb0     D3DPipelineManager.obj
 0002:0000dcc0       ??_C@_0BE@KIJDGJAD@OS_WINSERV_2008_R2?6@ 0000000180019cc0     D3DPipelineManager.obj
 0002:0000dcd8       ??_C@_09GMCEPCMH@OS_VISTA?6@ 0000000180019cd8     D3DPipelineManager.obj
 0002:0000dce8       ??_C@_0BB@HMEIFKKH@OS_WINSERV_2008?6@ 0000000180019ce8     D3DPipelineManager.obj
 0002:0000dd00       ??_C@_0N@HFABFBMJ@OS_WINXP_64?6@ 0000000180019d00     D3DPipelineManager.obj
 0002:0000dd10       ??_C@_0BB@HABNLFEG@OS_WINSERV_2003?6@ 0000000180019d10     D3DPipelineManager.obj
 0002:0000dd28       ??_C@_09GKHKBAJH@OS_WINXP?5@ 0000000180019d28     D3DPipelineManager.obj
 0002:0000dd34       ??_C@_05MLOLPIFO@Home?6@   0000000180019d34     D3DPipelineManager.obj
 0002:0000dd3c       ??_C@_04HJJMMLKJ@Pro?6@    0000000180019d3c     D3DPipelineManager.obj
 0002:0000dd48       ??_C@_0DB@MJMDMHBG@OS_UNKNOWN?3?5dwMajorVersion?$DN?$CFd?5d@ 0000000180019d48     D3DPipelineManager.obj
 0002:0000dd80       ??_C@_0CP@MCEDLNHP@OS_UNKNOWN?3?5dwPlatformId?$DN?$CFd?5dwM@ 0000000180019d80     D3DPipelineManager.obj
 0002:0000ddb0       ??_C@_0CB@BCODLFNH@OS_UNKNOWN?3?5GetVersionEx?5failed@ 0000000180019db0     D3DPipelineManager.obj
 0002:0000dde0       ??_C@_0FH@OJEAGIPP@D3DPPLM?3?3CheckForBadHardware?3?5f@ 0000000180019de0     D3DPipelineManager.obj
 0002:0000de40       ??_C@_0HB@HMIPLIHD@WARNING?3?5bad?5driver?5version?5det@ 0000000180019e40     D3DPipelineManager.obj
 0002:0000deb8       ??_C@_0DK@JAEFNOMI@WARNING?3?5Unsupported?5video?5adap@ 0000000180019eb8     D3DPipelineManager.obj
 0002:0000def8       ??_C@_0DJ@PAOBMDCP@D3D?3?5Waring?5message?5buffer?5over@ 0000000180019ef8     D3DPipelineManager.obj
 0002:0000df38       ??_C@_0BG@CONKCHAG@Adapter?5Ordinal?5?5?3?5?$CFd@ 0000000180019f38     D3DPipelineManager.obj
 0002:0000df50       ??_C@_0BI@HNGGAGIC@Adapter?5Handle?5?5?5?3?50x?$CFx@ 0000000180019f50     D3DPipelineManager.obj
 0002:0000df68       ??_C@_0BG@MLCAAKBG@Description?5?5?5?5?5?5?3?5?$CFs@ 0000000180019f68     D3DPipelineManager.obj
 0002:0000df80       ??_C@_0BK@NMOLPGLJ@GDI?5Name?0?5Driver?5?3?5?$CFs?0?5?$CFs@ 0000000180019f80     D3DPipelineManager.obj
 0002:0000dfa0       ??_C@_0BK@PAOJGKPB@Vendor?5Id?5?5?5?5?5?5?5?5?3?50x?$CF04x@ 0000000180019fa0     D3DPipelineManager.obj
 0002:0000dfc0       ??_C@_0BK@LOOABALA@Device?5Id?5?5?5?5?5?5?5?5?3?50x?$CF04x@ 0000000180019fc0     D3DPipelineManager.obj
 0002:0000dfe0       ??_C@_0BI@IJICGPHP@SubSys?5Id?5?5?5?5?5?5?5?5?3?50x?$CFx@ 0000000180019fe0     D3DPipelineManager.obj
 0002:0000dff8       ??_C@_0BP@MBJBHBDF@Driver?5Version?5?5?5?3?5?$CFd?4?$CFd?4?$CFd?4?$CFd@ 0000000180019ff8     D3DPipelineManager.obj
 0002:0000e018       ??_C@_0CI@EAALCGKE@?$FLI?$FN?5GUID?5?5?5?5?5?5?5?5?5?5?5?5?5?3?5?$HL?$CF08X?9?$CF0@ 000000018001a018     D3DPipelineManager.obj
 0002:0000e040       ??_C@_0BC@NPHNPJNA@?$CF02X?$CF02X?9?$CF02X?$CF02X@ 000000018001a040     D3DPipelineManager.obj
 0002:0000e058       ??_C@_0BD@KGADJKHE@?$CF02X?$CF02X?$CF02X?$CF02X?$HN?6@ 000000018001a058     D3DPipelineManager.obj
 0002:0000e070       ??_C@_0BC@EBNIGFEP@CheckAdaptersInfo@ 000000018001a070     D3DPipelineManager.obj
 0002:0000e088       ??_C@_0BD@EMMMLPFN@?9?9?9?9?9?9?9?9?9?9?9?9?9?9?9?9?9?9@ 000000018001a088     D3DPipelineManager.obj
 0002:0000e0a0       ??_C@_0DH@LGKFOLAD@D3DPPLM?3?3CheckAdaptersInfo?3?5no?5@ 000000018001a0a0     D3DPipelineManager.obj
 0002:0000e0d8       ??_C@_0BE@JCAMCDHB@NEWT_D3D_RASTERIZER@ 000000018001a0d8     D3DPipelineManager.obj
 0002:0000e0f0       ??_C@_0CA@IHFPPPGP@?$FLW?$FN?5D3DPPLM?3?3SelectDeviceType?3?5@ 000000018001a0f0     D3DPipelineManager.obj
 0002:0000e110       ??_C@_03GCDGINBO@ref@      000000018001a110     D3DPipelineManager.obj
 0002:0000e114       ??_C@_03FNOJMHE@rgb@       000000018001a114     D3DPipelineManager.obj
 0002:0000e118       ??_C@_0BI@LCPEFDMD@ref?5rasterizer?5selected@ 000000018001a118     D3DPipelineManager.obj
 0002:0000e130       ??_C@_03KAHEHKLD@hal@      000000018001a130     D3DPipelineManager.obj
 0002:0000e134       ??_C@_03LBOHNFKJ@tnl@      000000018001a134     D3DPipelineManager.obj
 0002:0000e138       ??_C@_0BI@FBOGJCFM@hal?5rasterizer?5selected@ 000000018001a138     D3DPipelineManager.obj
 0002:0000e150       ??_C@_03JODACOMD@nul@      000000018001a150     D3DPipelineManager.obj
 0002:0000e158       ??_C@_0BM@GFGCKKDL@nullref?5rasterizer?5selected@ 000000018001a158     D3DPipelineManager.obj
 0002:0000e180       ??_C@_0EL@EKNCBGFN@unknown?5rasterizer?3?5?$CFs?0?5only?5?$CIr@ 000000018001a180     D3DPipelineManager.obj
 0002:0000e1cc       ??_C@_01EEMJAFIK@?6@       000000018001a1cc     D3DPipelineManager.obj
 0002:0000e1d0       ??_C@_0BL@LJCEGD@D3DDEVCAPS_HWRASTERIZATION@ 000000018001a1d0     D3DPipelineManager.obj
 0002:0000e1f0       ??_C@_0EE@MAHPBBCJ@D3DPPLM?3?3CheckDeviceCaps?3?5adapt@ 000000018001a1f0     D3DPipelineManager.obj
 0002:0000e238       ??_C@_0BL@MAEMKJNM@D3DPRASTERCAPS_SCISSORTEST@ 000000018001a238     D3DPipelineManager.obj
 0002:0000e258       ??_C@_0BG@BGDIOAAJ@D3DPMISCCAPS_CULLNONE@ 000000018001a258     D3DPipelineManager.obj
 0002:0000e270       ??_C@_0BF@IKEGPNFA@D3DPMISCCAPS_BLENDOP@ 000000018001a270     D3DPipelineManager.obj
 0002:0000e288       ??_C@_0BD@KFIGHLLF@D3DPMISCCAPS_MASKZ@ 000000018001a288     D3DPipelineManager.obj
 0002:0000e2a0       ??_C@_0BD@DFNMPPNP@D3DPCMPCAPS_ALWAYS@ 000000018001a2a0     D3DPipelineManager.obj
 0002:0000e2b8       ??_C@_0BB@LJDFGMKE@D3DPCMPCAPS_LESS@ 000000018001a2b8     D3DPipelineManager.obj
 0002:0000e2d0       ??_C@_0BD@CIKECDBM@D3DPBLENDCAPS_ZERO@ 000000018001a2d0     D3DPipelineManager.obj
 0002:0000e2e8       ??_C@_0BC@COOJBCOD@D3DPBLENDCAPS_ONE@ 000000018001a2e8     D3DPipelineManager.obj
 0002:0000e300       ??_C@_0BH@DPIBKBDM@D3DPBLENDCAPS_SRCALPHA@ 000000018001a300     D3DPipelineManager.obj
 0002:0000e318       ??_C@_0BI@BEOJJKL@D3DPBLENDCAPS_DESTALPHA@ 000000018001a318     D3DPipelineManager.obj
 0002:0000e330       ??_C@_0BK@LNNOMMLC@D3DPBLENDCAPS_INVSRCALPHA@ 000000018001a330     D3DPipelineManager.obj
 0002:0000e350       ??_C@_0BL@LMMGIOB@D3DPBLENDCAPS_INVDESTALPHA@ 000000018001a350     D3DPipelineManager.obj
 0002:0000e370       ??_C@_0BH@DOIJCBLA@D3DPTADDRESSCAPS_CLAMP@ 000000018001a370     D3DPipelineManager.obj
 0002:0000e388       ??_C@_0BG@FGPHEHOB@D3DPTADDRESSCAPS_WRAP@ 000000018001a388     D3DPipelineManager.obj
 0002:0000e3a0       ??_C@_0EK@BJDINBGC@D3DPPLM?3?3CheckDeviceCaps?3?5adapt@ 000000018001a3a0     D3DPipelineManager.obj
 0002:0000e3f0       ??_C@_0CN@OGOPEGAI@D3DPPLM?3?3CheckDeviceCaps?3?5adapt@ 000000018001a3f0     D3DPipelineManager.obj
 0002:0000e420       ??_C@_0ED@KOEBCIAM@D3DPPLM?3?3D3DEnabledOnAdapter?3?5n@ 000000018001a420     D3DPipelineManager.obj
 0002:0000e470       ??_C@_0EJ@NAMKLPJH@D3DPPLM?3?3GetD3DContext?3?5invalid@ 000000018001a470     D3DPipelineManager.obj
 0002:0000e4c0       ??_C@_0EA@CHOLJLHI@D3DPPLM?3?3GetD3DContext?3?5failed?5@ 000000018001a4c0     D3DPipelineManager.obj
 0002:0000e500       ??_C@_0CK@FPLEOMEC@D3DPPLM?3?3GetContext?3?5no?5d3d?5on?5@ 000000018001a500     D3DPipelineManager.obj
 0002:0000e530       ??_C@_0BG@GLIGHHDG@Texture?4Usage?4DYNAMIC@ 000000018001a530     D3DResourceFactory.obj
 0002:0000e548       ??_C@_0CI@IBONNBKL@nCreateTexture?3?5unknown?5format?5@ 000000018001a548     D3DResourceFactory.obj
 0002:0000e570       ??_C@_0DJ@GNLGJPBB@D3DResourceFactory_nReadPixels?5@ 000000018001a570     D3DResourceFactory.obj
 0002:0000e5b0       ??_C@_0DC@LGFLIKEK@D3DResourceFactory_nReadPixels?5@ 000000018001a5b0     D3DResourceFactory.obj
 0002:0000e5e8       ??_C@_0DF@NGJDKFC@D3DResourceFactory_nReadPixels?5@ 000000018001a5e8     D3DResourceFactory.obj
 0002:0000e620       __xmm@ff000000ff000000ff000000ff000000 000000018001a620     D3DResourceFactory.obj
 0002:0000e750       ??_7IManagedResource@@6B@  000000018001a750     D3DResourceManager.obj
 0002:0000e770       ??_7D3DResource@@6B@       000000018001a770     D3DResourceManager.obj
 0002:0000e790       ??_7D3DPixelShaderResource@@6B@ 000000018001a790     D3DResourceManager.obj
 0002:0000e7b0       ??_7D3DVertexBufferResource@@6B@ 000000018001a7b0     D3DResourceManager.obj
 0002:0000e7c8       ??_C@_0DE@EBGMKKEG@D3DShader_init?3?5Could?5not?5get?5d@ 000000018001a7c8     D3DShader.obj
 0002:0000e800       ??_C@_0CC@ECJLINOE@D3DShader_enable?3?5pShader?5is?5nu@ 000000018001a800     D3DShader.obj
 0002:0000e828       ??_C@_0BO@KPBEPDJC@?5?5Array?5out?5of?5bounds?5access?4@ 000000018001a828     D3DShader.obj
 0002:0000e848       ??_C@_0DN@DMLGANHP@D3DShader_setConstantsI?3?5Could?5@ 000000018001a848     D3DShader.obj
 0002:0000e888       ??_C@_0CG@MAKLDJBA@?5?5Could?5not?5get?5direct?5buffer?5a@ 000000018001a888     D3DShader.obj
 0002:0000e8b0       ??_C@_0CF@JDBOKDKF@Texture?5transfer?5is?5not?5impleme@ 000000018001a8b0     TextureUploader.obj
 0002:0000e8d8       ??_C@_0BP@KEIKODEL@Failed?5to?5update?5surface?3?5?$CF08X@ 000000018001a8d8     TextureUploader.obj
 0002:0000e8f8       ??_C@_04MGLOJNOF@?$CIE?$CJ?5@ 000000018001a8f8     Trace.obj
 0002:0000e900       ??_C@_04DMKOACPB@?$CIW?$CJ?5@ 000000018001a900     Trace.obj
 0002:0000e908       ??_C@_04IMGICCFN@?$CII?$CJ?5@ 000000018001a908     Trace.obj
 0002:0000e910       ??_C@_04IEBCGFJE@?$CIV?$CJ?5@ 000000018001a910     Trace.obj
 0002:0000e918       ??_C@_04GEMNBCKH@?$CIX?$CJ?5@ 000000018001a918     Trace.obj
 0002:0000e920       ??_C@_05LKLPEAOK@?$CI?$CFd?$CJ?5@ 000000018001a920     Trace.obj
 0002:0000e928       ??_C@_0BA@JCHPIHO@NWT_TRACE_LEVEL@ 000000018001a928     Trace.obj
 0002:0000e938       ??_C@_02DPKJAMEF@?$CFd@    000000018001a938     Trace.obj
 0002:0000e940       ??_C@_0P@PPAJNJAI@NWT_TRACE_FILE@ 000000018001a940     Trace.obj
 0002:0000e950       ??_C@_01NOFIACDB@w@        000000018001a950     Trace.obj
 0002:0000e958       ??_C@_0CC@DNNFPILA@?$CIE?$CJ?3?5Error?5opening?5trace?5file?5?$CF@ 000000018001a958     Trace.obj
 0002:0000e988       ??_7type_info@@6B@         000000018001a988     MSVCRT:std_type_info_static.obj
 0002:0000e990       _pRawDllMain               000000018001a990     MSVCRT:dll_dllmain.obj
 0002:0000e990       _pDefaultRawDllMain        000000018001a990     MSVCRT:dll_dllmain.obj
 0002:0000e9a0       ??_7exception@std@@6B@     000000018001a9a0     MSVCRT:throw_bad_alloc.obj
 0002:0000e9b0       ??_C@_0BC@EOODALEL@Unknown?5exception@ 000000018001a9b0     MSVCRT:throw_bad_alloc.obj
 0002:0000e9d0       ??_7bad_alloc@std@@6B@     000000018001a9d0     MSVCRT:throw_bad_alloc.obj
 0002:0000e9e0       ??_C@_0P@GHFPNOJB@bad?5allocation@ 000000018001a9e0     MSVCRT:throw_bad_alloc.obj
 0002:0000e9f8       ??_7bad_array_new_length@std@@6B@ 000000018001a9f8     MSVCRT:throw_bad_alloc.obj
 0002:0000ea08       ??_C@_0BF@KINCDENJ@bad?5array?5new?5length@ 000000018001aa08     MSVCRT:throw_bad_alloc.obj
 0002:0000ea50       _load_config_used          000000018001aa50     MSVCRT:loadcfg.obj
 0002:0000eb50       ??_R4D3DLight@@6B@         000000018001ab50     D3DLight.obj
 0002:0000eb78       ??_R3D3DLight@@8           000000018001ab78     D3DLight.obj
 0002:0000eb90       ??_R2D3DLight@@8           000000018001ab90     D3DLight.obj
 0002:0000eba0       ??_R1A@?0A@EA@D3DLight@@8  000000018001aba0     D3DLight.obj
 0002:0000ebc8       ??_R4D3DMesh@@6B@          000000018001abc8     D3DMesh.obj
 0002:0000ebf0       ??_R3D3DMesh@@8            000000018001abf0     D3DMesh.obj
 0002:0000ec08       ??_R2D3DMesh@@8            000000018001ac08     D3DMesh.obj
 0002:0000ec18       ??_R1A@?0A@EA@D3DMesh@@8   000000018001ac18     D3DMesh.obj
 0002:0000ec40       ??_R4D3DMeshView@@6B@      000000018001ac40     D3DMeshView.obj
 0002:0000ec68       ??_R3D3DMeshView@@8        000000018001ac68     D3DMeshView.obj
 0002:0000ec80       ??_R2D3DMeshView@@8        000000018001ac80     D3DMeshView.obj
 0002:0000ec90       ??_R1A@?0A@EA@D3DMeshView@@8 000000018001ac90     D3DMeshView.obj
 0002:0000ecb8       ??_R4D3DPhongMaterial@@6B@ 000000018001acb8     D3DPhongMaterial.obj
 0002:0000ece0       ??_R3D3DPhongMaterial@@8   000000018001ace0     D3DPhongMaterial.obj
 0002:0000ecf8       ??_R2D3DPhongMaterial@@8   000000018001acf8     D3DPhongMaterial.obj
 0002:0000ed08       ??_R1A@?0A@EA@D3DPhongMaterial@@8 000000018001ad08     D3DPhongMaterial.obj
 0002:0000ed30       ??_R4D3DPhongShader@@6B@   000000018001ad30     D3DPhongShader.obj
 0002:0000ed58       ??_R3D3DPhongShader@@8     000000018001ad58     D3DPhongShader.obj
 0002:0000ed70       ??_R2D3DPhongShader@@8     000000018001ad70     D3DPhongShader.obj
 0002:0000ed80       ??_R1A@?0A@EA@D3DPhongShader@@8 000000018001ad80     D3DPhongShader.obj
 0002:0000eda8       ??_R3IConfig@@8            000000018001ada8     D3DPipeline.obj
 0002:0000edc0       ??_R2IConfig@@8            000000018001adc0     D3DPipeline.obj
 0002:0000edd0       ??_R1A@?0A@EA@IConfig@@8   000000018001add0     D3DPipeline.obj
 0002:0000edf8       ??_R4ConfigJavaStaticClass@@6B@ 000000018001adf8     D3DPipeline.obj
 0002:0000ee20       ??_R3ConfigJavaStaticClass@@8 000000018001ae20     D3DPipeline.obj
 0002:0000ee38       ??_R2ConfigJavaStaticClass@@8 000000018001ae38     D3DPipeline.obj
 0002:0000ee50       ??_R1A@?0A@EA@ConfigJavaStaticClass@@8 000000018001ae50     D3DPipeline.obj
 0002:0000ee78       ??_R4D3DResource@@6B@      000000018001ae78     D3DResourceManager.obj
 0002:0000eea0       ??_R3D3DResource@@8        000000018001aea0     D3DResourceManager.obj
 0002:0000eeb8       ??_R2D3DResource@@8        000000018001aeb8     D3DResourceManager.obj
 0002:0000eed0       ??_R1A@?0A@EA@D3DResource@@8 000000018001aed0     D3DResourceManager.obj
 0002:0000eef8       ??_R1A@?0A@EA@IManagedResource@@8 000000018001aef8     D3DResourceManager.obj
 0002:0000ef20       ??_R3IManagedResource@@8   000000018001af20     D3DResourceManager.obj
 0002:0000ef38       ??_R2IManagedResource@@8   000000018001af38     D3DResourceManager.obj
 0002:0000ef48       ??_R4D3DVertexBufferResource@@6B@ 000000018001af48     D3DResourceManager.obj
 0002:0000ef70       ??_R3D3DVertexBufferResource@@8 000000018001af70     D3DResourceManager.obj
 0002:0000ef88       ??_R2D3DVertexBufferResource@@8 000000018001af88     D3DResourceManager.obj
 0002:0000efa0       ??_R1A@?0A@EA@D3DVertexBufferResource@@8 000000018001afa0     D3DResourceManager.obj
 0002:0000efc8       ??_R4IManagedResource@@6B@ 000000018001afc8     D3DResourceManager.obj
 0002:0000eff0       ??_R4D3DPixelShaderResource@@6B@ 000000018001aff0     D3DResourceManager.obj
 0002:0000f018       ??_R3D3DPixelShaderResource@@8 000000018001b018     D3DResourceManager.obj
 0002:0000f030       ??_R2D3DPixelShaderResource@@8 000000018001b030     D3DResourceManager.obj
 0002:0000f048       ??_R1A@?0A@EA@D3DPixelShaderResource@@8 000000018001b048     D3DResourceManager.obj
 0002:0000f070       ??_R4type_info@@6B@        000000018001b070     MSVCRT:std_type_info_static.obj
 0002:0000f098       ??_R3type_info@@8          000000018001b098     MSVCRT:std_type_info_static.obj
 0002:0000f0b0       ??_R2type_info@@8          000000018001b0b0     MSVCRT:std_type_info_static.obj
 0002:0000f0c0       ??_R1A@?0A@EA@type_info@@8 000000018001b0c0     MSVCRT:std_type_info_static.obj
 0002:0000f0e8       ??_R4exception@std@@6B@    000000018001b0e8     MSVCRT:throw_bad_alloc.obj
 0002:0000f110       ??_R3exception@std@@8      000000018001b110     MSVCRT:throw_bad_alloc.obj
 0002:0000f128       ??_R2exception@std@@8      000000018001b128     MSVCRT:throw_bad_alloc.obj
 0002:0000f138       ??_R1A@?0A@EA@exception@std@@8 000000018001b138     MSVCRT:throw_bad_alloc.obj
 0002:0000f160       ??_R4bad_alloc@std@@6B@    000000018001b160     MSVCRT:throw_bad_alloc.obj
 0002:0000f188       ??_R3bad_alloc@std@@8      000000018001b188     MSVCRT:throw_bad_alloc.obj
 0002:0000f1a0       ??_R2bad_alloc@std@@8      000000018001b1a0     MSVCRT:throw_bad_alloc.obj
 0002:0000f1b8       ??_R1A@?0A@EA@bad_alloc@std@@8 000000018001b1b8     MSVCRT:throw_bad_alloc.obj
 0002:0000f1e0       ??_R4bad_array_new_length@std@@6B@ 000000018001b1e0     MSVCRT:throw_bad_alloc.obj
 0002:0000f208       ??_R3bad_array_new_length@std@@8 000000018001b208     MSVCRT:throw_bad_alloc.obj
 0002:0000f220       ??_R2bad_array_new_length@std@@8 000000018001b220     MSVCRT:throw_bad_alloc.obj
 0002:0000f240       ??_R1A@?0A@EA@bad_array_new_length@std@@8 000000018001b240     MSVCRT:throw_bad_alloc.obj
 0002:0000f508       __rtc_iaa                  000000018001b508     MSVCRT:initsect.obj
 0002:0000f510       __rtc_izz                  000000018001b510     MSVCRT:initsect.obj
 0002:0000f518       __rtc_taa                  000000018001b518     MSVCRT:initsect.obj
 0002:0000f520       __rtc_tzz                  000000018001b520     MSVCRT:initsect.obj
 0002:00010690       _TI2?AVbad_alloc@std@@     000000018001c690     MSVCRT:throw_bad_alloc.obj
 0002:000106b0       _CTA2?AVbad_alloc@std@@    000000018001c6b0     MSVCRT:throw_bad_alloc.obj
 0002:000106c8       _CT??_R0?AVbad_alloc@std@@@8??0bad_alloc@std@@QEAA@AEBV01@@Z24 000000018001c6c8     MSVCRT:throw_bad_alloc.obj
 0002:000106f0       _CT??_R0?AVexception@std@@@8??0exception@std@@QEAA@AEBV01@@Z24 000000018001c6f0     MSVCRT:throw_bad_alloc.obj
 0002:00010718       _TI3?AVbad_array_new_length@std@@ 000000018001c718     MSVCRT:throw_bad_alloc.obj
 0002:00010738       _CTA3?AVbad_array_new_length@std@@ 000000018001c738     MSVCRT:throw_bad_alloc.obj
 0002:00010758       _CT??_R0?AVbad_array_new_length@std@@@8??0bad_array_new_length@std@@QEAA@AEBV01@@Z24 000000018001c758     MSVCRT:throw_bad_alloc.obj
 0002:000117c4       __IMPORT_DESCRIPTOR_USER32 000000018001d7c4     user32:USER32.dll
 0002:000117d8       __IMPORT_DESCRIPTOR_MSVCP140 000000018001d7d8     msvcprt:MSVCP140.dll
 0002:000117ec       __IMPORT_DESCRIPTOR_KERNEL32 000000018001d7ec     kernel32:KERNEL32.dll
 0002:00011800       __IMPORT_DESCRIPTOR_VCRUNTIME140 000000018001d800     vcruntime:VCRUNTIME140.dll
 0002:00011814       __IMPORT_DESCRIPTOR_api-ms-win-crt-runtime-l1-1-0 000000018001d814     ucrt:api-ms-win-crt-runtime-l1-1-0.dll
 0002:00011828       __IMPORT_DESCRIPTOR_api-ms-win-crt-string-l1-1-0 000000018001d828     ucrt:api-ms-win-crt-string-l1-1-0.dll
 0002:0001183c       __IMPORT_DESCRIPTOR_api-ms-win-crt-stdio-l1-1-0 000000018001d83c     ucrt:api-ms-win-crt-stdio-l1-1-0.dll
 0002:00011850       __IMPORT_DESCRIPTOR_api-ms-win-crt-environment-l1-1-0 000000018001d850     ucrt:api-ms-win-crt-environment-l1-1-0.dll
 0002:00011864       __IMPORT_DESCRIPTOR_api-ms-win-crt-heap-l1-1-0 000000018001d864     ucrt:api-ms-win-crt-heap-l1-1-0.dll
 0002:00011878       __NULL_IMPORT_DESCRIPTOR   000000018001d878     user32:USER32.dll
 0003:00000020       __security_cookie_complement 000000018001f020     MSVCRT:gs_cookie.obj
 0003:00000028       __security_cookie          000000018001f028     MSVCRT:gs_cookie.obj
 0003:00000030       _fltused                   000000018001f030     MSVCRT:fltused.obj
 0003:00000034       __scrt_native_dllmain_reason 000000018001f034     MSVCRT:utility.obj
 0003:00000040       __isa_available            000000018001f040     MSVCRT:cpu_disp.obj
 0003:00000044       __isa_enabled              000000018001f044     MSVCRT:cpu_disp.obj
 0003:00000048       __memcpy_nt_iters          000000018001f048     MSVCRT:cpu_disp.obj
 0003:00000050       __scrt_ucrt_dll_is_in_use  000000018001f050     MSVCRT:ucrt_stubs.obj
 0003:00000058       ??_R0?AVD3DLight@@@8       000000018001f058     D3DLight.obj
 0003:00000078       ??_R0?AVD3DMesh@@@8        000000018001f078     D3DMesh.obj
 0003:00000098       ??_R0?AVD3DMeshView@@@8    000000018001f098     D3DMeshView.obj
 0003:000000c0       ??_R0?AVD3DPhongMaterial@@@8 000000018001f0c0     D3DPhongMaterial.obj
 0003:000000e8       ??_R0?AVD3DPhongShader@@@8 000000018001f0e8     D3DPhongShader.obj
 0003:00000110       ??_R0?AUIConfig@@@8        000000018001f110     D3DPipeline.obj
 0003:00000130       ??_R0?AUConfigJavaStaticClass@@@8 000000018001f130     D3DPipeline.obj
 0003:00000160       ??_R0?AVD3DResource@@@8    000000018001f160     D3DResourceManager.obj
 0003:00000188       ??_R0?AVIManagedResource@@@8 000000018001f188     D3DResourceManager.obj
 0003:000001b0       ??_R0?AVD3DVertexBufferResource@@@8 000000018001f1b0     D3DResourceManager.obj
 0003:000001e0       ??_R0?AVD3DPixelShaderResource@@@8 000000018001f1e0     D3DResourceManager.obj
 0003:00000210       ??_R0?AVtype_info@@@8      000000018001f210     MSVCRT:std_type_info_static.obj
 0003:00000230       ??_R0?AVbad_alloc@std@@@8  000000018001f230     MSVCRT:throw_bad_alloc.obj
 0003:00000258       ??_R0?AVexception@std@@@8  000000018001f258     MSVCRT:throw_bad_alloc.obj
 0003:00000280       ??_R0?AVbad_array_new_length@std@@@8 000000018001f280     MSVCRT:throw_bad_alloc.obj
 0003:000002b0       ?hLibD3D9@@3PEAUHINSTANCE__@@EA 000000018001f2b0     D3DPipeline.obj
 0003:000002b8       ?pD3D9FactoryFunction@@3P6APEAUIDirect3D9@@I@ZEA 000000018001f2b8     D3DPipeline.obj
 0003:000002c0       ?pD3D9FactoryExFunction@@3P6AJIPEAPEAUIDirect3D9Ex@@@ZEA 000000018001f2c0     D3DPipeline.obj
 0003:000002d0       ?pMgr@D3DPipelineManager@@0PEAV1@EA 000000018001f2d0     D3DPipelineManager.obj
 0003:000003e8       ?_OptionsStorage@?1??__local_stdio_printf_options@@9@4_KA 000000018001f3e8     D3DPipelineManager.obj
 0003:000003f8       ?_OptionsStorage@?1??__local_stdio_scanf_options@@9@4_KA 000000018001f3f8     Trace.obj
 0003:00000980       ?__type_info_root_node@@3U__type_info_node@@A 000000018001f980     MSVCRT:tncleanup.obj
 0003:00000990       __scrt_current_native_startup_state 000000018001f990     MSVCRT:utility.obj
 0003:00000998       __scrt_native_startup_lock 000000018001f998     MSVCRT:utility.obj
 0003:000009d8       __scrt_debugger_hook_flag  000000018001f9d8     MSVCRT:utility_desktop.obj
 0003:000009dc       __favor                    000000018001f9dc     MSVCRT:cpu_disp.obj
 0003:000009e0       __dyn_tls_init_callback    000000018001f9e0     <common>

 entry point at        0001:000099a8

 Static symbols

 0001:00000000       ??__EbNoHwCheck@@YAXXZ     0000000180001000 f   D3DPipelineManager.obj
 0001:00003a20       memcpy_s                   0000000180004a20 f   D3DMesh.obj
 0001:00006b60       ?D3DResourceFactory_nReadPixels@@YAJPEAVD3DContext@@PEAVD3DResource@@PEAEHH@Z 0000000180007b60 f   D3DResourceFactory.obj
[...]
 0004:0000057c       $pdata$3$Java_com_sun_prism_d3d_D3DPipeline_nGetDriverInformation 000000018002057c     D3DPipeline.obj
 0004:00000588       $pdata$Java_com_sun_prism_d3d_D3DPipeline_nGetErrorMessage 0000000180020588     D3DPipeline.obj
 0004:00000594       $pdata$Java_com_sun_prism_d3d_D3DPipeline_nGetMaxSampleSupport 0000000180020594     D3DPipeline.obj
 0004:000005a0       $pdata$Java_com_sun_prism_d3d_D3DPipeline_nInit 00000001800205a0     D3DPipeline.obj
 0004:000005ac       $pdata$?CheckAdaptersInfo@D3DPipelineManager@@AEAAJAEAUIConfig@@@Z 00000001800205ac     D3DPipelineManager.obj
 0004:000005b8       $pdata$3$?CheckAdaptersInfo@D3DPipelineManager@@AEAAJAEAUIConfig@@@Z 00000001800205b8     D3DPipelineManager.obj
 0004:000005c4       $pdata$7$?CheckAdaptersInfo@D3DPipelineManager@@AEAAJAEAUIConfig@@@Z 00000001800205c4     D3DPipelineManager.obj
 0004:000005d0       $pdata$8$?CheckAdaptersInfo@D3DPipelineManager@@AEAAJAEAUIConfig@@@Z 00000001800205d0     D3DPipelineManager.obj
 0004:000005dc       $pdata$9$?CheckAdaptersInfo@D3DPipelineManager@@AEAAJAEAUIConfig@@@Z 00000001800205dc     D3DPipelineManager.obj
 0004:000005e8       $pdata$?CheckDeviceCaps@D3DPipelineManager@@AEAAJI@Z 00000001800205e8     D3DPipelineManager.obj
 0004:000005f4       $pdata$?CheckForBadHardware@D3DPipelineManager@@SAJKK_J@Z 00000001800205f4     D3DPipelineManager.obj
 0004:00000600       $pdata$?CheckOSVersion@D3DPipelineManager@@SAJXZ 0000000180020600     D3DPipelineManager.obj
 0004:0000060c       $pdata$?CreateInstance@D3DPipelineManager@@SAPEAV1@AEAUIConfig@@@Z 000000018002060c     D3DPipelineManager.obj
 0004:00000618       $pdata$?D3DEnabledOnAdapter@D3DPipelineManager@@AEAAJI@Z 0000000180020618     D3DPipelineManager.obj
 0004:00000624       $pdata$?D3DPPLM_OsVersionMatches@@YAHG@Z 0000000180020624     D3DPipelineManager.obj
 0004:00000630       $pdata$?DeleteInstance@D3DPipelineManager@@SAXXZ 0000000180020630     D3DPipelineManager.obj
 0004:0000063c       $pdata$?GetAdapterOrdinalByHmon@D3DPipelineManager@@QEAAIPEAUHMONITOR__@@@Z 000000018002063c     D3DPipelineManager.obj
 0004:00000648       $pdata$1$?GetAdapterOrdinalByHmon@D3DPipelineManager@@QEAAIPEAUHMONITOR__@@@Z 0000000180020648     D3DPipelineManager.obj
 0004:00000654       $pdata$3$?GetAdapterOrdinalByHmon@D3DPipelineManager@@QEAAIPEAUHMONITOR__@@@Z 0000000180020654     D3DPipelineManager.obj
 0004:00000660       $pdata$4$?GetAdapterOrdinalByHmon@D3DPipelineManager@@QEAAIPEAUHMONITOR__@@@Z 0000000180020660     D3DPipelineManager.obj
 0004:0000066c       $pdata$?GetD3DContext@D3DPipelineManager@@QEAAJIPEAPEAVD3DContext@@@Z 000000018002066c     D3DPipelineManager.obj
 0004:00000678       $pdata$?GetMatchingDepthStencilFormat@D3DPipelineManager@@QEAA?AW4_D3DFORMAT@@IW42@0@Z 0000000180020678     D3DPipelineManager.obj
 0004:00000684       $pdata$?InitD3D@D3DPipelineManager@@AEAAJAEAUIConfig@@@Z 0000000180020684     D3DPipelineManager.obj
 0004:00000690       $pdata$?ReleaseD3D@D3DPipelineManager@@AEAAJXZ 0000000180020690     D3DPipelineManager.obj
 0004:0000069c       $pdata$0$?ReleaseD3D@D3DPipelineManager@@AEAAJXZ 000000018002069c     D3DPipelineManager.obj
 0004:000006a8       $pdata$1$?ReleaseD3D@D3DPipelineManager@@AEAAJXZ 00000001800206a8     D3DPipelineManager.obj
 0004:000006b4       $pdata$?SetErrorMessage@D3DPipelineManager@@SAXPEBD@Z 00000001800206b4     D3DPipelineManager.obj
 0004:000006c0       $pdata$?SetErrorMessageV@D3DPipelineManager@@SAXPEBDZZ 00000001800206c0     D3DPipelineManager.obj
 0004:000006cc       $pdata$fprintf             00000001800206cc     D3DPipelineManager.obj
 0004:000006d8       $pdata$?D3DResourceFactory_nReadPixels@@YAJPEAVD3DContext@@PEAVD3DResource@@PEAEHH@Z 00000001800206d8     D3DResourceFactory.obj
 0004:000006e4       $pdata$0$?D3DResourceFactory_nReadPixels@@YAJPEAVD3DContext@@PEAVD3DResource@@PEAEHH@Z 00000001800206e4     D3DResourceFactory.obj
 0004:000006f0       $pdata$3$?D3DResourceFactory_nReadPixels@@YAJPEAVD3DContext@@PEAVD3DResource@@PEAEHH@Z 00000001800206f0     D3DResourceFactory.obj
 0004:000006fc       $pdata$5$?D3DResourceFactory_nReadPixels@@YAJPEAVD3DContext@@PEAVD3DResource@@PEAEHH@Z 00000001800206fc     D3DResourceFactory.obj
 0004:00000708       $pdata$6$?D3DResourceFactory_nReadPixels@@YAJPEAVD3DContext@@PEAVD3DResource@@PEAEHH@Z 0000000180020708     D3DResourceFactory.obj
 0004:00000714       $pdata$?nReadPixelsHelper@@YAJPEAUJNIEnv_@@_J11PEAV_jobject@@PEAV_jarray@@JJ@Z 0000000180020714     D3DResourceFactory.obj
 0004:00000720       $pdata$0$?nReadPixelsHelper@@YAJPEAUJNIEnv_@@_J11PEAV_jobject@@PEAV_jarray@@JJ@Z 0000000180020720     D3DResourceFactory.obj
 0004:0000072c       $pdata$4$?nReadPixelsHelper@@YAJPEAUJNIEnv_@@_J11PEAV_jobject@@PEAV_jarray@@JJ@Z 000000018002072c     D3DResourceFactory.obj
 0004:00000738       $pdata$6$?nReadPixelsHelper@@YAJPEAUJNIEnv_@@_J11PEAV_jobject@@PEAV_jarray@@JJ@Z 0000000180020738     D3DResourceFactory.obj
 0004:00000744       $pdata$7$?nReadPixelsHelper@@YAJPEAUJNIEnv_@@_J11PEAV_jobject@@PEAV_jarray@@JJ@Z 0000000180020744     D3DResourceFactory.obj
 0004:00000750       $pdata$?updateTexture@@YAJPEAVD3DContext@@PEAVD3DResource@@PEAEJJJJJJJJJ@Z 0000000180020750     D3DResourceFactory.obj
 0004:0000075c       $pdata$Java_com_sun_prism_d3d_D3DResourceFactory_nCreateSwapChain 000000018002075c     D3DResourceFactory.obj
 0004:00000768       $pdata$Java_com_sun_prism_d3d_D3DResourceFactory_nCreateTexture 0000000180020768     D3DResourceFactory.obj
 0004:00000774       $pdata$0$Java_com_sun_prism_d3d_D3DResourceFactory_nCreateTexture 0000000180020774     D3DResourceFactory.obj
 0004:00000780       $pdata$1$Java_com_sun_prism_d3d_D3DResourceFactory_nCreateTexture 0000000180020780     D3DResourceFactory.obj
 0004:0000078c       $pdata$Java_com_sun_prism_d3d_D3DResourceFactory_nGetContext 000000018002078c     D3DResourceFactory.obj
 0004:00000798       $pdata$Java_com_sun_prism_d3d_D3DResourceFactory_nIsDefaultPool 0000000180020798     D3DResourceFactory.obj
 0004:000007a4       $pdata$Java_com_sun_prism_d3d_D3DResourceFactory_nReadPixelsI 00000001800207a4     D3DResourceFactory.obj
 0004:000007a4       $pdata$Java_com_sun_prism_d3d_D3DResourceFactory_nReadPixelsB 00000001800207a4     D3DResourceFactory.obj
 0004:000007b0       $pdata$Java_com_sun_prism_d3d_D3DResourceFactory_nUpdateTextureB 00000001800207b0     D3DResourceFactory.obj
 0004:000007bc       $pdata$2$Java_com_sun_prism_d3d_D3DResourceFactory_nUpdateTextureB 00000001800207bc     D3DResourceFactory.obj
 0004:000007c8       $pdata$4$Java_com_sun_prism_d3d_D3DResourceFactory_nUpdateTextureB 00000001800207c8     D3DResourceFactory.obj
 0004:000007d4       $pdata$5$Java_com_sun_prism_d3d_D3DResourceFactory_nUpdateTextureB 00000001800207d4     D3DResourceFactory.obj
 0004:000007e0       $pdata$Java_com_sun_prism_d3d_D3DResourceFactory_nUpdateTextureF 00000001800207e0     D3DResourceFactory.obj
 0004:000007ec       $pdata$3$Java_com_sun_prism_d3d_D3DResourceFactory_nUpdateTextureF 00000001800207ec     D3DResourceFactory.obj
 0004:000007f8       $pdata$5$Java_com_sun_prism_d3d_D3DResourceFactory_nUpdateTextureF 00000001800207f8     D3DResourceFactory.obj
 0004:00000804       $pdata$6$Java_com_sun_prism_d3d_D3DResourceFactory_nUpdateTextureF 0000000180020804     D3DResourceFactory.obj
 0004:00000810       $pdata$7$Java_com_sun_prism_d3d_D3DResourceFactory_nUpdateTextureF 0000000180020810     D3DResourceFactory.obj
 0004:0000081c       $pdata$8$Java_com_sun_prism_d3d_D3DResourceFactory_nUpdateTextureF 000000018002081c     D3DResourceFactory.obj
 0004:00000828       $pdata$Java_com_sun_prism_d3d_D3DResourceFactory_nUpdateTextureI 0000000180020828     D3DResourceFactory.obj
 0004:00000834       $pdata$2$Java_com_sun_prism_d3d_D3DResourceFactory_nUpdateTextureI 0000000180020834     D3DResourceFactory.obj
 0004:00000840       $pdata$4$Java_com_sun_prism_d3d_D3DResourceFactory_nUpdateTextureI 0000000180020840     D3DResourceFactory.obj
 0004:0000084c       $pdata$5$Java_com_sun_prism_d3d_D3DResourceFactory_nUpdateTextureI 000000018002084c     D3DResourceFactory.obj
 0004:00000858       $pdata$??1D3DResourceManager@@QEAA@XZ 0000000180020858     D3DResourceManager.obj
 0004:00000864       $pdata$??_GD3DPixelShaderResource@@UEAAPEAXI@Z 0000000180020864     D3DResourceManager.obj
 0004:00000870       $pdata$??_GD3DResource@@MEAAPEAXI@Z 0000000180020870     D3DResourceManager.obj
 0004:0000087c       $pdata$??_GD3DVertexBufferResource@@UEAAPEAXI@Z 000000018002087c     D3DResourceManager.obj
 0004:00000888       $pdata$??_GIManagedResource@@MEAAPEAXI@Z 0000000180020888     D3DResourceManager.obj
 0004:00000894       $pdata$?CreateInstance@D3DResourceManager@@SAPEAV1@PEAVD3DContext@@@Z 0000000180020894     D3DResourceManager.obj
 0004:000008a0       $pdata$?CreatePixelShader@D3DResourceManager@@QEAAJPEAKPEAPEAVD3DPixelShaderResource@@@Z 00000001800208a0     D3DResourceManager.obj
 0004:000008ac       $pdata$?CreateRenderTarget@D3DResourceManager@@QEAAJIIHPEAW4_D3DFORMAT@@W4_D3DMULTISAMPLE_TYPE@@PEAPEAVD3DResource@@@Z 00000001800208ac     D3DResourceManager.obj
 0004:000008b8       $pdata$?CreateSwapChain@D3DResourceManager@@QEAAJPEAUHWND__@@IIIW4_D3DSWAPEFFECT@@IPEAPEAVD3DResource@@@Z 00000001800208b8     D3DResourceManager.obj
 0004:000008c4       $pdata$?CreateTexture@D3DResourceManager@@QEAAJIIHHHPEAW4_D3DFORMAT@@KPEAPEAVD3DResource@@@Z 00000001800208c4     D3DResourceManager.obj
 0004:000008d0       $pdata$?CreateVertexBuffer@D3DResourceManager@@QEAAJPEAPEAVD3DVertexBufferResource@@@Z 00000001800208d0     D3DResourceManager.obj
 0004:000008dc       $pdata$0$?CreateVertexBuffer@D3DResourceManager@@QEAAJPEAPEAVD3DVertexBufferResource@@@Z 00000001800208dc     D3DResourceManager.obj
 0004:000008e8       $pdata$2$?CreateVertexBuffer@D3DResourceManager@@QEAAJPEAPEAVD3DVertexBufferResource@@@Z 00000001800208e8     D3DResourceManager.obj
 0004:000008f4       $pdata$?GetBlitOSPSurface@D3DResourceManager@@QEAAJIIW4_D3DFORMAT@@PEAPEAVD3DResource@@@Z 00000001800208f4     D3DResourceManager.obj
 0004:00000900       $pdata$?Init@D3DResource@@IEAAXPEAUIDirect3DResource9@@PEAUIDirect3DSwapChain9@@@Z 0000000180020900     D3DResourceManager.obj
 0004:0000090c       $pdata$?Release@D3DPixelShaderResource@@UEAAXXZ 000000018002090c     D3DResourceManager.obj
 0004:00000918       $pdata$?Release@D3DResource@@MEAAXXZ 0000000180020918     D3DResourceManager.obj
 0004:00000924       $pdata$?Release@D3DVertexBufferResource@@UEAAXXZ 0000000180020924     D3DResourceManager.obj
 0004:00000930       $pdata$?ReleaseDefPoolResources@D3DResourceManager@@QEAAXXZ 0000000180020930     D3DResourceManager.obj
 0004:0000093c       $pdata$1$?ReleaseDefPoolResources@D3DResourceManager@@QEAAXXZ 000000018002093c     D3DResourceManager.obj
 0004:00000948       $pdata$2$?ReleaseDefPoolResources@D3DResourceManager@@QEAAXXZ 0000000180020948     D3DResourceManager.obj
 0004:00000954       $pdata$?ReleaseResource@D3DResourceManager@@QEAAJPEAVIManagedResource@@@Z 0000000180020954     D3DResourceManager.obj
 0004:00000960       $pdata$Java_com_sun_prism_d3d_D3DShader_enable 0000000180020960     D3DShader.obj
 0004:0000096c       $pdata$Java_com_sun_prism_d3d_D3DShader_init 000000018002096c     D3DShader.obj
 0004:00000978       $pdata$Java_com_sun_prism_d3d_D3DShader_setConstantsF 0000000180020978     D3DShader.obj
 0004:00000984       $pdata$Java_com_sun_prism_d3d_D3DShader_setConstantsI 0000000180020984     D3DShader.obj
 0004:00000990       $pdata$?transferBytes@TextureUpdater@@CAXPEBEHPEAEHHH@Z 0000000180020990     TextureUploader.obj
 0004:0000099c       $pdata$3$?transferBytes@TextureUpdater@@CAXPEBEHPEAEHHH@Z 000000018002099c     TextureUploader.obj
 0004:000009a8       $pdata$4$?transferBytes@TextureUpdater@@CAXPEBEHPEAEHHH@Z 00000001800209a8     TextureUploader.obj
 0004:000009b4       $pdata$?updateD3D9ExTexture@TextureUpdater@@QEAAHPEAVD3DContext@@@Z 00000001800209b4     TextureUploader.obj
 0004:000009c0       $pdata$0$?updateD3D9ExTexture@TextureUpdater@@QEAAHPEAVD3DContext@@@Z 00000001800209c0     TextureUploader.obj
 0004:000009cc       $pdata$1$?updateD3D9ExTexture@TextureUpdater@@QEAAHPEAVD3DContext@@@Z 00000001800209cc     TextureUploader.obj
 0004:000009d8       $pdata$2$?updateD3D9ExTexture@TextureUpdater@@QEAAHPEAVD3DContext@@@Z 00000001800209d8     TextureUploader.obj
 0004:000009e4       $pdata$3$?updateD3D9ExTexture@TextureUpdater@@QEAAHPEAVD3DContext@@@Z 00000001800209e4     TextureUploader.obj
 0004:000009f0       $pdata$?updateLockableTexture@TextureUpdater@@QEAAHXZ 00000001800209f0     TextureUploader.obj
 0004:000009fc       $pdata$3$?updateLockableTexture@TextureUpdater@@QEAAHXZ 00000001800209fc     TextureUploader.obj
 0004:00000a08       $pdata$5$?updateLockableTexture@TextureUpdater@@QEAAHXZ 0000000180020a08     TextureUploader.obj
 0004:00000a14       $pdata$6$?updateLockableTexture@TextureUpdater@@QEAAHXZ 0000000180020a14     TextureUploader.obj
 0004:00000a20       $pdata$7$?updateLockableTexture@TextureUpdater@@QEAAHXZ 0000000180020a20     TextureUploader.obj
 0004:00000a2c       $pdata$TraceImpl           0000000180020a2c     Trace.obj
 0004:00000a38       $pdata$0$TraceImpl         0000000180020a38     Trace.obj
 0004:00000a44       $pdata$1$TraceImpl         0000000180020a44     Trace.obj
 0004:00000a50       $pdata$printf              0000000180020a50     Trace.obj
 0004:00000a5c       $pdata$sscanf              0000000180020a5c     Trace.obj
 0004:00000a68       $pdata$??2@YAPEAX_K@Z      0000000180020a68     MSVCRT:new_scalar.obj
 0004:00000a74       $pdata$__GSHandlerCheck    0000000180020a74     MSVCRT:gshandler.obj
 0004:00000a80       $pdata$__GSHandlerCheckCommon 0000000180020a80     MSVCRT:gshandler.obj
 0004:00000a98       $pdata$??_Gtype_info@@UEAAPEAXI@Z 0000000180020a98     MSVCRT:std_type_info_static.obj
 0004:00000aa4       $pdata$??_L@YAXPEAX_K1P6AX0@Z2@Z 0000000180020aa4     MSVCRT:ehvecctr.obj
 0004:00000ab0       $pdata$??_M@YAXPEAX_K1P6AX0@Z@Z 0000000180020ab0     MSVCRT:ehvecdtr.obj
 0004:00000abc       $pdata$?__ArrayUnwind@@YAXPEAX_K1P6AX0@Z@Z 0000000180020abc     MSVCRT:ehvecdtr.obj
 0004:00000ac8       $pdata$?dllmain_crt_dispatch@@YAHQEAUHINSTANCE__@@KQEAX@Z 0000000180020ac8     MSVCRT:dll_dllmain.obj
 0004:00000ad4       $pdata$?dllmain_crt_process_attach@@YAHQEAUHINSTANCE__@@QEAX@Z 0000000180020ad4     MSVCRT:dll_dllmain.obj
 0004:00000ae0       $pdata$?dllmain_crt_process_detach@@YAH_N@Z 0000000180020ae0     MSVCRT:dll_dllmain.obj
 0004:00000aec       $pdata$?dllmain_dispatch@@YAHQEAUHINSTANCE__@@KQEAX@Z 0000000180020aec     MSVCRT:dll_dllmain.obj
 0004:00000af8       $pdata$_DllMainCRTStartup  0000000180020af8     MSVCRT:dll_dllmain.obj
 0004:00000b04       $pdata$??0bad_alloc@std@@QEAA@AEBV01@@Z 0000000180020b04     MSVCRT:throw_bad_alloc.obj
 0004:00000b10       $pdata$??0bad_array_new_length@std@@QEAA@AEBV01@@Z 0000000180020b10     MSVCRT:throw_bad_alloc.obj
 0004:00000b1c       $pdata$??0exception@std@@QEAA@AEBV01@@Z 0000000180020b1c     MSVCRT:throw_bad_alloc.obj
 0004:00000b28       $pdata$??_Gbad_array_new_length@std@@UEAAPEAXI@Z 0000000180020b28     MSVCRT:throw_bad_alloc.obj
 0004:00000b28       $pdata$??_Gbad_alloc@std@@UEAAPEAXI@Z 0000000180020b28     MSVCRT:throw_bad_alloc.obj
 0004:00000b28       $pdata$??_Gexception@std@@UEAAPEAXI@Z 0000000180020b28     MSVCRT:throw_bad_alloc.obj
 0004:00000b34       $pdata$?__scrt_throw_std_bad_alloc@@YAXXZ 0000000180020b34     MSVCRT:throw_bad_alloc.obj
 0004:00000b40       $pdata$?__scrt_throw_std_bad_array_new_length@@YAXXZ 0000000180020b40     MSVCRT:throw_bad_alloc.obj
 0004:00000b4c       $pdata$__raise_securityfailure 0000000180020b4c     MSVCRT:gs_report.obj
 0004:00000b58       $pdata$__report_gsfailure  0000000180020b58     MSVCRT:gs_report.obj
 0004:00000b64       $pdata$capture_previous_context 0000000180020b64     MSVCRT:gs_report.obj
 0004:00000b70       $pdata$__security_init_cookie 0000000180020b70     MSVCRT:gs_support.obj
 0004:00000b7c       $pdata$__scrt_initialize_default_local_stdio_options 0000000180020b7c     MSVCRT:default_local_stdio_options.obj
 0004:00000b88       $pdata$__scrt_acquire_startup_lock 0000000180020b88     MSVCRT:utility.obj
 0004:00000b94       $pdata$__scrt_dllmain_after_initialize_c 0000000180020b94     MSVCRT:utility.obj
 0004:00000ba0       $pdata$__scrt_dllmain_before_initialize_c 0000000180020ba0     MSVCRT:utility.obj
 0004:00000bac       $pdata$__scrt_dllmain_crt_thread_attach 0000000180020bac     MSVCRT:utility.obj
 0004:00000bb8       $pdata$__scrt_dllmain_crt_thread_detach 0000000180020bb8     MSVCRT:utility.obj
 0004:00000bc4       $pdata$__scrt_dllmain_exception_filter 0000000180020bc4     MSVCRT:utility.obj
 0004:00000bd0       $pdata$__scrt_dllmain_uninitialize_c 0000000180020bd0     MSVCRT:utility.obj
 0004:00000bdc       $pdata$__scrt_dllmain_uninitialize_critical 0000000180020bdc     MSVCRT:utility.obj
 0004:00000be8       $pdata$__scrt_initialize_crt 0000000180020be8     MSVCRT:utility.obj
 0004:00000bf4       $pdata$__scrt_initialize_onexit_tables 0000000180020bf4     MSVCRT:utility.obj
 0004:00000c00       $pdata$__scrt_is_nonwritable_in_current_image 0000000180020c00     MSVCRT:utility.obj
 0004:00000c0c       $pdata$__scrt_release_startup_lock 0000000180020c0c     MSVCRT:utility.obj
 0004:00000c18       $pdata$__scrt_uninitialize_crt 0000000180020c18     MSVCRT:utility.obj
 0004:00000c24       $pdata$__scrt_fastfail     0000000180020c24     MSVCRT:utility_desktop.obj
 0004:00000c30       $pdata$_RTC_Initialize     0000000180020c30     MSVCRT:initsect.obj
 0004:00000c3c       $pdata$_RTC_Terminate      0000000180020c3c     MSVCRT:initsect.obj
 0004:00000c48       $pdata$__isa_available_init 0000000180020c48     MSVCRT:cpu_disp.obj
 0004:00000c60       $pdata$?dtor$0@?0??setDeviceParametersFor3D@D3DContext@@QEAAJXZ@4HA 0000000180020c60     D3DContext.obj
 0004:00000c6c       $pdata$?catch$4@?0???$?6U?$char_traits@D@std@@@std@@YAAEAV?$basic_ostream@DU?$char_traits@D@std@@@0@AEAV10@PEBD@Z@4HA 0000000180020c6c     D3DMesh.obj
 0004:00000c78       $pdata$?dtor$0@?0??CreateInstance@D3DPipelineManager@@SAPEAV1@AEAUIConfig@@@Z@4HA 0000000180020c78     D3DPipelineManager.obj
 0004:00000c84       $pdata$?dtor$0@?0??CreateRenderTarget@D3DResourceManager@@QEAAJIIHPEAW4_D3DFORMAT@@W4_D3DMULTISAMPLE_TYPE@@PEAPEAVD3DResource@@@Z@4HA 0000000180020c84     D3DResourceManager.obj
 0004:00000c90       $pdata$?dtor$0@?0??CreateSwapChain@D3DResourceManager@@QEAAJPEAUHWND__@@IIIW4_D3DSWAPEFFECT@@IPEAPEAVD3DResource@@@Z@4HA 0000000180020c90     D3DResourceManager.obj
 0004:00000c9c       $pdata$?dtor$0@?0??CreateTexture@D3DResourceManager@@QEAAJIIHHHPEAW4_D3DFORMAT@@KPEAPEAVD3DResource@@@Z@4HA 0000000180020c9c     D3DResourceManager.obj
 0004:00000ca8       $pdata$?dtor$0@?0??GetBlitOSPSurface@D3DResourceManager@@QEAAJIIW4_D3DFORMAT@@PEAPEAVD3DResource@@@Z@4HA 0000000180020ca8     D3DResourceManager.obj
 0004:00000cb4       $pdata$?fin$0@?0???_L@YAXPEAX_K1P6AX0@Z2@Z@4HA 0000000180020cb4     MSVCRT:ehvecctr.obj
 0004:00000cc0       $pdata$?fin$0@?0???_M@YAXPEAX_K1P6AX0@Z@Z@4HA 0000000180020cc0     MSVCRT:ehvecdtr.obj
 0004:00000ccc       $pdata$?filt$0@?0??__ArrayUnwind@@YAXPEAX_K1P6AX0@Z@Z@4HA 0000000180020ccc     MSVCRT:ehvecdtr.obj
 0004:00000cd8       $pdata$?fin$0@?0??dllmain_crt_process_attach@@YAHQEAUHINSTANCE__@@QEAX@Z@4HA 0000000180020cd8     MSVCRT:dll_dllmain.obj
 0004:00000ce4       $pdata$?fin$0@?0??dllmain_crt_process_detach@@YAH_N@Z@4HA 0000000180020ce4     MSVCRT:dll_dllmain.obj
 0004:00000cf0       $pdata$?filt$0@?0??dllmain_dispatch@@YAHQEAUHINSTANCE__@@KQEAX@Z@4HA 0000000180020cf0     MSVCRT:dll_dllmain.obj
 0004:00000cfc       $pdata$__scrt_is_nonwritable_in_current_image$filt$0 0000000180020cfc     MSVCRT:utility.obj
 0005:00000060       $R000000                   0000000180021060     version.res
