 glass

 Timestamp is 5c212b17 (Mon Dec 24 13:53:11 2018)

 Preferred load address is 0000000180000000

 Start         Length     Name                   Class
 0001:00000000 000001d0H .text$di                CODE
 0001:000001d0 00023820H .text$mn                CODE
 0001:000239f0 00000020H .text$mn$00             CODE
 0001:00023a10 00001b90H .text$x                 CODE
 0001:000255a0 0000029eH .text$yd                CODE
 0002:00000000 00000518H .idata$5                DATA
 0002:00000518 00000010H .00cfg                  DATA
 0002:00000528 00000008H .CRT$XCA                DATA
 0002:00000530 00000030H .CRT$XCU                DATA
 0002:00000560 00000008H .CRT$XCZ                DATA
 0002:00000568 00000008H .CRT$XIA                DATA
 0002:00000570 00000008H .CRT$XIC                DATA
 0002:00000578 00000008H .CRT$XIZ                DATA
 0002:00000580 00000008H .CRT$XLA                DATA
 0002:00000588 00000008H .CRT$XLZ                DATA
 0002:00000590 00000008H .CRT$XPA                DATA
 0002:00000598 00000008H .CRT$XPZ                DATA
 0002:000005a0 00000008H .CRT$XTA                DATA
 0002:000005a8 00000008H .CRT$XTZ                DATA
 0002:000005b0 00000000H .gfids$y                DATA
 0002:000005b0 00004d60H .rdata                  DATA
 0002:00005310 00000030H .rdata$T                DATA
 0002:00005340 00003ab4H .rdata$r                DATA
 0002:00008df4 000003b4H .rdata$zzzdbg           DATA
 0002:000091a8 00000008H .rtc$IAA                DATA
 0002:000091b0 00000008H .rtc$IZZ                DATA
 0002:000091b8 00000008H .rtc$TAA                DATA
 0002:000091c0 00000008H .rtc$TZZ                DATA
 0002:000091c8 00000004H .tls                    DATA
 0002:000091cc 00000004H .tls$                   DATA
 0002:000091d0 00000010H .tls$ZZZ                DATA
 0002:000091e0 00005030H .xdata                  DATA
 0002:0000e210 0000019cH .xdata$x                DATA
 0002:0000e3ac 000000c0H .didat$2                DATA
 0002:0000e46c 00000024H .didat$3                DATA
 0002:0000e490 00000420H .didat$4                DATA
 0002:0000e8b0 000008f8H .didat$6                DATA
 0002:0000f1a8 00000428H .didat$7                DATA
 0002:0000f5d0 00001d34H .edata                  DATA
 0002:00011304 0000012cH .idata$2                DATA
 0002:00011430 00000018H .idata$3                DATA
 0002:00011448 00000518H .idata$4                DATA
 0002:00011960 00000b6aH .idata$6                DATA
 0003:00000000 00000210H .data                   DATA
 0003:00000210 00002228H .data$r                 DATA
 0003:00002438 00000428H .didat$5                DATA
 0003:00002860 00000f20H .bss                    DATA
 0004:00000000 00002958H .pdata                  DATA
 0005:00000000 00000190H .rsrc$01                DATA
 0005:00000190 00002498H .rsrc$02                DATA

  Address         Publics by Value              Rva+Base               Lib:Object

 0000:00000000       __guard_fids_count         0000000000000000     <absolute>
 0000:00000000       __guard_longjmp_count      0000000000000000     <absolute>
 0000:00000000       __guard_longjmp_table      0000000000000000     <absolute>
 0000:00000000       ___safe_se_handler_count   0000000000000000     <absolute>
 0000:00000000       __guard_iat_table          0000000000000000     <absolute>
 0000:00000000       __hybrid_code_map          0000000000000000     <absolute>
 0000:00000000       __guard_iat_count          0000000000000000     <absolute>
 0000:00000000       __hybrid_code_map_count    0000000000000000     <absolute>
 0000:00000000       __volatile_metadata        0000000000000000     <absolute>
 0000:00000000       __enclave_config           0000000000000000     <absolute>
 0000:00000000       ___safe_se_handler_table   0000000000000000     <absolute>
 0000:00000000       __guard_fids_table         0000000000000000     <absolute>
 0000:00000000       __hybrid_auxiliary_iat     0000000000000000     <absolute>
 0000:00000000       __dynamic_value_reloc_table 0000000000000000     <absolute>
 0000:00000100       __guard_flags              0000000000000100     <absolute>
 0000:00000000       __ImageBase                0000000180000000     <linker-defined>
 0001:000001d0       ??0BaseWnd@@QEAA@PEAUHWND__@@@Z 00000001800011d0 f   BaseWnd.obj
 0001:00000200       ??1BaseWnd@@UEAA@XZ        0000000180001200 f   BaseWnd.obj
 0001:00000280       ??_GAction@@UEAAPEAXI@Z    0000000180001280 f i BaseWnd.obj
 0001:00000280       ??_EAction@@UEAAPEAXI@Z    0000000180001280 f i BaseWnd.obj
 0001:000002b0       ??_GBaseWnd@@UEAAPEAXI@Z   00000001800012b0 f i BaseWnd.obj
 0001:000002b0       ??_EBaseWnd@@UEAAPEAXI@Z   00000001800012b0 f i BaseWnd.obj
 0001:00000370       ?CommonWindowProc@BaseWnd@@MEAA?AUMessageResult@@I_K_J@Z 0000000180001370 f   BaseWnd.obj
 0001:000003c0       ?Create@BaseWnd@@QEAAPEAUHWND__@@PEAU2@HHHHPEB_WKKPEAUHBRUSH__@@@Z 00000001800013c0 f   BaseWnd.obj
 0001:000005f0       ?ManipulationCompleted@ManipulationEventSink@@UEAAJMMMMMMM@Z 00000001800015f0 f i ManipulationEvents.obj
 0001:000005f0       _is_c_termination_complete 00000001800015f0 f i MSVCRT:ucrt_stubs.obj
 0001:000005f0       __scrt_stub_for_is_c_termination_complete 00000001800015f0 f i MSVCRT:ucrt_stubs.obj
 0001:000005f0       ?ManipulationStarted@ManipulationEventSink@@UEAAJMM@Z 00000001800015f0 f i ManipulationEvents.obj
 0001:000005f0       ?EnterFullScreenMode@BaseWnd@@UEAAHPEAVGlassView@@HH@Z 00000001800015f0 f i BaseWnd.obj
 0001:00000600       Java_com_sun_glass_ui_win_WinView__1end 0000000180001600 f i GlassView.obj
 0001:00000600       _guard_check_icall_nop     0000000180001600 f i MSVCRT:guard_support.obj
 0001:00000600       Java_com_sun_glass_ui_win_WinView__1begin 0000000180001600 f i GlassView.obj
 0001:00000600       ?ExitFullScreenMode@BaseWnd@@UEAAXH@Z 0000000180001600 f i BaseWnd.obj
 0001:00000610       ?FromHandle@BaseWnd@@SAPEAV1@PEAUHWND__@@@Z 0000000180001610 f   BaseWnd.obj
 0001:00000620       ?GetDefaultWindowBounds@BaseWnd@@SAHPEAUtagRECT@@@Z 0000000180001620 f   BaseWnd.obj
 0001:00000720       ?IsGlassWindow@BaseWnd@@UEAA_NXZ 0000000180001720 f i BaseWnd.obj
 0001:00000730       ?SetCursor@BaseWnd@@QEAAXPEAUHICON__@@@Z 0000000180001730 f   BaseWnd.obj
 0001:00000740       ?StaticWindowProc@BaseWnd@@CA_JPEAUHWND__@@I_K_J@Z 0000000180001740 f   BaseWnd.obj
 0001:00000810       __local_stdio_printf_options 0000000180001810 f i BaseWnd.obj
 0001:00000820       swprintf_s                 0000000180001820 f i BaseWnd.obj
 0001:00000880       wprintf_s                  0000000180001880 f i BaseWnd.obj
 0001:000008e0       ??0JString@@QEAA@PEAUJNIEnv_@@PEAV_jstring@@@Z 00000001800018e0 f i CommonDialogs.obj
 0001:00000970       ??1JString@@QEAA@XZ        0000000180001970 f i CommonDialogs.obj
 0001:00000990       Java_com_sun_glass_ui_win_WinCommonDialogs__1initIDs 0000000180001990 f   CommonDialogs.obj
 0001:00000a90       Java_com_sun_glass_ui_win_WinCommonDialogs__1showFileChooser 0000000180001a90 f   CommonDialogs.obj
 0001:00000cf0       Java_com_sun_glass_ui_win_WinCommonDialogs__1showFolderChooser 0000000180001cf0 f   CommonDialogs.obj
 0001:00000e70       ??0_bstr_t@@QEAA@PEB_W@Z   0000000180001e70 f i CommonDialogs_COM.obj
 0001:00000f00       ??1?$JLocalRef@PEAV_jthrowable@@@@QEAA@XZ 0000000180001f00 f i GlassClipboard.obj
 0001:00000f00       ??1?$JLocalRef@PEAV_jstring@@@@QEAA@XZ 0000000180001f00 f i CommonDialogs_COM.obj
 0001:00000f00       ??1?$JLocalRef@PEAV_jobjectArray@@@@QEAA@XZ 0000000180001f00 f i CommonDialogs_COM.obj
 0001:00000f00       ??1?$JLocalRef@PEAV_jbyteArray@@@@QEAA@XZ 0000000180001f00 f i GlassClipboard.obj
 0001:00000f00       ??1?$JLocalRef@PEAV_jobject@@@@QEAA@XZ 0000000180001f00 f i CommonDialogs_COM.obj
 0001:00000f00       ??1?$JLocalRef@PEAV_jclass@@@@QEAA@XZ 0000000180001f00 f i CommonDialogs_COM.obj
 0001:00000f30       ??1?$_com_ptr_t@V?$_com_IIID@UIEnumFORMATETC@@$1?_GUID_00000103_0000_0000_c000_000000000046@@3U__s_GUID@@B@@@@QEAA@XZ 0000000180001f30 f i GlassClipboard.obj
 0001:00000f30       ??1?$_com_ptr_t@V?$_com_IIID@UIStorage@@$1?_GUID_0000000b_0000_0000_c000_000000000046@@3U__s_GUID@@B@@@@QEAA@XZ 0000000180001f30 f i GlassClipboard.obj
 0001:00000f30       ??1?$_com_ptr_t@V?$_com_IIID@UIFileDialog@@$1?_GUID_42f85136_db7e_439c_85f1_e4075d135fc8@@3U__s_GUID@@B@@@@QEAA@XZ 0000000180001f30 f i CommonDialogs_COM.obj
 0001:00000f30       ??1?$_com_ptr_t@V?$_com_IIID@UIDragSourceHelper@@$1?IID_IDragSourceHelper@@3U_GUID@@B@@@@QEAA@XZ 0000000180001f30 f i GlassClipboard.obj
 0001:00000f30       ??1?$_com_ptr_t@V?$_com_IIID@UIFileOpenDialog@@$1?_GUID_d57c7288_d4ad_4768_be02_9d969532d960@@3U__s_GUID@@B@@@@QEAA@XZ 0000000180001f30 f i CommonDialogs_COM.obj
 0001:00000f30       ??1?$_com_ptr_t@V?$_com_IIID@UIDropTargetHelper@@$1?IID_IDropTargetHelper@@3U_GUID@@B@@@@QEAA@XZ 0000000180001f30 f i GlassDnD.obj
 0001:00000f30       ??1?$_com_ptr_t@V?$_com_IIID@UIViewObject2@@$1?_GUID_00000127_0000_0000_c000_000000000046@@3U__s_GUID@@B@@@@QEAA@XZ 0000000180001f30 f i GlassClipboard.obj
 0001:00000f30       ??1?$_com_ptr_t@V?$_com_IIID@UIOleObject@@$1?_GUID_00000112_0000_0000_c000_000000000046@@3U__s_GUID@@B@@@@QEAA@XZ 0000000180001f30 f i GlassClipboard.obj
 0001:00000f30       ??1?$_com_ptr_t@V?$_com_IIID@UIShellItemArray@@$1?_GUID_b63ea76d_1f85_456f_a19c_48159efa858b@@3U__s_GUID@@B@@@@QEAA@XZ 0000000180001f30 f i CommonDialogs_COM.obj
 0001:00000f30       ??1?$_com_ptr_t@V?$_com_IIID@UIShellItem@@$1?_GUID_43826d1e_e718_42ee_bc55_a1e261c37bfe@@3U__s_GUID@@B@@@@QEAA@XZ 0000000180001f30 f i CommonDialogs_COM.obj
 0001:00000f30       ??1?$_com_ptr_t@V?$_com_IIID@UIDataAdviseHolder@@$1?_GUID_00000110_0000_0000_c000_000000000046@@3U__s_GUID@@B@@@@QEAA@XZ 0000000180001f30 f i GlassClipboard.obj
 0001:00000f40       ??1OLEHolder@@QEAA@XZ      0000000180001f40 f i CommonDialogs_COM.obj
 0001:00000f50       ??1?$pair@V_bstr_t@@G@std@@QEAA@XZ 0000000180001f50 f i GlassClipboard.obj
 0001:00000f50       ??1_bstr_t@@QEAA@XZ        0000000180001f50 f i CommonDialogs_COM.obj
 0001:00000f60       ??Y_bstr_t@@QEAAAEAV0@AEBV0@@Z 0000000180001f60 f i CommonDialogs_COM.obj
 0001:000010d0       ?COMFileChooser_Show@@YAPEAV_jobject@@PEAUHWND__@@PEB_W11JEPEAV_jobjectArray@@J@Z 00000001800020d0 f   CommonDialogs_COM.obj
 0001:000014a0       ?COMFolderChooser_Show@@YAPEAV_jstring@@PEAUHWND__@@PEB_W1@Z 00000001800024a0 f   CommonDialogs_COM.obj
 0001:000016d0       ?CallObjectMethod@JNIEnv_@@QEAAPEAV_jobject@@PEAV2@PEAU_jmethodID@@ZZ 00000001800026d0 f i CommonDialogs_COM.obj
 0001:00001700       ?CallStaticObjectMethod@JNIEnv_@@QEAAPEAV_jobject@@PEAV_jclass@@PEAU_jmethodID@@ZZ 0000000180002700 f i CommonDialogs_COM.obj
 0001:00001730       ?ConcatJStrings@@YAPEAV_jstring@@PEAUJNIEnv_@@PEAV1@1@Z 0000000180002730 f i CommonDialogs_COM.obj
 0001:000017e0       ?CreateJString@@YAPEAV_jstring@@PEAUJNIEnv_@@PEB_W@Z 00000001800027e0 f i CommonDialogs_COM.obj
 0001:00001850       ?CreateJString@@YAPEAV_jstring@@PEAUJNIEnv_@@V?$_com_ptr_t@V?$_com_IIID@UIShellItem@@$1?_GUID_43826d1e_e718_42ee_bc55_a1e261c37bfe@@3U__s_GUID@@B@@@@@Z 0000000180002850 f   CommonDialogs_COM.obj
 0001:00001930       ?ErrorMessage@_com_error@@QEBAPEB_WXZ 0000000180002930 f i CommonDialogs_COM.obj
 0001:00001a60       ?GetExtensions@@YAPEA_WPEAUJNIEnv_@@PEAV_jobject@@@Z 0000000180002a60 f   CommonDialogs_COM.obj
 0001:00001da0       ?GetFiles@@YAPEAV_jobjectArray@@V?$_com_ptr_t@V?$_com_IIID@UIFileDialog@@$1?_GUID_42f85136_db7e_439c_85f1_e4075d135fc8@@3U__s_GUID@@B@@@@HJ@Z 0000000180002da0 f   CommonDialogs_COM.obj
 0001:000022a0       ?GetFolder@@YAPEAV_jstring@@V?$_com_ptr_t@V?$_com_IIID@UIFileDialog@@$1?_GUID_42f85136_db7e_439c_85f1_e4075d135fc8@@3U__s_GUID@@B@@@@H@Z 00000001800032a0 f   CommonDialogs_COM.obj
 0001:00002390       ?SetFilters@@YAXV?$_com_ptr_t@V?$_com_IIID@UIFileDialog@@$1?_GUID_42f85136_db7e_439c_85f1_e4075d135fc8@@3U__s_GUID@@B@@@@PEAV_jobjectArray@@J@Z 0000000180003390 f   CommonDialogs_COM.obj
 0001:00002640       ?_Free@_bstr_t@@AEAAXXZ    0000000180003640 f i CommonDialogs_COM.obj
 0001:000026c0       ?snTrace@@YAXPEB_WZZ       00000001800036c0 f i CommonDialogs_COM.obj
 0001:000026f0       ?snTraceEmp@@YAXPEB_WZZ    00000001800036f0 f i CommonDialogs_COM.obj
 0001:00002700       ?snvTrace@@YAXPEB_WPEAD@Z  0000000180003700 f i CommonDialogs_COM.obj
 0001:00002a00       ??1DNTString@@QEAA@XZ      0000000180003a00 f i CommonDialogs_Standard.obj
 0001:00002a30       ?ConvertFiles@@YAPEAV_jobjectArray@@AEAVDNTString@@@Z 0000000180003a30 f   CommonDialogs_Standard.obj
 0001:00002d70       ?ConvertFilter@@YAXPEAV_jobject@@AEAVDNTString@@@Z 0000000180003d70 f   CommonDialogs_Standard.obj
 0001:00003150       ?DialogHook@@YA_KPEAUHWND__@@I_K_J@Z 0000000180004150 f   CommonDialogs_Standard.obj
 0001:00003250       ?FolderChooserCallbackProc@@YAHPEAUHWND__@@I_J1@Z 0000000180004250 f   CommonDialogs_Standard.obj
 0001:00003280       ?StandardFileChooser_Show@@YAPEAV_jobject@@PEAUHWND__@@PEB_W11JEPEAV_jobjectArray@@J@Z 0000000180004280 f   CommonDialogs_Standard.obj
 0001:00003730       ?StandardFolderChooser_Show@@YAPEAV_jstring@@PEAUHWND__@@PEB_W1@Z 0000000180004730 f   CommonDialogs_Standard.obj
 0001:00003970       ?calculateSubstrings@DNTString@@AEAAXXZ 0000000180004970 f i CommonDialogs_Standard.obj
 0001:00003a30       ?setLimit@DNTString@@QEAAX_K_N@Z 0000000180004a30 f i CommonDialogs_Standard.obj
 0001:00003b00       ??0FullScreenWindow@@QEAA@XZ 0000000180004b00 f   FullScreenWindow.obj
 0001:00003b60       ??1?$vector@UtagTOUCHINPUT@@V?$allocator@UtagTOUCHINPUT@@@std@@@std@@QEAA@XZ 0000000180004b60 f i FullScreenWindow.obj
 0001:00003be0       ??1ViewContainer@@QEAA@XZ  0000000180004be0 f i FullScreenWindow.obj
 0001:00003c10       ??_EBackgroundWindow@@UEAAPEAXI@Z 0000000180004c10 f i FullScreenWindow.obj
 0001:00003c10       ??_GBackgroundWindow@@UEAAPEAXI@Z 0000000180004c10 f i FullScreenWindow.obj
 0001:00003c50       ??_EFullScreenWindow@@UEAAPEAXI@Z 0000000180004c50 f i FullScreenWindow.obj
 0001:00003c50       ??_GFullScreenWindow@@UEAAPEAXI@Z 0000000180004c50 f i FullScreenWindow.obj
 0001:00003cd0       ?AttachView@FullScreenWindow@@AEAAXPEAVGlassView@@H@Z 0000000180004cd0 f   FullScreenWindow.obj
 0001:00003eb0       ?CalculateBounds@FullScreenWindow@@SAXPEAUHWND__@@PEAUtagRECT@@1HAEBU3@@Z 0000000180004eb0 f   FullScreenWindow.obj
 0001:00003ff0       ?CallVoidMethod@JNIEnv_@@QEAAXPEAV_jobject@@PEAU_jmethodID@@ZZ 0000000180004ff0 f i FullScreenWindow.obj
 0001:00004020       ?ClientRectInScreen@FullScreenWindow@@SAXPEAUHWND__@@PEAUtagRECT@@@Z 0000000180005020 f   FullScreenWindow.obj
 0001:00004060       ?Close@FullScreenWindow@@QEAAXXZ 0000000180005060 f   FullScreenWindow.obj
 0001:000040c0       ?Create@FullScreenWindow@@QEAAPEAUHWND__@@XZ 00000001800050c0 f   FullScreenWindow.obj
 0001:000041d0       ?DetachView@FullScreenWindow@@AEAAXXZ 00000001800051d0 f   FullScreenWindow.obj
 0001:000042d0       ?EnterFullScreenMode@FullScreenWindow@@UEAAHPEAVGlassView@@HH@Z 00000001800052d0 f   FullScreenWindow.obj
 0001:00004410       ?ExitFullScreenMode@FullScreenWindow@@UEAAXH@Z 0000000180005410 f   FullScreenWindow.obj
 0001:000044d0       ?GetWindowClassNameSuffix@BackgroundWindow@@MEAAPEB_WXZ 00000001800054d0 f   FullScreenWindow.obj
 0001:000044e0       ?GetWindowClassNameSuffix@FullScreenWindow@@MEAAPEB_WXZ 00000001800054e0 f   FullScreenWindow.obj
 0001:000044f0       ?HandleViewTimerEvent@FullScreenWindow@@MEAAXPEAUHWND__@@_K@Z 00000001800054f0 f   FullScreenWindow.obj
 0001:00004700       ?WindowProc@BackgroundWindow@@MEAA_JI_K_J@Z 0000000180005700 f   FullScreenWindow.obj
 0001:00004720       ?WindowProc@FullScreenWindow@@MEAA_JI_K_J@Z 0000000180005720 f   FullScreenWindow.obj
 0001:00004c30       ?_Getal@?$_Vector_alloc@U?$_Vec_base_types@V?$_List_unchecked_const_iterator@V?$_List_val@U?$_List_simple_types@V_bstr_t@@@std@@@std@@U_Iterator_base0@2@@std@@V?$allocator@V?$_List_unchecked_const_iterator@V?$_List_val@U?$_List_simple_types@V_bstr_t@@@std@@@std@@U_Iterator_base0@2@@std@@@2@@std@@@std@@QEAAAEAV?$allocator@V?$_List_unchecked_const_iterator@V?$_List_val@U?$_List_simple_types@V_bstr_t@@@std@@@std@@U_Iterator_base0@2@@std@@@2@XZ 0000000180005c30 f i GlassClipboard.obj
 0001:00004c30       ?_Getal@?$_Vector_alloc@U?$_Vec_base_types@V?$_List_unchecked_iterator@V?$_List_val@U?$_List_simple_types@U?$pair@$$CBGV_bstr_t@@@std@@@std@@@std@@@std@@V?$allocator@V?$_List_unchecked_iterator@V?$_List_val@U?$_List_simple_types@U?$pair@$$CBGV_bstr_t@@@std@@@std@@@std@@@std@@@2@@std@@@std@@QEAAAEAV?$allocator@V?$_List_unchecked_iterator@V?$_List_val@U?$_List_simple_types@U?$pair@$$CBGV_bstr_t@@@std@@@std@@@std@@@std@@@2@XZ 0000000180005c30 f i GlassClipboard.obj
 0001:00004c30       ?_Getal@?$_Vector_alloc@U?$_Vec_base_types@UtagTOUCHINPUT@@V?$allocator@UtagTOUCHINPUT@@@std@@@std@@@std@@QEAAAEAV?$allocator@UtagTOUCHINPUT@@@2@XZ 0000000180005c30 f i FullScreenWindow.obj
 0001:00004c30       ?_Getal@?$_Vector_alloc@U?$_Vec_base_types@V?$_List_unchecked_iterator@V?$_List_val@U?$_List_simple_types@U?$pair@$$CBUtagFORMATETC@@V_bstr_t@@@std@@@std@@@std@@@std@@V?$allocator@V?$_List_unchecked_iterator@V?$_List_val@U?$_List_simple_types@U?$pair@$$CBUtagFORMATETC@@V_bstr_t@@@std@@@std@@@std@@@std@@@2@@std@@@std@@QEAAAEAV?$allocator@V?$_List_unchecked_iterator@V?$_List_val@U?$_List_simple_types@U?$pair@$$CBUtagFORMATETC@@V_bstr_t@@@std@@@std@@@std@@@std@@@2@XZ 0000000180005c30 f i GlassClipboard.obj
 0001:00004c30       ?_Getal@?$_Vector_alloc@U?$_Vec_base_types@V?$_List_unchecked_iterator@V?$_List_val@U?$_List_simple_types@U?$pair@$$CBUtagFORMATETC@@UtagSTGMEDIUM@@@std@@@std@@@std@@@std@@V?$allocator@V?$_List_unchecked_iterator@V?$_List_val@U?$_List_simple_types@U?$pair@$$CBUtagFORMATETC@@UtagSTGMEDIUM@@@std@@@std@@@std@@@std@@@2@@std@@@std@@QEAAAEAV?$allocator@V?$_List_unchecked_iterator@V?$_List_val@U?$_List_simple_types@U?$pair@$$CBUtagFORMATETC@@UtagSTGMEDIUM@@@std@@@std@@@std@@@std@@@2@XZ 0000000180005c30 f i GlassClipboard.obj
 0001:00004c30       ?_Getal@?$_Vector_alloc@U?$_Vec_base_types@V?$_List_unchecked_iterator@V?$_List_val@U?$_List_simple_types@U?$pair@$$CBV_bstr_t@@G@std@@@std@@@std@@@std@@V?$allocator@V?$_List_unchecked_iterator@V?$_List_val@U?$_List_simple_types@U?$pair@$$CBV_bstr_t@@G@std@@@std@@@std@@@std@@@2@@std@@@std@@QEAAAEAV?$allocator@V?$_List_unchecked_iterator@V?$_List_val@U?$_List_simple_types@U?$pair@$$CBV_bstr_t@@G@std@@@std@@@std@@@std@@@2@XZ 0000000180005c30 f i GlassClipboard.obj
 0001:00004c40       ?deallocate@?$allocator@UtagTOUCHINPUT@@@std@@QEAAXQEAUtagTOUCHINPUT@@_K@Z 0000000180005c40 f i FullScreenWindow.obj
 0001:00004c90       ??_GGlassAccessible@@EEAAPEAXI@Z 0000000180005c90 f i GlassAccessible.obj
 0001:00004c90       ??_EGlassAccessible@@EEAAPEAXI@Z 0000000180005c90 f i GlassAccessible.obj
 0001:00004dd0       ?AddRef@GlassAccessible@@UEAAKXZ 0000000180005dd0 f   GlassAccessible.obj
 0001:00004de0       ?AddRef@GlassAccessible@@W7EAAKXZ 0000000180005de0 f i GlassAccessible.obj
 0001:00004dec       ?AddRef@GlassAccessible@@WBA@EAAKXZ 0000000180005dec f i GlassAccessible.obj
 0001:00004df8       ?AddRef@GlassAccessible@@WBI@EAAKXZ 0000000180005df8 f i GlassAccessible.obj
 0001:00004e04       ?AddRef@GlassAccessible@@WCA@EAAKXZ 0000000180005e04 f i GlassAccessible.obj
 0001:00004e10       ?AddRef@GlassAccessible@@WCI@EAAKXZ 0000000180005e10 f i GlassAccessible.obj
 0001:00004e1c       ?AddRef@GlassAccessible@@WDA@EAAKXZ 0000000180005e1c f i GlassAccessible.obj
 0001:00004e28       ?AddRef@GlassAccessible@@WDI@EAAKXZ 0000000180005e28 f i GlassAccessible.obj
 0001:00004e34       ?AddRef@GlassAccessible@@WEA@EAAKXZ 0000000180005e34 f i GlassAccessible.obj
 0001:00004e40       ?AddRef@GlassAccessible@@WEI@EAAKXZ 0000000180005e40 f i GlassAccessible.obj
 0001:00004e4c       ?AddRef@GlassAccessible@@WFA@EAAKXZ 0000000180005e4c f i GlassAccessible.obj
 0001:00004e58       ?AddRef@GlassAccessible@@WFI@EAAKXZ 0000000180005e58 f i GlassAccessible.obj
 0001:00004e64       ?AddRef@GlassAccessible@@WGA@EAAKXZ 0000000180005e64 f i GlassAccessible.obj
 0001:00004e70       ?AddRef@GlassAccessible@@WGI@EAAKXZ 0000000180005e70 f i GlassAccessible.obj
 0001:00004e7c       ?AddRef@GlassAccessible@@WHA@EAAKXZ 0000000180005e7c f i GlassAccessible.obj
 0001:00004e88       ?AddRef@GlassAccessible@@WHI@EAAKXZ 0000000180005e88 f i GlassAccessible.obj
 0001:00004e94       ?AddRef@GlassAccessible@@WIA@EAAKXZ 0000000180005e94 f i GlassAccessible.obj
 0001:00004ea0       ?AddRef@GlassAccessible@@WII@EAAKXZ 0000000180005ea0 f i GlassAccessible.obj
 0001:00004eac       ?AddRef@GlassAccessible@@WJA@EAAKXZ 0000000180005eac f i GlassAccessible.obj
 0001:00004ec0       ?AddToSelection@GlassAccessible@@UEAAJXZ 0000000180005ec0 f   GlassAccessible.obj
 0001:00004f20       ?AdviseEventAdded@GlassAccessible@@UEAAJHPEAUtagSAFEARRAY@@@Z 0000000180005f20 f   GlassAccessible.obj
 0001:00004fa0       ?AdviseEventRemoved@GlassAccessible@@UEAAJHPEAUtagSAFEARRAY@@@Z 0000000180005fa0 f   GlassAccessible.obj
 0001:00005020       ?CallBooleanMethod@JNIEnv_@@QEAAEPEAV_jobject@@PEAU_jmethodID@@ZZ 0000000180006020 f i GlassAccessible.obj
 0001:00005050       ?CallDoubleMethod@JNIEnv_@@QEAANPEAV_jobject@@PEAU_jmethodID@@ZZ 0000000180006050 f i GlassAccessible.obj
 0001:00005080       ?CallIntMethod@JNIEnv_@@QEAAJPEAV_jobject@@PEAU_jmethodID@@ZZ 0000000180006080 f i GlassAccessible.obj
 0001:000050b0       ?CallLongMethod@JNIEnv_@@QEAA_JPEAV_jobject@@PEAU_jmethodID@@ZZ 00000001800060b0 f i GlassAccessible.obj
 0001:000050e0       ?Collapse@GlassAccessible@@UEAAJXZ 00000001800060e0 f   GlassAccessible.obj
 0001:00005140       ?ElementProviderFromPoint@GlassAccessible@@UEAAJNNPEAPEAUIRawElementProviderFragment@@@Z 0000000180006140 f   GlassAccessible.obj
 0001:000051b0       ?Expand@GlassAccessible@@UEAAJXZ 00000001800061b0 f   GlassAccessible.obj
 0001:00005210       ?GetColumnHeaderItems@GlassAccessible@@UEAAJPEAPEAUtagSAFEARRAY@@@Z 0000000180006210 f   GlassAccessible.obj
 0001:00005240       ?GetColumnHeaders@GlassAccessible@@UEAAJPEAPEAUtagSAFEARRAY@@@Z 0000000180006240 f   GlassAccessible.obj
 0001:00005270       ?GetEmbeddedFragmentRoots@GlassAccessible@@UEAAJPEAPEAUtagSAFEARRAY@@@Z 0000000180006270 f   GlassAccessible.obj
 0001:000052a0       ?GetFocus@GlassAccessible@@UEAAJPEAPEAUIRawElementProviderFragment@@@Z 00000001800062a0 f   GlassAccessible.obj
 0001:00005300       ?GetItem@GlassAccessible@@UEAAJHHPEAPEAUIRawElementProviderSimple@@@Z 0000000180006300 f   GlassAccessible.obj
 0001:00005350       ?GetPatternProvider@GlassAccessible@@UEAAJHPEAPEAUIUnknown@@@Z 0000000180006350 f   GlassAccessible.obj
 0001:000053a0       ?GetPropertyValue@GlassAccessible@@UEAAJHPEAUtagVARIANT@@@Z 00000001800063a0 f   GlassAccessible.obj
 0001:00005440       ?GetRowHeaderItems@GlassAccessible@@UEAAJPEAPEAUtagSAFEARRAY@@@Z 0000000180006440 f   GlassAccessible.obj
 0001:00005470       ?GetRowHeaders@GlassAccessible@@UEAAJPEAPEAUtagSAFEARRAY@@@Z 0000000180006470 f   GlassAccessible.obj
 0001:000054a0       ?GetRuntimeId@GlassAccessible@@UEAAJPEAPEAUtagSAFEARRAY@@@Z 00000001800064a0 f   GlassAccessible.obj
 0001:000054d0       ?GetSelection@GlassAccessible@@UEAAJPEAPEAUtagSAFEARRAY@@@Z 00000001800064d0 f   GlassAccessible.obj
 0001:000054f8       ?GetSelection@GlassAccessible@@WCA@EAAJPEAPEAUtagSAFEARRAY@@@Z 00000001800064f8 f i GlassAccessible.obj
 0001:00005510       ?GetVisibleRanges@GlassAccessible@@UEAAJPEAPEAUtagSAFEARRAY@@@Z 0000000180006510 f   GlassAccessible.obj
 0001:00005540       ?Invoke@GlassAccessible@@UEAAJXZ 0000000180006540 f   GlassAccessible.obj
 0001:000055a0       ?Move@GlassAccessible@@UEAAJNN@Z 00000001800065a0 f   GlassAccessible.obj
 0001:00005620       ?Navigate@GlassAccessible@@UEAAJW4NavigateDirection@@PEAPEAUIRawElementProviderFragment@@@Z 0000000180006620 f   GlassAccessible.obj
 0001:00005680       ?QueryInterface@GlassAccessible@@UEAAJAEBU_GUID@@PEAPEAX@Z 0000000180006680 f   GlassAccessible.obj
 0001:0000595c       ?QueryInterface@GlassAccessible@@W7EAAJAEBU_GUID@@PEAPEAX@Z 000000018000695c f i GlassAccessible.obj
 0001:00005968       ?QueryInterface@GlassAccessible@@WBA@EAAJAEBU_GUID@@PEAPEAX@Z 0000000180006968 f i GlassAccessible.obj
 0001:00005974       ?QueryInterface@GlassAccessible@@WBI@EAAJAEBU_GUID@@PEAPEAX@Z 0000000180006974 f i GlassAccessible.obj
 0001:00005980       ?QueryInterface@GlassAccessible@@WCA@EAAJAEBU_GUID@@PEAPEAX@Z 0000000180006980 f i GlassAccessible.obj
 0001:0000598c       ?QueryInterface@GlassAccessible@@WCI@EAAJAEBU_GUID@@PEAPEAX@Z 000000018000698c f i GlassAccessible.obj
 0001:00005998       ?QueryInterface@GlassAccessible@@WDA@EAAJAEBU_GUID@@PEAPEAX@Z 0000000180006998 f i GlassAccessible.obj
 0001:000059a4       ?QueryInterface@GlassAccessible@@WDI@EAAJAEBU_GUID@@PEAPEAX@Z 00000001800069a4 f i GlassAccessible.obj
 0001:000059b0       ?QueryInterface@GlassAccessible@@WEA@EAAJAEBU_GUID@@PEAPEAX@Z 00000001800069b0 f i GlassAccessible.obj
 0001:000059bc       ?QueryInterface@GlassAccessible@@WEI@EAAJAEBU_GUID@@PEAPEAX@Z 00000001800069bc f i GlassAccessible.obj
 0001:000059c8       ?QueryInterface@GlassAccessible@@WFA@EAAJAEBU_GUID@@PEAPEAX@Z 00000001800069c8 f i GlassAccessible.obj
 0001:000059d4       ?QueryInterface@GlassAccessible@@WFI@EAAJAEBU_GUID@@PEAPEAX@Z 00000001800069d4 f i GlassAccessible.obj
 0001:000059e0       ?QueryInterface@GlassAccessible@@WGA@EAAJAEBU_GUID@@PEAPEAX@Z 00000001800069e0 f i GlassAccessible.obj
 0001:000059ec       ?QueryInterface@GlassAccessible@@WGI@EAAJAEBU_GUID@@PEAPEAX@Z 00000001800069ec f i GlassAccessible.obj
 0001:000059f8       ?QueryInterface@GlassAccessible@@WHA@EAAJAEBU_GUID@@PEAPEAX@Z 00000001800069f8 f i GlassAccessible.obj
 0001:00005a04       ?QueryInterface@GlassAccessible@@WHI@EAAJAEBU_GUID@@PEAPEAX@Z 0000000180006a04 f i GlassAccessible.obj
 0001:00005a10       ?QueryInterface@GlassAccessible@@WIA@EAAJAEBU_GUID@@PEAPEAX@Z 0000000180006a10 f i GlassAccessible.obj
 0001:00005a1c       ?QueryInterface@GlassAccessible@@WII@EAAJAEBU_GUID@@PEAPEAX@Z 0000000180006a1c f i GlassAccessible.obj
 0001:00005a28       ?QueryInterface@GlassAccessible@@WJA@EAAJAEBU_GUID@@PEAPEAX@Z 0000000180006a28 f i GlassAccessible.obj
 0001:00005a40       ?RangeFromChild@GlassAccessible@@UEAAJPEAUIRawElementProviderSimple@@PEAPEAUITextRangeProvider@@@Z 0000000180006a40 f   GlassAccessible.obj
 0001:00005ad0       ?RangeFromPoint@GlassAccessible@@UEAAJUUiaPoint@@PEAPEAUITextRangeProvider@@@Z 0000000180006ad0 f   GlassAccessible.obj
 0001:00005b70       ?Release@GlassAccessible@@UEAAKXZ 0000000180006b70 f   GlassAccessible.obj
 0001:00005ba0       ?Release@GlassAccessible@@W7EAAKXZ 0000000180006ba0 f i GlassAccessible.obj
 0001:00005bac       ?Release@GlassAccessible@@WBA@EAAKXZ 0000000180006bac f i GlassAccessible.obj
 0001:00005bb8       ?Release@GlassAccessible@@WBI@EAAKXZ 0000000180006bb8 f i GlassAccessible.obj
 0001:00005bc4       ?Release@GlassAccessible@@WCA@EAAKXZ 0000000180006bc4 f i GlassAccessible.obj
 0001:00005bd0       ?Release@GlassAccessible@@WCI@EAAKXZ 0000000180006bd0 f i GlassAccessible.obj
 0001:00005bdc       ?Release@GlassAccessible@@WDA@EAAKXZ 0000000180006bdc f i GlassAccessible.obj
 0001:00005be8       ?Release@GlassAccessible@@WDI@EAAKXZ 0000000180006be8 f i GlassAccessible.obj
 0001:00005bf4       ?Release@GlassAccessible@@WEA@EAAKXZ 0000000180006bf4 f i GlassAccessible.obj
 0001:00005c00       ?Release@GlassAccessible@@WEI@EAAKXZ 0000000180006c00 f i GlassAccessible.obj
 0001:00005c0c       ?Release@GlassAccessible@@WFA@EAAKXZ 0000000180006c0c f i GlassAccessible.obj
 0001:00005c18       ?Release@GlassAccessible@@WFI@EAAKXZ 0000000180006c18 f i GlassAccessible.obj
 0001:00005c24       ?Release@GlassAccessible@@WGA@EAAKXZ 0000000180006c24 f i GlassAccessible.obj
 0001:00005c30       ?Release@GlassAccessible@@WGI@EAAKXZ 0000000180006c30 f i GlassAccessible.obj
 0001:00005c3c       ?Release@GlassAccessible@@WHA@EAAKXZ 0000000180006c3c f i GlassAccessible.obj
 0001:00005c48       ?Release@GlassAccessible@@WHI@EAAKXZ 0000000180006c48 f i GlassAccessible.obj
 0001:00005c54       ?Release@GlassAccessible@@WIA@EAAKXZ 0000000180006c54 f i GlassAccessible.obj
 0001:00005c60       ?Release@GlassAccessible@@WII@EAAKXZ 0000000180006c60 f i GlassAccessible.obj
 0001:00005c6c       ?Release@GlassAccessible@@WJA@EAAKXZ 0000000180006c6c f i GlassAccessible.obj
 0001:00005c80       ?RemoveFromSelection@GlassAccessible@@UEAAJXZ 0000000180006c80 f   GlassAccessible.obj
 0001:00005ce0       ?Resize@GlassAccessible@@UEAAJNN@Z 0000000180006ce0 f   GlassAccessible.obj
 0001:00005d60       ?Rotate@GlassAccessible@@UEAAJN@Z 0000000180006d60 f   GlassAccessible.obj
 0001:00005dd0       ?Scroll@GlassAccessible@@UEAAJW4ScrollAmount@@0@Z 0000000180006dd0 f   GlassAccessible.obj
 0001:00005e40       ?ScrollIntoView@GlassAccessible@@UEAAJXZ 0000000180006e40 f   GlassAccessible.obj
 0001:00005ea0       ?Select@GlassAccessible@@UEAAJXZ 0000000180006ea0 f   GlassAccessible.obj
 0001:00005f00       ?SetFocus@GlassAccessible@@UEAAJXZ 0000000180006f00 f   GlassAccessible.obj
 0001:00005f60       ?SetScrollPercent@GlassAccessible@@UEAAJNN@Z 0000000180006f60 f   GlassAccessible.obj
 0001:00005fe0       ?SetValue@GlassAccessible@@UEAAJN@Z 0000000180006fe0 f   GlassAccessible.obj
 0001:00006050       ?SetValue@GlassAccessible@@UEAAJPEB_W@Z 0000000180007050 f   GlassAccessible.obj
 0001:000060f0       ?Toggle@GlassAccessible@@UEAAJXZ 00000001800070f0 f   GlassAccessible.obj
 0001:00006150       ?callArrayMethod@GlassAccessible@@EEAAJPEAU_jmethodID@@GPEAPEAUtagSAFEARRAY@@@Z 0000000180007150 f   GlassAccessible.obj
 0001:000061e0       ?callLongMethod@GlassAccessible@@EEAAJPEAU_jmethodID@@PEAPEAV1@ZZ 00000001800071e0 f   GlassAccessible.obj
 0001:00006270       ?copyList@GlassAccessible@@SAJPEAUJNIEnv_@@PEAV_jarray@@PEAPEAUtagSAFEARRAY@@G@Z 0000000180007270 f   GlassAccessible.obj
 0001:00006380       ?copyString@GlassAccessible@@SAJPEAUJNIEnv_@@PEAV_jstring@@PEAPEA_W@Z 0000000180007380 f   GlassAccessible.obj
 0001:00006420       ?copyVariant@GlassAccessible@@SAJPEAUJNIEnv_@@PEAV_jobject@@PEAUtagVARIANT@@@Z 0000000180007420 f   GlassAccessible.obj
 0001:000066e0       ?get_BoundingRectangle@GlassAccessible@@UEAAJPEAUUiaRect@@@Z 00000001800076e0 f   GlassAccessible.obj
 0001:000067d0       ?get_CanMove@GlassAccessible@@UEAAJPEAH@Z 00000001800077d0 f   GlassAccessible.obj
 0001:00006840       ?get_CanResize@GlassAccessible@@UEAAJPEAH@Z 0000000180007840 f   GlassAccessible.obj
 0001:000068b0       ?get_CanRotate@GlassAccessible@@UEAAJPEAH@Z 00000001800078b0 f   GlassAccessible.obj
 0001:00006920       ?get_CanSelectMultiple@GlassAccessible@@UEAAJPEAH@Z 0000000180007920 f   GlassAccessible.obj
 0001:00006990       ?get_Column@GlassAccessible@@UEAAJPEAH@Z 0000000180007990 f   GlassAccessible.obj
 0001:00006a00       ?get_ColumnCount@GlassAccessible@@UEAAJPEAH@Z 0000000180007a00 f   GlassAccessible.obj
 0001:00006a70       ?get_ColumnSpan@GlassAccessible@@UEAAJPEAH@Z 0000000180007a70 f   GlassAccessible.obj
 0001:00006ae0       ?get_ContainingGrid@GlassAccessible@@UEAAJPEAPEAUIRawElementProviderSimple@@@Z 0000000180007ae0 f   GlassAccessible.obj
 0001:00006b30       ?get_DocumentRange@GlassAccessible@@UEAAJPEAPEAUITextRangeProvider@@@Z 0000000180007b30 f   GlassAccessible.obj
 0001:00006bd0       ?get_ExpandCollapseState@GlassAccessible@@UEAAJPEAW4ExpandCollapseState@@@Z 0000000180007bd0 f   GlassAccessible.obj
 0001:00006c40       ?get_FragmentRoot@GlassAccessible@@UEAAJPEAPEAUIRawElementProviderFragmentRoot@@@Z 0000000180007c40 f   GlassAccessible.obj
 0001:00006ca0       ?get_HorizontalScrollPercent@GlassAccessible@@UEAAJPEAN@Z 0000000180007ca0 f   GlassAccessible.obj
 0001:00006d10       ?get_HorizontalViewSize@GlassAccessible@@UEAAJPEAN@Z 0000000180007d10 f   GlassAccessible.obj
 0001:00006d80       ?get_HorizontallyScrollable@GlassAccessible@@UEAAJPEAH@Z 0000000180007d80 f   GlassAccessible.obj
 0001:00006df0       ?get_HostRawElementProvider@GlassAccessible@@UEAAJPEAPEAUIRawElementProviderSimple@@@Z 0000000180007df0 f   GlassAccessible.obj
 0001:00006e80       ?get_IsReadOnly@GlassAccessible@@UEAAJPEAH@Z 0000000180007e80 f   GlassAccessible.obj
 0001:00006ef0       ?get_IsReadOnly@GlassAccessible@@W7EAAJPEAH@Z 0000000180007ef0 f i GlassAccessible.obj
 0001:00006f00       ?get_IsSelected@GlassAccessible@@UEAAJPEAH@Z 0000000180007f00 f   GlassAccessible.obj
 0001:00006f70       ?get_IsSelectionRequired@GlassAccessible@@UEAAJPEAH@Z 0000000180007f70 f   GlassAccessible.obj
 0001:00006fe0       ?get_LargeChange@GlassAccessible@@UEAAJPEAN@Z 0000000180007fe0 f   GlassAccessible.obj
 0001:00007050       ?get_Maximum@GlassAccessible@@UEAAJPEAN@Z 0000000180008050 f   GlassAccessible.obj
 0001:000070c0       ?get_Minimum@GlassAccessible@@UEAAJPEAN@Z 00000001800080c0 f   GlassAccessible.obj
 0001:00007130       ?get_ProviderOptions@GlassAccessible@@UEAAJPEAW4ProviderOptions@@@Z 0000000180008130 f   GlassAccessible.obj
 0001:00007150       ?get_Row@GlassAccessible@@UEAAJPEAH@Z 0000000180008150 f   GlassAccessible.obj
 0001:000071c0       ?get_RowCount@GlassAccessible@@UEAAJPEAH@Z 00000001800081c0 f   GlassAccessible.obj
 0001:00007230       ?get_RowOrColumnMajor@GlassAccessible@@UEAAJPEAW4RowOrColumnMajor@@@Z 0000000180008230 f   GlassAccessible.obj
 0001:000072a0       ?get_RowSpan@GlassAccessible@@UEAAJPEAH@Z 00000001800082a0 f   GlassAccessible.obj
 0001:00007310       ?get_SelectionContainer@GlassAccessible@@UEAAJPEAPEAUIRawElementProviderSimple@@@Z 0000000180008310 f   GlassAccessible.obj
 0001:00007360       ?get_SmallChange@GlassAccessible@@UEAAJPEAN@Z 0000000180008360 f   GlassAccessible.obj
 0001:000073d0       ?get_SupportedTextSelection@GlassAccessible@@UEAAJPEAW4SupportedTextSelection@@@Z 00000001800083d0 f   GlassAccessible.obj
 0001:00007440       ?get_ToggleState@GlassAccessible@@UEAAJPEAW4ToggleState@@@Z 0000000180008440 f   GlassAccessible.obj
 0001:000074b0       ?get_Value@GlassAccessible@@UEAAJPEAN@Z 00000001800084b0 f   GlassAccessible.obj
 0001:00007520       ?get_Value@GlassAccessible@@UEAAJPEAPEA_W@Z 0000000180008520 f   GlassAccessible.obj
 0001:000075a0       ?get_VerticalScrollPercent@GlassAccessible@@UEAAJPEAN@Z 00000001800085a0 f   GlassAccessible.obj
 0001:00007610       ?get_VerticalViewSize@GlassAccessible@@UEAAJPEAN@Z 0000000180008610 f   GlassAccessible.obj
 0001:00007680       ?get_VerticallyScrollable@GlassAccessible@@UEAAJPEAH@Z 0000000180008680 f   GlassAccessible.obj
 0001:000076f0       Java_com_sun_glass_ui_win_WinAccessible_UiaClientsAreListening 00000001800086f0 f   GlassAccessible.obj
 0001:00007710       Java_com_sun_glass_ui_win_WinAccessible_UiaRaiseAutomationEvent 0000000180008710 f   GlassAccessible.obj
 0001:00007730       Java_com_sun_glass_ui_win_WinAccessible_UiaRaiseAutomationPropertyChangedEvent 0000000180008730 f   GlassAccessible.obj
 0001:000077f0       Java_com_sun_glass_ui_win_WinAccessible__1createGlassAccessible 00000001800087f0 f   GlassAccessible.obj
 0001:00007950       Java_com_sun_glass_ui_win_WinAccessible__1destroyGlassAccessible 0000000180008950 f   GlassAccessible.obj
 0001:00007950       Java_com_sun_glass_ui_win_WinTextRangeProvider__1destroyTextRangeProvider 0000000180008950 f   GlassTextRangeProvider.obj
 0001:00007960       Java_com_sun_glass_ui_win_WinAccessible__1initIDs 0000000180008960 f   GlassAccessible.obj
 0001:00008aa0       ??1?$JGlobalRef@PEAV_jobject@@@@QEAA@XZ 0000000180009aa0 f i GlassApplication.obj
 0001:00008ae0       ??_GGlassApplication@@UEAAPEAXI@Z 0000000180009ae0 f i GlassApplication.obj
 0001:00008ae0       ??_EGlassApplication@@UEAAPEAXI@Z 0000000180009ae0 f i GlassApplication.obj
 0001:00008bf0       ?Attach@?$JGlobalRef@PEAV_jarray@@@@QEAAXPEAUJNIEnv_@@PEAV_jarray@@@Z 0000000180009bf0 f i Pixels.obj
 0001:00008bf0       ?Attach@?$JGlobalRef@PEAV_jobject@@@@QEAAXPEAUJNIEnv_@@PEAV_jobject@@@Z 0000000180009bf0 f i GlassApplication.obj
 0001:00008c60       ?ClassForName@GlassApplication@@SAPEAV_jclass@@PEAUJNIEnv_@@PEAD@Z 0000000180009c60 f   GlassApplication.obj
 0001:00008dd0       ?DecrementAccessibility@GlassApplication@@SAKXZ 0000000180009dd0 f   GlassApplication.obj
 0001:00008e20       ?ExecAction@GlassApplication@@SAXPEAVAction@@@Z 0000000180009e20 f   GlassApplication.obj
 0001:00008e50       ?ExecActionLater@GlassApplication@@SAXPEAVAction@@@Z 0000000180009e50 f   GlassApplication.obj
 0001:00008e90       ?GetThemeName@GlassApplication@@SAPEAV_jstring@@PEAUJNIEnv_@@@Z 0000000180009e90 f   GlassApplication.obj
 0001:00008f00       ?GetWindowClassNameSuffix@GlassApplication@@MEAAPEB_WXZ 0000000180009f00 f   GlassApplication.obj
 0001:00008f10       ?IncrementAccessibility@GlassApplication@@SAKXZ 0000000180009f10 f   GlassApplication.obj
 0001:00008f20       ?InstallMouseLLHook@GlassApplication@@SAXXZ 0000000180009f20 f   GlassApplication.obj
 0001:00008f60       ?MouseLLHook@GlassApplication@@CA_JH_K_J@Z 0000000180009f60 f   GlassApplication.obj
 0001:00009010       ?RegisterClipboardViewer@GlassApplication@@QEAAXPEAV_jobject@@@Z 000000018000a010 f   GlassApplication.obj
 0001:000090c0       ?UninstallMouseLLHook@GlassApplication@@SAXXZ 000000018000a0c0 f   GlassApplication.obj
 0001:000090e0       ?UnregisterClipboardViewer@GlassApplication@@QEAAXXZ 000000018000a0e0 f   GlassApplication.obj
 0001:00009140       ?WindowProc@GlassApplication@@MEAA_JI_K_J@Z 000000018000a140 f   GlassApplication.obj
 0001:00009340       DllMain                    000000018000a340 f   GlassApplication.obj
 0001:00009360       Java_com_sun_glass_ui_win_WinApplication__1enterNestedEventLoopImpl 000000018000a360 f   GlassApplication.obj
 0001:00009430       Java_com_sun_glass_ui_win_WinApplication__1getHighContrastTheme 000000018000a430 f   GlassApplication.obj
 0001:00009440       Java_com_sun_glass_ui_win_WinApplication__1init 000000018000a440 f   GlassApplication.obj
 0001:00009540       Java_com_sun_glass_ui_win_WinApplication__1invokeAndWait 000000018000a540 f   GlassApplication.obj
 0001:00009610       Java_com_sun_glass_ui_win_WinApplication__1leaveNestedEventLoopImpl 000000018000a610 f   GlassApplication.obj
 0001:00009680       Java_com_sun_glass_ui_win_WinApplication__1runLoop 000000018000a680 f   GlassApplication.obj
 0001:00009780       Java_com_sun_glass_ui_win_WinApplication__1setClassLoader 000000018000a780 f   GlassApplication.obj
 0001:000097a0       Java_com_sun_glass_ui_win_WinApplication__1submitForLaterInvocation 000000018000a7a0 f   GlassApplication.obj
 0001:00009840       Java_com_sun_glass_ui_win_WinApplication__1supportsUnifiedWindows 000000018000a840 f   GlassApplication.obj
 0001:00009870       Java_com_sun_glass_ui_win_WinApplication__1terminateLoop 000000018000a870 f   GlassApplication.obj
 0001:000098b0       Java_com_sun_glass_ui_win_WinApplication_initIDs 000000018000a8b0 f   GlassApplication.obj
 0001:000099a0       Java_com_sun_glass_ui_win_WinApplication_staticScreen_1getScreens 000000018000a9a0 f   GlassApplication.obj
 0001:000099b0       fprintf                    000000018000a9b0 f i GlassApplication.obj
 0001:00009a00       ??$_Buynode@AEBV_bstr_t@@@?$_List_buy@V_bstr_t@@V?$allocator@V_bstr_t@@@std@@@std@@QEAAPEAU?$_List_node@V_bstr_t@@PEAX@1@PEAU21@0AEBV_bstr_t@@@Z 000000018000aa00 f i GlassClipboard.obj
 0001:00009a00       ??$_Buynode@V_bstr_t@@@?$_List_buy@V_bstr_t@@V?$allocator@V_bstr_t@@@std@@@std@@QEAAPEAU?$_List_node@V_bstr_t@@PEAX@1@PEAU21@0$$QEAV_bstr_t@@@Z 000000018000aa00 f i GlassClipboard.obj
 0001:00009a40       ??$_Buynode@U?$pair@GV_bstr_t@@@std@@@?$_List_buy@U?$pair@$$CBGV_bstr_t@@@std@@V?$allocator@U?$pair@$$CBGV_bstr_t@@@std@@@2@@std@@QEAAPEAU?$_List_node@U?$pair@$$CBGV_bstr_t@@@std@@PEAX@1@PEAU21@0$$QEAU?$pair@GV_bstr_t@@@1@@Z 000000018000aa40 f i GlassClipboard.obj
 0001:00009a80       ??$_Buynode@U?$pair@UtagFORMATETC@@UtagSTGMEDIUM@@@std@@@?$_List_buy@U?$pair@$$CBUtagFORMATETC@@UtagSTGMEDIUM@@@std@@V?$allocator@U?$pair@$$CBUtagFORMATETC@@UtagSTGMEDIUM@@@std@@@2@@std@@QEAAPEAU?$_List_node@U?$pair@$$CBUtagFORMATETC@@UtagSTGMEDIUM@@@std@@PEAX@1@PEAU21@0$$QEAU?$pair@UtagFORMATETC@@UtagSTGMEDIUM@@@1@@Z 000000018000aa80 f i GlassClipboard.obj
 0001:00009ad0       ??$_Buynode@U?$pair@UtagFORMATETC@@V_bstr_t@@@std@@@?$_List_buy@U?$pair@$$CBUtagFORMATETC@@V_bstr_t@@@std@@V?$allocator@U?$pair@$$CBUtagFORMATETC@@V_bstr_t@@@std@@@2@@std@@QEAAPEAU?$_List_node@U?$pair@$$CBUtagFORMATETC@@V_bstr_t@@@std@@PEAX@1@PEAU21@0$$QEAU?$pair@UtagFORMATETC@@V_bstr_t@@@1@@Z 000000018000aad0 f i GlassClipboard.obj
 0001:00009b20       ??$_Buynode@U?$pair@V_bstr_t@@G@std@@@?$_List_buy@U?$pair@$$CBV_bstr_t@@G@std@@V?$allocator@U?$pair@$$CBV_bstr_t@@G@std@@@2@@std@@QEAAPEAU?$_List_node@U?$pair@$$CBV_bstr_t@@G@std@@PEAX@1@PEAU21@0$$QEAU?$pair@V_bstr_t@@G@1@@Z 000000018000ab20 f i GlassClipboard.obj
 0001:00009b70       ??$_Fill_unchecked@PEAV?$_List_unchecked_iterator@V?$_List_val@U?$_List_simple_types@U?$pair@$$CBV_bstr_t@@G@std@@@std@@@std@@@std@@V12@@std@@YAXPEAV?$_List_unchecked_iterator@V?$_List_val@U?$_List_simple_types@U?$pair@$$CBV_bstr_t@@G@std@@@std@@@std@@@0@0AEBV10@@Z 000000018000ab70 f i GlassClipboard.obj
 0001:00009b70       ??$_Fill_unchecked@PEAV?$_List_unchecked_iterator@V?$_List_val@U?$_List_simple_types@U?$pair@$$CBGV_bstr_t@@@std@@@std@@@std@@@std@@V12@@std@@YAXPEAV?$_List_unchecked_iterator@V?$_List_val@U?$_List_simple_types@U?$pair@$$CBGV_bstr_t@@@std@@@std@@@std@@@0@0AEBV10@@Z 000000018000ab70 f i GlassClipboard.obj
 0001:00009b70       ??$_Fill_unchecked@PEAV?$_List_unchecked_const_iterator@V?$_List_val@U?$_List_simple_types@V_bstr_t@@@std@@@std@@U_Iterator_base0@2@@std@@V12@@std@@YAXPEAV?$_List_unchecked_const_iterator@V?$_List_val@U?$_List_simple_types@V_bstr_t@@@std@@@std@@U_Iterator_base0@2@@0@0AEBV10@@Z 000000018000ab70 f i GlassClipboard.obj
 0001:00009b70       ??$_Fill_unchecked@PEAV?$_List_unchecked_iterator@V?$_List_val@U?$_List_simple_types@U?$pair@$$CBUtagFORMATETC@@UtagSTGMEDIUM@@@std@@@std@@@std@@@std@@V12@@std@@YAXPEAV?$_List_unchecked_iterator@V?$_List_val@U?$_List_simple_types@U?$pair@$$CBUtagFORMATETC@@UtagSTGMEDIUM@@@std@@@std@@@std@@@0@0AEBV10@@Z 000000018000ab70 f i GlassClipboard.obj
 0001:00009b70       ??$_Fill_unchecked@PEAV?$_List_unchecked_iterator@V?$_List_val@U?$_List_simple_types@U?$pair@$$CBUtagFORMATETC@@V_bstr_t@@@std@@@std@@@std@@@std@@V12@@std@@YAXPEAV?$_List_unchecked_iterator@V?$_List_val@U?$_List_simple_types@U?$pair@$$CBUtagFORMATETC@@V_bstr_t@@@std@@@std@@@std@@@0@0AEBV10@@Z 000000018000ab70 f i GlassClipboard.obj
 0001:00009c10       ??$_Insert@AEAU?$pair@$$CBGV_bstr_t@@@std@@V?$_List_unchecked_iterator@V?$_List_val@U?$_List_simple_types@U?$pair@$$CBGV_bstr_t@@@std@@@std@@@std@@@2@@?$_Hash@V?$_Hmap_traits@GV_bstr_t@@V?$hash_compare@GU?$less@G@std@@@stdext@@V?$allocator@U?$pair@$$CBGV_bstr_t@@@std@@@std@@$0A@@stdext@@@std@@IEAA?AU?$pair@V?$_List_iterator@V?$_List_val@U?$_List_simple_types@U?$pair@$$CBGV_bstr_t@@@std@@@std@@@std@@@std@@_N@1@AEAU?$pair@$$CBGV_bstr_t@@@1@V?$_List_unchecked_iterator@V?$_List_val@U?$_List_simple_types@U?$pair@$$CBGV_bstr_t@@@std@@@std@@@std@@@1@@Z 000000018000ac10 f i GlassClipboard.obj
 0001:00009e50       ??$_Insert@AEAU?$pair@$$CBUtagFORMATETC@@UtagSTGMEDIUM@@@std@@V?$_List_unchecked_iterator@V?$_List_val@U?$_List_simple_types@U?$pair@$$CBUtagFORMATETC@@UtagSTGMEDIUM@@@std@@@std@@@std@@@2@@?$_Hash@V?$_Hmap_traits@UtagFORMATETC@@UtagSTGMEDIUM@@V?$hash_compare@UtagFORMATETC@@U?$less@UtagFORMATETC@@@std@@@stdext@@V?$allocator@U?$pair@$$CBUtagFORMATETC@@UtagSTGMEDIUM@@@std@@@std@@$0A@@stdext@@@std@@IEAA?AU?$pair@V?$_List_iterator@V?$_List_val@U?$_List_simple_types@U?$pair@$$CBUtagFORMATETC@@UtagSTGMEDIUM@@@std@@@std@@@std@@@std@@_N@1@AEAU?$pair@$$CBUtagFORMATETC@@UtagSTGMEDIUM@@@1@V?$_List_unchecked_iterator@V?$_List_val@U?$_List_simple_types@U?$pair@$$CBUtagFORMATETC@@UtagSTGMEDIUM@@@std@@@std@@@std@@@1@@Z 000000018000ae50 f i GlassClipboard.obj
 0001:0000a0b0       ??$_Insert@AEAU?$pair@$$CBUtagFORMATETC@@V_bstr_t@@@std@@V?$_List_unchecked_iterator@V?$_List_val@U?$_List_simple_types@U?$pair@$$CBUtagFORMATETC@@V_bstr_t@@@std@@@std@@@std@@@2@@?$_Hash@V?$_Hmap_traits@UtagFORMATETC@@V_bstr_t@@V?$hash_compare@UtagFORMATETC@@U?$less@UtagFORMATETC@@@std@@@stdext@@V?$allocator@U?$pair@$$CBUtagFORMATETC@@V_bstr_t@@@std@@@std@@$0A@@stdext@@@std@@IEAA?AU?$pair@V?$_List_iterator@V?$_List_val@U?$_List_simple_types@U?$pair@$$CBUtagFORMATETC@@V_bstr_t@@@std@@@std@@@std@@@std@@_N@1@AEAU?$pair@$$CBUtagFORMATETC@@V_bstr_t@@@1@V?$_List_unchecked_iterator@V?$_List_val@U?$_List_simple_types@U?$pair@$$CBUtagFORMATETC@@V_bstr_t@@@std@@@std@@@std@@@1@@Z 000000018000b0b0 f i GlassClipboard.obj
 0001:0000a310       ??$_Insert@AEAU?$pair@$$CBV_bstr_t@@G@std@@V?$_List_unchecked_iterator@V?$_List_val@U?$_List_simple_types@U?$pair@$$CBV_bstr_t@@G@std@@@std@@@std@@@2@@?$_Hash@V?$_Hmap_traits@V_bstr_t@@GV?$hash_compare@V_bstr_t@@U?$less@V_bstr_t@@@std@@@stdext@@V?$allocator@U?$pair@$$CBV_bstr_t@@G@std@@@std@@$0A@@stdext@@@std@@IEAA?AU?$pair@V?$_List_iterator@V?$_List_val@U?$_List_simple_types@U?$pair@$$CBV_bstr_t@@G@std@@@std@@@std@@@std@@_N@1@AEAU?$pair@$$CBV_bstr_t@@G@1@V?$_List_unchecked_iterator@V?$_List_val@U?$_List_simple_types@U?$pair@$$CBV_bstr_t@@G@std@@@std@@@std@@@1@@Z 000000018000b310 f i GlassClipboard.obj
 0001:0000a520       ??$_Insert@AEBV_bstr_t@@U_Not_a_node_tag@std@@@?$_Hash@V?$_Hset_traits@V_bstr_t@@V?$hash_compare@V_bstr_t@@U?$less@V_bstr_t@@@std@@@stdext@@V?$allocator@V_bstr_t@@@std@@$0A@@stdext@@@std@@IEAA?AU?$pair@V?$_List_const_iterator@V?$_List_val@U?$_List_simple_types@V_bstr_t@@@std@@@std@@@std@@_N@1@AEBV_bstr_t@@U_Not_a_node_tag@1@@Z 000000018000b520 f i GlassClipboard.obj
 0001:0000a520       ??$_Insert@V_bstr_t@@U_Not_a_node_tag@std@@@?$_Hash@V?$_Hset_traits@V_bstr_t@@V?$hash_compare@V_bstr_t@@U?$less@V_bstr_t@@@std@@@stdext@@V?$allocator@V_bstr_t@@@std@@$0A@@stdext@@@std@@IEAA?AU?$pair@V?$_List_const_iterator@V?$_List_val@U?$_List_simple_types@V_bstr_t@@@std@@@std@@@std@@_N@1@$$QEAV_bstr_t@@U_Not_a_node_tag@1@@Z 000000018000b520 f i GlassClipboard.obj
 0001:0000a6e0       ??$_Insert@AEBV_bstr_t@@V?$_List_unchecked_const_iterator@V?$_List_val@U?$_List_simple_types@V_bstr_t@@@std@@@std@@U_Iterator_base0@2@@std@@@?$_Hash@V?$_Hset_traits@V_bstr_t@@V?$hash_compare@V_bstr_t@@U?$less@V_bstr_t@@@std@@@stdext@@V?$allocator@V_bstr_t@@@std@@$0A@@stdext@@@std@@IEAA?AU?$pair@V?$_List_const_iterator@V?$_List_val@U?$_List_simple_types@V_bstr_t@@@std@@@std@@@std@@_N@1@AEBV_bstr_t@@V?$_List_unchecked_const_iterator@V?$_List_val@U?$_List_simple_types@V_bstr_t@@@std@@@std@@U_Iterator_base0@2@@1@@Z 000000018000b6e0 f i GlassClipboard.obj
 0001:0000a870       ??$erase@V?$_List_iterator@V?$_List_val@U?$_List_simple_types@U?$pair@$$CBGV_bstr_t@@@std@@@std@@@std@@@std@@X@?$_Hash@V?$_Hmap_traits@GV_bstr_t@@V?$hash_compare@GU?$less@G@std@@@stdext@@V?$allocator@U?$pair@$$CBGV_bstr_t@@@std@@@std@@$0A@@stdext@@@std@@QEAA?AV?$_List_iterator@V?$_List_val@U?$_List_simple_types@U?$pair@$$CBGV_bstr_t@@@std@@@std@@@std@@@1@V21@@Z 000000018000b870 f i GlassClipboard.obj
 0001:0000a970       ??$erase@V?$_List_iterator@V?$_List_val@U?$_List_simple_types@U?$pair@$$CBUtagFORMATETC@@UtagSTGMEDIUM@@@std@@@std@@@std@@@std@@X@?$_Hash@V?$_Hmap_traits@UtagFORMATETC@@UtagSTGMEDIUM@@V?$hash_compare@UtagFORMATETC@@U?$less@UtagFORMATETC@@@std@@@stdext@@V?$allocator@U?$pair@$$CBUtagFORMATETC@@UtagSTGMEDIUM@@@std@@@std@@$0A@@stdext@@@std@@QEAA?AV?$_List_iterator@V?$_List_val@U?$_List_simple_types@U?$pair@$$CBUtagFORMATETC@@UtagSTGMEDIUM@@@std@@@std@@@std@@@1@V21@@Z 000000018000b970 f i GlassClipboard.obj
 0001:0000aa30       ??$erase@V?$_List_iterator@V?$_List_val@U?$_List_simple_types@U?$pair@$$CBUtagFORMATETC@@V_bstr_t@@@std@@@std@@@std@@@std@@X@?$_Hash@V?$_Hmap_traits@UtagFORMATETC@@V_bstr_t@@V?$hash_compare@UtagFORMATETC@@U?$less@UtagFORMATETC@@@std@@@stdext@@V?$allocator@U?$pair@$$CBUtagFORMATETC@@V_bstr_t@@@std@@@std@@$0A@@stdext@@@std@@QEAA?AV?$_List_iterator@V?$_List_val@U?$_List_simple_types@U?$pair@$$CBUtagFORMATETC@@V_bstr_t@@@std@@@std@@@std@@@1@V21@@Z 000000018000ba30 f i GlassClipboard.obj
 0001:0000ab00       ??$erase@V?$_List_iterator@V?$_List_val@U?$_List_simple_types@U?$pair@$$CBV_bstr_t@@G@std@@@std@@@std@@@std@@X@?$_Hash@V?$_Hmap_traits@V_bstr_t@@GV?$hash_compare@V_bstr_t@@U?$less@V_bstr_t@@@std@@@stdext@@V?$allocator@U?$pair@$$CBV_bstr_t@@G@std@@@std@@$0A@@stdext@@@std@@QEAA?AV?$_List_iterator@V?$_List_val@U?$_List_simple_types@U?$pair@$$CBV_bstr_t@@G@std@@@std@@@std@@@1@V21@@Z 000000018000bb00 f i GlassClipboard.obj
 0001:0000abd0       ??0ClipboardData@@QEAA@PEAUJNIEnv_@@PEAV_jobject@@PEAV_jstring@@@Z 000000018000bbd0 f i GlassClipboard.obj
 0001:0000ad00       ??1?$IUnknownImpl@UIDataObject@@@@UEAA@XZ 000000018000bd00 f i GlassClipboard.obj
 0001:0000ad10       ??1?$MemHolder@_W@@QEAA@XZ 000000018000bd10 f i GlassClipboard.obj
 0001:0000ad20       ??1?$_Hash@V?$_Hmap_traits@UtagFORMATETC@@UtagSTGMEDIUM@@V?$hash_compare@UtagFORMATETC@@U?$less@UtagFORMATETC@@@std@@@stdext@@V?$allocator@U?$pair@$$CBUtagFORMATETC@@UtagSTGMEDIUM@@@std@@@std@@$0A@@stdext@@@std@@QEAA@XZ 000000018000bd20 f i GlassClipboard.obj
 0001:0000ad90       ??1?$_Hash@V?$_Hmap_traits@UtagFORMATETC@@V_bstr_t@@V?$hash_compare@UtagFORMATETC@@U?$less@UtagFORMATETC@@@std@@@stdext@@V?$allocator@U?$pair@$$CBUtagFORMATETC@@V_bstr_t@@@std@@@std@@$0A@@stdext@@@std@@QEAA@XZ 000000018000bd90 f i GlassClipboard.obj
 0001:0000ae00       ??1?$_Hash@V?$_Hset_traits@V_bstr_t@@V?$hash_compare@V_bstr_t@@U?$less@V_bstr_t@@@std@@@stdext@@V?$allocator@V_bstr_t@@@std@@$0A@@stdext@@@std@@QEAA@XZ 000000018000be00 f i GlassClipboard.obj
 0001:0000ae80       ??1?$hash_map@UtagFORMATETC@@V_bstr_t@@V?$hash_compare@UtagFORMATETC@@U?$less@UtagFORMATETC@@@std@@@stdext@@V?$allocator@U?$pair@$$CBUtagFORMATETC@@V_bstr_t@@@std@@@std@@@stdext@@QEAA@XZ 000000018000be80 f i GlassClipboard.obj
 0001:0000ae90       ??1?$hash_set@V_bstr_t@@V?$hash_compare@V_bstr_t@@U?$less@V_bstr_t@@@std@@@stdext@@V?$allocator@V_bstr_t@@@std@@@stdext@@QEAA@XZ 000000018000be90 f i GlassClipboard.obj
 0001:0000aea0       ??1?$list@U?$pair@$$CBGV_bstr_t@@@std@@V?$allocator@U?$pair@$$CBGV_bstr_t@@@std@@@2@@std@@QEAA@XZ 000000018000bea0 f i GlassClipboard.obj
 0001:0000af10       ??1?$list@U?$pair@$$CBUtagFORMATETC@@UtagSTGMEDIUM@@@std@@V?$allocator@U?$pair@$$CBUtagFORMATETC@@UtagSTGMEDIUM@@@std@@@2@@std@@QEAA@XZ 000000018000bf10 f i GlassClipboard.obj
 0001:0000af70       ??1?$list@U?$pair@$$CBUtagFORMATETC@@V_bstr_t@@@std@@V?$allocator@U?$pair@$$CBUtagFORMATETC@@V_bstr_t@@@std@@@2@@std@@QEAA@XZ 000000018000bf70 f i GlassClipboard.obj
 0001:0000afe0       ??1?$list@U?$pair@$$CBV_bstr_t@@G@std@@V?$allocator@U?$pair@$$CBV_bstr_t@@G@std@@@2@@std@@QEAA@XZ 000000018000bfe0 f i GlassClipboard.obj
 0001:0000b050       ??1?$list@V_bstr_t@@V?$allocator@V_bstr_t@@@std@@@std@@QEAA@XZ 000000018000c050 f i GlassClipboard.obj
 0001:0000b070       ??1?$pair@GV_bstr_t@@@std@@QEAA@XZ 000000018000c070 f i GlassClipboard.obj
 0001:0000b080       ??1?$pair@UtagFORMATETC@@V_bstr_t@@@std@@QEAA@XZ 000000018000c080 f i GlassClipboard.obj
 0001:0000b090       ??1?$vector@V?$_List_unchecked_iterator@V?$_List_val@U?$_List_simple_types@U?$pair@$$CBV_bstr_t@@G@std@@@std@@@std@@@std@@V?$allocator@V?$_List_unchecked_iterator@V?$_List_val@U?$_List_simple_types@U?$pair@$$CBV_bstr_t@@G@std@@@std@@@std@@@std@@@2@@std@@QEAA@XZ 000000018000c090 f i GlassClipboard.obj
 0001:0000b090       ??1?$vector@V?$_List_unchecked_iterator@V?$_List_val@U?$_List_simple_types@U?$pair@$$CBUtagFORMATETC@@V_bstr_t@@@std@@@std@@@std@@@std@@V?$allocator@V?$_List_unchecked_iterator@V?$_List_val@U?$_List_simple_types@U?$pair@$$CBUtagFORMATETC@@V_bstr_t@@@std@@@std@@@std@@@std@@@2@@std@@QEAA@XZ 000000018000c090 f i GlassClipboard.obj
 0001:0000b090       ??1?$vector@V?$_List_unchecked_iterator@V?$_List_val@U?$_List_simple_types@U?$pair@$$CBGV_bstr_t@@@std@@@std@@@std@@@std@@V?$allocator@V?$_List_unchecked_iterator@V?$_List_val@U?$_List_simple_types@U?$pair@$$CBGV_bstr_t@@@std@@@std@@@std@@@std@@@2@@std@@QEAA@XZ 000000018000c090 f i GlassClipboard.obj
 0001:0000b090       ??1?$vector@V?$_List_unchecked_iterator@V?$_List_val@U?$_List_simple_types@U?$pair@$$CBUtagFORMATETC@@UtagSTGMEDIUM@@@std@@@std@@@std@@@std@@V?$allocator@V?$_List_unchecked_iterator@V?$_List_val@U?$_List_simple_types@U?$pair@$$CBUtagFORMATETC@@UtagSTGMEDIUM@@@std@@@std@@@std@@@std@@@2@@std@@QEAA@XZ 000000018000c090 f i GlassClipboard.obj
 0001:0000b090       ??1?$vector@V?$_List_unchecked_const_iterator@V?$_List_val@U?$_List_simple_types@V_bstr_t@@@std@@@std@@U_Iterator_base0@2@@std@@V?$allocator@V?$_List_unchecked_const_iterator@V?$_List_val@U?$_List_simple_types@V_bstr_t@@@std@@@std@@U_Iterator_base0@2@@std@@@2@@std@@QEAA@XZ 000000018000c090 f i GlassClipboard.obj
 0001:0000b0f0       ??1Bitmap@@UEAA@XZ         000000018000c0f0 f i GlassClipboard.obj
 0001:0000b0f0       ??1BaseBitmap@@UEAA@XZ     000000018000c0f0 f i GlassClipboard.obj
 0001:0000b110       ??1BinaryChunk@@QEAA@XZ    000000018000c110 f i GlassClipboard.obj
 0001:0000b1e0       ??4_bstr_t@@QEAAAEAV0@AEBV0@@Z 000000018000c1e0 f i GlassClipboard.obj
 0001:0000b220       ??4_bstr_t@@QEAAAEAV0@PEB_W@Z 000000018000c220 f i GlassClipboard.obj
 0001:0000b2e0       ??A?$hash_map@UtagFORMATETC@@UtagSTGMEDIUM@@V?$hash_compare@UtagFORMATETC@@U?$less@UtagFORMATETC@@@std@@@stdext@@V?$allocator@U?$pair@$$CBUtagFORMATETC@@UtagSTGMEDIUM@@@std@@@std@@@stdext@@QEAAAEAUtagSTGMEDIUM@@AEBUtagFORMATETC@@@Z 000000018000c2e0 f i GlassClipboard.obj
 0001:0000b3e0       ??A?$hash_map@UtagFORMATETC@@V_bstr_t@@V?$hash_compare@UtagFORMATETC@@U?$less@UtagFORMATETC@@@std@@@stdext@@V?$allocator@U?$pair@$$CBUtagFORMATETC@@V_bstr_t@@@std@@@std@@@stdext@@QEAAAEAV_bstr_t@@AEBUtagFORMATETC@@@Z 000000018000c3e0 f i GlassClipboard.obj
 0001:0000b4e0       ??R?$hash_compare@UtagFORMATETC@@U?$less@UtagFORMATETC@@@std@@@stdext@@QEBA_KAEBUtagFORMATETC@@@Z 000000018000c4e0 f i GlassClipboard.obj
 0001:0000b560       ??R?$hash_compare@V_bstr_t@@U?$less@V_bstr_t@@@std@@@stdext@@QEBA_KAEBV_bstr_t@@@Z 000000018000c560 f i GlassClipboard.obj
 0001:0000b610       ??_G?$IUnknownImpl@UIDataObject@@@@UEAAPEAXI@Z 000000018000c610 f i GlassClipboard.obj
 0001:0000b610       ??_E?$IUnknownImpl@UIDataObject@@@@UEAAPEAXI@Z 000000018000c610 f i GlassClipboard.obj
 0001:0000b640       ??_G?$IUnknownImpl@UIEnumFORMATETC@@@@UEAAPEAXI@Z 000000018000c640 f i GlassClipboard.obj
 0001:0000b640       ??_E?$IUnknownImpl@UIEnumFORMATETC@@@@UEAAPEAXI@Z 000000018000c640 f i GlassClipboard.obj
 0001:0000b670       ??_EDIBitmap@@UEAAPEAXI@Z  000000018000c670 f i Pixels.obj
 0001:0000b670       ??_GDIBitmap@@UEAAPEAXI@Z  000000018000c670 f i Pixels.obj
 0001:0000b670       ??_EBitmap@@UEAAPEAXI@Z    000000018000c670 f i Pixels.obj
 0001:0000b670       ??_GBaseBitmap@@UEAAPEAXI@Z 000000018000c670 f i GlassClipboard.obj
 0001:0000b670       ??_EBaseBitmap@@UEAAPEAXI@Z 000000018000c670 f i GlassClipboard.obj
 0001:0000b670       ??_GBitmap@@UEAAPEAXI@Z    000000018000c670 f i Pixels.obj
 0001:0000b6c0       ??_GClipboardData@@UEAAPEAXI@Z 000000018000c6c0 f i GlassClipboard.obj
 0001:0000b6c0       ??_EClipboardData@@UEAAPEAXI@Z 000000018000c6c0 f i GlassClipboard.obj
 0001:0000b7b0       ??_EClipboardEnumFORMATETC@ClipboardData@@UEAAPEAXI@Z 000000018000c7b0 f i GlassClipboard.obj
 0001:0000b7b0       ??_GClipboardEnumFORMATETC@ClipboardData@@UEAAPEAXI@Z 000000018000c7b0 f i GlassClipboard.obj
 0001:0000b960       ?AddRef@?$IUnknownImpl@UIDropSource@@@@UEAAKXZ 000000018000c960 f i GlassDnD.obj
 0001:0000b960       ?AddRef@?$IUnknownImpl@U_IManipulationEvents@@@@UEAAKXZ 000000018000c960 f i ManipulationEvents.obj
 0001:0000b960       ?AddRef@?$IUnknownImpl@UIDataObject@@@@UEAAKXZ 000000018000c960 f i GlassClipboard.obj
 0001:0000b960       ?AddRef@GlassTextRangeProvider@@UEAAKXZ 000000018000c960 f i GlassTextRangeProvider.obj
 0001:0000b960       ?AddRef@?$IUnknownImpl@UIEnumFORMATETC@@@@UEAAKXZ 000000018000c960 f i GlassClipboard.obj
 0001:0000b960       ?AddRef@?$IUnknownImpl@UIDropTarget@@@@UEAAKXZ 000000018000c960 f i GlassDnD.obj
 0001:0000b970       ?Allocate@BinaryChunk@@QEAAJJ@Z 000000018000c970 f i GlassClipboard.obj
 0001:0000ba30       ?Clone@ClipboardEnumFORMATETC@ClipboardData@@UEAAJPEAPEAUIEnumFORMATETC@@@Z 000000018000ca30 f i GlassClipboard.obj
 0001:0000bab0       ?DAdvise@ClipboardData@@UEAAJPEAUtagFORMATETC@@KPEAUIAdviseSink@@PEAK@Z 000000018000cab0 f i GlassClipboard.obj
 0001:0000bb50       ?DUnadvise@ClipboardData@@UEAAJK@Z 000000018000cb50 f i GlassClipboard.obj
 0001:0000c3c0       ?EnumDAdvise@ClipboardData@@UEAAJPEAPEAUIEnumSTATDATA@@@Z 000000018000d3c0 f i GlassClipboard.obj
 0001:0000c3f0       ?EnumFormatEtc@ClipboardData@@UEAAJKPEAPEAUIEnumFORMATETC@@@Z 000000018000d3f0 f i GlassClipboard.obj
 0001:0000c490       ?GetCanonicalFormatEtc@ClipboardData@@UEAAJPEAUtagFORMATETC@@0@Z 000000018000d490 f i GlassClipboard.obj
 0001:0000c620       ?GetData@ClipboardData@@UEAAJPEAUtagFORMATETC@@PEAUtagSTGMEDIUM@@@Z 000000018000d620 f i GlassClipboard.obj
 0001:0000d0e0       ?GetDataHere@ClipboardData@@UEAAJPEAUtagFORMATETC@@PEAUtagSTGMEDIUM@@@Z 000000018000e0e0 f i GlassClipboard.obj
 0001:0000d180       ?Load@BinaryChunk@@QEAAJPEAUIDataObject@@G_J@Z 000000018000e180 f i GlassClipboard.obj
 0001:0000d270       ?Next@ClipboardEnumFORMATETC@ClipboardData@@UEAAJKPEAUtagFORMATETC@@PEAK@Z 000000018000e270 f i GlassClipboard.obj
 0001:0000d2d0       ?PopImage@@YAJPEAUJNIEnv_@@PEAUIDataObject@@PEAPEAV_jbyteArray@@@Z 000000018000e2d0 f   GlassClipboard.obj
 0001:0000d740       ?PushImage@@YAJPEAUJNIEnv_@@PEAV_jbyteArray@@PEAUtagSTGMEDIUM@@@Z 000000018000e740 f   GlassClipboard.obj
 0001:0000d900       ?QueryGetData@ClipboardData@@UEAAJPEAUtagFORMATETC@@@Z 000000018000e900 f i GlassClipboard.obj
 0001:0000da50       ?QueryInterface@?$IUnknownImpl@UIDataObject@@@@UEAAJAEBU_GUID@@PEAPEAX@Z 000000018000ea50 f i GlassClipboard.obj
 0001:0000dab0       ?QueryInterface@?$IUnknownImpl@UIEnumFORMATETC@@@@UEAAJAEBU_GUID@@PEAPEAX@Z 000000018000eab0 f i GlassClipboard.obj
 0001:0000db10       ?Release@?$IUnknownImpl@UIDataObject@@@@UEAAKXZ 000000018000eb10 f i GlassClipboard.obj
 0001:0000db40       ?Release@?$IUnknownImpl@UIEnumFORMATETC@@@@UEAAKXZ 000000018000eb40 f i GlassClipboard.obj
 0001:0000db40       ?Release@?$IUnknownImpl@UIDropTarget@@@@UEAAKXZ 000000018000eb40 f i GlassDnD.obj
 0001:0000db70       ?Reset@ClipboardEnumFORMATETC@ClipboardData@@UEAAJXZ 000000018000eb70 f i GlassClipboard.obj
 0001:0000db90       ?SetData@ClipboardData@@UEAAJPEAUtagFORMATETC@@PEAUtagSTGMEDIUM@@H@Z 000000018000eb90 f i GlassClipboard.obj
 0001:0000de30       ?Skip@ClipboardEnumFORMATETC@ClipboardData@@UEAAJK@Z 000000018000ee30 f i GlassClipboard.obj
 0001:0000de70       ?_Buynode0@?$_List_alloc@U?$_List_base_types@U?$pair@$$CBGV_bstr_t@@@std@@V?$allocator@U?$pair@$$CBGV_bstr_t@@@std@@@2@@std@@@std@@QEAAPEAU?$_List_node@U?$pair@$$CBGV_bstr_t@@@std@@PEAX@2@PEAU32@0@Z 000000018000ee70 f i GlassClipboard.obj
 0001:0000de70       ?_Buynode0@?$_List_alloc@U?$_List_base_types@U?$pair@$$CBV_bstr_t@@G@std@@V?$allocator@U?$pair@$$CBV_bstr_t@@G@std@@@2@@std@@@std@@QEAAPEAU?$_List_node@U?$pair@$$CBV_bstr_t@@G@std@@PEAX@2@PEAU32@0@Z 000000018000ee70 f i GlassClipboard.obj
 0001:0000dec0       ?_Buynode0@?$_List_alloc@U?$_List_base_types@U?$pair@$$CBUtagFORMATETC@@UtagSTGMEDIUM@@@std@@V?$allocator@U?$pair@$$CBUtagFORMATETC@@UtagSTGMEDIUM@@@std@@@2@@std@@@std@@QEAAPEAU?$_List_node@U?$pair@$$CBUtagFORMATETC@@UtagSTGMEDIUM@@@std@@PEAX@2@PEAU32@0@Z 000000018000eec0 f i GlassClipboard.obj
 0001:0000df10       ?_Buynode0@?$_List_alloc@U?$_List_base_types@U?$pair@$$CBUtagFORMATETC@@V_bstr_t@@@std@@V?$allocator@U?$pair@$$CBUtagFORMATETC@@V_bstr_t@@@std@@@2@@std@@@std@@QEAAPEAU?$_List_node@U?$pair@$$CBUtagFORMATETC@@V_bstr_t@@@std@@PEAX@2@PEAU32@0@Z 000000018000ef10 f i GlassClipboard.obj
 0001:0000df60       ?_Buynode0@?$_List_alloc@U?$_List_base_types@V_bstr_t@@V?$allocator@V_bstr_t@@@std@@@std@@@std@@QEAAPEAU?$_List_node@V_bstr_t@@PEAX@2@PEAU32@0@Z 000000018000ef60 f i GlassClipboard.obj
 0001:0000dfb0       ?_Check_size@?$_Hash@V?$_Hset_traits@V_bstr_t@@V?$hash_compare@V_bstr_t@@U?$less@V_bstr_t@@@std@@@stdext@@V?$allocator@V_bstr_t@@@std@@$0A@@stdext@@@std@@IEAAXXZ 000000018000efb0 f i GlassClipboard.obj
 0001:0000e070       ?_Compare@_bstr_t@@AEBAHAEBV1@@Z 000000018000f070 f i GlassClipboard.obj
 0001:0000e1a0       ?_Destroy_if_node@?$_Hash@V?$_Hmap_traits@GV_bstr_t@@V?$hash_compare@GU?$less@G@std@@@stdext@@V?$allocator@U?$pair@$$CBGV_bstr_t@@@std@@@std@@$0A@@stdext@@@std@@IEAAXV?$_List_unchecked_iterator@V?$_List_val@U?$_List_simple_types@U?$pair@$$CBGV_bstr_t@@@std@@@std@@@std@@@2@@Z 000000018000f1a0 f i GlassClipboard.obj
 0001:0000e1e0       ?_Destroy_if_node@?$_Hash@V?$_Hmap_traits@UtagFORMATETC@@UtagSTGMEDIUM@@V?$hash_compare@UtagFORMATETC@@U?$less@UtagFORMATETC@@@std@@@stdext@@V?$allocator@U?$pair@$$CBUtagFORMATETC@@UtagSTGMEDIUM@@@std@@@std@@$0A@@stdext@@@std@@IEAAXV?$_List_unchecked_iterator@V?$_List_val@U?$_List_simple_types@U?$pair@$$CBUtagFORMATETC@@UtagSTGMEDIUM@@@std@@@std@@@std@@@2@@Z 000000018000f1e0 f i GlassClipboard.obj
 0001:0000e210       ?_Destroy_if_node@?$_Hash@V?$_Hmap_traits@UtagFORMATETC@@V_bstr_t@@V?$hash_compare@UtagFORMATETC@@U?$less@UtagFORMATETC@@@std@@@stdext@@V?$allocator@U?$pair@$$CBUtagFORMATETC@@V_bstr_t@@@std@@@std@@$0A@@stdext@@@std@@IEAAXV?$_List_unchecked_iterator@V?$_List_val@U?$_List_simple_types@U?$pair@$$CBUtagFORMATETC@@V_bstr_t@@@std@@@std@@@std@@@2@@Z 000000018000f210 f i GlassClipboard.obj
 0001:0000e250       ?_Destroy_if_node@?$_Hash@V?$_Hmap_traits@V_bstr_t@@GV?$hash_compare@V_bstr_t@@U?$less@V_bstr_t@@@std@@@stdext@@V?$allocator@U?$pair@$$CBV_bstr_t@@G@std@@@std@@$0A@@stdext@@@std@@IEAAXV?$_List_unchecked_iterator@V?$_List_val@U?$_List_simple_types@U?$pair@$$CBV_bstr_t@@G@std@@@std@@@std@@@2@@Z 000000018000f250 f i GlassClipboard.obj
 0001:0000e290       ?_Destroy_if_node@?$_Hash@V?$_Hset_traits@V_bstr_t@@V?$hash_compare@V_bstr_t@@U?$less@V_bstr_t@@@std@@@stdext@@V?$allocator@V_bstr_t@@@std@@$0A@@stdext@@@std@@IEAAXV?$_List_unchecked_const_iterator@V?$_List_val@U?$_List_simple_types@V_bstr_t@@@std@@@std@@U_Iterator_base0@2@@2@@Z 000000018000f290 f i GlassClipboard.obj
 0001:0000e2d0       ?_Init@?$_Hash@V?$_Hset_traits@V_bstr_t@@V?$hash_compare@V_bstr_t@@U?$less@V_bstr_t@@@std@@@stdext@@V?$allocator@V_bstr_t@@@std@@$0A@@stdext@@@std@@IEAAX_K@Z 000000018000f2d0 f i GlassClipboard.obj
 0001:0000e2d0       ?_Init@?$_Hash@V?$_Hmap_traits@GV_bstr_t@@V?$hash_compare@GU?$less@G@std@@@stdext@@V?$allocator@U?$pair@$$CBGV_bstr_t@@@std@@@std@@$0A@@stdext@@@std@@IEAAX_K@Z 000000018000f2d0 f i GlassClipboard.obj
 0001:0000e2d0       ?_Init@?$_Hash@V?$_Hmap_traits@UtagFORMATETC@@V_bstr_t@@V?$hash_compare@UtagFORMATETC@@U?$less@UtagFORMATETC@@@std@@@stdext@@V?$allocator@U?$pair@$$CBUtagFORMATETC@@V_bstr_t@@@std@@@std@@$0A@@stdext@@@std@@IEAAX_K@Z 000000018000f2d0 f i GlassClipboard.obj
 0001:0000e2d0       ?_Init@?$_Hash@V?$_Hmap_traits@UtagFORMATETC@@UtagSTGMEDIUM@@V?$hash_compare@UtagFORMATETC@@U?$less@UtagFORMATETC@@@std@@@stdext@@V?$allocator@U?$pair@$$CBUtagFORMATETC@@UtagSTGMEDIUM@@@std@@@std@@$0A@@stdext@@@std@@IEAAX_K@Z 000000018000f2d0 f i GlassClipboard.obj
 0001:0000e2d0       ?_Init@?$_Hash@V?$_Hmap_traits@V_bstr_t@@GV?$hash_compare@V_bstr_t@@U?$less@V_bstr_t@@@std@@@stdext@@V?$allocator@U?$pair@$$CBV_bstr_t@@G@std@@@std@@$0A@@stdext@@@std@@IEAAX_K@Z 000000018000f2d0 f i GlassClipboard.obj
 0001:0000e450       ?_Make_iter@?$_Hash@V?$_Hmap_traits@GV_bstr_t@@V?$hash_compare@GU?$less@G@std@@@stdext@@V?$allocator@U?$pair@$$CBGV_bstr_t@@@std@@@std@@$0A@@stdext@@@std@@QEBA?AV?$_List_iterator@V?$_List_val@U?$_List_simple_types@U?$pair@$$CBGV_bstr_t@@@std@@@std@@@std@@@2@V?$_List_unchecked_const_iterator@V?$_List_val@U?$_List_simple_types@U?$pair@$$CBGV_bstr_t@@@std@@@std@@@std@@U_Iterator_base0@2@@2@@Z 000000018000f450 f i GlassClipboard.obj
 0001:0000e450       ?_Make_iter@?$_Hash@V?$_Hset_traits@V_bstr_t@@V?$hash_compare@V_bstr_t@@U?$less@V_bstr_t@@@std@@@stdext@@V?$allocator@V_bstr_t@@@std@@$0A@@stdext@@@std@@QEBA?AV?$_List_const_iterator@V?$_List_val@U?$_List_simple_types@V_bstr_t@@@std@@@std@@@2@V?$_List_unchecked_const_iterator@V?$_List_val@U?$_List_simple_types@V_bstr_t@@@std@@@std@@U_Iterator_base0@2@@2@@Z 000000018000f450 f i GlassClipboard.obj
 0001:0000e450       ?_Make_iter@?$_Hash@V?$_Hmap_traits@UtagFORMATETC@@UtagSTGMEDIUM@@V?$hash_compare@UtagFORMATETC@@U?$less@UtagFORMATETC@@@std@@@stdext@@V?$allocator@U?$pair@$$CBUtagFORMATETC@@UtagSTGMEDIUM@@@std@@@std@@$0A@@stdext@@@std@@QEBA?AV?$_List_iterator@V?$_List_val@U?$_List_simple_types@U?$pair@$$CBUtagFORMATETC@@UtagSTGMEDIUM@@@std@@@std@@@std@@@2@V?$_List_unchecked_const_iterator@V?$_List_val@U?$_List_simple_types@U?$pair@$$CBUtagFORMATETC@@UtagSTGMEDIUM@@@std@@@std@@@std@@U_Iterator_base0@2@@2@@Z 000000018000f450 f i GlassClipboard.obj
 0001:0000e450       ?_Make_iter@?$_Hash@V?$_Hmap_traits@V_bstr_t@@GV?$hash_compare@V_bstr_t@@U?$less@V_bstr_t@@@std@@@stdext@@V?$allocator@U?$pair@$$CBV_bstr_t@@G@std@@@std@@$0A@@stdext@@@std@@QEBA?AV?$_List_iterator@V?$_List_val@U?$_List_simple_types@U?$pair@$$CBV_bstr_t@@G@std@@@std@@@std@@@2@V?$_List_unchecked_const_iterator@V?$_List_val@U?$_List_simple_types@U?$pair@$$CBV_bstr_t@@G@std@@@std@@@std@@U_Iterator_base0@2@@2@@Z 000000018000f450 f i GlassClipboard.obj
 0001:0000e450       ?_Make_iter@?$_Hash@V?$_Hmap_traits@UtagFORMATETC@@V_bstr_t@@V?$hash_compare@UtagFORMATETC@@U?$less@UtagFORMATETC@@@std@@@stdext@@V?$allocator@U?$pair@$$CBUtagFORMATETC@@V_bstr_t@@@std@@@std@@$0A@@stdext@@@std@@QEBA?AV?$_List_iterator@V?$_List_val@U?$_List_simple_types@U?$pair@$$CBUtagFORMATETC@@V_bstr_t@@@std@@@std@@@std@@@2@V?$_List_unchecked_const_iterator@V?$_List_val@U?$_List_simple_types@U?$pair@$$CBUtagFORMATETC@@V_bstr_t@@@std@@@std@@@std@@U_Iterator_base0@2@@2@@Z 000000018000f450 f i GlassClipboard.obj
 0001:0000e460       ?_Reallocate_exactly@?$vector@V?$_List_unchecked_iterator@V?$_List_val@U?$_List_simple_types@U?$pair@$$CBUtagFORMATETC@@UtagSTGMEDIUM@@@std@@@std@@@std@@@std@@V?$allocator@V?$_List_unchecked_iterator@V?$_List_val@U?$_List_simple_types@U?$pair@$$CBUtagFORMATETC@@UtagSTGMEDIUM@@@std@@@std@@@std@@@std@@@2@@std@@AEAAX_K@Z 000000018000f460 f i GlassClipboard.obj
 0001:0000e460       ?_Reallocate_exactly@?$vector@V?$_List_unchecked_iterator@V?$_List_val@U?$_List_simple_types@U?$pair@$$CBUtagFORMATETC@@V_bstr_t@@@std@@@std@@@std@@@std@@V?$allocator@V?$_List_unchecked_iterator@V?$_List_val@U?$_List_simple_types@U?$pair@$$CBUtagFORMATETC@@V_bstr_t@@@std@@@std@@@std@@@std@@@2@@std@@AEAAX_K@Z 000000018000f460 f i GlassClipboard.obj
 0001:0000e460       ?_Reallocate_exactly@?$vector@V?$_List_unchecked_iterator@V?$_List_val@U?$_List_simple_types@U?$pair@$$CBGV_bstr_t@@@std@@@std@@@std@@@std@@V?$allocator@V?$_List_unchecked_iterator@V?$_List_val@U?$_List_simple_types@U?$pair@$$CBGV_bstr_t@@@std@@@std@@@std@@@std@@@2@@std@@AEAAX_K@Z 000000018000f460 f i GlassClipboard.obj
 0001:0000e460       ?_Reallocate_exactly@?$vector@V?$_List_unchecked_iterator@V?$_List_val@U?$_List_simple_types@U?$pair@$$CBV_bstr_t@@G@std@@@std@@@std@@@std@@V?$allocator@V?$_List_unchecked_iterator@V?$_List_val@U?$_List_simple_types@U?$pair@$$CBV_bstr_t@@G@std@@@std@@@std@@@std@@@2@@std@@AEAAX_K@Z 000000018000f460 f i GlassClipboard.obj
 0001:0000e460       ?_Reallocate_exactly@?$vector@V?$_List_unchecked_const_iterator@V?$_List_val@U?$_List_simple_types@V_bstr_t@@@std@@@std@@U_Iterator_base0@2@@std@@V?$allocator@V?$_List_unchecked_const_iterator@V?$_List_val@U?$_List_simple_types@V_bstr_t@@@std@@@std@@U_Iterator_base0@2@@std@@@2@@std@@AEAAX_K@Z 000000018000f460 f i GlassClipboard.obj
 0001:00010080       ?_Xlength@?$vector@UtagTOUCHINPUT@@V?$allocator@UtagTOUCHINPUT@@@std@@@std@@CAXXZ 0000000180011080 f i ViewContainer.obj
 0001:00010080       ?_Xlength@?$vector@V?$_List_unchecked_iterator@V?$_List_val@U?$_List_simple_types@U?$pair@$$CBGV_bstr_t@@@std@@@std@@@std@@@std@@V?$allocator@V?$_List_unchecked_iterator@V?$_List_val@U?$_List_simple_types@U?$pair@$$CBGV_bstr_t@@@std@@@std@@@std@@@std@@@2@@std@@CAXXZ 0000000180011080 f i GlassClipboard.obj
 0001:00010080       ?_Xlength@?$vector@V?$_List_unchecked_const_iterator@V?$_List_val@U?$_List_simple_types@V_bstr_t@@@std@@@std@@U_Iterator_base0@2@@std@@V?$allocator@V?$_List_unchecked_const_iterator@V?$_List_val@U?$_List_simple_types@V_bstr_t@@@std@@@std@@U_Iterator_base0@2@@std@@@2@@std@@CAXXZ 0000000180011080 f i GlassClipboard.obj
 0001:00010080       ?_Xlength@?$vector@V?$_List_unchecked_iterator@V?$_List_val@U?$_List_simple_types@U?$pair@$$CBV_bstr_t@@G@std@@@std@@@std@@@std@@V?$allocator@V?$_List_unchecked_iterator@V?$_List_val@U?$_List_simple_types@U?$pair@$$CBV_bstr_t@@G@std@@@std@@@std@@@std@@@2@@std@@CAXXZ 0000000180011080 f i GlassClipboard.obj
 0001:00010080       ?_Xlength@?$vector@V?$_List_unchecked_iterator@V?$_List_val@U?$_List_simple_types@U?$pair@$$CBUtagFORMATETC@@V_bstr_t@@@std@@@std@@@std@@@std@@V?$allocator@V?$_List_unchecked_iterator@V?$_List_val@U?$_List_simple_types@U?$pair@$$CBUtagFORMATETC@@V_bstr_t@@@std@@@std@@@std@@@std@@@2@@std@@CAXXZ 0000000180011080 f i GlassClipboard.obj
 0001:00010080       ?_Xlength@?$vector@V?$_List_unchecked_iterator@V?$_List_val@U?$_List_simple_types@U?$pair@$$CBUtagFORMATETC@@UtagSTGMEDIUM@@@std@@@std@@@std@@@std@@V?$allocator@V?$_List_unchecked_iterator@V?$_List_val@U?$_List_simple_types@U?$pair@$$CBUtagFORMATETC@@UtagSTGMEDIUM@@@std@@@std@@@std@@@std@@@2@@std@@CAXXZ 0000000180011080 f i GlassClipboard.obj
 0001:000100a0       ?addPair@@YAXPEB_WAEBG@Z   00000001800110a0 f   GlassClipboard.obj
 0001:00010430       ?allocate@?$allocator@V?$_List_unchecked_iterator@V?$_List_val@U?$_List_simple_types@U?$pair@$$CBGV_bstr_t@@@std@@@std@@@std@@@std@@@std@@QEAAPEAV?$_List_unchecked_iterator@V?$_List_val@U?$_List_simple_types@U?$pair@$$CBGV_bstr_t@@@std@@@std@@@std@@@2@_K@Z 0000000180011430 f i GlassClipboard.obj
 0001:00010430       ?allocate@?$allocator@V?$_List_unchecked_iterator@V?$_List_val@U?$_List_simple_types@U?$pair@$$CBV_bstr_t@@G@std@@@std@@@std@@@std@@@std@@QEAAPEAV?$_List_unchecked_iterator@V?$_List_val@U?$_List_simple_types@U?$pair@$$CBV_bstr_t@@G@std@@@std@@@std@@@2@_K@Z 0000000180011430 f i GlassClipboard.obj
 0001:00010430       ?allocate@?$allocator@V?$_List_unchecked_iterator@V?$_List_val@U?$_List_simple_types@U?$pair@$$CBUtagFORMATETC@@UtagSTGMEDIUM@@@std@@@std@@@std@@@std@@@std@@QEAAPEAV?$_List_unchecked_iterator@V?$_List_val@U?$_List_simple_types@U?$pair@$$CBUtagFORMATETC@@UtagSTGMEDIUM@@@std@@@std@@@std@@@2@_K@Z 0000000180011430 f i GlassClipboard.obj
 0001:00010430       ?allocate@?$allocator@V?$_List_unchecked_const_iterator@V?$_List_val@U?$_List_simple_types@V_bstr_t@@@std@@@std@@U_Iterator_base0@2@@std@@@std@@QEAAPEAV?$_List_unchecked_const_iterator@V?$_List_val@U?$_List_simple_types@V_bstr_t@@@std@@@std@@U_Iterator_base0@2@@2@_K@Z 0000000180011430 f i GlassClipboard.obj
 0001:00010430       ?allocate@?$allocator@V?$_List_unchecked_iterator@V?$_List_val@U?$_List_simple_types@U?$pair@$$CBUtagFORMATETC@@V_bstr_t@@@std@@@std@@@std@@@std@@@std@@QEAAPEAV?$_List_unchecked_iterator@V?$_List_val@U?$_List_simple_types@U?$pair@$$CBUtagFORMATETC@@V_bstr_t@@@std@@@std@@@std@@@2@_K@Z 0000000180011430 f i GlassClipboard.obj
 0001:000104b0       ?checkJavaException@@YAJPEAUJNIEnv_@@@Z 00000001800114b0 f i GlassClipboard.obj
 0001:000106d0       ?clear@?$list@V_bstr_t@@V?$allocator@V_bstr_t@@@std@@@std@@QEAAXXZ 00000001800116d0 f i GlassClipboard.obj
 0001:00010740       ?create_mime_stuff@@YAHXZ  0000000180011740 f   GlassClipboard.obj
 0001:00010b70       ?deallocate@?$allocator@U?$_List_node@U?$pair@$$CBV_bstr_t@@G@std@@PEAX@std@@@std@@QEAAXQEAU?$_List_node@U?$pair@$$CBV_bstr_t@@G@std@@PEAX@2@_K@Z 0000000180011b70 f i GlassClipboard.obj
 0001:00010b70       ?deallocate@?$allocator@U?$_List_node@U?$pair@$$CBGV_bstr_t@@@std@@PEAX@std@@@std@@QEAAXQEAU?$_List_node@U?$pair@$$CBGV_bstr_t@@@std@@PEAX@2@_K@Z 0000000180011b70 f i GlassClipboard.obj
 0001:00010bc0       ?deallocate@?$allocator@U?$_List_node@U?$pair@$$CBUtagFORMATETC@@UtagSTGMEDIUM@@@std@@PEAX@std@@@std@@QEAAXQEAU?$_List_node@U?$pair@$$CBUtagFORMATETC@@UtagSTGMEDIUM@@@std@@PEAX@2@_K@Z 0000000180011bc0 f i GlassClipboard.obj
 0001:00010c10       ?deallocate@?$allocator@U?$_List_node@U?$pair@$$CBUtagFORMATETC@@V_bstr_t@@@std@@PEAX@std@@@std@@QEAAXQEAU?$_List_node@U?$pair@$$CBUtagFORMATETC@@V_bstr_t@@@std@@PEAX@2@_K@Z 0000000180011c10 f i GlassClipboard.obj
 0001:00010c50       ?deallocate@?$allocator@U?$_List_node@V_bstr_t@@PEAX@std@@@std@@QEAAXQEAU?$_List_node@V_bstr_t@@PEAX@2@_K@Z 0000000180011c50 f i GlassClipboard.obj
 0001:00010ca0       ?deallocate@?$allocator@V?$_List_unchecked_iterator@V?$_List_val@U?$_List_simple_types@U?$pair@$$CBUtagFORMATETC@@UtagSTGMEDIUM@@@std@@@std@@@std@@@std@@@std@@QEAAXQEAV?$_List_unchecked_iterator@V?$_List_val@U?$_List_simple_types@U?$pair@$$CBUtagFORMATETC@@UtagSTGMEDIUM@@@std@@@std@@@std@@@2@_K@Z 0000000180011ca0 f i GlassClipboard.obj
 0001:00010ca0       ?deallocate@?$allocator@V?$_List_unchecked_iterator@V?$_List_val@U?$_List_simple_types@U?$pair@$$CBUtagFORMATETC@@V_bstr_t@@@std@@@std@@@std@@@std@@@std@@QEAAXQEAV?$_List_unchecked_iterator@V?$_List_val@U?$_List_simple_types@U?$pair@$$CBUtagFORMATETC@@V_bstr_t@@@std@@@std@@@std@@@2@_K@Z 0000000180011ca0 f i GlassClipboard.obj
 0001:00010ca0       ?deallocate@?$allocator@V?$_List_unchecked_const_iterator@V?$_List_val@U?$_List_simple_types@V_bstr_t@@@std@@@std@@U_Iterator_base0@2@@std@@@std@@QEAAXQEAV?$_List_unchecked_const_iterator@V?$_List_val@U?$_List_simple_types@V_bstr_t@@@std@@@std@@U_Iterator_base0@2@@2@_K@Z 0000000180011ca0 f i GlassClipboard.obj
 0001:00010ca0       ?deallocate@?$allocator@V?$_List_unchecked_iterator@V?$_List_val@U?$_List_simple_types@U?$pair@$$CBGV_bstr_t@@@std@@@std@@@std@@@std@@@std@@QEAAXQEAV?$_List_unchecked_iterator@V?$_List_val@U?$_List_simple_types@U?$pair@$$CBGV_bstr_t@@@std@@@std@@@std@@@2@_K@Z 0000000180011ca0 f i GlassClipboard.obj
 0001:00010ca0       ?deallocate@?$allocator@V?$_List_unchecked_iterator@V?$_List_val@U?$_List_simple_types@U?$pair@$$CBV_bstr_t@@G@std@@@std@@@std@@@std@@@std@@QEAAXQEAV?$_List_unchecked_iterator@V?$_List_val@U?$_List_simple_types@U?$pair@$$CBV_bstr_t@@G@std@@@std@@@std@@@2@_K@Z 0000000180011ca0 f i GlassClipboard.obj
 0001:00010cf0       ?erase@?$_Hash@V?$_Hset_traits@V_bstr_t@@V?$hash_compare@V_bstr_t@@U?$less@V_bstr_t@@@std@@@stdext@@V?$allocator@V_bstr_t@@@std@@$0A@@stdext@@@std@@QEAA?AV?$_List_const_iterator@V?$_List_val@U?$_List_simple_types@V_bstr_t@@@std@@@std@@@2@V32@@Z 0000000180011cf0 f i GlassClipboard.obj
 0001:00010dc0       ?erase@?$_Hash@V?$_Hset_traits@V_bstr_t@@V?$hash_compare@V_bstr_t@@U?$less@V_bstr_t@@@std@@@stdext@@V?$allocator@V_bstr_t@@@std@@$0A@@stdext@@@std@@QEAA_KAEBV_bstr_t@@@Z 0000000180011dc0 f i GlassClipboard.obj
 0001:00010fa0       ?getACTION@@YAJK@Z         0000000180011fa0 f   GlassClipboard.obj
 0001:00010fd0       ?getClipboardFormat@@YAGPEB_W@Z 0000000180011fd0 f   GlassClipboard.obj
 0001:00011170       ?getDROPEFFECT@@YAKJ@Z     0000000180012170 f   GlassClipboard.obj
 0001:000111a0       ?getMime@@YA?AV_bstr_t@@G@Z 00000001800121a0 f   GlassClipboard.obj
 0001:000115b0       ?getString@BinaryChunk@@QEAA?AV_bstr_t@@XZ 00000001800125b0 f i GlassClipboard.obj
 0001:000117c0       ?lower_bound@?$_Hash@V?$_Hmap_traits@UtagFORMATETC@@UtagSTGMEDIUM@@V?$hash_compare@UtagFORMATETC@@U?$less@UtagFORMATETC@@@std@@@stdext@@V?$allocator@U?$pair@$$CBUtagFORMATETC@@UtagSTGMEDIUM@@@std@@@std@@$0A@@stdext@@@std@@QEAA?AV?$_List_iterator@V?$_List_val@U?$_List_simple_types@U?$pair@$$CBUtagFORMATETC@@UtagSTGMEDIUM@@@std@@@std@@@std@@@2@AEBUtagFORMATETC@@@Z 00000001800127c0 f i GlassClipboard.obj
 0001:000117c0       ?lower_bound@?$_Hash@V?$_Hmap_traits@UtagFORMATETC@@V_bstr_t@@V?$hash_compare@UtagFORMATETC@@U?$less@UtagFORMATETC@@@std@@@stdext@@V?$allocator@U?$pair@$$CBUtagFORMATETC@@V_bstr_t@@@std@@@std@@$0A@@stdext@@@std@@QEAA?AV?$_List_iterator@V?$_List_val@U?$_List_simple_types@U?$pair@$$CBUtagFORMATETC@@V_bstr_t@@@std@@@std@@@std@@@2@AEBUtagFORMATETC@@@Z 00000001800127c0 f i GlassClipboard.obj
 0001:000118c0       ?pushCommit@ClipboardData@@QEAAJPEAUJNIEnv_@@PEAV_jobjectArray@@J@Z 00000001800128c0 f i GlassClipboard.obj
 0001:00012190       Java_com_sun_glass_ui_win_WinDnDClipboard_dispose 0000000180013190 f   GlassClipboard.obj
 0001:000121d0       Java_com_sun_glass_ui_win_WinDnDClipboard_push 00000001800131d0 f   GlassClipboard.obj
 0001:00012300       Java_com_sun_glass_ui_win_WinSystemClipboard_create 0000000180013300 f   GlassClipboard.obj
 0001:000123a0       Java_com_sun_glass_ui_win_WinSystemClipboard_dispose 00000001800133a0 f   GlassClipboard.obj
 0001:000123e0       Java_com_sun_glass_ui_win_WinSystemClipboard_initIDs 00000001800133e0 f   GlassClipboard.obj
 0001:00012500       Java_com_sun_glass_ui_win_WinSystemClipboard_isOwner 0000000180013500 f   GlassClipboard.obj
 0001:00012540       Java_com_sun_glass_ui_win_WinSystemClipboard_pop 0000000180013540 f   GlassClipboard.obj
 0001:00012600       Java_com_sun_glass_ui_win_WinSystemClipboard_popBytes 0000000180013600 f   GlassClipboard.obj
 0001:000126d0       Java_com_sun_glass_ui_win_WinSystemClipboard_popMimesFromSystem 00000001800136d0 f   GlassClipboard.obj
 0001:00012710       Java_com_sun_glass_ui_win_WinSystemClipboard_popSupportedSourceActions 0000000180013710 f   GlassClipboard.obj
 0001:00012750       Java_com_sun_glass_ui_win_WinSystemClipboard_push 0000000180013750 f   GlassClipboard.obj
 0001:00012880       Java_com_sun_glass_ui_win_WinSystemClipboard_pushTargetActionToSystem 0000000180013880 f   GlassClipboard.obj
 0001:000128c0       setDragImage               00000001800138c0 f   GlassClipboard.obj
 0001:00012e50       ?JCursorToHCURSOR@@YAPEAUHICON__@@PEAUJNIEnv_@@PEAV_jobject@@@Z 0000000180013e50 f   GlassCursor.obj
 0001:00012fb0       ?NewObject@JNIEnv_@@QEAAPEAV_jobject@@PEAV_jclass@@PEAU_jmethodID@@ZZ 0000000180013fb0 f i GlassCursor.obj
 0001:00012fe0       Java_com_sun_glass_ui_win_WinCursor__1createCursor 0000000180013fe0 f   GlassCursor.obj
 0001:00013000       Java_com_sun_glass_ui_win_WinCursor__1getBestSize 0000000180014000 f   GlassCursor.obj
 0001:00013070       Java_com_sun_glass_ui_win_WinCursor__1initIDs 0000000180014070 f   GlassCursor.obj
 0001:00013170       Java_com_sun_glass_ui_win_WinCursor__1setVisible 0000000180014170 f   GlassCursor.obj
 0001:000131a0       ??0GlassDropSource@@QEAA@PEAV_jobject@@@Z 00000001800141a0 f   GlassDnD.obj
 0001:000132d0       ??0GlassDropTarget@@QEAA@PEAVViewContainer@@PEAUHWND__@@@Z 00000001800142d0 f   GlassDnD.obj
 0001:00013370       ??1?$IUnknownImpl@UIDropSource@@@@UEAA@XZ 0000000180014370 f i GlassDnD.obj
 0001:00013380       ??1?$IUnknownImpl@UIDropTarget@@@@UEAA@XZ 0000000180014380 f i GlassDnD.obj
 0001:00013390       ??_E?$IUnknownImpl@UIDropSource@@@@UEAAPEAXI@Z 0000000180014390 f i GlassDnD.obj
 0001:00013390       ??_G?$IUnknownImpl@UIDropSource@@@@UEAAPEAXI@Z 0000000180014390 f i GlassDnD.obj
 0001:000133c0       ??_E?$IUnknownImpl@UIDropTarget@@@@UEAAPEAXI@Z 00000001800143c0 f i GlassDnD.obj
 0001:000133c0       ??_G?$IUnknownImpl@UIDropTarget@@@@UEAAPEAXI@Z 00000001800143c0 f i GlassDnD.obj
 0001:000133f0       ??_GGlassDropSource@@UEAAPEAXI@Z 00000001800143f0 f i GlassDnD.obj
 0001:000133f0       ??_EGlassDropSource@@UEAAPEAXI@Z 00000001800143f0 f i GlassDnD.obj
 0001:00013420       ??_GGlassDropTarget@@UEAAPEAXI@Z 0000000180014420 f i GlassDnD.obj
 0001:00013420       ??_EGlassDropTarget@@UEAAPEAXI@Z 0000000180014420 f i GlassDnD.obj
 0001:000134b0       ?CallbackToJava@GlassDropTarget@@IEAAJPEAU_jmethodID@@KU_POINTL@@PEAK@Z 00000001800144b0 f   GlassDnD.obj
[...]
 0004:00002574       $pdata$?catch$0@?0???$_Insert@AEBV_bstr_t@@U_Not_a_node_tag@std@@@?$_Hash@V?$_Hset_traits@V_bstr_t@@V?$hash_compare@V_bstr_t@@U?$less@V_bstr_t@@@std@@@stdext@@V?$allocator@V_bstr_t@@@std@@$0A@@stdext@@@std@@IEAA?AU?$pair@V?$_List_const_iterator@V?$_List_val@U?$_List_simple_types@V_bstr_t@@@std@@@std@@@std@@_N@1@AEBV_bstr_t@@U_Not_a_node_tag@1@@Z@4HA 0000000180040574     GlassClipboard.obj
 0004:00002580       $pdata$?catch$10@?0???$_Insert@AEBV_bstr_t@@V?$_List_unchecked_const_iterator@V?$_List_val@U?$_List_simple_types@V_bstr_t@@@std@@@std@@U_Iterator_base0@2@@std@@@?$_Hash@V?$_Hset_traits@V_bstr_t@@V?$hash_compare@V_bstr_t@@U?$less@V_bstr_t@@@std@@@stdext@@V?$allocator@V_bstr_t@@@std@@$0A@@stdext@@@std@@IEAA?AU?$pair@V?$_List_const_iterator@V?$_List_val@U?$_List_simple_types@V_bstr_t@@@std@@@std@@@std@@_N@1@AEBV_bstr_t@@V?$_List_unchecked_const_iterator@V?$_List_val@U?$_List_simple_types@V_bstr_t@@@std@@@std@@U_Iterator_base0@2@@1@@Z@4HA 0000000180040580     GlassClipboard.obj
 0004:0000258c       $pdata$?catch$9@?0???$_Insert@AEBV_bstr_t@@V?$_List_unchecked_const_iterator@V?$_List_val@U?$_List_simple_types@V_bstr_t@@@std@@@std@@U_Iterator_base0@2@@std@@@?$_Hash@V?$_Hset_traits@V_bstr_t@@V?$hash_compare@V_bstr_t@@U?$less@V_bstr_t@@@std@@@stdext@@V?$allocator@V_bstr_t@@@std@@$0A@@stdext@@@std@@IEAA?AU?$pair@V?$_List_const_iterator@V?$_List_val@U?$_List_simple_types@V_bstr_t@@@std@@@std@@@std@@_N@1@AEBV_bstr_t@@V?$_List_unchecked_const_iterator@V?$_List_val@U?$_List_simple_types@V_bstr_t@@@std@@@std@@U_Iterator_base0@2@@1@@Z@4HA 000000018004058c     GlassClipboard.obj
 0004:00002598       $pdata$?dtor$0@?0???4_bstr_t@@QEAAAEAV0@PEB_W@Z@4HA 0000000180040598     GlassClipboard.obj
 0004:000025a4       $pdata$?catch$0@?0??DAdvise@ClipboardData@@UEAAJPEAUtagFORMATETC@@KPEAUIAdviseSink@@PEAK@Z@4HA 00000001800405a4     GlassClipboard.obj
 0004:000025b0       $pdata$?catch$0@?0??DUnadvise@ClipboardData@@UEAAJK@Z@4HA 00000001800405b0     GlassClipboard.obj
 0004:000025bc       $pdata$?catch$5@?0??Do@_MyAction@?1??Java_com_sun_glass_ui_win_WinDnDClipboard_push@@YAXPEAUJNIEnv_@@PEAV_jobject@@PEAV_jobjectArray@@J@Z@UEAAXXZ@4HA 00000001800405bc     GlassClipboard.obj
 0004:000025c8       $pdata$?dtor$0@?0??Do@_MyAction@?1??Java_com_sun_glass_ui_win_WinDnDClipboard_push@@YAXPEAUJNIEnv_@@PEAV_jobject@@PEAV_jobjectArray@@J@Z@UEAAXXZ@4HA 00000001800405c8     GlassClipboard.obj
 0004:000025d4       $pdata$?dtor$1@?0??Do@_MyAction@?1??Java_com_sun_glass_ui_win_WinDnDClipboard_push@@YAXPEAUJNIEnv_@@PEAV_jobject@@PEAV_jobjectArray@@J@Z@UEAAXXZ@4HA 00000001800405d4     GlassClipboard.obj
 0004:000025e0       $pdata$?dtor$2@?0??Do@_MyAction@?1??Java_com_sun_glass_ui_win_WinDnDClipboard_push@@YAXPEAUJNIEnv_@@PEAV_jobject@@PEAV_jobjectArray@@J@Z@UEAAXXZ@4HA 00000001800405e0     GlassClipboard.obj
 0004:000025ec       $pdata$?catch$0@?0??Do@_MyAction@?1??Java_com_sun_glass_ui_win_WinSystemClipboard_dispose@@YAXPEAUJNIEnv_@@PEAV_jobject@@@Z@UEAAXXZ@4HA 00000001800405ec     GlassClipboard.obj
 0004:000025f8       $pdata$?catch$3@?0??Do@_MyAction@?1??Java_com_sun_glass_ui_win_WinSystemClipboard_push@@YAXPEAUJNIEnv_@@PEAV_jobject@@PEAV_jobjectArray@@J@Z@UEAAXXZ@4HA 00000001800405f8     GlassClipboard.obj
 0004:00002604       $pdata$?dtor$0@?0??Do@_MyAction@?1??Java_com_sun_glass_ui_win_WinSystemClipboard_push@@YAXPEAUJNIEnv_@@PEAV_jobject@@PEAV_jobjectArray@@J@Z@UEAAXXZ@4HA 0000000180040604     GlassClipboard.obj
 0004:00002610       $pdata$?dtor$1@?0??Do@_MyAction@?1??Java_com_sun_glass_ui_win_WinSystemClipboard_push@@YAXPEAUJNIEnv_@@PEAV_jobject@@PEAV_jobjectArray@@J@Z@UEAAXXZ@4HA 0000000180040610     GlassClipboard.obj
 0004:0000261c       $pdata$?catch$2@?0??Do@_MyAction@?1??Java_com_sun_glass_ui_win_WinSystemClipboard_pushTargetActionToSystem@@YAXPEAUJNIEnv_@@PEAV_jobject@@J@Z@UEAAXXZ@4HA 000000018004061c     GlassClipboard.obj
 0004:00002628       $pdata$?catch$17@?0??GetData@ClipboardData@@UEAAJPEAUtagFORMATETC@@PEAUtagSTGMEDIUM@@@Z@4HA 0000000180040628     GlassClipboard.obj
 0004:00002634       $pdata$?dtor$13@?0??GetData@ClipboardData@@UEAAJPEAUtagFORMATETC@@PEAUtagSTGMEDIUM@@@Z@4HA 0000000180040634     GlassClipboard.obj
 0004:00002640       $pdata$?dtor$14@?0??GetData@ClipboardData@@UEAAJPEAUtagFORMATETC@@PEAUtagSTGMEDIUM@@@Z@4HA 0000000180040640     GlassClipboard.obj
 0004:0000264c       $pdata$?catch$0@?0??GetDataHere@ClipboardData@@UEAAJPEAUtagFORMATETC@@PEAUtagSTGMEDIUM@@@Z@4HA 000000018004064c     GlassClipboard.obj
 0004:00002658       $pdata$?catch$6@?0??PopImage@@YAJPEAUJNIEnv_@@PEAUIDataObject@@PEAPEAV_jbyteArray@@@Z@4HA 0000000180040658     GlassClipboard.obj
 0004:00002664       $pdata$?catch$2@?0??PushImage@@YAJPEAUJNIEnv_@@PEAV_jbyteArray@@PEAUtagSTGMEDIUM@@@Z@4HA 0000000180040664     GlassClipboard.obj
 0004:00002670       $pdata$?catch$2@?0??SetData@ClipboardData@@UEAAJPEAUtagFORMATETC@@PEAUtagSTGMEDIUM@@H@Z@4HA 0000000180040670     GlassClipboard.obj
 0004:0000267c       $pdata$?catch$0@?0??_Buynode0@?$_List_alloc@U?$_List_base_types@U?$pair@$$CBV_bstr_t@@G@std@@V?$allocator@U?$pair@$$CBV_bstr_t@@G@std@@@2@@std@@@std@@QEAAPEAU?$_List_node@U?$pair@$$CBV_bstr_t@@G@std@@PEAX@2@PEAU32@0@Z@4HA 000000018004067c     GlassClipboard.obj
 0004:0000267c       $pdata$?catch$0@?0??_Buynode0@?$_List_alloc@U?$_List_base_types@U?$pair@$$CBGV_bstr_t@@@std@@V?$allocator@U?$pair@$$CBGV_bstr_t@@@std@@@2@@std@@@std@@QEAAPEAU?$_List_node@U?$pair@$$CBGV_bstr_t@@@std@@PEAX@2@PEAU32@0@Z@4HA 000000018004067c     GlassClipboard.obj
 0004:00002688       $pdata$?catch$0@?0??_Buynode0@?$_List_alloc@U?$_List_base_types@U?$pair@$$CBUtagFORMATETC@@UtagSTGMEDIUM@@@std@@V?$allocator@U?$pair@$$CBUtagFORMATETC@@UtagSTGMEDIUM@@@std@@@2@@std@@@std@@QEAAPEAU?$_List_node@U?$pair@$$CBUtagFORMATETC@@UtagSTGMEDIUM@@@std@@PEAX@2@PEAU32@0@Z@4HA 0000000180040688     GlassClipboard.obj
 0004:00002694       $pdata$?catch$0@?0??_Buynode0@?$_List_alloc@U?$_List_base_types@U?$pair@$$CBUtagFORMATETC@@V_bstr_t@@@std@@V?$allocator@U?$pair@$$CBUtagFORMATETC@@V_bstr_t@@@std@@@2@@std@@@std@@QEAAPEAU?$_List_node@U?$pair@$$CBUtagFORMATETC@@V_bstr_t@@@std@@PEAX@2@PEAU32@0@Z@4HA 0000000180040694     GlassClipboard.obj
 0004:000026a0       $pdata$?catch$0@?0??_Buynode0@?$_List_alloc@U?$_List_base_types@V_bstr_t@@V?$allocator@V_bstr_t@@@std@@@std@@@std@@QEAAPEAU?$_List_node@V_bstr_t@@PEAX@2@PEAU32@0@Z@4HA 00000001800406a0     GlassClipboard.obj
 0004:000026ac       $pdata$?catch$0@?0??_Reallocate_exactly@?$vector@V?$_List_unchecked_iterator@V?$_List_val@U?$_List_simple_types@U?$pair@$$CBV_bstr_t@@G@std@@@std@@@std@@@std@@V?$allocator@V?$_List_unchecked_iterator@V?$_List_val@U?$_List_simple_types@U?$pair@$$CBV_bstr_t@@G@std@@@std@@@std@@@std@@@2@@std@@AEAAX_K@Z@4HA 00000001800406ac     GlassClipboard.obj
 0004:000026ac       $pdata$?catch$0@?0??_Reallocate_exactly@?$vector@V?$_List_unchecked_iterator@V?$_List_val@U?$_List_simple_types@U?$pair@$$CBGV_bstr_t@@@std@@@std@@@std@@@std@@V?$allocator@V?$_List_unchecked_iterator@V?$_List_val@U?$_List_simple_types@U?$pair@$$CBGV_bstr_t@@@std@@@std@@@std@@@std@@@2@@std@@AEAAX_K@Z@4HA 00000001800406ac     GlassClipboard.obj
 0004:000026ac       $pdata$?catch$0@?0??_Reallocate_exactly@?$vector@V?$_List_unchecked_const_iterator@V?$_List_val@U?$_List_simple_types@V_bstr_t@@@std@@@std@@U_Iterator_base0@2@@std@@V?$allocator@V?$_List_unchecked_const_iterator@V?$_List_val@U?$_List_simple_types@V_bstr_t@@@std@@@std@@U_Iterator_base0@2@@std@@@2@@std@@AEAAX_K@Z@4HA 00000001800406ac     GlassClipboard.obj
 0004:000026ac       $pdata$?catch$0@?0??_Reallocate_exactly@?$vector@V?$_List_unchecked_iterator@V?$_List_val@U?$_List_simple_types@U?$pair@$$CBUtagFORMATETC@@V_bstr_t@@@std@@@std@@@std@@@std@@V?$allocator@V?$_List_unchecked_iterator@V?$_List_val@U?$_List_simple_types@U?$pair@$$CBUtagFORMATETC@@V_bstr_t@@@std@@@std@@@std@@@std@@@2@@std@@AEAAX_K@Z@4HA 00000001800406ac     GlassClipboard.obj
 0004:000026ac       $pdata$?catch$0@?0??_Reallocate_exactly@?$vector@V?$_List_unchecked_iterator@V?$_List_val@U?$_List_simple_types@U?$pair@$$CBUtagFORMATETC@@UtagSTGMEDIUM@@@std@@@std@@@std@@@std@@V?$allocator@V?$_List_unchecked_iterator@V?$_List_val@U?$_List_simple_types@U?$pair@$$CBUtagFORMATETC@@UtagSTGMEDIUM@@@std@@@std@@@std@@@std@@@2@@std@@AEAAX_K@Z@4HA 00000001800406ac     GlassClipboard.obj
 0004:000026b8       $pdata$?catch$64@?0??_UserDo@_MyAction@?1??Java_com_sun_glass_ui_win_WinSystemClipboard_popMimesFromSystem@@YAPEAV_jobjectArray@@PEAUJNIEnv_@@PEAV_jobject@@@Z@QEAAPEAV3@XZ@4HA 00000001800406b8     GlassClipboard.obj
 0004:000026c4       $pdata$?dtor$9@?0??_UserDo@_MyAction@?1??Java_com_sun_glass_ui_win_WinSystemClipboard_popMimesFromSystem@@YAPEAV_jobjectArray@@PEAUJNIEnv_@@PEAV_jobject@@@Z@QEAAPEAV3@XZ@4HA 00000001800406c4     GlassClipboard.obj
 0004:000026d0       $pdata$?dtor$27@?0??_UserDo@_MyAction@?1??Java_com_sun_glass_ui_win_WinSystemClipboard_popMimesFromSystem@@YAPEAV_jobjectArray@@PEAUJNIEnv_@@PEAV_jobject@@@Z@QEAAPEAV3@XZ@4HA 00000001800406d0     GlassClipboard.obj
 0004:000026dc       $pdata$?dtor$28@?0??_UserDo@_MyAction@?1??Java_com_sun_glass_ui_win_WinSystemClipboard_popMimesFromSystem@@YAPEAV_jobjectArray@@PEAUJNIEnv_@@PEAV_jobject@@@Z@QEAAPEAV3@XZ@4HA 00000001800406dc     GlassClipboard.obj
 0004:000026e8       $pdata$?dtor$40@?0??_UserDo@_MyAction@?1??Java_com_sun_glass_ui_win_WinSystemClipboard_popMimesFromSystem@@YAPEAV_jobjectArray@@PEAUJNIEnv_@@PEAV_jobject@@@Z@QEAAPEAV3@XZ@4HA 00000001800406e8     GlassClipboard.obj
 0004:000026f4       $pdata$?dtor$41@?0??_UserDo@_MyAction@?1??Java_com_sun_glass_ui_win_WinSystemClipboard_popMimesFromSystem@@YAPEAV_jobjectArray@@PEAUJNIEnv_@@PEAV_jobject@@@Z@QEAAPEAV3@XZ@4HA 00000001800406f4     GlassClipboard.obj
 0004:00002700       $pdata$?dtor$4@?0??getMime@@YA?AV_bstr_t@@G@Z@4HA 0000000180040700     GlassClipboard.obj
 0004:00002700       $pdata$?dtor$42@?0??_UserDo@_MyAction@?1??Java_com_sun_glass_ui_win_WinSystemClipboard_popMimesFromSystem@@YAPEAV_jobjectArray@@PEAUJNIEnv_@@PEAV_jobject@@@Z@QEAAPEAV3@XZ@4HA 0000000180040700     GlassClipboard.obj
 0004:00002700       $pdata$?dtor$3@?0??getMime@@YA?AV_bstr_t@@G@Z@4HA 0000000180040700     GlassClipboard.obj
 0004:0000270c       $pdata$?dtor$43@?0??_UserDo@_MyAction@?1??Java_com_sun_glass_ui_win_WinSystemClipboard_popMimesFromSystem@@YAPEAV_jobjectArray@@PEAUJNIEnv_@@PEAV_jobject@@@Z@QEAAPEAV3@XZ@4HA 000000018004070c     GlassClipboard.obj
 0004:00002718       $pdata$?dtor$44@?0??_UserDo@_MyAction@?1??Java_com_sun_glass_ui_win_WinSystemClipboard_popMimesFromSystem@@YAPEAV_jobjectArray@@PEAUJNIEnv_@@PEAV_jobject@@@Z@QEAAPEAV3@XZ@4HA 0000000180040718     GlassClipboard.obj
 0004:00002718       $pdata$?dtor$46@?0??_UserDo@_MyAction@?1??Java_com_sun_glass_ui_win_WinSystemClipboard_popMimesFromSystem@@YAPEAV_jobjectArray@@PEAUJNIEnv_@@PEAV_jobject@@@Z@QEAAPEAV3@XZ@4HA 0000000180040718     GlassClipboard.obj
 0004:00002718       $pdata$?dtor$45@?0??_UserDo@_MyAction@?1??Java_com_sun_glass_ui_win_WinSystemClipboard_popMimesFromSystem@@YAPEAV_jobjectArray@@PEAUJNIEnv_@@PEAV_jobject@@@Z@QEAAPEAV3@XZ@4HA 0000000180040718     GlassClipboard.obj
 0004:00002718       $pdata$?dtor$48@?0??_UserDo@_MyAction@?1??Java_com_sun_glass_ui_win_WinSystemClipboard_popMimesFromSystem@@YAPEAV_jobjectArray@@PEAUJNIEnv_@@PEAV_jobject@@@Z@QEAAPEAV3@XZ@4HA 0000000180040718     GlassClipboard.obj
 0004:00002718       $pdata$?dtor$47@?0??_UserDo@_MyAction@?1??Java_com_sun_glass_ui_win_WinSystemClipboard_popMimesFromSystem@@YAPEAV_jobjectArray@@PEAUJNIEnv_@@PEAV_jobject@@@Z@QEAAPEAV3@XZ@4HA 0000000180040718     GlassClipboard.obj
 0004:00002724       $pdata$?dtor$49@?0??_UserDo@_MyAction@?1??Java_com_sun_glass_ui_win_WinSystemClipboard_popMimesFromSystem@@YAPEAV_jobjectArray@@PEAUJNIEnv_@@PEAV_jobject@@@Z@QEAAPEAV3@XZ@4HA 0000000180040724     GlassClipboard.obj
 0004:00002730       $pdata$?dtor$50@?0??_UserDo@_MyAction@?1??Java_com_sun_glass_ui_win_WinSystemClipboard_popMimesFromSystem@@YAPEAV_jobjectArray@@PEAUJNIEnv_@@PEAV_jobject@@@Z@QEAAPEAV3@XZ@4HA 0000000180040730     GlassClipboard.obj
 0004:0000273c       $pdata$?dtor$51@?0??_UserDo@_MyAction@?1??Java_com_sun_glass_ui_win_WinSystemClipboard_popMimesFromSystem@@YAPEAV_jobjectArray@@PEAUJNIEnv_@@PEAV_jobject@@@Z@QEAAPEAV3@XZ@4HA 000000018004073c     GlassClipboard.obj
 0004:00002748       $pdata$?dtor$52@?0??_UserDo@_MyAction@?1??Java_com_sun_glass_ui_win_WinSystemClipboard_popMimesFromSystem@@YAPEAV_jobjectArray@@PEAUJNIEnv_@@PEAV_jobject@@@Z@QEAAPEAV3@XZ@4HA 0000000180040748     GlassClipboard.obj
 0004:00002754       $pdata$?dtor$53@?0??_UserDo@_MyAction@?1??Java_com_sun_glass_ui_win_WinSystemClipboard_popMimesFromSystem@@YAPEAV_jobjectArray@@PEAUJNIEnv_@@PEAV_jobject@@@Z@QEAAPEAV3@XZ@4HA 0000000180040754     GlassClipboard.obj
 0004:00002760       $pdata$?dtor$54@?0??_UserDo@_MyAction@?1??Java_com_sun_glass_ui_win_WinSystemClipboard_popMimesFromSystem@@YAPEAV_jobjectArray@@PEAUJNIEnv_@@PEAV_jobject@@@Z@QEAAPEAV3@XZ@4HA 0000000180040760     GlassClipboard.obj
 0004:0000276c       $pdata$?dtor$55@?0??_UserDo@_MyAction@?1??Java_com_sun_glass_ui_win_WinSystemClipboard_popMimesFromSystem@@YAPEAV_jobjectArray@@PEAUJNIEnv_@@PEAV_jobject@@@Z@QEAAPEAV3@XZ@4HA 000000018004076c     GlassClipboard.obj
 0004:00002778       $pdata$?dtor$56@?0??_UserDo@_MyAction@?1??Java_com_sun_glass_ui_win_WinSystemClipboard_popMimesFromSystem@@YAPEAV_jobjectArray@@PEAUJNIEnv_@@PEAV_jobject@@@Z@QEAAPEAV3@XZ@4HA 0000000180040778     GlassClipboard.obj
 0004:00002784       $pdata$?dtor$57@?0??_UserDo@_MyAction@?1??Java_com_sun_glass_ui_win_WinSystemClipboard_popMimesFromSystem@@YAPEAV_jobjectArray@@PEAUJNIEnv_@@PEAV_jobject@@@Z@QEAAPEAV3@XZ@4HA 0000000180040784     GlassClipboard.obj
 0004:00002790       $pdata$?dtor$58@?0??_UserDo@_MyAction@?1??Java_com_sun_glass_ui_win_WinSystemClipboard_popMimesFromSystem@@YAPEAV_jobjectArray@@PEAUJNIEnv_@@PEAV_jobject@@@Z@QEAAPEAV3@XZ@4HA 0000000180040790     GlassClipboard.obj
 0004:0000279c       $pdata$?dtor$59@?0??_UserDo@_MyAction@?1??Java_com_sun_glass_ui_win_WinSystemClipboard_popMimesFromSystem@@YAPEAV_jobjectArray@@PEAUJNIEnv_@@PEAV_jobject@@@Z@QEAAPEAV3@XZ@4HA 000000018004079c     GlassClipboard.obj
 0004:000027a8       $pdata$?dtor$60@?0??_UserDo@_MyAction@?1??Java_com_sun_glass_ui_win_WinSystemClipboard_popMimesFromSystem@@YAPEAV_jobjectArray@@PEAUJNIEnv_@@PEAV_jobject@@@Z@QEAAPEAV3@XZ@4HA 00000001800407a8     GlassClipboard.obj
 0004:000027b4       $pdata$?dtor$1@?0??addPair@@YAXPEB_WAEBG@Z@4HA 00000001800407b4     GlassClipboard.obj
 0004:000027c0       $pdata$?dtor$1@?0??getClipboardFormat@@YAGPEB_W@Z@4HA 00000001800407c0     GlassClipboard.obj
 0004:000027c0       $pdata$?dtor$1@?0??create_mime_stuff@@YAHXZ@4HA 00000001800407c0     GlassClipboard.obj
 0004:000027cc       $pdata$?dtor$0@?0??getString@BinaryChunk@@QEAA?AV_bstr_t@@XZ@4HA 00000001800407cc     GlassClipboard.obj
 0004:000027d8       $pdata$?dtor$9@?0??pushCommit@ClipboardData@@QEAAJPEAUJNIEnv_@@PEAV_jobjectArray@@J@Z@4HA 00000001800407d8     GlassClipboard.obj
 0004:000027e4       $pdata$setDragImage$catch$6 00000001800407e4     GlassClipboard.obj
 0004:000027f0       $pdata$?catch$2@?0???0GlassDropTarget@@QEAA@PEAVViewContainer@@PEAUHWND__@@@Z@4HA 00000001800407f0     GlassDnD.obj
 0004:000027fc       $pdata$?catch$0@?0??DragEnter@GlassDropTarget@@MEAAJPEAUIDataObject@@KU_POINTL@@PEAK@Z@4HA 00000001800407fc     GlassDnD.obj
 0004:00002808       $pdata$?catch$0@?0??DragLeave@GlassDropTarget@@MEAAJXZ@4HA 0000000180040808     GlassDnD.obj
 0004:00002814       $pdata$?catch$0@?0??DragOver@GlassDropTarget@@MEAAJKU_POINTL@@PEAK@Z@4HA 0000000180040814     GlassDnD.obj
 0004:00002820       $pdata$?catch$0@?0??Drop@GlassDropTarget@@MEAAJPEAUIDataObject@@KU_POINTL@@PEAK@Z@4HA 0000000180040820     GlassDnD.obj
 0004:0000282c       $pdata$?catch$1@?0??GetAttributeInfo@GlassInputTextInfo@@QEAAHAEAPEAHAEAPEAE@Z@4HA 000000018004082c     GlassInputTextInfo.obj
 0004:00002838       $pdata$?catch$0@?0??GetAttributeInfo@GlassInputTextInfo@@QEAAHAEAPEAHAEAPEAE@Z@4HA 0000000180040838     GlassInputTextInfo.obj
 0004:00002844       $pdata$?catch$1@?0??GetClauseInfo@GlassInputTextInfo@@QEAAHAEAPEAH@Z@4HA 0000000180040844     GlassInputTextInfo.obj
 0004:00002850       $pdata$?catch$0@?0??GetClauseInfo@GlassInputTextInfo@@QEAAHAEAPEAH@Z@4HA 0000000180040850     GlassInputTextInfo.obj
 0004:0000285c       $pdata$?dtor$0@?0??Do@_MyAction@?1??Java_com_sun_glass_ui_win_WinView__1enterFullscreen@@YAEPEAUJNIEnv_@@PEAV_jobject@@_JEEE@Z@UEAAXXZ@4HA 000000018004085c     GlassView.obj
 0004:00002868       $pdata$?dtor$0@?0??Do@_MyAction@?1??Java_com_sun_glass_ui_win_WinWindow__1createChildWindow@@YA_JPEAUJNIEnv_@@PEAV_jobject@@_J@Z@UEAAXXZ@4HA 0000000180040868     GlassWindow.obj
 0004:00002874       $pdata$?dtor$0@?0??_UserDo@_MyAction@?1??Java_com_sun_glass_ui_win_WinWindow__1createWindow@@YA_JPEAUJNIEnv_@@PEAV_jobject@@_J2J@Z@QEAA_JXZ@4HA 0000000180040874     GlassWindow.obj
 0004:00002880       $pdata$?catch$3@?0??Start@RunnableTimer@@SA_JPEAV_jobject@@J@Z@4HA 0000000180040880     Timer.obj
 0004:0000288c       $pdata$?dtor$0@?0??Start@RunnableTimer@@SA_JPEAV_jobject@@J@Z@4HA 000000018004088c     Timer.obj
 0004:00002898       $pdata$?catch$0@?0???$_Resize@V<lambda_a9b804bd1df033981f51d8cd70da6946>@@@?$vector@UtagTOUCHINPUT@@V?$allocator@UtagTOUCHINPUT@@@std@@@std@@AEAAX_KV<lambda_a9b804bd1df033981f51d8cd70da6946>@@@Z@4HA 0000000180040898     ViewContainer.obj
 0004:000028a4       $pdata$?dtor$0@?0??InitDropTarget@ViewContainer@@IEAAXPEAUHWND__@@@Z@4HA 00000001800408a4     ViewContainer.obj
 0004:000028b0       $pdata$?dtor$0@?0??InitManipProcessor@ViewContainer@@IEAAXPEAUHWND__@@@Z@4HA 00000001800408b0     ViewContainer.obj
 0004:000028bc       $pdata$?dtor$2@?0??InitManipProcessor@ViewContainer@@IEAAXPEAUHWND__@@@Z@4HA 00000001800408bc     ViewContainer.obj
 0004:000028c8       $pdata$?catch$1@?0??WmImeComposition@ViewContainer@@AEAAXPEAUHWND__@@_K_J@Z@4HA 00000001800408c8     ViewContainer.obj
 0004:000028d4       $pdata$?catch$0@?0???2@YAPEAX_KAEBUnothrow_t@std@@@Z@4HA 00000001800408d4     MSVCRT:new_scalar_nothrow.obj
 0004:000028e0       $pdata$__scrt_is_nonwritable_in_current_image$filt$0 00000001800408e0     MSVCRT:utility.obj
 0004:000028ec       $pdata$?fin$0@?0??dllmain_crt_process_attach@@YAHQEAUHINSTANCE__@@QEAX@Z@4HA 00000001800408ec     MSVCRT:dll_dllmain.obj
 0004:000028f8       $pdata$?fin$0@?0??dllmain_crt_process_detach@@YAH_N@Z@4HA 00000001800408f8     MSVCRT:dll_dllmain.obj
 0004:00002904       $pdata$?filt$0@?0??dllmain_dispatch@@YAHQEAUHINSTANCE__@@KQEAX@Z@4HA 0000000180040904     MSVCRT:dll_dllmain.obj
 0004:00002910       $pdata$??__F?sm_nestedLoopReturnValue@GlassApplication@@0V?$JGlobalRef@PEAV_jobject@@@@A@@YAXXZ 0000000180040910     GlassApplication.obj
 0004:0000291c       $pdata$??__FbsAcessType@?CN@??_UserDo@_MyAction@?1??Java_com_sun_glass_ui_win_WinSystemClipboard_popMimesFromSystem@@YAPEAV_jobjectArray@@PEAUJNIEnv_@@PEAV_jobject@@@Z@QEAAPEAV3@XZ@YAXXZ 000000018004091c     GlassClipboard.obj
 0004:00002928       $pdata$??__FbsContentHeader@?P@??GetData@ClipboardData@@UEAAJPEAUtagFORMATETC@@PEAUtagSTGMEDIUM@@@Z@YAXXZ 0000000180040928     GlassClipboard.obj
 0004:00002934       $pdata$??__Fempty@?1??getString@BinaryChunk@@QEAA?AV_bstr_t@@XZ@YAXXZ 0000000180040934     GlassClipboard.obj
 0004:00002940       $pdata$??__Fmime2oscf@@YAXXZ 0000000180040940     GlassClipboard.obj
 0004:0000294c       $pdata$??__Foscf2mime@@YAXXZ 000000018004094c     GlassClipboard.obj
 0005:00000190       $R000000                   0000000180041190     GlassResources.res
 0005:00000498       $R000308                   0000000180041498     GlassResources.res
 0005:00001548       $R0013B8                   0000000180042548     GlassResources.res
 0005:00001560       $R0013D0                   0000000180042560     GlassResources.res
 0005:00002610       $R002480                   0000000180043610     GlassResources.res
