 prism_es2

 Timestamp is 5c212b7b (Mon Dec 24 13:54:51 2018)

 Preferred load address is 0000000180000000

 Start         Length     Name                   Class
 0001:00000000 00005620H .text$mn                CODE
 0001:00005620 00000012H .text$mn$00             CODE
 0001:00005632 00000081H .text$x                 CODE
 0002:00000000 000002a8H .idata$5                DATA
 0002:000002a8 00000010H .00cfg                  DATA
 0002:000002b8 00000008H .CRT$XCA                DATA
 0002:000002c0 00000008H .CRT$XCZ                DATA
 0002:000002c8 00000008H .CRT$XIA                DATA
 0002:000002d0 00000008H .CRT$XIZ                DATA
 0002:000002d8 00000008H .CRT$XPA                DATA
 0002:000002e0 00000008H .CRT$XPZ                DATA
 0002:000002e8 00000008H .CRT$XTA                DATA
 0002:000002f0 00000010H .CRT$XTZ                DATA
 0002:000002f8 00000000H .gfids$y                DATA
 0002:00000300 000010a0H .rdata                  DATA
 0002:000013a0 00000240H .rdata$zzzdbg           DATA
 0002:000015e0 00000008H .rtc$IAA                DATA
 0002:000015e8 00000008H .rtc$IZZ                DATA
 0002:000015f0 00000008H .rtc$TAA                DATA
 0002:000015f8 00000008H .rtc$TZZ                DATA
 0002:00001600 00000a20H .xdata                  DATA
 0002:00002020 000014b0H .edata                  DATA
 0002:000034d0 000000c8H .idata$2                DATA
 0002:00003598 00000018H .idata$3                DATA
 0002:000035b0 000002a8H .idata$4                DATA
 0002:00003858 0000061cH .idata$6                DATA
 0003:00000000 00000080H .data                   DATA
 0003:00000080 000005f8H .bss                    DATA
 0004:00000000 00000918H .pdata                  DATA
 0005:00000000 00000060H .rsrc$01                DATA
 0005:00000060 00000318H .rsrc$02                DATA

  Address         Publics by Value              Rva+Base               Lib:Object

 0000:00000000       __guard_iat_table          0000000000000000     <absolute>
 0000:00000000       __dynamic_value_reloc_table 0000000000000000     <absolute>
 0000:00000000       __guard_longjmp_table      0000000000000000     <absolute>
 0000:00000000       __hybrid_code_map          0000000000000000     <absolute>
 0000:00000000       __guard_longjmp_count      0000000000000000     <absolute>
 0000:00000000       __guard_fids_count         0000000000000000     <absolute>
 0000:00000000       __enclave_config           0000000000000000     <absolute>
 0000:00000000       __volatile_metadata        0000000000000000     <absolute>
 0000:00000000       ___safe_se_handler_count   0000000000000000     <absolute>
 0000:00000000       __hybrid_code_map_count    0000000000000000     <absolute>
 0000:00000000       __guard_iat_count          0000000000000000     <absolute>
 0000:00000000       __hybrid_auxiliary_iat     0000000000000000     <absolute>
 0000:00000000       ___safe_se_handler_table   0000000000000000     <absolute>
 0000:00000000       __guard_fids_table         0000000000000000     <absolute>
 0000:00000100       __guard_flags              0000000000000100     <absolute>
 0000:00000000       __ImageBase                0000000180000000     <linker-defined>
 0001:00000000       Java_com_sun_prism_es2_GLContext_nActiveTexture 0000000180001000 f   GLContext.obj
 0001:00000020       Java_com_sun_prism_es2_GLContext_nBindFBO 0000000180001020 f   GLContext.obj
 0001:00000030       Java_com_sun_prism_es2_GLContext_nBindTexture 0000000180001030 f   GLContext.obj
 0001:00000040       Java_com_sun_prism_es2_GLContext_nBlendFunc 0000000180001040 f   GLContext.obj
 0001:00000080       Java_com_sun_prism_es2_GLContext_nBlit 0000000180001080 f   GLContext.obj
 0001:000001a0       Java_com_sun_prism_es2_GLContext_nBuildNativeGeometryInt 00000001800011a0 f   GLContext.obj
 0001:000003c0       Java_com_sun_prism_es2_GLContext_nBuildNativeGeometryShort 00000001800013c0 f   GLContext.obj
 0001:000005e0       Java_com_sun_prism_es2_GLContext_nClearBuffers 00000001800015e0 f   GLContext.obj
 0001:00000640       Java_com_sun_prism_es2_GLContext_nCompileShader 0000000180001640 f   GLContext.obj
 0001:000007e0       Java_com_sun_prism_es2_GLContext_nCreateDepthBuffer 00000001800017e0 f   GLContext.obj
 0001:00000810       Java_com_sun_prism_es2_GLContext_nCreateES2Mesh 0000000180001810 f   GLContext.obj
 0001:00000890       Java_com_sun_prism_es2_GLContext_nCreateES2MeshView 0000000180001890 f   GLContext.obj
 0001:00000910       Java_com_sun_prism_es2_GLContext_nCreateES2PhongMaterial 0000000180001910 f   GLContext.obj
 0001:00000960       Java_com_sun_prism_es2_GLContext_nCreateFBO 0000000180001960 f   GLContext.obj
 0001:00000a70       Java_com_sun_prism_es2_GLContext_nCreateIndexBuffer16 0000000180001a70 f   GLContext.obj
 0001:00000b60       Java_com_sun_prism_es2_GLContext_nCreateProgram 0000000180001b60 f   GLContext.obj
 0001:00000e60       Java_com_sun_prism_es2_GLContext_nCreateRenderBuffer 0000000180001e60 f   GLContext.obj
 0001:00000e90       Java_com_sun_prism_es2_GLContext_nCreateTexture 0000000180001e90 f   GLContext.obj
 0001:00000f90       Java_com_sun_prism_es2_GLContext_nDeleteFBO 0000000180001f90 f   GLContext.obj
 0001:00000fc0       Java_com_sun_prism_es2_GLContext_nDeleteRenderBuffer 0000000180001fc0 f   GLContext.obj
 0001:00000ff0       Java_com_sun_prism_es2_GLContext_nDeleteShader 0000000180001ff0 f   GLContext.obj
 0001:00001010       Java_com_sun_prism_es2_GLContext_nDeleteTexture 0000000180002010 f   GLContext.obj
 0001:00001040       Java_com_sun_prism_es2_GLContext_nDisableVertexAttributes 0000000180002040 f   GLContext.obj
 0001:00001080       Java_com_sun_prism_es2_GLContext_nDisposeShaders 0000000180002080 f   GLContext.obj
 0001:000011a0       Java_com_sun_prism_es2_GLContext_nDrawIndexedQuads 00000001800021a0 f   GLContext.obj
 0001:000012a0       Java_com_sun_prism_es2_GLContext_nEnableVertexAttributes 00000001800022a0 f   GLContext.obj
 0001:000012e0       Java_com_sun_prism_es2_GLContext_nFinish 00000001800022e0 f   GLContext.obj
 0001:000012f0       Java_com_sun_prism_es2_GLContext_nGenAndBindTexture 00000001800022f0 f   GLContext.obj
 0001:00001320       Java_com_sun_prism_es2_GLContext_nGetFBO 0000000180002320 f   GLContext.obj
 0001:00001340       Java_com_sun_prism_es2_GLContext_nGetIntParam 0000000180002340 f   GLContext.obj
 0001:00001370       Java_com_sun_prism_es2_GLContext_nGetMaxSampleSize 0000000180002370 f   GLContext.obj
 0001:00001390       Java_com_sun_prism_es2_GLContext_nGetUniformLocation 0000000180002390 f   GLContext.obj
 0001:00001400       Java_com_sun_prism_es2_GLContext_nPixelStorei 0000000180002400 f   GLContext.obj
 0001:00001430       Java_com_sun_prism_es2_GLContext_nReadPixelsInt 0000000180002430 f   GLContext.obj
 0001:00001430       Java_com_sun_prism_es2_GLContext_nReadPixelsByte 0000000180002430 f   GLContext.obj
 0001:00001490       Java_com_sun_prism_es2_GLContext_nReleaseES2Mesh 0000000180002490 f   GLContext.obj
 0001:000014d0       Java_com_sun_prism_es2_GLContext_nReleaseES2PhongMaterial 00000001800024d0 f   GLContext.obj
 0001:000014d0       Java_com_sun_prism_es2_GLContext_nReleaseES2MeshView 00000001800024d0 f   GLContext.obj
 0001:000014f0       Java_com_sun_prism_es2_GLContext_nRenderMeshView 00000001800024f0 f   GLContext.obj
 0001:000016a0       Java_com_sun_prism_es2_GLContext_nScissorTest 00000001800026a0 f   GLContext.obj
 0001:00001710       Java_com_sun_prism_es2_GLContext_nSetAmbientLight 0000000180002710 f   GLContext.obj
 0001:00001740       Java_com_sun_prism_es2_GLContext_nSetCullingMode 0000000180002740 f   GLContext.obj
 0001:00001790       Java_com_sun_prism_es2_GLContext_nSetDepthTest 0000000180002790 f   GLContext.obj
 0001:000017f0       Java_com_sun_prism_es2_GLContext_nSetDeviceParametersFor2D 00000001800027f0 f   GLContext.obj
 0001:000018f0       Java_com_sun_prism_es2_GLContext_nSetDeviceParametersFor3D 00000001800028f0 f   GLContext.obj
 0001:00001990       Java_com_sun_prism_es2_GLContext_nSetIndexBuffer 0000000180002990 f   GLContext.obj
 0001:000019b0       Java_com_sun_prism_es2_GLContext_nSetMSAA 00000001800029b0 f   GLContext.obj
 0001:000019d0       Java_com_sun_prism_es2_GLContext_nSetMap 00000001800029d0 f   GLContext.obj
 0001:00001a20       Java_com_sun_prism_es2_GLContext_nSetMaterial 0000000180002a20 f   GLContext.obj
 0001:00001a40       Java_com_sun_prism_es2_GLContext_nSetPointLight 0000000180002a40 f   GLContext.obj
 0001:00001ab0       Java_com_sun_prism_es2_GLContext_nSetSolidColor 0000000180002ab0 f   GLContext.obj
 0001:00001af0       Java_com_sun_prism_es2_GLContext_nSetWireframe 0000000180002af0 f   GLContext.obj
 0001:00001b10       Java_com_sun_prism_es2_GLContext_nTexImage2D0 0000000180002b10 f   GLContext.obj
 0001:00001c10       Java_com_sun_prism_es2_GLContext_nTexImage2D1 0000000180002c10 f   GLContext.obj
 0001:00001d90       Java_com_sun_prism_es2_GLContext_nTexParamsMinMax 0000000180002d90 f   GLContext.obj
 0001:00001de0       Java_com_sun_prism_es2_GLContext_nTexSubImage2D0 0000000180002de0 f   GLContext.obj
 0001:00001ea0       Java_com_sun_prism_es2_GLContext_nTexSubImage2D1 0000000180002ea0 f   GLContext.obj
 0001:00001fc0       Java_com_sun_prism_es2_GLContext_nUniform1f 0000000180002fc0 f   GLContext.obj
 0001:00001fe0       Java_com_sun_prism_es2_GLContext_nUniform1i 0000000180002fe0 f   GLContext.obj
 0001:00002000       Java_com_sun_prism_es2_GLContext_nUniform2f 0000000180003000 f   GLContext.obj
 0001:00002020       Java_com_sun_prism_es2_GLContext_nUniform2i 0000000180003020 f   GLContext.obj
 0001:00002050       Java_com_sun_prism_es2_GLContext_nUniform3f 0000000180003050 f   GLContext.obj
 0001:00002080       Java_com_sun_prism_es2_GLContext_nUniform3i 0000000180003080 f   GLContext.obj
 0001:000020b0       Java_com_sun_prism_es2_GLContext_nUniform4f 00000001800030b0 f   GLContext.obj
 0001:000020e0       Java_com_sun_prism_es2_GLContext_nUniform4fv0 00000001800030e0 f   GLContext.obj
 0001:00002140       Java_com_sun_prism_es2_GLContext_nUniform4fv1 0000000180003140 f   GLContext.obj
 0001:00002200       Java_com_sun_prism_es2_GLContext_nUniform4i 0000000180003200 f   GLContext.obj
 0001:00002240       Java_com_sun_prism_es2_GLContext_nUniform4iv0 0000000180003240 f   GLContext.obj
 0001:000022a0       Java_com_sun_prism_es2_GLContext_nUniform4iv1 00000001800032a0 f   GLContext.obj
 0001:00002370       Java_com_sun_prism_es2_GLContext_nUniformMatrix4fv 0000000180003370 f   GLContext.obj
 0001:00002430       Java_com_sun_prism_es2_GLContext_nUpdateFilterState 0000000180003430 f   GLContext.obj
 0001:00002480       Java_com_sun_prism_es2_GLContext_nUpdateViewport 0000000180003480 f   GLContext.obj
 0001:000024a0       Java_com_sun_prism_es2_GLContext_nUpdateWrapState 00000001800034a0 f   GLContext.obj
 0001:000024f0       Java_com_sun_prism_es2_GLContext_nUseProgram 00000001800034f0 f   GLContext.obj
 0001:00002510       __local_stdio_printf_options 0000000180003510 f i GLContext.obj
 0001:00002520       attachRenderbuffer         0000000180003520 f   GLContext.obj
 0001:000025d0       bindFBO                    00000001800035d0 f   GLContext.obj
 0001:00002610       checkFramebufferStatus     0000000180003610 f   GLContext.obj
 0001:00002850       clearBuffers               0000000180003850 f   GLContext.obj
 0001:000029c0       createAndAttachRenderBuffer 00000001800039c0 f   GLContext.obj
 0001:00002ae0       doReadPixels               0000000180003ae0 f   GLContext.obj
 0001:00002c70       fprintf                    0000000180003c70 f i GLContext.obj
 0001:00002cc0       initState                  0000000180003cc0 f   GLContext.obj
 0001:00002da0       initializeCtxInfo          0000000180003da0 f   GLContext.obj
 0001:00002dc0       setCullMode                0000000180003dc0 f   GLContext.obj
 0001:00002e30       setPolyonMode              0000000180003e30 f   GLContext.obj
 0001:00002f50       translatePixelStore        0000000180003f50 f   GLContext.obj
 0001:00002fc0       translatePrismToGL         0000000180003fc0 f   GLContext.obj
 0001:00003260       translateScaleFactor       0000000180004260 f   GLContext.obj
 0001:00003370       initializeDrawableInfo     0000000180004370 f   GLDrawable.obj
 0001:00003390       Java_com_sun_prism_es2_GLFactory_nGetGLRenderer 0000000180004390 f   GLFactory.obj
 0001:000033b0       Java_com_sun_prism_es2_GLFactory_nGetGLVendor 00000001800043b0 f   GLFactory.obj
 0001:000033d0       Java_com_sun_prism_es2_GLFactory_nGetGLVersion 00000001800043d0 f   GLFactory.obj
 0001:000033f0       Java_com_sun_prism_es2_GLFactory_nIsGLExtensionSupported 00000001800043f0 f   GLFactory.obj
 0001:00003450       extractVersionInfo         0000000180004450 f   GLFactory.obj
 0001:000034e0       isExtensionSupported       00000001800044e0 f   GLFactory.obj
 0001:00003570       strJavaToC                 0000000180004570 f   GLFactory.obj
 0001:00003610       initializePixelFormatInfo  0000000180004610 f   GLPixelFormat.obj
 0001:00003630       Java_com_sun_prism_es2_WinGLContext_nGetNativeHandle 0000000180004630 f   WinGLContext.obj
 0001:00003640       Java_com_sun_prism_es2_WinGLContext_nInitialize 0000000180004640 f   WinGLContext.obj
 0001:00003d80       Java_com_sun_prism_es2_WinGLContext_nMakeCurrent 0000000180004d80 f   WinGLContext.obj
 0001:00003e00       Java_com_sun_prism_es2_WinGLDrawable_nCreateDrawable 0000000180004e00 f   WinGLDrawable.obj
 0001:00003f00       Java_com_sun_prism_es2_WinGLDrawable_nGetDummyDrawable 0000000180004f00 f   WinGLDrawable.obj
 0001:00003f80       Java_com_sun_prism_es2_WinGLDrawable_nSwapBuffers 0000000180004f80 f   WinGLDrawable.obj
 0001:00003fb0       _get_startup_argv_mode     0000000180004fb0 f   MSVCRT:argv_mode.obj
 0001:00003fb0       Java_com_sun_prism_es2_WinGLFactory_nGetAdapterCount 0000000180004fb0 f   WinGLFactory.obj
 0001:00003fc0       __scrt_stub_for_is_c_termination_complete 0000000180004fc0 f   MSVCRT:ucrt_stubs.obj
 0001:00003fc0       Java_com_sun_prism_es2_WinGLFactory_nGetAdapterOrdinal 0000000180004fc0 f   WinGLFactory.obj
 0001:00003fc0       _is_c_termination_complete 0000000180004fc0 f   MSVCRT:ucrt_stubs.obj
 0001:00003fd0       Java_com_sun_prism_es2_WinGLFactory_nGetIsGL2 0000000180004fd0 f   WinGLFactory.obj
 0001:00003fe0       Java_com_sun_prism_es2_WinGLFactory_nInitialize 0000000180004fe0 f   WinGLFactory.obj
 0001:00004410       WndProc                    0000000180005410 f   WinGLFactory.obj
 0001:00004420       createDummyWindow          0000000180005420 f   WinGLFactory.obj
 0001:00004520       getPFD                     0000000180005520 f   WinGLFactory.obj
 0001:000045c0       printAndReleaseResources   00000001800055c0 f   WinGLFactory.obj
 0001:00004670       Java_com_sun_prism_es2_WinGLPixelFormat_nCreatePixelFormat 0000000180005670 f   WinGLPixelFormat.obj
 0001:000047f4       __GSHandlerCheck           00000001800057f4 f   MSVCRT:gshandler.obj
 0001:00004814       __GSHandlerCheckCommon     0000000180005814 f   MSVCRT:gshandler.obj
 0001:00004880       __security_check_cookie    0000000180005880 f   MSVCRT:amdsecgs.obj
 0001:00004bd4       _DllMainCRTStartup         0000000180005bd4 f   MSVCRT:dll_dllmain.obj
 0001:00004c14       __raise_securityfailure    0000000180005c14 f   MSVCRT:gs_report.obj
 0001:00004c48       __report_gsfailure         0000000180005c48 f   MSVCRT:gs_report.obj
 0001:00004d90       __security_init_cookie     0000000180005d90 f   MSVCRT:gs_support.obj
 0001:00004e3c       DllMain                    0000000180005e3c f   MSVCRT:dll_dllmain_stub.obj
 0001:00004e60       ?__scrt_initialize_type_info@@YAXXZ 0000000180005e60 f   MSVCRT:tncleanup.obj
 0001:00004e70       ?__scrt_uninitialize_type_info@@YAXXZ 0000000180005e70 f   MSVCRT:tncleanup.obj
 0001:00004e7c       __local_stdio_scanf_options 0000000180005e7c f i MSVCRT:default_local_stdio_options.obj
 0001:00004e84       __scrt_initialize_default_local_stdio_options 0000000180005e84 f   MSVCRT:default_local_stdio_options.obj
 0001:00004ea0       __scrt_acquire_startup_lock 0000000180005ea0 f   MSVCRT:utility.obj
 0001:00004edc       __scrt_dllmain_after_initialize_c 0000000180005edc f   MSVCRT:utility.obj
 0001:00004f10       __scrt_dllmain_before_initialize_c 0000000180005f10 f   MSVCRT:utility.obj
 0001:00004f28       __scrt_dllmain_crt_thread_attach 0000000180005f28 f   MSVCRT:utility.obj
 0001:00004f50       __scrt_dllmain_crt_thread_detach 0000000180005f50 f   MSVCRT:utility.obj
 0001:00004f68       __scrt_dllmain_exception_filter 0000000180005f68 f   MSVCRT:utility.obj
 0001:00004fc8       __scrt_dllmain_uninitialize_c 0000000180005fc8 f   MSVCRT:utility.obj
 0001:00004ff8       __scrt_dllmain_uninitialize_critical 0000000180005ff8 f   MSVCRT:utility.obj
 0001:0000500c       __scrt_initialize_crt      000000018000600c f   MSVCRT:utility.obj
 0001:00005058       __scrt_initialize_onexit_tables 0000000180006058 f   MSVCRT:utility.obj
 0001:00005130       __scrt_is_nonwritable_in_current_image 0000000180006130 f   MSVCRT:utility.obj
 0001:000051cc       __scrt_release_startup_lock 00000001800061cc f   MSVCRT:utility.obj
 0001:000051f0       __scrt_uninitialize_crt    00000001800061f0 f   MSVCRT:utility.obj
 0001:0000521c       __scrt_get_dyn_tls_init_callback 000000018000621c f   MSVCRT:dyn_tls_init.obj
 0001:00005224       __crt_debugger_hook        0000000180006224 f   MSVCRT:utility_desktop.obj
 0001:0000522c       __scrt_fastfail            000000018000622c f   MSVCRT:utility_desktop.obj
 0001:00005378       _RTC_Initialize            0000000180006378 f   MSVCRT:initsect.obj
 0001:000053b4       _RTC_Terminate             00000001800063b4 f   MSVCRT:initsect.obj
 0001:000053f0       _guard_check_icall_nop     00000001800063f0 f i MSVCRT:guard_support.obj
 0001:000053f4       __isa_available_init       00000001800063f4 f   MSVCRT:cpu_disp.obj
 0001:000055b0       __scrt_is_ucrt_dll_in_use  00000001800065b0 f   MSVCRT:ucrt_detection.obj
 0001:000055c0       memset                     00000001800065c0 f   vcruntime:VCRUNTIME140.dll
 0001:000055c6       strchr                     00000001800065c6 f   vcruntime:VCRUNTIME140.dll
 0001:000055cc       strstr                     00000001800065cc f   vcruntime:VCRUNTIME140.dll
 0001:000055d2       __C_specific_handler       00000001800065d2 f   vcruntime:VCRUNTIME140.dll
 0001:000055d8       __std_type_info_destroy_list 00000001800065d8 f   vcruntime:VCRUNTIME140.dll
 0001:000055de       _initterm                  00000001800065de f   ucrt:api-ms-win-crt-runtime-l1-1-0.dll
 0001:000055e4       _initterm_e                00000001800065e4 f   ucrt:api-ms-win-crt-runtime-l1-1-0.dll
 0001:000055ea       _seh_filter_dll            00000001800065ea f   ucrt:api-ms-win-crt-runtime-l1-1-0.dll
 0001:000055f0       _configure_narrow_argv     00000001800065f0 f   ucrt:api-ms-win-crt-runtime-l1-1-0.dll
 0001:000055f6       _initialize_narrow_environment 00000001800065f6 f   ucrt:api-ms-win-crt-runtime-l1-1-0.dll
 0001:000055fc       _initialize_onexit_table   00000001800065fc f   ucrt:api-ms-win-crt-runtime-l1-1-0.dll
 0001:00005602       _execute_onexit_table      0000000180006602 f   ucrt:api-ms-win-crt-runtime-l1-1-0.dll
 0001:00005608       _cexit                     0000000180006608 f   ucrt:api-ms-win-crt-runtime-l1-1-0.dll
 0001:0000560e       IsProcessorFeaturePresent  000000018000660e f   kernel32:KERNEL32.dll
 0001:00005614       __vcrt_thread_attach       0000000180006614 f   MSVCRT:ucrt_stubs.obj
 0001:00005614       __acrt_thread_detach       0000000180006614 f   MSVCRT:ucrt_stubs.obj
 0001:00005614       __vcrt_uninitialize_critical 0000000180006614 f   MSVCRT:ucrt_stubs.obj
 0001:00005614       __vcrt_thread_detach       0000000180006614 f   MSVCRT:ucrt_stubs.obj
 0001:00005614       __scrt_stub_for_acrt_uninitialize 0000000180006614 f   MSVCRT:ucrt_stubs.obj
 0001:00005614       __acrt_initialize          0000000180006614 f   MSVCRT:ucrt_stubs.obj
 0001:00005614       __acrt_thread_attach       0000000180006614 f   MSVCRT:ucrt_stubs.obj
 0001:00005614       __vcrt_initialize          0000000180006614 f   MSVCRT:ucrt_stubs.obj
 0001:00005614       __vcrt_uninitialize        0000000180006614 f   MSVCRT:ucrt_stubs.obj
 0001:00005614       __acrt_uninitialize_critical 0000000180006614 f   MSVCRT:ucrt_stubs.obj
 0001:00005614       __scrt_stub_for_acrt_thread_attach 0000000180006614 f   MSVCRT:ucrt_stubs.obj
 0001:00005614       __scrt_stub_for_acrt_initialize 0000000180006614 f   MSVCRT:ucrt_stubs.obj
 0001:00005614       __scrt_stub_for_acrt_uninitialize_critical 0000000180006614 f   MSVCRT:ucrt_stubs.obj
 0001:00005614       __scrt_stub_for_acrt_thread_detach 0000000180006614 f   MSVCRT:ucrt_stubs.obj
 0001:00005614       __acrt_uninitialize        0000000180006614 f   MSVCRT:ucrt_stubs.obj
 0001:00005630       _guard_dispatch_icall_nop  0000000180006630 f   MSVCRT:guard_dispatch.obj
 0002:00000000       __imp_SetPixelFormat       0000000180007000     gdi32:GDI32.dll
 0002:00000008       __imp_ChoosePixelFormat    0000000180007008     gdi32:GDI32.dll
 0002:00000010       __imp_DeleteObject         0000000180007010     gdi32:GDI32.dll
 0002:00000018       __imp_SwapBuffers          0000000180007018     gdi32:GDI32.dll
 0002:00000020       \177GDI32_NULL_THUNK_DATA  0000000180007020     gdi32:GDI32.dll
 0002:00000028       __imp_GetCurrentProcess    0000000180007028     kernel32:KERNEL32.dll
 0002:00000030       __imp_TerminateProcess     0000000180007030     kernel32:KERNEL32.dll
 0002:00000038       __imp_IsProcessorFeaturePresent 0000000180007038     kernel32:KERNEL32.dll
 0002:00000040       __imp_QueryPerformanceCounter 0000000180007040     kernel32:KERNEL32.dll
 0002:00000048       __imp_GetCurrentProcessId  0000000180007048     kernel32:KERNEL32.dll
 0002:00000050       __imp_UnhandledExceptionFilter 0000000180007050     kernel32:KERNEL32.dll
 0002:00000058       __imp_GetSystemTimeAsFileTime 0000000180007058     kernel32:KERNEL32.dll
 0002:00000060       __imp_DisableThreadLibraryCalls 0000000180007060     kernel32:KERNEL32.dll
 0002:00000068       __imp_InitializeSListHead  0000000180007068     kernel32:KERNEL32.dll
 0002:00000070       __imp_IsDebuggerPresent    0000000180007070     kernel32:KERNEL32.dll
 0002:00000078       __imp_SetUnhandledExceptionFilter 0000000180007078     kernel32:KERNEL32.dll
 0002:00000080       __imp_RtlVirtualUnwind     0000000180007080     kernel32:KERNEL32.dll
 0002:00000088       __imp_RtlLookupFunctionEntry 0000000180007088     kernel32:KERNEL32.dll
 0002:00000090       __imp_GetCurrentThreadId   0000000180007090     kernel32:KERNEL32.dll
 0002:00000098       __imp_RtlCaptureContext    0000000180007098     kernel32:KERNEL32.dll
 0002:000000a0       \177KERNEL32_NULL_THUNK_DATA 00000001800070a0     kernel32:KERNEL32.dll
 0002:000000a8       __imp_glBindTexture        00000001800070a8     opengl32:OPENGL32.dll
 0002:000000b0       __imp_glTexSubImage2D      00000001800070b0     opengl32:OPENGL32.dll
 0002:000000b8       __imp_wglCreateContext     00000001800070b8     opengl32:OPENGL32.dll
 0002:000000c0       __imp_glDeleteTextures     00000001800070c0     opengl32:OPENGL32.dll
 0002:000000c8       __imp_wglMakeCurrent       00000001800070c8     opengl32:OPENGL32.dll
 0002:000000d0       __imp_glGetString          00000001800070d0     opengl32:OPENGL32.dll
 0002:000000d8       __imp_glGenTextures        00000001800070d8     opengl32:OPENGL32.dll
 0002:000000e0       __imp_glDrawElements       00000001800070e0     opengl32:OPENGL32.dll
 0002:000000e8       __imp_glTexImage2D         00000001800070e8     opengl32:OPENGL32.dll
 0002:000000f0       __imp_glTexParameteri      00000001800070f0     opengl32:OPENGL32.dll
 0002:000000f8       __imp_glReadPixels         00000001800070f8     opengl32:OPENGL32.dll
 0002:00000100       __imp_glPixelStorei        0000000180007100     opengl32:OPENGL32.dll
 0002:00000108       __imp_glViewport           0000000180007108     opengl32:OPENGL32.dll
 0002:00000110       __imp_glDepthMask          0000000180007110     opengl32:OPENGL32.dll
 0002:00000118       __imp_glDepthFunc          0000000180007118     opengl32:OPENGL32.dll
 0002:00000120       __imp_glFinish             0000000180007120     opengl32:OPENGL32.dll
 0002:00000128       __imp_glGetError           0000000180007128     opengl32:OPENGL32.dll
 0002:00000130       __imp_glGetIntegerv        0000000180007130     opengl32:OPENGL32.dll
 0002:00000138       __imp_glDisable            0000000180007138     opengl32:OPENGL32.dll
 0002:00000140       __imp_glEnable             0000000180007140     opengl32:OPENGL32.dll
 0002:00000148       __imp_glScissor            0000000180007148     opengl32:OPENGL32.dll
 0002:00000150       __imp_glPolygonMode        0000000180007150     opengl32:OPENGL32.dll
 0002:00000158       __imp_wglDeleteContext     0000000180007158     opengl32:OPENGL32.dll
 0002:00000160       __imp_glFrontFace          0000000180007160     opengl32:OPENGL32.dll
 0002:00000168       __imp_glCullFace           0000000180007168     opengl32:OPENGL32.dll
 0002:00000170       __imp_glBlendFunc          0000000180007170     opengl32:OPENGL32.dll
 0002:00000178       __imp_glClear              0000000180007178     opengl32:OPENGL32.dll
 0002:00000180       __imp_glClearColor         0000000180007180     opengl32:OPENGL32.dll
 0002:00000188       __imp_wglGetProcAddress    0000000180007188     opengl32:OPENGL32.dll
 0002:00000190       \177OPENGL32_NULL_THUNK_DATA 0000000180007190     opengl32:OPENGL32.dll
 0002:00000198       __imp_RegisterClassW       0000000180007198     user32:USER32.dll
 0002:000001a0       __imp_CreateWindowExW      00000001800071a0     user32:USER32.dll
 0002:000001a8       __imp_ReleaseDC            00000001800071a8     user32:USER32.dll
 0002:000001b0       __imp_UnregisterClassW     00000001800071b0     user32:USER32.dll
 0002:000001b8       __imp_DestroyWindow        00000001800071b8     user32:USER32.dll
 0002:000001c0       __imp_GetDC                00000001800071c0     user32:USER32.dll
 0002:000001c8       __imp_DefWindowProcW       00000001800071c8     user32:USER32.dll
 0002:000001d0       \177USER32_NULL_THUNK_DATA 00000001800071d0     user32:USER32.dll
 0002:000001d8       __imp_strstr               00000001800071d8     vcruntime:VCRUNTIME140.dll
 0002:000001e0       __imp___std_type_info_destroy_list 00000001800071e0     vcruntime:VCRUNTIME140.dll
 0002:000001e8       __imp_memset               00000001800071e8     vcruntime:VCRUNTIME140.dll
 0002:000001f0       __imp_strchr               00000001800071f0     vcruntime:VCRUNTIME140.dll
 0002:000001f8       __imp___C_specific_handler 00000001800071f8     vcruntime:VCRUNTIME140.dll
 0002:00000200       \177VCRUNTIME140_NULL_THUNK_DATA 0000000180007200     vcruntime:VCRUNTIME140.dll
 0002:00000208       __imp_atoi                 0000000180007208     ucrt:api-ms-win-crt-convert-l1-1-0.dll
 0002:00000210       \177api-ms-win-crt-convert-l1-1-0_NULL_THUNK_DATA 0000000180007210     ucrt:api-ms-win-crt-convert-l1-1-0.dll
 0002:00000218       __imp_malloc               0000000180007218     ucrt:api-ms-win-crt-heap-l1-1-0.dll
 0002:00000220       __imp_free                 0000000180007220     ucrt:api-ms-win-crt-heap-l1-1-0.dll
 0002:00000228       \177api-ms-win-crt-heap-l1-1-0_NULL_THUNK_DATA 0000000180007228     ucrt:api-ms-win-crt-heap-l1-1-0.dll
 0002:00000230       __imp__initterm            0000000180007230     ucrt:api-ms-win-crt-runtime-l1-1-0.dll
 0002:00000238       __imp__initterm_e          0000000180007238     ucrt:api-ms-win-crt-runtime-l1-1-0.dll
 0002:00000240       __imp__seh_filter_dll      0000000180007240     ucrt:api-ms-win-crt-runtime-l1-1-0.dll
 0002:00000248       __imp__configure_narrow_argv 0000000180007248     ucrt:api-ms-win-crt-runtime-l1-1-0.dll
 0002:00000250       __imp__cexit               0000000180007250     ucrt:api-ms-win-crt-runtime-l1-1-0.dll
 0002:00000258       __imp__execute_onexit_table 0000000180007258     ucrt:api-ms-win-crt-runtime-l1-1-0.dll
 0002:00000260       __imp__initialize_onexit_table 0000000180007260     ucrt:api-ms-win-crt-runtime-l1-1-0.dll
 0002:00000268       __imp__initialize_narrow_environment 0000000180007268     ucrt:api-ms-win-crt-runtime-l1-1-0.dll
 0002:00000270       \177api-ms-win-crt-runtime-l1-1-0_NULL_THUNK_DATA 0000000180007270     ucrt:api-ms-win-crt-runtime-l1-1-0.dll
 0002:00000278       __imp___stdio_common_vfprintf 0000000180007278     ucrt:api-ms-win-crt-stdio-l1-1-0.dll
 0002:00000280       __imp___acrt_iob_func      0000000180007280     ucrt:api-ms-win-crt-stdio-l1-1-0.dll
 0002:00000288       \177api-ms-win-crt-stdio-l1-1-0_NULL_THUNK_DATA 0000000180007288     ucrt:api-ms-win-crt-stdio-l1-1-0.dll
 0002:00000290       __imp_strtok_s             0000000180007290     ucrt:api-ms-win-crt-string-l1-1-0.dll
 0002:00000298       __imp__strdup              0000000180007298     ucrt:api-ms-win-crt-string-l1-1-0.dll
 0002:000002a0       \177api-ms-win-crt-string-l1-1-0_NULL_THUNK_DATA 00000001800072a0     ucrt:api-ms-win-crt-string-l1-1-0.dll
 0002:000002a8       __guard_check_icall_fptr   00000001800072a8     MSVCRT:guard_support.obj
 0002:000002b0       __guard_dispatch_icall_fptr 00000001800072b0     MSVCRT:guard_support.obj
 0002:000002b8       __xc_a                     00000001800072b8     MSVCRT:initializers.obj
 0002:000002c0       __xc_z                     00000001800072c0     MSVCRT:initializers.obj
 0002:000002c8       __xi_a                     00000001800072c8     MSVCRT:initializers.obj
 0002:000002d0       __xi_z                     00000001800072d0     MSVCRT:initializers.obj
 0002:000002d8       __xp_a                     00000001800072d8     MSVCRT:initializers.obj
 0002:000002e0       __xp_z                     00000001800072e0     MSVCRT:initializers.obj
 0002:000002e8       __xt_a                     00000001800072e8     MSVCRT:initializers.obj
 0002:000002f0       __xt_z                     00000001800072f0     MSVCRT:initializers.obj
 0002:00000300       ??_C@_0DK@EFIIDDBN@Error?3?5Unknown?5scale?5factor?4?5Re@ 0000000180007300     GLContext.obj
 0002:00000340       ??_C@_0GJ@DMMKMMIA@Framebuffer?5object?5format?5is?5un@ 0000000180007340     GLContext.obj
 0002:000003b0       ??_C@_0EK@OABGLLML@Incomplete?5attachment?4?5?$CIGL_FRAM@ 00000001800073b0     GLContext.obj
 0002:00000400       ??_C@_0FK@BADGNHHG@Incomplete?5missing?5attachment?4?5@ 0000000180007400     GLContext.obj
 0002:00000460       ??_C@_0EO@OFICMIHD@Incomplete?5dimensions?4?5?$CIGL_FRAM@ 0000000180007460     GLContext.obj
 0002:000004b0       ??_C@_0EI@CBNPFAG@Incomplete?5formats?4?5?$CIGL_FRAMEBU@ 00000001800074b0     GLContext.obj
 0002:00000500       ??_C@_0EM@JAKBONIB@Incomplete?5draw?5buffer?4?5?$CIGL_FRA@ 0000000180007500     GLContext.obj
 0002:00000550       ??_C@_0EM@JEKMNAJD@Incomplete?5read?5buffer?4?5?$CIGL_FRA@ 0000000180007550     GLContext.obj
 0002:000005a0       ??_C@_0FD@EGLIHKPD@Incomplete?5multisample?5buffer?4?5@ 00000001800075a0     GLContext.obj
 0002:00000600       ??_C@_0GK@LBGFJMHL@Some?5video?5driver?5error?5or?5prog@ 0000000180007600     GLContext.obj
 0002:00000670       ??_C@_0CI@CIFGDMJP@Error?5creating?5render?5buffer?5ob@ 0000000180007670     GLContext.obj
 0002:00000698       ??_C@_0DC@LFCMPNKI@Error?5creating?5framebuffer?5obje@ 0000000180007698     GLContext.obj
 0002:000006d0       ??_C@_0BI@DGNDGIOO@Program?5link?5log?3?5?$CF?4?$CKs?6@ 00000001800076d0     GLContext.obj
 0002:000006f0       ??_C@_0FB@CNJLPMAP@glLinkProgram?3?5GL_LINK_STATUS?5r@ 00000001800076f0     GLContext.obj
 0002:00000748       ??_C@_0BK@EHDIBCLC@Shader?5compile?5log?3?5?$CF?4?$CKs?6@ 0000000180007748     GLContext.obj
 0002:00000770       ??_C@_0FG@CJKCPKEL@glCompileShader?3?5GL_COMPILE_STA@ 0000000180007770     GLContext.obj
 0002:000007c8       ??_C@_0CO@IEBGOCLJ@warning?3?5Unknown?5value?4?5Returni@ 00000001800077c8     GLContext.obj
 0002:000007f8       ??_C@_0CO@LAMGMDCO@warning?3?5Unknown?5pname?4?5Returni@ 00000001800077f8     GLContext.obj
 0002:00000828       ??_C@_0BP@NEPGBHEM@doReadPixels?3?5ctxInfo?5is?5NULL?6@ 0000000180007828     GLContext.obj
 0002:00000848       ??_C@_0DE@MEOEKOMD@doReadPixels?3?5pixel?5buffer?5too?5@ 0000000180007848     GLContext.obj
 0002:00000880       ??_C@_0CE@PHPDCPHO@doReadPixels?3?5pixel?5buffer?5is?5N@ 0000000180007880     GLContext.obj
 0002:000008b0       ??_C@_0EF@GJCFJKKG@nTexImage2D1?3?5GetPrimitiveArray@ 00000001800078b0     GLContext.obj
 0002:00000900       ??_C@_0EI@KIHEAHJM@nTexSubImage2D1?3?5GetPrimitiveAr@ 0000000180007900     GLContext.obj
 0002:00000950       ??_C@_0EF@NBINADJM@nUniform4fv1?3?5GetPrimitiveArray@ 0000000180007950     GLContext.obj
 0002:000009a0       ??_C@_0EF@CIANMLMP@nUniform4iv1?3?5GetPrimitiveArray@ 00000001800079a0     GLContext.obj
 0002:000009f0       ??_C@_0EK@HLELEIHP@nUniformMatrix4fv?3?5GetPrimitive@ 00000001800079f0     GLContext.obj
 0002:00000a40       ??_C@_0CC@CJNEHBAN@nCreateES2Mesh?3?5Failed?5in?5mallo@ 0000000180007a40     GLContext.obj
 0002:00000a68       ??_C@_0CL@DOCMPCHE@nCreateES2PhongMaterial?3?5Failed@ 0000000180007a68     GLContext.obj
 0002:00000a98       ??_C@_0CD@LAGEJAHL@nSetMap?3?5mapType?5is?5out?5of?5boun@ 0000000180007a98     GLContext.obj
 0002:00000ac0       ??_C@_0CG@DLIEKEBD@nCreateES2MeshView?3?5Failed?5in?5m@ 0000000180007ac0     GLContext.obj
 0002:00000ae8       ??_C@_0BE@OGGHAAB@Out?5Of?5Memory?5Error@ 0000000180007ae8     GLFactory.obj
 0002:00000afc       ??_C@_01LFCBOECM@?4@       0000000180007afc     GLFactory.obj
 0002:00000b00       ??_C@_0BJ@CPBEBKBK@Failed?5in?5SetPixelFormat@ 0000000180007b00     WinGLContext.obj
 0002:00000b20       ??_C@_0BL@IHIJPKKE@Failed?5in?5wglCreateContext@ 0000000180007b20     WinGLContext.obj
 0002:00000b40       ??_C@_0BJ@OFHHGOD@Failed?5in?5wglMakeCurrent@ 0000000180007b40     WinGLContext.obj
 0002:00000b60       ??_C@_0BC@IHAMHKPB@glVersion?5?$DN?$DN?5null@ 0000000180007b60     WinGLContext.obj
 0002:00000b78       ??_C@_0CB@HNDHEBPM@GL_VERSION?5?$CImajor?4minor?$CJ?5?$DN?5?$CFd?4?$CF@ 0000000180007b78     WinGLContext.obj
 0002:00000ba0       ??_C@_09KOIOCIHC@?$DMUNKNOWN?$DO@ 0000000180007ba0     WinGLContext.obj
 0002:00000bb0       ??_C@_0BF@OEGABKKM@glExtensions?5?$DN?$DN?5null@ 0000000180007bb0     WinGLContext.obj
 0002:00000bc8       ??_C@_0BL@CHKAOFBM@GL_ARB_pixel_buffer_object@ 0000000180007bc8     WinGLContext.obj
 0002:00000be8       ??_C@_0CA@LGMGGFNM@GL?5profile?5isn?8t?5PS?53?40?5capable@ 0000000180007be8     WinGLContext.obj
 0002:00000c08       ??_C@_0BK@JOBLJGNA@wglGetExtensionsStringARB@ 0000000180007c08     WinGLContext.obj
 0002:00000c28       ??_C@_0CM@LGEPCBMK@wglGetExtensionsStringARB?5is?5no@ 0000000180007c28     WinGLContext.obj
 0002:00000c58       ??_C@_0BG@IDLCKLMC@wglExtensions?5?$DN?$DN?5null@ 0000000180007c58     WinGLContext.obj
 0002:00000c70       ??_C@_0BP@GLABAFL@nInitialize?3?5Failed?5in?5malloc?6@ 0000000180007c70     WinGLContext.obj
 0002:00000c90       ??_C@_0BA@KOBBIKOF@glActiveTexture@ 0000000180007c90     WinGLContext.obj
 0002:00000ca0       ??_C@_0P@LDMLEABL@glAttachShader@ 0000000180007ca0     WinGLContext.obj
 0002:00000cb0       ??_C@_0BF@MHKEFIHM@glBindAttribLocation@ 0000000180007cb0     WinGLContext.obj
 0002:00000cc8       ??_C@_0BC@CJMIBNO@glBindFramebuffer@ 0000000180007cc8     WinGLContext.obj
 0002:00000ce0       ??_C@_0BD@EPOPJGFA@glBindRenderbuffer@ 0000000180007ce0     WinGLContext.obj
 0002:00000cf8       ??_C@_0BJ@GIOLHEAD@glCheckFramebufferStatus@ 0000000180007cf8     WinGLContext.obj
 0002:00000d18       ??_C@_0BA@FLKLHNKP@glCreateProgram@ 0000000180007d18     WinGLContext.obj
 0002:00000d28       ??_C@_0P@HGHBNC@glCreateShader@ 0000000180007d28     WinGLContext.obj
 0002:00000d38       ??_C@_0BA@DGIEGONF@glCompileShader@ 0000000180007d38     WinGLContext.obj
 0002:00000d48       ??_C@_0BA@DMNLADIO@glDeleteBuffers@ 0000000180007d48     WinGLContext.obj
 0002:00000d58       ??_C@_0BF@DJNJENP@glDeleteFramebuffers@ 0000000180007d58     WinGLContext.obj
 0002:00000d70       ??_C@_0BA@NKGCDOPO@glDeleteProgram@ 0000000180007d70     WinGLContext.obj
 0002:00000d80       ??_C@_0BG@KKOKEJDE@glDeleteRenderbuffers@ 0000000180007d80     WinGLContext.obj
 0002:00000d98       ??_C@_0P@HHCDONAG@glDeleteShader@ 0000000180007d98     WinGLContext.obj
 0002:00000da8       ??_C@_0P@DJFJFCJL@glDetachShader@ 0000000180007da8     WinGLContext.obj
 0002:00000db8       ??_C@_0BL@NKHLOFFF@glDisableVertexAttribArray@ 0000000180007db8     WinGLContext.obj
 0002:00000dd8       ??_C@_0BK@EHBAHNHE@glEnableVertexAttribArray@ 0000000180007dd8     WinGLContext.obj
 0002:00000df8       ??_C@_0BK@OJDINAOA@glFramebufferRenderbuffer@ 0000000180007df8     WinGLContext.obj
 0002:00000e18       ??_C@_0BH@JCIFGDEF@glFramebufferTexture2D@ 0000000180007e18     WinGLContext.obj
 0002:00000e30       ??_C@_0BC@FAPEBGID@glGenFramebuffers@ 0000000180007e30     WinGLContext.obj
 0002:00000e48       ??_C@_0BD@MIGEDNGJ@glGenRenderbuffers@ 0000000180007e48     WinGLContext.obj
 0002:00000e60       ??_C@_0P@FMMDFLCO@glGetProgramiv@ 0000000180007e60     WinGLContext.obj
 0002:00000e70       ??_C@_0O@JBDFPDMG@glGetShaderiv@ 0000000180007e70     WinGLContext.obj
 0002:00000e80       ??_C@_0BF@KIOPGICP@glGetUniformLocation@ 0000000180007e80     WinGLContext.obj
 0002:00000e98       ??_C@_0O@PIOEEBPO@glLinkProgram@ 0000000180007e98     WinGLContext.obj
 0002:00000ea8       ??_C@_0BG@EOIILGMJ@glRenderbufferStorage@ 0000000180007ea8     WinGLContext.obj
 0002:00000ec0       ??_C@_0P@DFHCPFMO@glShaderSource@ 0000000180007ec0     WinGLContext.obj
 0002:00000ed0       ??_C@_0M@MLICAPOF@glUniform1f@ 0000000180007ed0     WinGLContext.obj
 0002:00000ee0       ??_C@_0M@MJMELBLM@glUniform2f@ 0000000180007ee0     WinGLContext.obj
 0002:00000ef0       ??_C@_0M@MIAGNLIL@glUniform3f@ 0000000180007ef0     WinGLContext.obj
 0002:00000f00       ??_C@_0M@MNEJMNAO@glUniform4f@ 0000000180007f00     WinGLContext.obj
 0002:00000f10       ??_C@_0N@JOBALKLK@glUniform4fv@ 0000000180007f10     WinGLContext.obj
 0002:00000f20       ??_C@_0M@EMBKBDCK@glUniform1i@ 0000000180007f20     WinGLContext.obj
 0002:00000f30       ??_C@_0M@EOFMKNHD@glUniform2i@ 0000000180007f30     WinGLContext.obj
 0002:00000f40       ??_C@_0M@EPJOMHEE@glUniform3i@ 0000000180007f40     WinGLContext.obj
 0002:00000f50       ??_C@_0M@EKNBNBMB@glUniform4i@ 0000000180007f50     WinGLContext.obj
 0002:00000f60       ??_C@_0N@JFEMPNIH@glUniform4iv@ 0000000180007f60     WinGLContext.obj
 0002:00000f70       ??_C@_0BD@LNHCBEKP@glUniformMatrix4fv@ 0000000180007f70     WinGLContext.obj
 0002:00000f88       ??_C@_0N@ICBDHBI@glUseProgram@ 0000000180007f88     WinGLContext.obj
 0002:00000f98       ??_C@_0BC@MAPGDLJK@glValidateProgram@ 0000000180007f98     WinGLContext.obj
 0002:00000fb0       ??_C@_0BG@JPNNNPKG@glVertexAttribPointer@ 0000000180007fb0     WinGLContext.obj
 0002:00000fc8       ??_C@_0N@LAOHBIBA@glGenBuffers@ 0000000180007fc8     WinGLContext.obj
 0002:00000fd8       ??_C@_0N@BONEPPLO@glBindBuffer@ 0000000180007fd8     WinGLContext.obj
 0002:00000fe8       ??_C@_0N@JHHJMABP@glBufferData@ 0000000180007fe8     WinGLContext.obj
 0002:00000ff8       ??_C@_0BA@GAJMDBBN@glBufferSubData@ 0000000180007ff8     WinGLContext.obj
 0002:00001008       ??_C@_0BD@GIABBCMO@glGetShaderInfoLog@ 0000000180008008     WinGLContext.obj
 0002:00001020       ??_C@_0BE@DHGHAJFL@glGetProgramInfoLog@ 0000000180008020     WinGLContext.obj
 0002:00001038       ??_C@_0BI@FHDFLFA@glTexImage2DMultisample@ 0000000180008038     WinGLContext.obj
 0002:00001050       ??_C@_0CB@HNONLGJE@glRenderbufferStorageMultisampl@ 0000000180008050     WinGLContext.obj
 0002:00001078       ??_C@_0BC@OANBDDEP@glBlitFramebuffer@ 0000000180008078     WinGLContext.obj
 0002:00001090       ??_C@_0BF@NPDKPIKE@WGL_EXT_swap_control@ 0000000180008090     WinGLContext.obj
 0002:000010a8       ??_C@_0BD@IINOPBDD@wglSwapIntervalEXT@ 00000001800080a8     WinGLContext.obj
 0002:000010c0       ??_C@_0BJ@PHABGKOM@nCreateHdc?3?5Invalid?5hwnd@ 00000001800080c0     WinGLDrawable.obj
 0002:000010e0       ??_C@_0CF@DMACDBFC@nCreateHdc?3?5Failed?5in?5SetPixelF@ 00000001800080e0     WinGLDrawable.obj
 0002:00001108       ??_C@_0CD@GDCGPBJK@nCreateDrawable?3?5Failed?5in?5mall@ 0000000180008108     WinGLDrawable.obj
 0002:00001130       ??_C@_0CF@FDHNGDLN@nGetDummyDrawable?3?5Failed?5in?5ma@ 0000000180008130     WinGLDrawable.obj
 0002:00001158       ??_C@_1BK@JNPNNJPK@?$AAD?$AAu?$AAm?$AAm?$AAy?$AA?5?$AAW?$AAi?$AAn?$AAd?$AAo?$AAw@ 0000000180008158     WinGLFactory.obj
 0002:00001178       ??_C@_1CI@IFCCEEHO@?$AAC?$AAh?$AAo?$AAo?$AAs?$AAe?$AA?5?$AAP?$AAi?$AAx?$AAe?$AAl?$AA?5?$AAF?$AAo@ 0000000180008178     WinGLFactory.obj
 0002:000011a0       ??_C@_0CM@IGBBODHB@createDummyWindow?3?5couldn?8t?5reg@ 00000001800081a0     WinGLFactory.obj
 0002:000011d0       ??_C@_0CL@MDLGJPOM@createDummyWindow?3?5couldn?8t?5cre@ 00000001800081d0     WinGLFactory.obj
 0002:000011fc       ??_C@_03OFAPEBGM@?$CFs?6@  00000001800081fc     WinGLFactory.obj
 0002:00001200       ??_C@_0BA@MNAECLBD@Failed?5in?5GetDC@ 0000000180008200     WinGLFactory.obj
 0002:00001210       ??_C@_0BM@CACEJNMO@Failed?5in?5ChoosePixelFormat@ 0000000180008210     WinGLFactory.obj
 0002:00001230       __xmm@00000000000000000000000000000006 0000000180008230     WinGLFactory.obj
 0002:00001240       ??_C@_0CG@COBAMGEC@nCreatePixelFormat?3?5Failed?5in?5m@ 0000000180008240     WinGLPixelFormat.obj
 0002:00001268       _pRawDllMain               0000000180008268     MSVCRT:dll_dllmain.obj
 0002:00001268       _pDefaultRawDllMain        0000000180008268     MSVCRT:dll_dllmain.obj
 0002:000012a0       _load_config_used          00000001800082a0     MSVCRT:loadcfg.obj
 0002:000015e0       __rtc_iaa                  00000001800085e0     MSVCRT:initsect.obj
 0002:000015e8       __rtc_izz                  00000001800085e8     MSVCRT:initsect.obj
 0002:000015f0       __rtc_taa                  00000001800085f0     MSVCRT:initsect.obj
 0002:000015f8       __rtc_tzz                  00000001800085f8     MSVCRT:initsect.obj
 0002:000034d0       __IMPORT_DESCRIPTOR_OPENGL32 000000018000a4d0     opengl32:OPENGL32.dll
 0002:000034e4       __IMPORT_DESCRIPTOR_GDI32  000000018000a4e4     gdi32:GDI32.dll
 0002:000034f8       __IMPORT_DESCRIPTOR_USER32 000000018000a4f8     user32:USER32.dll
 0002:0000350c       __IMPORT_DESCRIPTOR_VCRUNTIME140 000000018000a50c     vcruntime:VCRUNTIME140.dll
 0002:00003520       __IMPORT_DESCRIPTOR_api-ms-win-crt-stdio-l1-1-0 000000018000a520     ucrt:api-ms-win-crt-stdio-l1-1-0.dll
 0002:00003534       __IMPORT_DESCRIPTOR_api-ms-win-crt-heap-l1-1-0 000000018000a534     ucrt:api-ms-win-crt-heap-l1-1-0.dll
 0002:00003548       __IMPORT_DESCRIPTOR_api-ms-win-crt-convert-l1-1-0 000000018000a548     ucrt:api-ms-win-crt-convert-l1-1-0.dll
 0002:0000355c       __IMPORT_DESCRIPTOR_api-ms-win-crt-string-l1-1-0 000000018000a55c     ucrt:api-ms-win-crt-string-l1-1-0.dll
 0002:00003570       __IMPORT_DESCRIPTOR_api-ms-win-crt-runtime-l1-1-0 000000018000a570     ucrt:api-ms-win-crt-runtime-l1-1-0.dll
 0002:00003584       __IMPORT_DESCRIPTOR_KERNEL32 000000018000a584     kernel32:KERNEL32.dll
 0002:00003598       __NULL_IMPORT_DESCRIPTOR   000000018000a598     opengl32:OPENGL32.dll
 0003:00000040       __security_cookie_complement 000000018000b040     MSVCRT:gs_cookie.obj
 0003:00000048       __security_cookie          000000018000b048     MSVCRT:gs_cookie.obj
 0003:00000050       _fltused                   000000018000b050     MSVCRT:fltused.obj
 0003:00000054       __scrt_native_dllmain_reason 000000018000b054     MSVCRT:utility.obj
 0003:00000058       __isa_available            000000018000b058     MSVCRT:cpu_disp.obj
 0003:0000005c       __isa_enabled              000000018000b05c     MSVCRT:cpu_disp.obj
 0003:00000060       __memcpy_nt_iters          000000018000b060     MSVCRT:cpu_disp.obj
 0003:00000070       __scrt_ucrt_dll_is_in_use  000000018000b070     MSVCRT:ucrt_stubs.obj
 0003:00000600       ?__type_info_root_node@@3U__type_info_node@@A 000000018000b600     MSVCRT:tncleanup.obj
 0003:00000610       ?_OptionsStorage@?1??__local_stdio_scanf_options@@9@4_KA 000000018000b610     MSVCRT:default_local_stdio_options.obj
 0003:00000618       __scrt_current_native_startup_state 000000018000b618     MSVCRT:utility.obj
 0003:00000620       __scrt_native_startup_lock 000000018000b620     MSVCRT:utility.obj
 0003:00000660       __scrt_debugger_hook_flag  000000018000b660     MSVCRT:utility_desktop.obj
 0003:00000664       __favor                    000000018000b664     MSVCRT:cpu_disp.obj
 0003:00000668       ?_OptionsStorage@?1??__local_stdio_printf_options@@9@9 000000018000b668     <common>
 0003:00000670       __dyn_tls_init_callback    000000018000b670     <common>

 entry point at        0001:00004bd4

 Static symbols

 0001:000027a0       $LN17                      00000001800037a0     GLContext.obj
 0001:000027c8       $LN16                      00000001800037c8     GLContext.obj
 0001:00002e70       setVertexAttributePointers 0000000180003e70 f   GLContext.obj
 0001:0000316c       $LN38                      000000018000416c     GLContext.obj
 0001:000031ec       $LN37                      00000001800041ec     GLContext.obj
 0001:00003330       $LN21                      0000000180004330     GLContext.obj
 0001:00004870       $$000000                   0000000180005870     MSVCRT:amdsecgs.obj
 0001:000048a4       ?dllmain_crt_dispatch@@YAHQEAUHINSTANCE__@@KQEAX@Z 00000001800058a4 f   MSVCRT:dll_dllmain.obj
 0001:000048f4       ?dllmain_crt_process_attach@@YAHQEAUHINSTANCE__@@QEAX@Z 00000001800058f4 f   MSVCRT:dll_dllmain.obj
 0001:00004a10       ?dllmain_crt_process_detach@@YAH_N@Z 0000000180005a10 f   MSVCRT:dll_dllmain.obj
 0001:00004aa0       ?dllmain_dispatch@@YAHQEAUHINSTANCE__@@KQEAX@Z 0000000180005aa0 f   MSVCRT:dll_dllmain.obj
 0001:00004d1c       capture_previous_context   0000000180005d1c f   MSVCRT:gs_report.obj
 0001:00005620       $$000000                   0000000180006620     MSVCRT:guard_dispatch.obj
 0001:00005632       ?fin$0@?0??dllmain_crt_process_attach@@YAHQEAUHINSTANCE__@@QEAX@Z@4HA 0000000180006632 f   MSVCRT:dll_dllmain.obj
 0001:00005649       ?fin$0@?0??dllmain_crt_process_detach@@YAH_N@Z@4HA 0000000180006649 f   MSVCRT:dll_dllmain.obj
 0001:00005665       ?filt$0@?0??dllmain_dispatch@@YAHQEAUHINSTANCE__@@KQEAX@Z@4HA 0000000180006665 f   MSVCRT:dll_dllmain.obj
 0001:0000569b       __scrt_is_nonwritable_in_current_image$filt$0 000000018000669b f   MSVCRT:utility.obj
 0002:00001270       GS_ExceptionPointers       0000000180008270     MSVCRT:gs_report.obj
 0002:00001600       $unwind$fprintf            0000000180008600     GLContext.obj
 0002:0000160c       $unwind$Java_com_sun_prism_es2_GLContext_nBlendFunc 000000018000860c     GLContext.obj
 0002:0000160c       $unwind$setCullMode        000000018000860c     GLContext.obj
 0002:0000160c       $unwind$_RTC_Initialize    000000018000860c     MSVCRT:initsect.obj
 0002:0000160c       $unwind$setPolyonMode      000000018000860c     GLContext.obj
 0002:0000160c       $unwind$Java_com_sun_prism_es2_GLContext_nUniform4iv0 000000018000860c     GLContext.obj
 0002:0000160c       $unwind$_RTC_Terminate     000000018000860c     MSVCRT:initsect.obj
 0002:0000160c       $unwind$isExtensionSupported 000000018000860c     GLFactory.obj
 0002:00001618       $unwind$Java_com_sun_prism_es2_GLContext_nClearBuffers 0000000180008618     GLContext.obj
 0002:00001620       $unwind$Java_com_sun_prism_es2_GLContext_nCompileShader 0000000180008620     GLContext.obj
 0002:00001634       $unwind$Java_com_sun_prism_es2_GLContext_nCreateDepthBuffer 0000000180008634     GLContext.obj
 0002:00001634       $unwind$Java_com_sun_prism_es2_GLContext_nCreateRenderBuffer 0000000180008634     GLContext.obj
 0002:0000163c       $unwind$Java_com_sun_prism_es2_GLContext_nCreateFBO 000000018000863c     GLContext.obj
 0002:00001648       $unwind$Java_com_sun_prism_es2_GLContext_nCreateProgram 0000000180008648     GLContext.obj
 0002:00001658       $chain$1$Java_com_sun_prism_es2_GLContext_nCreateProgram 0000000180008658     GLContext.obj
 0002:00001670       $chain$2$Java_com_sun_prism_es2_GLContext_nCreateProgram 0000000180008670     GLContext.obj
 0002:00001684       $chain$3$Java_com_sun_prism_es2_GLContext_nCreateProgram 0000000180008684     GLContext.obj
 0002:00001694       $chain$5$Java_com_sun_prism_es2_GLContext_nCreateProgram 0000000180008694     GLContext.obj
 0002:000016ac       $chain$6$Java_com_sun_prism_es2_GLContext_nCreateProgram 00000001800086ac     GLContext.obj
 0002:000016bc       $unwind$Java_com_sun_prism_es2_GLContext_nCreateTexture 00000001800086bc     GLContext.obj
 0002:000016c8       $unwind$Java_com_sun_prism_es2_GLContext_nDeleteRenderBuffer 00000001800086c8     GLContext.obj
 0002:000016c8       $unwind$Java_com_sun_prism_es2_GLContext_nDeleteFBO 00000001800086c8     GLContext.obj
 0002:000016d0       $unwind$__scrt_initialize_default_local_stdio_options 00000001800086d0     MSVCRT:default_local_stdio_options.obj
 0002:000016d0       $unwind$DllMain            00000001800086d0     MSVCRT:dll_dllmain_stub.obj
 0002:000016d0       $unwind$__scrt_acquire_startup_lock 00000001800086d0     MSVCRT:utility.obj
 0002:000016d0       $unwind$__GSHandlerCheck   00000001800086d0     MSVCRT:gshandler.obj
 0002:000016d0       $unwind$__scrt_dllmain_before_initialize_c 00000001800086d0     MSVCRT:utility.obj
 0002:000016d0       $unwind$__scrt_dllmain_after_initialize_c 00000001800086d0     MSVCRT:utility.obj
 0002:000016d0       $unwind$__scrt_dllmain_uninitialize_c 00000001800086d0     MSVCRT:utility.obj
 0002:000016d0       $unwind$Java_com_sun_prism_es2_WinGLDrawable_nSwapBuffers 00000001800086d0     WinGLDrawable.obj
 0002:000016d0       $unwind$__scrt_dllmain_uninitialize_critical 00000001800086d0     MSVCRT:utility.obj
 0002:000016d0       $unwind$Java_com_sun_prism_es2_GLContext_nDeleteTexture 00000001800086d0     GLContext.obj
 0002:000016d0       $unwind$__scrt_dllmain_crt_thread_attach 00000001800086d0     MSVCRT:utility.obj
 0002:000016d0       $unwind$__scrt_dllmain_crt_thread_detach 00000001800086d0     MSVCRT:utility.obj
 0002:000016d0       $unwind$Java_com_sun_prism_es2_GLContext_nGenAndBindTexture 00000001800086d0     GLContext.obj
 0002:000016d0       $unwind$Java_com_sun_prism_es2_GLContext_nGetIntParam 00000001800086d0     GLContext.obj
 0002:000016d0       $unwind$Java_com_sun_prism_es2_GLContext_nGetMaxSampleSize 00000001800086d0     GLContext.obj
 0002:000016d0       $unwind$checkFramebufferStatus 00000001800086d0     GLContext.obj
 0002:000016d0       $unwind$translateScaleFactor 00000001800086d0     GLContext.obj
 0002:000016d0       $unwind$Java_com_sun_prism_es2_GLContext_nGetFBO 00000001800086d0     GLContext.obj
 0002:000016d0       $unwind$Java_com_sun_prism_es2_GLContext_nSetMap 00000001800086d0     GLContext.obj
 0002:000016d0       $unwind$Java_com_sun_prism_es2_GLContext_nUpdateWrapState 00000001800086d0     GLContext.obj
 0002:000016d0       $unwind$Java_com_sun_prism_es2_GLContext_nCreateES2PhongMaterial 00000001800086d0     GLContext.obj
 0002:000016d0       $unwind$?dllmain_crt_dispatch@@YAHQEAUHINSTANCE__@@KQEAX@Z 00000001800086d0     MSVCRT:dll_dllmain.obj
 0002:000016d8       $unwind$Java_com_sun_prism_es2_GLContext_nDisposeShaders 00000001800086d8     GLContext.obj
 0002:000016e4       $chain$1$Java_com_sun_prism_es2_GLContext_nDisposeShaders 00000001800086e4     GLContext.obj
 0002:000016fc       $chain$3$Java_com_sun_prism_es2_GLContext_nDisposeShaders 00000001800086fc     GLContext.obj
 0002:00001714       $chain$4$Java_com_sun_prism_es2_GLContext_nDisposeShaders 0000000180008714     GLContext.obj
 0002:00001724       $chain$5$Java_com_sun_prism_es2_GLContext_nDisposeShaders 0000000180008724     GLContext.obj
 0002:00001734       $unwind$Java_com_sun_prism_es2_GLContext_nGetUniformLocation 0000000180008734     GLContext.obj
 0002:00001740       $chain$0$Java_com_sun_prism_es2_GLContext_nGetUniformLocation 0000000180008740     GLContext.obj
 0002:00001754       $chain$1$Java_com_sun_prism_es2_GLContext_nGetUniformLocation 0000000180008754     GLContext.obj
 0002:00001764       $unwind$__scrt_uninitialize_crt 0000000180008764     MSVCRT:utility.obj
 0002:00001764       $unwind$__raise_securityfailure 0000000180008764     MSVCRT:gs_report.obj
 0002:00001764       $unwind$Java_com_sun_prism_es2_GLContext_nTexParamsMinMax 0000000180008764     GLContext.obj
 0002:00001764       $unwind$translatePrismToGL 0000000180008764     GLContext.obj
 0002:00001764       $unwind$translatePixelStore 0000000180008764     GLContext.obj
 0002:00001764       $unwind$__scrt_release_startup_lock 0000000180008764     MSVCRT:utility.obj
 0002:00001764       $unwind$Java_com_sun_prism_es2_GLContext_nCreateES2MeshView 0000000180008764     GLContext.obj
 0002:00001764       $unwind$Java_com_sun_prism_es2_GLContext_nUpdateFilterState 0000000180008764     GLContext.obj
 0002:00001764       $unwind$__scrt_initialize_crt 0000000180008764     MSVCRT:utility.obj
 0002:00001764       $unwind$Java_com_sun_prism_es2_GLContext_nPixelStorei 0000000180008764     GLContext.obj
 0002:0000176c       $unwind$Java_com_sun_prism_es2_GLContext_nReadPixelsByte 000000018000876c     GLContext.obj
 0002:0000176c       $unwind$Java_com_sun_prism_es2_GLContext_nReadPixelsInt 000000018000876c     GLContext.obj
 0002:0000176c       $unwind$Java_com_sun_prism_es2_WinGLContext_nInitialize 000000018000876c     WinGLContext.obj
 0002:00001774       $unwind$Java_com_sun_prism_es2_GLContext_nScissorTest 0000000180008774     GLContext.obj
 0002:00001774       $unwind$Java_com_sun_prism_es2_GLContext_nSetDepthTest 0000000180008774     GLContext.obj
 0002:00001774       $unwind$Java_com_sun_prism_es2_GLContext_nReleaseES2Mesh 0000000180008774     GLContext.obj
 0002:0000177c       $unwind$Java_com_sun_prism_es2_GLContext_nTexImage2D0 000000018000877c     GLContext.obj
 0002:00001794       $unwind$Java_com_sun_prism_es2_GLContext_nTexImage2D1 0000000180008794     GLContext.obj
 0002:000017a8       $chain$2$Java_com_sun_prism_es2_GLContext_nTexImage2D1 00000001800087a8     GLContext.obj
 0002:000017c0       $chain$3$Java_com_sun_prism_es2_GLContext_nTexImage2D1 00000001800087c0     GLContext.obj
 0002:000017d0       $unwind$Java_com_sun_prism_es2_GLContext_nTexSubImage2D0 00000001800087d0     GLContext.obj
 0002:000017e8       $unwind$Java_com_sun_prism_es2_GLContext_nTexSubImage2D1 00000001800087e8     GLContext.obj
 0002:000017fc       $chain$1$Java_com_sun_prism_es2_GLContext_nTexSubImage2D1 00000001800087fc     GLContext.obj
 0002:00001814       $chain$2$Java_com_sun_prism_es2_GLContext_nTexSubImage2D1 0000000180008814     GLContext.obj
 0002:00001824       $unwind$Java_com_sun_prism_es2_GLContext_nUniform4fv0 0000000180008824     GLContext.obj
 0002:00001824       $unwind$bindFBO            0000000180008824     GLContext.obj
 0002:00001824       $unwind$Java_com_sun_prism_es2_WinGLContext_nMakeCurrent 0000000180008824     WinGLContext.obj
 0002:00001830       $unwind$Java_com_sun_prism_es2_GLContext_nUniform4fv1 0000000180008830     GLContext.obj
 0002:00001844       $chain$0$Java_com_sun_prism_es2_GLContext_nUniform4fv1 0000000180008844     GLContext.obj
 0002:00001858       $chain$1$Java_com_sun_prism_es2_GLContext_nUniform4fv1 0000000180008858     GLContext.obj
 0002:00001868       $unwind$Java_com_sun_prism_es2_GLContext_nUniform4iv1 0000000180008868     GLContext.obj
 0002:0000187c       $chain$0$Java_com_sun_prism_es2_GLContext_nUniform4iv1 000000018000887c     GLContext.obj
 0002:00001890       $chain$1$Java_com_sun_prism_es2_GLContext_nUniform4iv1 0000000180008890     GLContext.obj
 0002:000018a0       $unwind$Java_com_sun_prism_es2_GLContext_nUniformMatrix4fv 00000001800088a0     GLContext.obj
 0002:000018b4       $unwind$Java_com_sun_prism_es2_GLContext_nEnableVertexAttributes 00000001800088b4     GLContext.obj
 0002:000018b4       $unwind$Java_com_sun_prism_es2_GLContext_nDisableVertexAttributes 00000001800088b4     GLContext.obj
 0002:000018bc       $chain$0$Java_com_sun_prism_es2_GLContext_nEnableVertexAttributes 00000001800088bc     GLContext.obj
 0002:000018d0       $chain$1$Java_com_sun_prism_es2_GLContext_nEnableVertexAttributes 00000001800088d0     GLContext.obj
 0002:000018e0       $chain$0$Java_com_sun_prism_es2_GLContext_nDisableVertexAttributes 00000001800088e0     GLContext.obj
 0002:000018f4       $chain$1$Java_com_sun_prism_es2_GLContext_nDisableVertexAttributes 00000001800088f4     GLContext.obj
 0002:00001904       $unwind$Java_com_sun_prism_es2_GLContext_nDrawIndexedQuads 0000000180008904     GLContext.obj
 0002:00001914       $chain$0$Java_com_sun_prism_es2_GLContext_nDrawIndexedQuads 0000000180008914     GLContext.obj
 0002:00001928       $chain$1$Java_com_sun_prism_es2_GLContext_nDrawIndexedQuads 0000000180008928     GLContext.obj
 0002:0000193c       $chain$2$Java_com_sun_prism_es2_GLContext_nDrawIndexedQuads 000000018000893c     GLContext.obj
 0002:0000194c       $chain$3$Java_com_sun_prism_es2_GLContext_nDrawIndexedQuads 000000018000894c     GLContext.obj
 0002:0000195c       $unwind$Java_com_sun_prism_es2_GLContext_nCreateIndexBuffer16 000000018000895c     GLContext.obj
 0002:0000196c       $chain$0$Java_com_sun_prism_es2_GLContext_nCreateIndexBuffer16 000000018000896c     GLContext.obj
 0002:00001980       $chain$1$Java_com_sun_prism_es2_GLContext_nCreateIndexBuffer16 0000000180008980     GLContext.obj
 0002:00001990       $unwind$Java_com_sun_prism_es2_GLContext_nSetDeviceParametersFor2D 0000000180008990     GLContext.obj
 0002:00001990       $unwind$Java_com_sun_prism_es2_GLContext_nSetDeviceParametersFor3D 0000000180008990     GLContext.obj
 0002:00001990       $unwind$initState          0000000180008990     GLContext.obj
 0002:00001990       $unwind$extractVersionInfo 0000000180008990     GLFactory.obj
 0002:00001998       $unwind$Java_com_sun_prism_es2_GLContext_nCreateES2Mesh 0000000180008998     GLContext.obj
 0002:00001998       $unwind$Java_com_sun_prism_es2_GLFactory_nIsGLExtensionSupported 0000000180008998     GLFactory.obj
 0002:00001998       $unwind$Java_com_sun_prism_es2_WinGLDrawable_nGetDummyDrawable 0000000180008998     WinGLDrawable.obj
 0002:000019a0       $chain$0$Java_com_sun_prism_es2_GLContext_nCreateES2Mesh 00000001800089a0     GLContext.obj
 0002:000019b4       $chain$2$Java_com_sun_prism_es2_GLContext_nCreateES2Mesh 00000001800089b4     GLContext.obj
 0002:000019c8       $chain$3$Java_com_sun_prism_es2_GLContext_nCreateES2Mesh 00000001800089c8     GLContext.obj
 0002:000019d8       $unwind$Java_com_sun_prism_es2_GLContext_nBuildNativeGeometryShort 00000001800089d8     GLContext.obj
 0002:000019d8       $unwind$Java_com_sun_prism_es2_GLContext_nBuildNativeGeometryInt 00000001800089d8     GLContext.obj
 0002:000019ec       $chain$0$Java_com_sun_prism_es2_GLContext_nBuildNativeGeometryShort 00000001800089ec     GLContext.obj
 0002:00001a00       $chain$1$Java_com_sun_prism_es2_GLContext_nBuildNativeGeometryShort 0000000180008a00     GLContext.obj
 0002:00001a10       $chain$0$Java_com_sun_prism_es2_GLContext_nBuildNativeGeometryInt 0000000180008a10     GLContext.obj
 0002:00001a24       $chain$1$Java_com_sun_prism_es2_GLContext_nBuildNativeGeometryInt 0000000180008a24     GLContext.obj
 0002:00001a34       $unwind$Java_com_sun_prism_es2_GLContext_nRenderMeshView 0000000180008a34     GLContext.obj
 0002:00001a40       $chain$0$Java_com_sun_prism_es2_GLContext_nRenderMeshView 0000000180008a40     GLContext.obj
 0002:00001a54       $chain$1$Java_com_sun_prism_es2_GLContext_nRenderMeshView 0000000180008a54     GLContext.obj
 0002:00001a64       $unwind$Java_com_sun_prism_es2_GLContext_nBlit 0000000180008a64     GLContext.obj
 0002:00001a70       $chain$0$Java_com_sun_prism_es2_GLContext_nBlit 0000000180008a70     GLContext.obj
 0002:00001a84       $chain$1$Java_com_sun_prism_es2_GLContext_nBlit 0000000180008a84     GLContext.obj
 0002:00001a94       $chain$0$initState         0000000180008a94     GLContext.obj
 0002:00001aa8       $chain$1$initState         0000000180008aa8     GLContext.obj
 0002:00001ab8       $unwind$clearBuffers       0000000180008ab8     GLContext.obj
 0002:00001ad0       $chain$0$clearBuffers      0000000180008ad0     GLContext.obj
 0002:00001ae4       $chain$1$clearBuffers      0000000180008ae4     GLContext.obj
 0002:00001af4       $unwind$attachRenderbuffer 0000000180008af4     GLContext.obj
 0002:00001afc       $unwind$createAndAttachRenderBuffer 0000000180008afc     GLContext.obj
 0002:00001b0c       $chain$0$createAndAttachRenderBuffer 0000000180008b0c     GLContext.obj
 0002:00001b20       $chain$1$createAndAttachRenderBuffer 0000000180008b20     GLContext.obj
 0002:00001b30       $unwind$doReadPixels       0000000180008b30     GLContext.obj
 0002:00001b44       $chain$2$doReadPixels      0000000180008b44     GLContext.obj
 0002:00001b58       $chain$3$doReadPixels      0000000180008b58     GLContext.obj
 0002:00001b68       $unwind$setVertexAttributePointers 0000000180008b68     GLContext.obj
 0002:00001b78       $chain$0$Java_com_sun_prism_es2_GLFactory_nIsGLExtensionSupported 0000000180008b78     GLFactory.obj
 0002:00001b8c       $chain$1$Java_com_sun_prism_es2_GLFactory_nIsGLExtensionSupported 0000000180008b8c     GLFactory.obj
 0002:00001b9c       $chain$1$extractVersionInfo 0000000180008b9c     GLFactory.obj
 0002:00001bb4       $chain$2$extractVersionInfo 0000000180008bb4     GLFactory.obj
 0002:00001bc8       $chain$3$extractVersionInfo 0000000180008bc8     GLFactory.obj
 0002:00001bd8       $unwind$strJavaToC         0000000180008bd8     GLFactory.obj
 0002:00001be8       $chain$0$strJavaToC        0000000180008be8     GLFactory.obj
 0002:00001bfc       $chain$2$strJavaToC        0000000180008bfc     GLFactory.obj
 0002:00001c10       $chain$3$strJavaToC        0000000180008c10     GLFactory.obj
 0002:00001c20       $chain$0$Java_com_sun_prism_es2_WinGLContext_nInitialize 0000000180008c20     WinGLContext.obj
 0002:00001c34       $chain$3$Java_com_sun_prism_es2_WinGLContext_nInitialize 0000000180008c34     WinGLContext.obj
 0002:00001c4c       $chain$5$Java_com_sun_prism_es2_WinGLContext_nInitialize 0000000180008c4c     WinGLContext.obj
 0002:00001c64       $chain$8$Java_com_sun_prism_es2_WinGLContext_nInitialize 0000000180008c64     WinGLContext.obj
 0002:00001c80       $chain$11$Java_com_sun_prism_es2_WinGLContext_nInitialize 0000000180008c80     WinGLContext.obj
 0002:00001ca0       $chain$14$Java_com_sun_prism_es2_WinGLContext_nInitialize 0000000180008ca0     WinGLContext.obj
 0002:00001cbc       $chain$15$Java_com_sun_prism_es2_WinGLContext_nInitialize 0000000180008cbc     WinGLContext.obj
 0002:00001ccc       $chain$17$Java_com_sun_prism_es2_WinGLContext_nInitialize 0000000180008ccc     WinGLContext.obj
 0002:00001cf8       $chain$18$Java_com_sun_prism_es2_WinGLContext_nInitialize 0000000180008cf8     WinGLContext.obj
 0002:00001d08       $unwind$Java_com_sun_prism_es2_WinGLDrawable_nCreateDrawable 0000000180008d08     WinGLDrawable.obj
 0002:00001d14       $chain$0$Java_com_sun_prism_es2_WinGLDrawable_nCreateDrawable 0000000180008d14     WinGLDrawable.obj
 0002:00001d28       $chain$2$Java_com_sun_prism_es2_WinGLDrawable_nCreateDrawable 0000000180008d28     WinGLDrawable.obj
 0002:00001d28       $chain$4$Java_com_sun_prism_es2_WinGLDrawable_nCreateDrawable 0000000180008d28     WinGLDrawable.obj
 0002:00001d3c       $chain$0$Java_com_sun_prism_es2_WinGLDrawable_nGetDummyDrawable 0000000180008d3c     WinGLDrawable.obj
 0002:00001d50       $chain$2$Java_com_sun_prism_es2_WinGLDrawable_nGetDummyDrawable 0000000180008d50     WinGLDrawable.obj
 0002:00001d64       $unwind$Java_com_sun_prism_es2_WinGLFactory_nInitialize 0000000180008d64     WinGLFactory.obj
 0002:00001d7c       $chain$0$Java_com_sun_prism_es2_WinGLFactory_nInitialize 0000000180008d7c     WinGLFactory.obj
 0002:00001d90       $chain$1$Java_com_sun_prism_es2_WinGLFactory_nInitialize 0000000180008d90     WinGLFactory.obj
 0002:00001da4       $chain$3$Java_com_sun_prism_es2_WinGLFactory_nInitialize 0000000180008da4     WinGLFactory.obj
 0002:00001dbc       $chain$4$Java_com_sun_prism_es2_WinGLFactory_nInitialize 0000000180008dbc     WinGLFactory.obj
 0002:00001dd0       $chain$5$Java_com_sun_prism_es2_WinGLFactory_nInitialize 0000000180008dd0     WinGLFactory.obj
 0002:00001de0       $chain$6$Java_com_sun_prism_es2_WinGLFactory_nInitialize 0000000180008de0     WinGLFactory.obj
 0002:00001df0       $chain$7$Java_com_sun_prism_es2_WinGLFactory_nInitialize 0000000180008df0     WinGLFactory.obj
 0002:00001e00       $chain$8$Java_com_sun_prism_es2_WinGLFactory_nInitialize 0000000180008e00     WinGLFactory.obj
 0002:00001e10       $chain$9$Java_com_sun_prism_es2_WinGLFactory_nInitialize 0000000180008e10     WinGLFactory.obj
 0002:00001e34       $chain$10$Java_com_sun_prism_es2_WinGLFactory_nInitialize 0000000180008e34     WinGLFactory.obj
 0002:00001e4c       $unwind$createDummyWindow  0000000180008e4c     WinGLFactory.obj
 0002:00001e5c       $unwind$printAndReleaseResources 0000000180008e5c     WinGLFactory.obj
 0002:00001e70       $unwind$Java_com_sun_prism_es2_WinGLPixelFormat_nCreatePixelFormat 0000000180008e70     WinGLPixelFormat.obj
 0002:00001e88       $chain$0$Java_com_sun_prism_es2_WinGLPixelFormat_nCreatePixelFormat 0000000180008e88     WinGLPixelFormat.obj
 0002:00001e9c       $chain$1$Java_com_sun_prism_es2_WinGLPixelFormat_nCreatePixelFormat 0000000180008e9c     WinGLPixelFormat.obj
 0002:00001eac       $chain$2$Java_com_sun_prism_es2_WinGLPixelFormat_nCreatePixelFormat 0000000180008eac     WinGLPixelFormat.obj
 0002:00001ec0       $unwind$__GSHandlerCheckCommon 0000000180008ec0     MSVCRT:gshandler.obj
 0002:00001ec8       $xdatasym                  0000000180008ec8     MSVCRT:amdsecgs.obj
 0002:00001ecc       $unwind$?dllmain_crt_process_attach@@YAHQEAUHINSTANCE__@@QEAX@Z 0000000180008ecc     MSVCRT:dll_dllmain.obj
 0002:00001f08       $unwind$?fin$0@?0??dllmain_crt_process_detach@@YAH_N@Z@4HA 0000000180008f08     MSVCRT:dll_dllmain.obj
 0002:00001f08       $unwind$?fin$0@?0??dllmain_crt_process_attach@@YAHQEAUHINSTANCE__@@QEAX@Z@4HA 0000000180008f08     MSVCRT:dll_dllmain.obj
 0002:00001f10       $unwind$?dllmain_crt_process_detach@@YAH_N@Z 0000000180008f10     MSVCRT:dll_dllmain.obj
 0002:00001f48       $unwind$?dllmain_dispatch@@YAHQEAUHINSTANCE__@@KQEAX@Z 0000000180008f48     MSVCRT:dll_dllmain.obj
 0002:00001f70       $unwind$?filt$0@?0??dllmain_dispatch@@YAHQEAUHINSTANCE__@@KQEAX@Z@4HA 0000000180008f70     MSVCRT:dll_dllmain.obj
 0002:00001f78       $unwind$_DllMainCRTStartup 0000000180008f78     MSVCRT:dll_dllmain.obj
 0002:00001f88       $unwind$__report_gsfailure 0000000180008f88     MSVCRT:gs_report.obj
 0002:00001f90       $unwind$capture_previous_context 0000000180008f90     MSVCRT:gs_report.obj
 0002:00001f9c       $unwind$__security_init_cookie 0000000180008f9c     MSVCRT:gs_support.obj
 0002:00001fa8       $unwind$__scrt_is_nonwritable_in_current_image 0000000180008fa8     MSVCRT:utility.obj
 0002:00001fc8       $unwind$__scrt_is_nonwritable_in_current_image$filt$0 0000000180008fc8     MSVCRT:utility.obj
 0002:00001fd0       $unwind$__scrt_initialize_onexit_tables 0000000180008fd0     MSVCRT:utility.obj
 0002:00001fd8       $unwind$__scrt_dllmain_exception_filter 0000000180008fd8     MSVCRT:utility.obj
 0002:00001fec       $unwind$__scrt_fastfail    0000000180008fec     MSVCRT:utility_desktop.obj
 0002:00001ffc       $unwind$__isa_available_init 0000000180008ffc     MSVCRT:cpu_disp.obj
 0002:00002010       $xdatasym                  0000000180009010     MSVCRT:guard_dispatch.obj
 0002:00002020       .edata                     0000000180009020     prism_es2.exp
 0002:00002048       rgpv                       0000000180009048     prism_es2.exp
 0002:000021ac       rgszName                   00000001800091ac     prism_es2.exp
 0002:00002310       rgwOrd                     0000000180009310     prism_es2.exp
 0002:000023c2       szName                     00000001800093c2     prism_es2.exp
 0002:000023d0       $N00001                    00000001800093d0     prism_es2.exp
 0002:00002400       $N00002                    0000000180009400     prism_es2.exp
 0002:0000242a       $N00003                    000000018000942a     prism_es2.exp
 0002:00002458       $N00004                    0000000180009458     prism_es2.exp
 0002:00002484       $N00005                    0000000180009484     prism_es2.exp
 0002:000024ab       $N00006                    00000001800094ab     prism_es2.exp
 0002:000024e4       $N00007                    00000001800094e4     prism_es2.exp
 0002:0000251f       $N00008                    000000018000951f     prism_es2.exp
 0002:0000254e       $N00009                    000000018000954e     prism_es2.exp
 0002:0000257e       $N00010                    000000018000957e     prism_es2.exp
 0002:000025b2       $N00011                    00000001800095b2     prism_es2.exp
 0002:000025e2       $N00012                    00000001800095e2     prism_es2.exp
 0002:00002616       $N00013                    0000000180009616     prism_es2.exp
 0002:0000264f       $N00014                    000000018000964f     prism_es2.exp
 0002:0000267b       $N00015                    000000018000967b     prism_es2.exp
 0002:000026b1       $N00016                    00000001800096b1     prism_es2.exp
 0002:000026e1       $N00017                    00000001800096e1     prism_es2.exp
 0002:00002716       $N00018                    0000000180009716     prism_es2.exp
 0002:00002746       $N00019                    0000000180009746     prism_es2.exp
 0002:00002772       $N00020                    0000000180009772     prism_es2.exp
 0002:000027a7       $N00021                    00000001800097a7     prism_es2.exp
 0002:000027d6       $N00022                    00000001800097d6     prism_es2.exp
 0002:00002806       $N00023                    0000000180009806     prism_es2.exp
 0002:00002840       $N00024                    0000000180009840     prism_es2.exp
 0002:00002871       $N00025                    0000000180009871     prism_es2.exp
 0002:000028a4       $N00026                    00000001800098a4     prism_es2.exp
 0002:000028dd       $N00027                    00000001800098dd     prism_es2.exp
 0002:00002906       $N00028                    0000000180009906     prism_es2.exp
 0002:0000293a       $N00029                    000000018000993a     prism_es2.exp
 0002:00002963       $N00030                    0000000180009963     prism_es2.exp
 0002:00002991       $N00031                    0000000180009991     prism_es2.exp
 0002:000029c4       $N00032                    00000001800099c4     prism_es2.exp
 0002:000029f9       $N00033                    00000001800099f9     prism_es2.exp
 0002:00002a27       $N00034                    0000000180009a27     prism_es2.exp
 0002:00002a58       $N00035                    0000000180009a58     prism_es2.exp
 0002:00002a88       $N00036                    0000000180009a88     prism_es2.exp
 0002:00002ab9       $N00037                    0000000180009ab9     prism_es2.exp
 0002:00002aee       $N00038                    0000000180009aee     prism_es2.exp
 0002:00002b28       $N00039                    0000000180009b28     prism_es2.exp
 0002:00002b59       $N00040                    0000000180009b59     prism_es2.exp
 0002:00002b87       $N00041                    0000000180009b87     prism_es2.exp
 0002:00002bb9       $N00042                    0000000180009bb9     prism_es2.exp
 0002:00002bea       $N00043                    0000000180009bea     prism_es2.exp
 0002:00002c19       $N00044                    0000000180009c19     prism_es2.exp
 0002:00002c54       $N00045                    0000000180009c54     prism_es2.exp
 0002:00002c8f       $N00046                    0000000180009c8f     prism_es2.exp
 0002:00002cc0       $N00047                    0000000180009cc0     prism_es2.exp
 0002:00002cea       $N00048                    0000000180009cea     prism_es2.exp
 0002:00002d13       $N00049                    0000000180009d13     prism_es2.exp
 0002:00002d41       $N00050                    0000000180009d41     prism_es2.exp
 0002:00002d71       $N00051                    0000000180009d71     prism_es2.exp
 0002:00002da1       $N00052                    0000000180009da1     prism_es2.exp
 0002:00002dd0       $N00053                    0000000180009dd0     prism_es2.exp
 0002:00002dfe       $N00054                    0000000180009dfe     prism_es2.exp
 0002:00002e2c       $N00055                    0000000180009e2c     prism_es2.exp
 0002:00002e5e       $N00056                    0000000180009e5e     prism_es2.exp
 0002:00002e8f       $N00057                    0000000180009e8f     prism_es2.exp
 0002:00002ec0       $N00058                    0000000180009ec0     prism_es2.exp
 0002:00002eec       $N00059                    0000000180009eec     prism_es2.exp
 0002:00002f18       $N00060                    0000000180009f18     prism_es2.exp
 0002:00002f44       $N00061                    0000000180009f44     prism_es2.exp
 0002:00002f70       $N00062                    0000000180009f70     prism_es2.exp
 0002:00002f9c       $N00063                    0000000180009f9c     prism_es2.exp
 0002:00002fc8       $N00064                    0000000180009fc8     prism_es2.exp
 0002:00002ff4       $N00065                    0000000180009ff4     prism_es2.exp
 0002:00003022       $N00066                    000000018000a022     prism_es2.exp
 0002:00003050       $N00067                    000000018000a050     prism_es2.exp
 0002:0000307c       $N00068                    000000018000a07c     prism_es2.exp
 0002:000030aa       $N00069                    000000018000a0aa     prism_es2.exp
 0002:000030d8       $N00070                    000000018000a0d8     prism_es2.exp
 0002:0000310b       $N00071                    000000018000a10b     prism_es2.exp
 0002:0000313f       $N00072                    000000018000a13f     prism_es2.exp
 0002:00003170       $N00073                    000000018000a170     prism_es2.exp
 0002:000031a2       $N00074                    000000018000a1a2     prism_es2.exp
 0002:000031cf       $N00075                    000000018000a1cf     prism_es2.exp
 0002:000031ff       $N00076                    000000018000a1ff     prism_es2.exp
 0002:0000322d       $N00077                    000000018000a22d     prism_es2.exp
 0002:0000325c       $N00078                    000000018000a25c     prism_es2.exp
 0002:00003295       $N00079                    000000018000a295     prism_es2.exp
 0002:000032ca       $N00080                    000000018000a2ca     prism_es2.exp
 0002:000032fa       $N00081                    000000018000a2fa     prism_es2.exp
 0002:0000332b       $N00082                    000000018000a32b     prism_es2.exp
 0002:00003360       $N00083                    000000018000a360     prism_es2.exp
 0002:00003397       $N00084                    000000018000a397     prism_es2.exp
 0002:000033c9       $N00085                    000000018000a3c9     prism_es2.exp
 0002:000033fe       $N00086                    000000018000a3fe     prism_es2.exp
 0002:00003435       $N00087                    000000018000a435     prism_es2.exp
 0002:00003463       $N00088                    000000018000a463     prism_es2.exp
 0002:00003493       $N00089                    000000018000a493     prism_es2.exp
 0002:00003a1a       .idata$6                   000000018000aa1a     opengl32:OPENGL32.dll
 0002:00003a6c       .idata$6                   000000018000aa6c     gdi32:GDI32.dll
 0002:00003ae4       .idata$6                   000000018000aae4     user32:USER32.dll
 0002:00003b46       .idata$6                   000000018000ab46     vcruntime:VCRUNTIME140.dll
 0002:00003c5a       .idata$6                   000000018000ac5a     ucrt:api-ms-win-crt-stdio-l1-1-0.dll
 0002:00003c7a       .idata$6                   000000018000ac7a     ucrt:api-ms-win-crt-heap-l1-1-0.dll
 0002:00003c9a       .idata$6                   000000018000ac9a     ucrt:api-ms-win-crt-convert-l1-1-0.dll
 0002:00003cbc       .idata$6                   000000018000acbc     ucrt:api-ms-win-crt-string-l1-1-0.dll
 0002:00003cde       .idata$6                   000000018000acde     ucrt:api-ms-win-crt-runtime-l1-1-0.dll
 0002:00003e66       .idata$6                   000000018000ae66     kernel32:KERNEL32.dll
 0003:00000000       ?pfd@?1??getPFD@@9@9       000000018000b000     WinGLFactory.obj
 0003:00000028       ?szTitle@?1??createDummyWindow@@9@9 000000018000b028     WinGLFactory.obj
 0003:00000030       ?szAppName@?1??Java_com_sun_prism_es2_WinGLFactory_nInitialize@@9@9 000000018000b030     WinGLFactory.obj
 0003:00000038       ?szAppName@?1??Java_com_sun_prism_es2_WinGLPixelFormat_nCreatePixelFormat@@9@9 000000018000b038     WinGLPixelFormat.obj
 0003:00000080       ?__proc_attached@@3HA      000000018000b080     MSVCRT:dll_dllmain.obj
 0003:00000090       GS_ExceptionRecord         000000018000b090     MSVCRT:gs_report.obj
 0003:00000130       GS_ContextRecord           000000018000b130     MSVCRT:gs_report.obj
 0003:00000628       ?is_initialized_as_dll@@3_NA 000000018000b628     MSVCRT:utility.obj
 0003:00000629       ?module_local_atexit_table_initialized@@3_NA 000000018000b629     MSVCRT:utility.obj
 0003:00000630       ?module_local_atexit_table@@3U_onexit_table_t@@A 000000018000b630     MSVCRT:utility.obj
 0003:00000648       ?module_local_at_quick_exit_table@@3U_onexit_table_t@@A 000000018000b648     MSVCRT:utility.obj
 0004:00000000       $pdata$Java_com_sun_prism_es2_GLContext_nBlendFunc 000000018000c000     GLContext.obj
 0004:0000000c       $pdata$Java_com_sun_prism_es2_GLContext_nBlit 000000018000c00c     GLContext.obj
 0004:00000018       $pdata$0$Java_com_sun_prism_es2_GLContext_nBlit 000000018000c018     GLContext.obj
 0004:00000024       $pdata$1$Java_com_sun_prism_es2_GLContext_nBlit 000000018000c024     GLContext.obj
 0004:00000030       $pdata$Java_com_sun_prism_es2_GLContext_nBuildNativeGeometryInt 000000018000c030     GLContext.obj
 0004:0000003c       $pdata$0$Java_com_sun_prism_es2_GLContext_nBuildNativeGeometryInt 000000018000c03c     GLContext.obj
 0004:00000048       $pdata$1$Java_com_sun_prism_es2_GLContext_nBuildNativeGeometryInt 000000018000c048     GLContext.obj
 0004:00000054       $pdata$Java_com_sun_prism_es2_GLContext_nBuildNativeGeometryShort 000000018000c054     GLContext.obj
 0004:00000060       $pdata$0$Java_com_sun_prism_es2_GLContext_nBuildNativeGeometryShort 000000018000c060     GLContext.obj
 0004:0000006c       $pdata$1$Java_com_sun_prism_es2_GLContext_nBuildNativeGeometryShort 000000018000c06c     GLContext.obj
 0004:00000078       $pdata$Java_com_sun_prism_es2_GLContext_nClearBuffers 000000018000c078     GLContext.obj
 0004:00000084       $pdata$Java_com_sun_prism_es2_GLContext_nCompileShader 000000018000c084     GLContext.obj
 0004:00000090       $pdata$Java_com_sun_prism_es2_GLContext_nCreateDepthBuffer 000000018000c090     GLContext.obj
 0004:0000009c       $pdata$Java_com_sun_prism_es2_GLContext_nCreateES2Mesh 000000018000c09c     GLContext.obj
 0004:000000a8       $pdata$0$Java_com_sun_prism_es2_GLContext_nCreateES2Mesh 000000018000c0a8     GLContext.obj
 0004:000000b4       $pdata$2$Java_com_sun_prism_es2_GLContext_nCreateES2Mesh 000000018000c0b4     GLContext.obj
 0004:000000c0       $pdata$3$Java_com_sun_prism_es2_GLContext_nCreateES2Mesh 000000018000c0c0     GLContext.obj
 0004:000000cc       $pdata$Java_com_sun_prism_es2_GLContext_nCreateES2MeshView 000000018000c0cc     GLContext.obj
 0004:000000d8       $pdata$Java_com_sun_prism_es2_GLContext_nCreateES2PhongMaterial 000000018000c0d8     GLContext.obj
 0004:000000e4       $pdata$Java_com_sun_prism_es2_GLContext_nCreateFBO 000000018000c0e4     GLContext.obj
 0004:000000f0       $pdata$Java_com_sun_prism_es2_GLContext_nCreateIndexBuffer16 000000018000c0f0     GLContext.obj
 0004:000000fc       $pdata$0$Java_com_sun_prism_es2_GLContext_nCreateIndexBuffer16 000000018000c0fc     GLContext.obj
 0004:00000108       $pdata$1$Java_com_sun_prism_es2_GLContext_nCreateIndexBuffer16 000000018000c108     GLContext.obj
 0004:00000114       $pdata$Java_com_sun_prism_es2_GLContext_nCreateProgram 000000018000c114     GLContext.obj
 0004:00000120       $pdata$1$Java_com_sun_prism_es2_GLContext_nCreateProgram 000000018000c120     GLContext.obj
 0004:0000012c       $pdata$2$Java_com_sun_prism_es2_GLContext_nCreateProgram 000000018000c12c     GLContext.obj
 0004:00000138       $pdata$3$Java_com_sun_prism_es2_GLContext_nCreateProgram 000000018000c138     GLContext.obj
 0004:00000144       $pdata$5$Java_com_sun_prism_es2_GLContext_nCreateProgram 000000018000c144     GLContext.obj
 0004:00000150       $pdata$6$Java_com_sun_prism_es2_GLContext_nCreateProgram 000000018000c150     GLContext.obj
 0004:0000015c       $pdata$Java_com_sun_prism_es2_GLContext_nCreateRenderBuffer 000000018000c15c     GLContext.obj
 0004:00000168       $pdata$Java_com_sun_prism_es2_GLContext_nCreateTexture 000000018000c168     GLContext.obj
 0004:00000174       $pdata$Java_com_sun_prism_es2_GLContext_nDeleteFBO 000000018000c174     GLContext.obj
 0004:00000180       $pdata$Java_com_sun_prism_es2_GLContext_nDeleteRenderBuffer 000000018000c180     GLContext.obj
 0004:0000018c       $pdata$Java_com_sun_prism_es2_GLContext_nDeleteTexture 000000018000c18c     GLContext.obj
 0004:00000198       $pdata$Java_com_sun_prism_es2_GLContext_nDisableVertexAttributes 000000018000c198     GLContext.obj
 0004:000001a4       $pdata$0$Java_com_sun_prism_es2_GLContext_nDisableVertexAttributes 000000018000c1a4     GLContext.obj
 0004:000001b0       $pdata$1$Java_com_sun_prism_es2_GLContext_nDisableVertexAttributes 000000018000c1b0     GLContext.obj
 0004:000001bc       $pdata$Java_com_sun_prism_es2_GLContext_nDisposeShaders 000000018000c1bc     GLContext.obj
 0004:000001c8       $pdata$1$Java_com_sun_prism_es2_GLContext_nDisposeShaders 000000018000c1c8     GLContext.obj
 0004:000001d4       $pdata$3$Java_com_sun_prism_es2_GLContext_nDisposeShaders 000000018000c1d4     GLContext.obj
 0004:000001e0       $pdata$4$Java_com_sun_prism_es2_GLContext_nDisposeShaders 000000018000c1e0     GLContext.obj
 0004:000001ec       $pdata$5$Java_com_sun_prism_es2_GLContext_nDisposeShaders 000000018000c1ec     GLContext.obj
 0004:000001f8       $pdata$Java_com_sun_prism_es2_GLContext_nDrawIndexedQuads 000000018000c1f8     GLContext.obj
 0004:00000204       $pdata$0$Java_com_sun_prism_es2_GLContext_nDrawIndexedQuads 000000018000c204     GLContext.obj
 0004:00000210       $pdata$1$Java_com_sun_prism_es2_GLContext_nDrawIndexedQuads 000000018000c210     GLContext.obj
 0004:0000021c       $pdata$2$Java_com_sun_prism_es2_GLContext_nDrawIndexedQuads 000000018000c21c     GLContext.obj
 0004:00000228       $pdata$3$Java_com_sun_prism_es2_GLContext_nDrawIndexedQuads 000000018000c228     GLContext.obj
 0004:00000234       $pdata$Java_com_sun_prism_es2_GLContext_nEnableVertexAttributes 000000018000c234     GLContext.obj
 0004:00000240       $pdata$0$Java_com_sun_prism_es2_GLContext_nEnableVertexAttributes 000000018000c240     GLContext.obj
 0004:0000024c       $pdata$1$Java_com_sun_prism_es2_GLContext_nEnableVertexAttributes 000000018000c24c     GLContext.obj
 0004:00000258       $pdata$Java_com_sun_prism_es2_GLContext_nGenAndBindTexture 000000018000c258     GLContext.obj
 0004:00000264       $pdata$Java_com_sun_prism_es2_GLContext_nGetFBO 000000018000c264     GLContext.obj
 0004:00000270       $pdata$Java_com_sun_prism_es2_GLContext_nGetIntParam 000000018000c270     GLContext.obj
 0004:0000027c       $pdata$Java_com_sun_prism_es2_GLContext_nGetMaxSampleSize 000000018000c27c     GLContext.obj
 0004:00000288       $pdata$Java_com_sun_prism_es2_GLContext_nGetUniformLocation 000000018000c288     GLContext.obj
 0004:00000294       $pdata$0$Java_com_sun_prism_es2_GLContext_nGetUniformLocation 000000018000c294     GLContext.obj
 0004:000002a0       $pdata$1$Java_com_sun_prism_es2_GLContext_nGetUniformLocation 000000018000c2a0     GLContext.obj
 0004:000002ac       $pdata$Java_com_sun_prism_es2_GLContext_nPixelStorei 000000018000c2ac     GLContext.obj
 0004:000002b8       $pdata$Java_com_sun_prism_es2_GLContext_nReadPixelsInt 000000018000c2b8     GLContext.obj
 0004:000002b8       $pdata$Java_com_sun_prism_es2_GLContext_nReadPixelsByte 000000018000c2b8     GLContext.obj
 0004:000002c4       $pdata$Java_com_sun_prism_es2_GLContext_nReleaseES2Mesh 000000018000c2c4     GLContext.obj
 0004:000002d0       $pdata$Java_com_sun_prism_es2_GLContext_nRenderMeshView 000000018000c2d0     GLContext.obj
 0004:000002dc       $pdata$0$Java_com_sun_prism_es2_GLContext_nRenderMeshView 000000018000c2dc     GLContext.obj
 0004:000002e8       $pdata$1$Java_com_sun_prism_es2_GLContext_nRenderMeshView 000000018000c2e8     GLContext.obj
 0004:000002f4       $pdata$Java_com_sun_prism_es2_GLContext_nScissorTest 000000018000c2f4     GLContext.obj
 0004:00000300       $pdata$Java_com_sun_prism_es2_GLContext_nSetDepthTest 000000018000c300     GLContext.obj
 0004:0000030c       $pdata$Java_com_sun_prism_es2_GLContext_nSetDeviceParametersFor2D 000000018000c30c     GLContext.obj
 0004:00000318       $pdata$Java_com_sun_prism_es2_GLContext_nSetDeviceParametersFor3D 000000018000c318     GLContext.obj
 0004:00000324       $pdata$Java_com_sun_prism_es2_GLContext_nSetMap 000000018000c324     GLContext.obj
 0004:00000330       $pdata$Java_com_sun_prism_es2_GLContext_nTexImage2D0 000000018000c330     GLContext.obj
 0004:0000033c       $pdata$Java_com_sun_prism_es2_GLContext_nTexImage2D1 000000018000c33c     GLContext.obj
 0004:00000348       $pdata$2$Java_com_sun_prism_es2_GLContext_nTexImage2D1 000000018000c348     GLContext.obj
 0004:00000354       $pdata$3$Java_com_sun_prism_es2_GLContext_nTexImage2D1 000000018000c354     GLContext.obj
 0004:00000360       $pdata$Java_com_sun_prism_es2_GLContext_nTexParamsMinMax 000000018000c360     GLContext.obj
 0004:0000036c       $pdata$Java_com_sun_prism_es2_GLContext_nTexSubImage2D0 000000018000c36c     GLContext.obj
 0004:00000378       $pdata$Java_com_sun_prism_es2_GLContext_nTexSubImage2D1 000000018000c378     GLContext.obj
 0004:00000384       $pdata$1$Java_com_sun_prism_es2_GLContext_nTexSubImage2D1 000000018000c384     GLContext.obj
 0004:00000390       $pdata$2$Java_com_sun_prism_es2_GLContext_nTexSubImage2D1 000000018000c390     GLContext.obj
 0004:0000039c       $pdata$Java_com_sun_prism_es2_GLContext_nUniform4fv0 000000018000c39c     GLContext.obj
 0004:000003a8       $pdata$Java_com_sun_prism_es2_GLContext_nUniform4fv1 000000018000c3a8     GLContext.obj
 0004:000003b4       $pdata$0$Java_com_sun_prism_es2_GLContext_nUniform4fv1 000000018000c3b4     GLContext.obj
 0004:000003c0       $pdata$1$Java_com_sun_prism_es2_GLContext_nUniform4fv1 000000018000c3c0     GLContext.obj
 0004:000003cc       $pdata$Java_com_sun_prism_es2_GLContext_nUniform4iv0 000000018000c3cc     GLContext.obj
 0004:000003d8       $pdata$Java_com_sun_prism_es2_GLContext_nUniform4iv1 000000018000c3d8     GLContext.obj
 0004:000003e4       $pdata$0$Java_com_sun_prism_es2_GLContext_nUniform4iv1 000000018000c3e4     GLContext.obj
 0004:000003f0       $pdata$1$Java_com_sun_prism_es2_GLContext_nUniform4iv1 000000018000c3f0     GLContext.obj
 0004:000003fc       $pdata$Java_com_sun_prism_es2_GLContext_nUniformMatrix4fv 000000018000c3fc     GLContext.obj
 0004:00000408       $pdata$Java_com_sun_prism_es2_GLContext_nUpdateFilterState 000000018000c408     GLContext.obj
 0004:00000414       $pdata$Java_com_sun_prism_es2_GLContext_nUpdateWrapState 000000018000c414     GLContext.obj
 0004:00000420       $pdata$attachRenderbuffer  000000018000c420     GLContext.obj
 0004:0000042c       $pdata$bindFBO             000000018000c42c     GLContext.obj
 0004:00000438       $pdata$checkFramebufferStatus 000000018000c438     GLContext.obj
 0004:00000444       $pdata$clearBuffers        000000018000c444     GLContext.obj
 0004:00000450       $pdata$0$clearBuffers      000000018000c450     GLContext.obj
 0004:0000045c       $pdata$1$clearBuffers      000000018000c45c     GLContext.obj
 0004:00000468       $pdata$createAndAttachRenderBuffer 000000018000c468     GLContext.obj
 0004:00000474       $pdata$0$createAndAttachRenderBuffer 000000018000c474     GLContext.obj
 0004:00000480       $pdata$1$createAndAttachRenderBuffer 000000018000c480     GLContext.obj
 0004:0000048c       $pdata$doReadPixels        000000018000c48c     GLContext.obj
 0004:00000498       $pdata$2$doReadPixels      000000018000c498     GLContext.obj
 0004:000004a4       $pdata$3$doReadPixels      000000018000c4a4     GLContext.obj
 0004:000004b0       $pdata$fprintf             000000018000c4b0     GLContext.obj
 0004:000004bc       $pdata$initState           000000018000c4bc     GLContext.obj
 0004:000004c8       $pdata$0$initState         000000018000c4c8     GLContext.obj
 0004:000004d4       $pdata$1$initState         000000018000c4d4     GLContext.obj
 0004:000004e0       $pdata$setCullMode         000000018000c4e0     GLContext.obj
 0004:000004ec       $pdata$setPolyonMode       000000018000c4ec     GLContext.obj
 0004:000004f8       $pdata$setVertexAttributePointers 000000018000c4f8     GLContext.obj
 0004:00000504       $pdata$translatePixelStore 000000018000c504     GLContext.obj
 0004:00000510       $pdata$translatePrismToGL  000000018000c510     GLContext.obj
 0004:0000051c       $pdata$translateScaleFactor 000000018000c51c     GLContext.obj
 0004:00000528       $pdata$Java_com_sun_prism_es2_GLFactory_nIsGLExtensionSupported 000000018000c528     GLFactory.obj
 0004:00000534       $pdata$0$Java_com_sun_prism_es2_GLFactory_nIsGLExtensionSupported 000000018000c534     GLFactory.obj
 0004:00000540       $pdata$1$Java_com_sun_prism_es2_GLFactory_nIsGLExtensionSupported 000000018000c540     GLFactory.obj
 0004:0000054c       $pdata$extractVersionInfo  000000018000c54c     GLFactory.obj
 0004:00000558       $pdata$1$extractVersionInfo 000000018000c558     GLFactory.obj
 0004:00000564       $pdata$2$extractVersionInfo 000000018000c564     GLFactory.obj
 0004:00000570       $pdata$3$extractVersionInfo 000000018000c570     GLFactory.obj
 0004:0000057c       $pdata$isExtensionSupported 000000018000c57c     GLFactory.obj
 0004:00000588       $pdata$strJavaToC          000000018000c588     GLFactory.obj
 0004:00000594       $pdata$0$strJavaToC        000000018000c594     GLFactory.obj
 0004:000005a0       $pdata$2$strJavaToC        000000018000c5a0     GLFactory.obj
 0004:000005ac       $pdata$3$strJavaToC        000000018000c5ac     GLFactory.obj
 0004:000005b8       $pdata$Java_com_sun_prism_es2_WinGLContext_nInitialize 000000018000c5b8     WinGLContext.obj
 0004:000005c4       $pdata$0$Java_com_sun_prism_es2_WinGLContext_nInitialize 000000018000c5c4     WinGLContext.obj
 0004:000005d0       $pdata$3$Java_com_sun_prism_es2_WinGLContext_nInitialize 000000018000c5d0     WinGLContext.obj
 0004:000005dc       $pdata$5$Java_com_sun_prism_es2_WinGLContext_nInitialize 000000018000c5dc     WinGLContext.obj
 0004:000005e8       $pdata$8$Java_com_sun_prism_es2_WinGLContext_nInitialize 000000018000c5e8     WinGLContext.obj
 0004:000005f4       $pdata$11$Java_com_sun_prism_es2_WinGLContext_nInitialize 000000018000c5f4     WinGLContext.obj
 0004:00000600       $pdata$14$Java_com_sun_prism_es2_WinGLContext_nInitialize 000000018000c600     WinGLContext.obj
 0004:0000060c       $pdata$15$Java_com_sun_prism_es2_WinGLContext_nInitialize 000000018000c60c     WinGLContext.obj
 0004:00000618       $pdata$17$Java_com_sun_prism_es2_WinGLContext_nInitialize 000000018000c618     WinGLContext.obj
 0004:00000624       $pdata$18$Java_com_sun_prism_es2_WinGLContext_nInitialize 000000018000c624     WinGLContext.obj
 0004:00000630       $pdata$Java_com_sun_prism_es2_WinGLContext_nMakeCurrent 000000018000c630     WinGLContext.obj
 0004:0000063c       $pdata$Java_com_sun_prism_es2_WinGLDrawable_nCreateDrawable 000000018000c63c     WinGLDrawable.obj
 0004:00000648       $pdata$0$Java_com_sun_prism_es2_WinGLDrawable_nCreateDrawable 000000018000c648     WinGLDrawable.obj
 0004:00000654       $pdata$2$Java_com_sun_prism_es2_WinGLDrawable_nCreateDrawable 000000018000c654     WinGLDrawable.obj
 0004:00000660       $pdata$4$Java_com_sun_prism_es2_WinGLDrawable_nCreateDrawable 000000018000c660     WinGLDrawable.obj
 0004:0000066c       $pdata$Java_com_sun_prism_es2_WinGLDrawable_nGetDummyDrawable 000000018000c66c     WinGLDrawable.obj
 0004:00000678       $pdata$0$Java_com_sun_prism_es2_WinGLDrawable_nGetDummyDrawable 000000018000c678     WinGLDrawable.obj
 0004:00000684       $pdata$2$Java_com_sun_prism_es2_WinGLDrawable_nGetDummyDrawable 000000018000c684     WinGLDrawable.obj
 0004:00000690       $pdata$Java_com_sun_prism_es2_WinGLDrawable_nSwapBuffers 000000018000c690     WinGLDrawable.obj
 0004:0000069c       $pdata$Java_com_sun_prism_es2_WinGLFactory_nInitialize 000000018000c69c     WinGLFactory.obj
 0004:000006a8       $pdata$0$Java_com_sun_prism_es2_WinGLFactory_nInitialize 000000018000c6a8     WinGLFactory.obj
 0004:000006b4       $pdata$1$Java_com_sun_prism_es2_WinGLFactory_nInitialize 000000018000c6b4     WinGLFactory.obj
 0004:000006c0       $pdata$3$Java_com_sun_prism_es2_WinGLFactory_nInitialize 000000018000c6c0     WinGLFactory.obj
 0004:000006cc       $pdata$4$Java_com_sun_prism_es2_WinGLFactory_nInitialize 000000018000c6cc     WinGLFactory.obj
 0004:000006d8       $pdata$5$Java_com_sun_prism_es2_WinGLFactory_nInitialize 000000018000c6d8     WinGLFactory.obj
 0004:000006e4       $pdata$6$Java_com_sun_prism_es2_WinGLFactory_nInitialize 000000018000c6e4     WinGLFactory.obj
 0004:000006f0       $pdata$7$Java_com_sun_prism_es2_WinGLFactory_nInitialize 000000018000c6f0     WinGLFactory.obj
 0004:000006fc       $pdata$8$Java_com_sun_prism_es2_WinGLFactory_nInitialize 000000018000c6fc     WinGLFactory.obj
 0004:00000708       $pdata$9$Java_com_sun_prism_es2_WinGLFactory_nInitialize 000000018000c708     WinGLFactory.obj
 0004:00000714       $pdata$10$Java_com_sun_prism_es2_WinGLFactory_nInitialize 000000018000c714     WinGLFactory.obj
 0004:00000720       $pdata$createDummyWindow   000000018000c720     WinGLFactory.obj
 0004:0000072c       $pdata$printAndReleaseResources 000000018000c72c     WinGLFactory.obj
 0004:00000738       $pdata$Java_com_sun_prism_es2_WinGLPixelFormat_nCreatePixelFormat 000000018000c738     WinGLPixelFormat.obj
 0004:00000744       $pdata$0$Java_com_sun_prism_es2_WinGLPixelFormat_nCreatePixelFormat 000000018000c744     WinGLPixelFormat.obj
 0004:00000750       $pdata$1$Java_com_sun_prism_es2_WinGLPixelFormat_nCreatePixelFormat 000000018000c750     WinGLPixelFormat.obj
 0004:0000075c       $pdata$2$Java_com_sun_prism_es2_WinGLPixelFormat_nCreatePixelFormat 000000018000c75c     WinGLPixelFormat.obj
 0004:00000768       $pdata$__GSHandlerCheck    000000018000c768     MSVCRT:gshandler.obj
 0004:00000774       $pdata$__GSHandlerCheckCommon 000000018000c774     MSVCRT:gshandler.obj
 0004:0000078c       $pdata$?dllmain_crt_dispatch@@YAHQEAUHINSTANCE__@@KQEAX@Z 000000018000c78c     MSVCRT:dll_dllmain.obj
 0004:00000798       $pdata$?dllmain_crt_process_attach@@YAHQEAUHINSTANCE__@@QEAX@Z 000000018000c798     MSVCRT:dll_dllmain.obj
 0004:000007a4       $pdata$?dllmain_crt_process_detach@@YAH_N@Z 000000018000c7a4     MSVCRT:dll_dllmain.obj
 0004:000007b0       $pdata$?dllmain_dispatch@@YAHQEAUHINSTANCE__@@KQEAX@Z 000000018000c7b0     MSVCRT:dll_dllmain.obj
 0004:000007bc       $pdata$_DllMainCRTStartup  000000018000c7bc     MSVCRT:dll_dllmain.obj
 0004:000007c8       $pdata$__raise_securityfailure 000000018000c7c8     MSVCRT:gs_report.obj
 0004:000007d4       $pdata$__report_gsfailure  000000018000c7d4     MSVCRT:gs_report.obj
 0004:000007e0       $pdata$capture_previous_context 000000018000c7e0     MSVCRT:gs_report.obj
 0004:000007ec       $pdata$__security_init_cookie 000000018000c7ec     MSVCRT:gs_support.obj
 0004:000007f8       $pdata$DllMain             000000018000c7f8     MSVCRT:dll_dllmain_stub.obj
 0004:00000804       $pdata$__scrt_initialize_default_local_stdio_options 000000018000c804     MSVCRT:default_local_stdio_options.obj
 0004:00000810       $pdata$__scrt_acquire_startup_lock 000000018000c810     MSVCRT:utility.obj
 0004:0000081c       $pdata$__scrt_dllmain_after_initialize_c 000000018000c81c     MSVCRT:utility.obj
 0004:00000828       $pdata$__scrt_dllmain_before_initialize_c 000000018000c828     MSVCRT:utility.obj
 0004:00000834       $pdata$__scrt_dllmain_crt_thread_attach 000000018000c834     MSVCRT:utility.obj
 0004:00000840       $pdata$__scrt_dllmain_crt_thread_detach 000000018000c840     MSVCRT:utility.obj
 0004:0000084c       $pdata$__scrt_dllmain_exception_filter 000000018000c84c     MSVCRT:utility.obj
 0004:00000858       $pdata$__scrt_dllmain_uninitialize_c 000000018000c858     MSVCRT:utility.obj
 0004:00000864       $pdata$__scrt_dllmain_uninitialize_critical 000000018000c864     MSVCRT:utility.obj
 0004:00000870       $pdata$__scrt_initialize_crt 000000018000c870     MSVCRT:utility.obj
 0004:0000087c       $pdata$__scrt_initialize_onexit_tables 000000018000c87c     MSVCRT:utility.obj
 0004:00000888       $pdata$__scrt_is_nonwritable_in_current_image 000000018000c888     MSVCRT:utility.obj
 0004:00000894       $pdata$__scrt_release_startup_lock 000000018000c894     MSVCRT:utility.obj
 0004:000008a0       $pdata$__scrt_uninitialize_crt 000000018000c8a0     MSVCRT:utility.obj
 0004:000008ac       $pdata$__scrt_fastfail     000000018000c8ac     MSVCRT:utility_desktop.obj
 0004:000008b8       $pdata$_RTC_Initialize     000000018000c8b8     MSVCRT:initsect.obj
 0004:000008c4       $pdata$_RTC_Terminate      000000018000c8c4     MSVCRT:initsect.obj
 0004:000008d0       $pdata$__isa_available_init 000000018000c8d0     MSVCRT:cpu_disp.obj
 0004:000008e8       $pdata$?fin$0@?0??dllmain_crt_process_attach@@YAHQEAUHINSTANCE__@@QEAX@Z@4HA 000000018000c8e8     MSVCRT:dll_dllmain.obj
 0004:000008f4       $pdata$?fin$0@?0??dllmain_crt_process_detach@@YAH_N@Z@4HA 000000018000c8f4     MSVCRT:dll_dllmain.obj
 0004:00000900       $pdata$?filt$0@?0??dllmain_dispatch@@YAHQEAUHINSTANCE__@@KQEAX@Z@4HA 000000018000c900     MSVCRT:dll_dllmain.obj
 0004:0000090c       $pdata$__scrt_is_nonwritable_in_current_image$filt$0 000000018000c90c     MSVCRT:utility.obj
 0005:00000060       $R000000                   000000018000d060     version.res
