 javafx_iio

 Timestamp is 5c212b2f (Mon Dec 24 13:53:35 2018)

 Preferred load address is 0000000180000000

 Start         Length     Name                   Class
 0001:00000000 0001fb30H .text$mn                CODE
 0001:0001fb30 00000012H .text$mn$00             CODE
 0001:0001fb42 00000081H .text$x                 CODE
 0002:00000000 00000168H .idata$5                DATA
 0002:00000168 00000010H .00cfg                  DATA
 0002:00000178 00000008H .CRT$XCA                DATA
 0002:00000180 00000008H .CRT$XCZ                DATA
 0002:00000188 00000008H .CRT$XIA                DATA
 0002:00000190 00000008H .CRT$XIZ                DATA
 0002:00000198 00000008H .CRT$XPA                DATA
 0002:000001a0 00000008H .CRT$XPZ                DATA
 0002:000001a8 00000008H .CRT$XTA                DATA
 0002:000001b0 00000010H .CRT$XTZ                DATA
 0002:000001b8 00000000H .gfids$y                DATA
 0002:000001c0 00002c90H .rdata                  DATA
 0002:00002e50 00000240H .rdata$zzzdbg           DATA
 0002:00003090 00000008H .rtc$IAA                DATA
 0002:00003098 00000008H .rtc$IZZ                DATA
 0002:000030a0 00000008H .rtc$TAA                DATA
 0002:000030a8 00000008H .rtc$TZZ                DATA
 0002:000030b0 000017e0H .xdata                  DATA
 0002:00004890 000001e0H .edata                  DATA
 0002:00004a70 0000008cH .idata$2                DATA
 0002:00004afc 00000014H .idata$3                DATA
 0002:00004b10 00000168H .idata$4                DATA
 0002:00004c78 000003d0H .idata$6                DATA
 0003:00000000 00000050H .data                   DATA
 0003:00000050 00000638H .bss                    DATA
 0004:00000000 00001068H .pdata                  DATA
 0005:00000000 00000060H .rsrc$01                DATA
 0005:00000060 00000310H .rsrc$02                DATA

  Address         Publics by Value              Rva+Base               Lib:Object

 0000:00000000       __guard_iat_table          0000000000000000     <absolute>
 0000:00000000       __guard_longjmp_count      0000000000000000     <absolute>
 0000:00000000       __guard_fids_count         0000000000000000     <absolute>
 0000:00000000       __hybrid_code_map_count    0000000000000000     <absolute>
 0000:00000000       __enclave_config           0000000000000000     <absolute>
 0000:00000000       __dynamic_value_reloc_table 0000000000000000     <absolute>
 0000:00000000       __guard_longjmp_table      0000000000000000     <absolute>
 0000:00000000       __hybrid_code_map          0000000000000000     <absolute>
 0000:00000000       __guard_iat_count          0000000000000000     <absolute>
 0000:00000000       __volatile_metadata        0000000000000000     <absolute>
 0000:00000000       ___safe_se_handler_table   0000000000000000     <absolute>
 0000:00000000       __guard_fids_table         0000000000000000     <absolute>
 0000:00000000       ___safe_se_handler_count   0000000000000000     <absolute>
 0000:00000000       __hybrid_auxiliary_iat     0000000000000000     <absolute>
 0000:00000100       __guard_flags              0000000000000100     <absolute>
 0000:00000000       __ImageBase                0000000180000000     <linker-defined>
 0001:00000000       jpeg_abort                 0000000180001000 f   jcomapi.obj
 0001:00000050       jpeg_alloc_huff_table      0000000180001050 f   jcomapi.obj
 0001:00000070       jpeg_alloc_quant_table     0000000180001070 f   jcomapi.obj
 0001:00000090       jpeg_destroy               0000000180001090 f   jcomapi.obj
 0001:000002e0       jpeg_CreateDecompress      00000001800012e0 f   jdapimin.obj
 0001:00000410       jpeg_finish_decompress     0000000180001410 f   jdapimin.obj
 0001:000004e0       jpeg_read_header           00000001800014e0 f   jdapimin.obj
 0001:00000650       jpeg_read_scanlines        0000000180001650 f   jdapistd.obj
 0001:00000720       jpeg_start_decompress      0000000180001720 f   jdapistd.obj
 0001:000017d0       __scrt_stub_for_is_c_termination_complete 00000001800027d0 f   MSVCRT:ucrt_stubs.obj
 0001:000017d0       _is_c_termination_complete 00000001800027d0 f   MSVCRT:ucrt_stubs.obj
 0001:000017d0       jpeg_mem_init              00000001800027d0 f   jmemnobs.obj
 0001:000017e0       jinit_d_coef_controller    00000001800027e0 f   jdcoefct.obj
 0001:00001ef0       jinit_color_deconverter    0000000180002ef0 f   jdcolor.obj
 0001:00002850       _guard_check_icall_nop     0000000180003850 f   MSVCRT:guard_support.obj
 0001:00002850       jpeg_mem_term              0000000180003850 f   jmemnobs.obj
 0001:00002e30       jinit_inverse_dct          0000000180003e30 f   jddctmgr.obj
 0001:00004ab0       jinit_huff_decoder         0000000180005ab0 f   jdhuff.obj
 0001:00005f50       jinit_input_controller     0000000180006f50 f   jdinput.obj
 0001:00005fb0       jpeg_core_output_dimensions 0000000180006fb0 f   jdinput.obj
 0001:00006730       jinit_d_main_controller    0000000180007730 f   jdmainct.obj
 0001:00008730       jinit_marker_reader        0000000180009730 f   jdmarker.obj
 0001:00008840       jpeg_resync_to_restart     0000000180009840 f   jdmarker.obj
 0001:00008960       jpeg_save_markers          0000000180009960 f   jdmarker.obj
 0001:00009590       jinit_master_decompress    000000018000a590 f   jdmaster.obj
 0001:000095e0       jpeg_calc_output_dimensions 000000018000a5e0 f   jdmaster.obj
 0001:0000a100       jinit_merged_upsampler     000000018000b100 f   jdmerge.obj
 0001:0000a4a0       jinit_d_post_controller    000000018000b4a0 f   jdpostct.obj
 0001:0000ab00       jinit_upsampler            000000018000bb00 f   jdsample.obj
 0001:0000ae70       __local_stdio_printf_options 000000018000be70 f i jerror.obj
 0001:0000b000       fprintf                    000000018000c000 f i jerror.obj
 0001:0000b050       jpeg_std_error             000000018000c050 f   jerror.obj
 0001:0000b140       sprintf                    000000018000c140 f i jerror.obj
 0001:0000b1a0       jpeg_idct_float            000000018000c1a0 f   jidctflt.obj
 0001:0000ba50       jpeg_idct_ifast            000000018000ca50 f   jidctfst.obj
 0001:0000c1f0       jpeg_idct_10x10            000000018000d1f0 f   jidctint.obj
 0001:0000ca40       jpeg_idct_10x5             000000018000da40 f   jidctint.obj
 0001:0000cfe0       jpeg_idct_11x11            000000018000dfe0 f   jidctint.obj
 0001:0000d7d0       jpeg_idct_12x12            000000018000e7d0 f   jidctint.obj
 0001:0000e180       jpeg_idct_12x6             000000018000f180 f   jidctint.obj
 0001:0000ea70       jpeg_idct_13x13            000000018000fa70 f   jidctint.obj
 0001:0000f370       jpeg_idct_14x14            0000000180010370 f   jidctint.obj
 0001:0000ff20       jpeg_idct_14x7             0000000180010f20 f   jidctint.obj
 0001:00010590       jpeg_idct_15x15            0000000180011590 f   jidctint.obj
 0001:00010e80       jpeg_idct_16x16            0000000180011e80 f   jidctint.obj
 0001:00011950       jpeg_idct_16x8             0000000180012950 f   jidctint.obj
 0001:00012520       jpeg_idct_1x1              0000000180013520 f   jidctint.obj
 0001:00012560       jpeg_idct_1x2              0000000180013560 f   jidctint.obj
 0001:000125d0       jpeg_idct_2x1              00000001800135d0 f   jidctint.obj
 0001:00012630       jpeg_idct_2x2              0000000180013630 f   jidctint.obj
 0001:00012710       jpeg_idct_2x4              0000000180013710 f   jidctint.obj
 0001:00012920       jpeg_idct_3x3              0000000180013920 f   jidctint.obj
 0001:00012bb0       jpeg_idct_3x6              0000000180013bb0 f   jidctint.obj
 0001:00013120       jpeg_idct_4x2              0000000180014120 f   jidctint.obj
 0001:00013310       jpeg_idct_4x4              0000000180014310 f   jidctint.obj
 0001:000137f0       jpeg_idct_4x8              00000001800147f0 f   jidctint.obj
 0001:000141c0       jpeg_idct_5x10             00000001800151c0 f   jidctint.obj
 0001:000148a0       jpeg_idct_5x5              00000001800158a0 f   jidctint.obj
 0001:00015100       jpeg_idct_6x12             0000000180016100 f   jidctint.obj
 0001:00015b40       jpeg_idct_6x3              0000000180016b40 f   jidctint.obj
 0001:00016080       jpeg_idct_6x6              0000000180017080 f   jidctint.obj
 0001:00016910       jpeg_idct_7x14             0000000180017910 f   jidctint.obj
 0001:00016f60       jpeg_idct_7x7              0000000180017f60 f   jidctint.obj
 0001:000172f0       jpeg_idct_8x16             00000001800182f0 f   jidctint.obj
 0001:00017a30       jpeg_idct_8x4              0000000180018a30 f   jidctint.obj
 0001:00018240       jpeg_idct_9x9              0000000180019240 f   jidctint.obj
 0001:00018b30       jpeg_idct_islow            0000000180019b30 f   jidctint.obj
 0001:00019450       __local_stdio_scanf_options 000000018001a450 f i jmemmgr.obj
 0001:00019ee0       jinit_memory_mgr           000000018001aee0 f   jmemmgr.obj
 0001:0001a510       sscanf                     000000018001b510 f i jmemmgr.obj
 0001:0001a570       jpeg_free_small            000000018001b570 f   jmemnobs.obj
 0001:0001a570       jpeg_free_large            000000018001b570 f   jmemnobs.obj
 0001:0001a580       jpeg_get_large             000000018001b580 f   jmemnobs.obj
 0001:0001a580       jpeg_get_small             000000018001b580 f   jmemnobs.obj
 0001:0001a590       jpeg_mem_available         000000018001b590 f   jmemnobs.obj
 0001:0001a5a0       jpeg_open_backing_store    000000018001b5a0 f   jmemnobs.obj
 0001:0001a650       GetEnv                     000000018001b650 f   jpegloader.obj
 0001:0001a670       JNI_OnLoad                 000000018001b670 f   jpegloader.obj
 0001:0001a680       Java_com_sun_javafx_iio_jpeg_JPEGImageLoader_decompressIndirect 000000018001b680 f   jpegloader.obj
 0001:0001aae0       Java_com_sun_javafx_iio_jpeg_JPEGImageLoader_disposeNative 000000018001bae0 f   jpegloader.obj
 0001:0001abc0       Java_com_sun_javafx_iio_jpeg_JPEGImageLoader_initDecompressor 000000018001bbc0 f   jpegloader.obj
 0001:0001b0e0       Java_com_sun_javafx_iio_jpeg_JPEGImageLoader_initJPEGMethodIDs 000000018001c0e0 f   jpegloader.obj
 0001:0001b250       Java_com_sun_javafx_iio_jpeg_JPEGImageLoader_startDecompression 000000018001c250 f   jpegloader.obj
 0001:0001b4f0       ThrowByName                000000018001c4f0 f   jpegloader.obj
 0001:0001b550       imageio_fill_input_buffer  000000018001c550 f   jpegloader.obj
 0001:0001b6b0       imageio_init_source        000000018001c6b0 f   jpegloader.obj
 0001:0001b810       imageio_skip_input_data    000000018001c810 f   jpegloader.obj
 0001:0001b970       imageio_term_source        000000018001c970 f   jpegloader.obj
 0001:0001ba10       read_icc_profile           000000018001ca10 f   jpegloader.obj
 0001:0001c8b0       jinit_1pass_quantizer      000000018001d8b0 f   jquant1.obj
 0001:0001d8c0       jinit_2pass_quantizer      000000018001e8c0 f   jquant2.obj
 0001:0001eb20       jcopy_block_row            000000018001fb20 f   jutils.obj
 0001:0001eb40       jcopy_sample_rows          000000018001fb40 f   jutils.obj
 0001:0001ebb0       jdiv_round_up              000000018001fbb0 f   jutils.obj
 0001:0001ebc0       jround_up                  000000018001fbc0 f   jutils.obj
 0001:0001ebd8       __GSHandlerCheck           000000018001fbd8 f   MSVCRT:gshandler.obj
 0001:0001ebf8       __GSHandlerCheckCommon     000000018001fbf8 f   MSVCRT:gshandler.obj
 0001:0001ec70       __security_check_cookie    000000018001fc70 f   MSVCRT:amdsecgs.obj
 0001:0001ec94       __isa_available_init       000000018001fc94 f   MSVCRT:cpu_disp.obj
 0001:0001ee50       __raise_securityfailure    000000018001fe50 f   MSVCRT:gs_report.obj
 0001:0001ee84       __report_gsfailure         000000018001fe84 f   MSVCRT:gs_report.obj
 0001:0001ef58       __report_rangecheckfailure 000000018001ff58 f   MSVCRT:gs_report.obj
 0001:0001ef6c       __report_securityfailure   000000018001ff6c f   MSVCRT:gs_report.obj
 0001:0001f41c       _DllMainCRTStartup         000000018002041c f   MSVCRT:dll_dllmain.obj
 0001:0001f45c       __security_init_cookie     000000018002045c f   MSVCRT:gs_support.obj
 0001:0001f508       DllMain                    0000000180020508 f   MSVCRT:dll_dllmain_stub.obj
 0001:0001f52c       ?__scrt_initialize_type_info@@YAXXZ 000000018002052c f   MSVCRT:tncleanup.obj
 0001:0001f53c       ?__scrt_uninitialize_type_info@@YAXXZ 000000018002053c f   MSVCRT:tncleanup.obj
 0001:0001f548       __scrt_initialize_default_local_stdio_options 0000000180020548 f   MSVCRT:default_local_stdio_options.obj
 0001:0001f564       __scrt_acquire_startup_lock 0000000180020564 f   MSVCRT:utility.obj
 0001:0001f5a0       __scrt_dllmain_after_initialize_c 00000001800205a0 f   MSVCRT:utility.obj
 0001:0001f5d4       __scrt_dllmain_before_initialize_c 00000001800205d4 f   MSVCRT:utility.obj
 0001:0001f5ec       __scrt_dllmain_crt_thread_attach 00000001800205ec f   MSVCRT:utility.obj
 0001:0001f614       __scrt_dllmain_crt_thread_detach 0000000180020614 f   MSVCRT:utility.obj
 0001:0001f62c       __scrt_dllmain_exception_filter 000000018002062c f   MSVCRT:utility.obj
 0001:0001f68c       __scrt_dllmain_uninitialize_c 000000018002068c f   MSVCRT:utility.obj
 0001:0001f6bc       __scrt_dllmain_uninitialize_critical 00000001800206bc f   MSVCRT:utility.obj
 0001:0001f6d0       __scrt_initialize_crt      00000001800206d0 f   MSVCRT:utility.obj
 0001:0001f71c       __scrt_initialize_onexit_tables 000000018002071c f   MSVCRT:utility.obj
 0001:0001f7f4       __scrt_is_nonwritable_in_current_image 00000001800207f4 f   MSVCRT:utility.obj
 0001:0001f890       __scrt_release_startup_lock 0000000180020890 f   MSVCRT:utility.obj
 0001:0001f8b4       __scrt_uninitialize_crt    00000001800208b4 f   MSVCRT:utility.obj
 0001:0001f8e0       __scrt_get_dyn_tls_init_callback 00000001800208e0 f   MSVCRT:dyn_tls_init.obj
 0001:0001f8e8       __crt_debugger_hook        00000001800208e8 f   MSVCRT:utility_desktop.obj
 0001:0001f8f0       __scrt_fastfail            00000001800208f0 f   MSVCRT:utility_desktop.obj
 0001:0001fa3c       _RTC_Initialize            0000000180020a3c f   MSVCRT:initsect.obj
 0001:0001fa78       _RTC_Terminate             0000000180020a78 f   MSVCRT:initsect.obj
 0001:0001fab4       _get_startup_argv_mode     0000000180020ab4 f   MSVCRT:argv_mode.obj
 0001:0001fabc       __scrt_is_ucrt_dll_in_use  0000000180020abc f   MSVCRT:ucrt_detection.obj
 0001:0001fad0       IsProcessorFeaturePresent  0000000180020ad0 f   kernel32:KERNEL32.dll
 0001:0001fad6       memset                     0000000180020ad6 f   vcruntime:VCRUNTIME140.dll
 0001:0001fadc       memcpy                     0000000180020adc f   vcruntime:VCRUNTIME140.dll
 0001:0001fae2       longjmp                    0000000180020ae2 f   vcruntime:VCRUNTIME140.dll
 0001:0001fae8       __intrinsic_setjmp         0000000180020ae8 f   vcruntime:VCRUNTIME140.dll
 0001:0001fae8       _setjmp                    0000000180020ae8 f   vcruntime:VCRUNTIME140.dll
 0001:0001faee       __C_specific_handler       0000000180020aee f   vcruntime:VCRUNTIME140.dll
 0001:0001faf4       __std_type_info_destroy_list 0000000180020af4 f   vcruntime:VCRUNTIME140.dll
 0001:0001fafa       _initterm                  0000000180020afa f   ucrt:api-ms-win-crt-runtime-l1-1-0.dll
 0001:0001fb00       _initterm_e                0000000180020b00 f   ucrt:api-ms-win-crt-runtime-l1-1-0.dll
 0001:0001fb06       _seh_filter_dll            0000000180020b06 f   ucrt:api-ms-win-crt-runtime-l1-1-0.dll
 0001:0001fb0c       _configure_narrow_argv     0000000180020b0c f   ucrt:api-ms-win-crt-runtime-l1-1-0.dll
 0001:0001fb12       _initialize_narrow_environment 0000000180020b12 f   ucrt:api-ms-win-crt-runtime-l1-1-0.dll
 0001:0001fb18       _initialize_onexit_table   0000000180020b18 f   ucrt:api-ms-win-crt-runtime-l1-1-0.dll
 0001:0001fb1e       _execute_onexit_table      0000000180020b1e f   ucrt:api-ms-win-crt-runtime-l1-1-0.dll
 0001:0001fb24       _cexit                     0000000180020b24 f   ucrt:api-ms-win-crt-runtime-l1-1-0.dll
 0001:0001fb2c       __scrt_stub_for_acrt_thread_attach 0000000180020b2c f   MSVCRT:ucrt_stubs.obj
 0001:0001fb2c       __scrt_stub_for_acrt_initialize 0000000180020b2c f   MSVCRT:ucrt_stubs.obj
 0001:0001fb2c       __vcrt_initialize          0000000180020b2c f   MSVCRT:ucrt_stubs.obj
 0001:0001fb2c       __acrt_uninitialize        0000000180020b2c f   MSVCRT:ucrt_stubs.obj
 0001:0001fb2c       __acrt_uninitialize_critical 0000000180020b2c f   MSVCRT:ucrt_stubs.obj
 0001:0001fb2c       __scrt_stub_for_acrt_thread_detach 0000000180020b2c f   MSVCRT:ucrt_stubs.obj
 0001:0001fb2c       __vcrt_uninitialize_critical 0000000180020b2c f   MSVCRT:ucrt_stubs.obj
 0001:0001fb2c       __vcrt_uninitialize        0000000180020b2c f   MSVCRT:ucrt_stubs.obj
 0001:0001fb2c       __vcrt_thread_detach       0000000180020b2c f   MSVCRT:ucrt_stubs.obj
 0001:0001fb2c       __scrt_stub_for_acrt_uninitialize 0000000180020b2c f   MSVCRT:ucrt_stubs.obj
 0001:0001fb2c       __vcrt_thread_attach       0000000180020b2c f   MSVCRT:ucrt_stubs.obj
 0001:0001fb2c       __acrt_thread_attach       0000000180020b2c f   MSVCRT:ucrt_stubs.obj
 0001:0001fb2c       __acrt_initialize          0000000180020b2c f   MSVCRT:ucrt_stubs.obj
 0001:0001fb2c       __scrt_stub_for_acrt_uninitialize_critical 0000000180020b2c f   MSVCRT:ucrt_stubs.obj
 0001:0001fb2c       __acrt_thread_detach       0000000180020b2c f   MSVCRT:ucrt_stubs.obj
 0001:0001fb40       _guard_dispatch_icall_nop  0000000180020b40 f   MSVCRT:guard_dispatch.obj
 0002:00000000       __imp_RtlCaptureContext    0000000180021000     kernel32:KERNEL32.dll
 0002:00000008       __imp_RtlLookupFunctionEntry 0000000180021008     kernel32:KERNEL32.dll
 0002:00000010       __imp_RtlVirtualUnwind     0000000180021010     kernel32:KERNEL32.dll
 0002:00000018       __imp_UnhandledExceptionFilter 0000000180021018     kernel32:KERNEL32.dll
 0002:00000020       __imp_SetUnhandledExceptionFilter 0000000180021020     kernel32:KERNEL32.dll
 0002:00000028       __imp_GetCurrentProcess    0000000180021028     kernel32:KERNEL32.dll
 0002:00000030       __imp_TerminateProcess     0000000180021030     kernel32:KERNEL32.dll
 0002:00000038       __imp_IsProcessorFeaturePresent 0000000180021038     kernel32:KERNEL32.dll
 0002:00000040       __imp_QueryPerformanceCounter 0000000180021040     kernel32:KERNEL32.dll
 0002:00000048       __imp_GetCurrentProcessId  0000000180021048     kernel32:KERNEL32.dll
 0002:00000050       __imp_GetCurrentThreadId   0000000180021050     kernel32:KERNEL32.dll
 0002:00000058       __imp_GetSystemTimeAsFileTime 0000000180021058     kernel32:KERNEL32.dll
 0002:00000060       __imp_DisableThreadLibraryCalls 0000000180021060     kernel32:KERNEL32.dll
 0002:00000068       __imp_InitializeSListHead  0000000180021068     kernel32:KERNEL32.dll
 0002:00000070       __imp_IsDebuggerPresent    0000000180021070     kernel32:KERNEL32.dll
 0002:00000078       \177KERNEL32_NULL_THUNK_DATA 0000000180021078     kernel32:KERNEL32.dll
 0002:00000080       __imp_memset               0000000180021080     vcruntime:VCRUNTIME140.dll
 0002:00000088       __imp_memcpy               0000000180021088     vcruntime:VCRUNTIME140.dll
 0002:00000090       __imp_longjmp              0000000180021090     vcruntime:VCRUNTIME140.dll
 0002:00000098       __imp___intrinsic_setjmp   0000000180021098     vcruntime:VCRUNTIME140.dll
 0002:000000a0       __imp___C_specific_handler 00000001800210a0     vcruntime:VCRUNTIME140.dll
 0002:000000a8       __imp___std_type_info_destroy_list 00000001800210a8     vcruntime:VCRUNTIME140.dll
 0002:000000b0       \177VCRUNTIME140_NULL_THUNK_DATA 00000001800210b0     vcruntime:VCRUNTIME140.dll
 0002:000000b8       __imp_getenv               00000001800210b8     ucrt:api-ms-win-crt-environment-l1-1-0.dll
 0002:000000c0       \177api-ms-win-crt-environment-l1-1-0_NULL_THUNK_DATA 00000001800210c0     ucrt:api-ms-win-crt-environment-l1-1-0.dll
 0002:000000c8       __imp_free                 00000001800210c8     ucrt:api-ms-win-crt-heap-l1-1-0.dll
 0002:000000d0       __imp_malloc               00000001800210d0     ucrt:api-ms-win-crt-heap-l1-1-0.dll
 0002:000000d8       \177api-ms-win-crt-heap-l1-1-0_NULL_THUNK_DATA 00000001800210d8     ucrt:api-ms-win-crt-heap-l1-1-0.dll
 0002:000000e0       __imp_exit                 00000001800210e0     ucrt:api-ms-win-crt-runtime-l1-1-0.dll
 0002:000000e8       __imp__cexit               00000001800210e8     ucrt:api-ms-win-crt-runtime-l1-1-0.dll
 0002:000000f0       __imp__initterm            00000001800210f0     ucrt:api-ms-win-crt-runtime-l1-1-0.dll
 0002:000000f8       __imp__initterm_e          00000001800210f8     ucrt:api-ms-win-crt-runtime-l1-1-0.dll
 0002:00000100       __imp__seh_filter_dll      0000000180021100     ucrt:api-ms-win-crt-runtime-l1-1-0.dll
 0002:00000108       __imp__configure_narrow_argv 0000000180021108     ucrt:api-ms-win-crt-runtime-l1-1-0.dll
 0002:00000110       __imp__initialize_narrow_environment 0000000180021110     ucrt:api-ms-win-crt-runtime-l1-1-0.dll
 0002:00000118       __imp__initialize_onexit_table 0000000180021118     ucrt:api-ms-win-crt-runtime-l1-1-0.dll
 0002:00000120       __imp__execute_onexit_table 0000000180021120     ucrt:api-ms-win-crt-runtime-l1-1-0.dll
 0002:00000128       \177api-ms-win-crt-runtime-l1-1-0_NULL_THUNK_DATA 0000000180021128     ucrt:api-ms-win-crt-runtime-l1-1-0.dll
 0002:00000130       __imp___stdio_common_vfprintf 0000000180021130     ucrt:api-ms-win-crt-stdio-l1-1-0.dll
 0002:00000138       __imp___stdio_common_vsscanf 0000000180021138     ucrt:api-ms-win-crt-stdio-l1-1-0.dll
 0002:00000140       __imp___acrt_iob_func      0000000180021140     ucrt:api-ms-win-crt-stdio-l1-1-0.dll
 0002:00000148       __imp___stdio_common_vsprintf 0000000180021148     ucrt:api-ms-win-crt-stdio-l1-1-0.dll
 0002:00000150       \177api-ms-win-crt-stdio-l1-1-0_NULL_THUNK_DATA 0000000180021150     ucrt:api-ms-win-crt-stdio-l1-1-0.dll
 0002:00000158       __imp_strncpy              0000000180021158     ucrt:api-ms-win-crt-string-l1-1-0.dll
 0002:00000160       \177api-ms-win-crt-string-l1-1-0_NULL_THUNK_DATA 0000000180021160     ucrt:api-ms-win-crt-string-l1-1-0.dll
 0002:00000168       __guard_check_icall_fptr   0000000180021168     MSVCRT:guard_support.obj
 0002:00000170       __guard_dispatch_icall_fptr 0000000180021170     MSVCRT:guard_support.obj
 0002:00000178       __xc_a                     0000000180021178     MSVCRT:initializers.obj
 0002:00000180       __xc_z                     0000000180021180     MSVCRT:initializers.obj
 0002:00000188       __xi_a                     0000000180021188     MSVCRT:initializers.obj
 0002:00000190       __xi_z                     0000000180021190     MSVCRT:initializers.obj
 0002:00000198       __xp_a                     0000000180021198     MSVCRT:initializers.obj
 0002:000001a0       __xp_z                     00000001800211a0     MSVCRT:initializers.obj
 0002:000001a8       __xt_a                     00000001800211a8     MSVCRT:initializers.obj
 0002:000001b0       __xt_z                     00000001800211b0     MSVCRT:initializers.obj
 0002:000001c0       __xmm@00000003000000020000000100000000 00000001800211c0     jccolor.obj
 0002:000001d0       __xmm@00001d2f00001d2f00001d2f00001d2f 00000001800211d0     jccolor.obj
 0002:000001e0       __xmm@00004c8b00004c8b00004c8b00004c8b 00000001800211e0     jccolor.obj
 0002:000001f0       __xmm@00008000000080000000800000008000 00000001800211f0     jccolor.obj
 0002:00000200       __xmm@00009646000096460000964600009646 0000000180021200     jccolor.obj
 0002:000002d0       __real@3fd1a855de72ab5d    00000001800212d0     jcdctmgr.obj
 0002:000002d8       __real@3fe1517a7bc720bb    00000001800212d8     jcdctmgr.obj
 0002:000002e0       __real@3fe92469c0a7bf3b    00000001800212e0     jcdctmgr.obj
 0002:000002e8       __real@3ff2d062ef6c11aa    00000001800212e8     jcdctmgr.obj
 0002:000002f0       __real@3ff4e7ae914d6fca    00000001800212f0     jcdctmgr.obj
 0002:000002f8       __real@3ff63150b14861ef    00000001800212f8     jcdctmgr.obj
 0002:000007a0       __real@3fc0000000000000    00000001800217a0     jddctmgr.obj
 0002:000007b0       __xmm@00000800000008000000080000000800 00000001800217b0     jddctmgr.obj
 0002:00000b50       ??_C@_03ONFDEEMF@SOS@      0000000180021b50     jdmarker.obj
 0002:00000b54       ??_C@_03OMINOMMP@LSE@      0000000180021b54     jdmarker.obj
 0002:00000b60       jpeg_std_message_table     0000000180021b60     jerror.obj
 0002:00000f68       ??_C@_0BG@MIBALFBH@Bogus?5message?5code?5?$CFd@ 0000000180021f68     jerror.obj
 0002:00000f80       ??_C@_0DJ@KONAFFHE@Sorry?0?5there?5are?5legal?5restrict@ 0000000180021f80     jerror.obj
 0002:00000fc0       ??_C@_0CA@FDMPGPNI@ALIGN_TYPE?5is?5wrong?0?5please?5fix@ 0000000180021fc0     jerror.obj
 0002:00000fe0       ??_C@_0CF@DENLILGA@MAX_ALLOC_CHUNK?5is?5wrong?0?5pleas@ 0000000180021fe0     jerror.obj
 0002:00001008       ??_C@_0BK@DKALDNKG@Bogus?5buffer?5control?5mode@ 0000000180022008     jerror.obj
 0002:00001028       ??_C@_0BP@ONFLCDHG@Invalid?5component?5ID?5?$CFd?5in?5SOS@ 0000000180022028     jerror.obj
 0002:00001048       ??_C@_0BF@DHNDJDFN@Invalid?5crop?5request@ 0000000180022048     jerror.obj
 0002:00001060       ??_C@_0BN@OJEJKKDL@DCT?5coefficient?5out?5of?5range@ 0000000180022060     jerror.obj
 0002:00001080       ??_C@_0CK@JDGFICDL@DCT?5scaled?5block?5size?5?$CFdx?$CFd?5not@ 0000000180022080     jerror.obj
 0002:000010b0       ??_C@_0EA@INILHCIJ@Component?5index?5?$CFd?3?5mismatching@ 00000001800220b0     jerror.obj
 0002:000010f0       ??_C@_0BP@EOFJNLFD@Bogus?5Huffman?5table?5definition@ 00000001800220f0     jerror.obj
 0002:00001110       ??_C@_0BH@BGDIGLHC@Bogus?5input?5colorspace@ 0000000180022110     jerror.obj
 0002:00001128       ??_C@_0BG@NEGIHEMC@Bogus?5JPEG?5colorspace@ 0000000180022128     jerror.obj
 0002:00001140       ??_C@_0BE@OGLAEMOG@Bogus?5marker?5length@ 0000000180022140     jerror.obj
 0002:00001158       ??_C@_0DN@ELFKFKL@Wrong?5JPEG?5library?5version?3?5lib@ 0000000180022158     jerror.obj
 0002:00001198       ??_C@_0DA@HLEOHNPA@Sampling?5factors?5too?5large?5for?5@ 0000000180022198     jerror.obj
 0002:000011c8       ??_C@_0BM@OEMICEFD@Invalid?5memory?5pool?5code?5?$CFd@ 00000001800221c8     jerror.obj
 0002:000011e8       ??_C@_0CD@LDBDNLHK@Unsupported?5JPEG?5data?5precision@ 00000001800221e8     jerror.obj
 0002:00001210       ??_C@_0DH@LNGGEGOL@Invalid?5progressive?5parameters?5@ 0000000180022210     jerror.obj
 0002:00001248       ??_C@_0DH@HIKEGPKP@Invalid?5progressive?5parameters?5@ 0000000180022248     jerror.obj
 0002:00001280       ??_C@_0BH@HMMHPOPE@Bogus?5sampling?5factors@ 0000000180022280     jerror.obj
 0002:00001298       ??_C@_0CA@MJDDICLK@Invalid?5scan?5script?5at?5entry?5?$CFd@ 0000000180022298     jerror.obj
 0002:000012b8       ??_C@_0CK@BAMFIBMM@Improper?5call?5to?5JPEG?5library?5i@ 00000001800222b8     jerror.obj
 0002:000012f0       ??_C@_0EN@DKAEGIBH@JPEG?5parameter?5struct?5mismatch?3@ 00000001800222f0     jerror.obj
 0002:00001340       ??_C@_0BL@CBOEEPLK@Bogus?5virtual?5array?5access@ 0000000180022340     jerror.obj
 0002:00001360       ??_C@_0CL@JKHIPJLJ@Buffer?5passed?5to?5JPEG?5library?5i@ 0000000180022360     jerror.obj
 0002:00001390       ??_C@_0BM@PKHCPJDH@Suspension?5not?5allowed?5here@ 0000000180022390     jerror.obj
 0002:000013b0       ??_C@_0CF@LAEFHNAH@CCIR601?5sampling?5not?5implemente@ 00000001800223b0     jerror.obj
 0002:000013d8       ??_C@_0CG@BEBDNOCG@Too?5many?5color?5components?3?5?$CFd?0?5@ 00000001800223d8     jerror.obj
 0002:00001400       ??_C@_0CF@JDLOPNGO@Unsupported?5color?5conversion?5re@ 0000000180022400     jerror.obj
 0002:00001428       ??_C@_0BD@LDBBBMFL@Bogus?5DAC?5index?5?$CFd@ 0000000180022428     jerror.obj
 0002:00001440       ??_C@_0BF@CLIOOJFM@Bogus?5DAC?5value?50x?$CFx@ 0000000180022440     jerror.obj
 0002:00001458       ??_C@_0BD@KJHFPHIC@Bogus?5DHT?5index?5?$CFd@ 0000000180022458     jerror.obj
 0002:00001470       ??_C@_0BD@DIMECAOP@Bogus?5DQT?5index?5?$CFd@ 0000000180022470     jerror.obj
 0002:00001488       ??_C@_0CF@DAGGEAPM@Empty?5JPEG?5image?5?$CIDNL?5not?5suppo@ 0000000180022488     jerror.obj
 0002:000014b0       ??_C@_0BF@CPNENPBA@Read?5from?5EMS?5failed@ 00000001800224b0     jerror.obj
 0002:000014c8       ??_C@_0BE@DGJBKIEB@Write?5to?5EMS?5failed@ 00000001800224c8     jerror.obj
 0002:000014e0       ??_C@_0CB@DMGINPNE@Didn?8t?5expect?5more?5than?5one?5sca@ 00000001800224e0     jerror.obj
 0002:00001508       ??_C@_0BG@BALCKDNL@Input?5file?5read?5error@ 0000000180022508     jerror.obj
 0002:00001520       ??_C@_0CP@IDOBLGGD@Output?5file?5write?5error?5?9?9?9?5out@ 0000000180022520     jerror.obj
 0002:00001550       ??_C@_0CI@EKDDDHFF@Fractional?5sampling?5not?5impleme@ 0000000180022550     jerror.obj
 0002:00001578       ??_C@_0CB@LLDOGNPJ@Huffman?5code?5size?5table?5overflo@ 0000000180022578     jerror.obj
 0002:000015a0       ??_C@_0CB@LFBMFPHI@Missing?5Huffman?5code?5table?5entr@ 00000001800225a0     jerror.obj
 0002:000015c8       ??_C@_0CP@EKFPGPNP@Maximum?5supported?5image?5dimensi@ 00000001800225c8     jerror.obj
 0002:000015f8       ??_C@_0BB@JJAIKFBB@Empty?5input?5file@ 00000001800225f8     jerror.obj
 0002:00001610       ??_C@_0BM@KEKMMNGA@Premature?5end?5of?5input?5file@ 0000000180022610     jerror.obj
 0002:00001630       ??_C@_0DO@OPNPKGO@Cannot?5transcode?5due?5to?5multipl@ 0000000180022630     jerror.obj
 0002:00001670       ??_C@_0CH@NIBDNILP@Scan?5script?5does?5not?5transmit?5a@ 0000000180022670     jerror.obj
 0002:00001698       ??_C@_0CH@EFBBPPCK@Invalid?5color?5quantization?5mode@ 0000000180022698     jerror.obj
 0002:000016c0       ??_C@_0BE@EOAAHHJ@Not?5implemented?5yet@ 00000001800226c0     jerror.obj
 0002:000016d8       ??_C@_0CO@BEHINNOI@Requested?5feature?5was?5omitted?5a@ 00000001800226d8     jerror.obj
 0002:00001708       ??_C@_0CI@NFDPNIK@Arithmetic?5table?50x?$CF02x?5was?5not@ 0000000180022708     jerror.obj
 0002:00001730       ??_C@_0BM@HJHFKLAF@Backing?5store?5not?5supported@ 0000000180022730     jerror.obj
 0002:00001750       ??_C@_0CF@BKANFCCL@Huffman?5table?50x?$CF02x?5was?5not?5de@ 0000000180022750     jerror.obj
 0002:00001778       ??_C@_0CC@BKPLBDLJ@JPEG?5datastream?5contains?5no?5ima@ 0000000180022778     jerror.obj
 0002:000017a0       ??_C@_0CK@CCHKIENB@Quantization?5table?50x?$CF02x?5was?5n@ 00000001800227a0     jerror.obj
 0002:000017d0       ??_C@_0CL@GNLFDFCL@Not?5a?5JPEG?5file?3?5starts?5with?50x@ 00000001800227d0     jerror.obj
 0002:00001800       ??_C@_0BO@DJPLELIB@Insufficient?5memory?5?$CIcase?5?$CFd?$CJ@ 0000000180022800     jerror.obj
 0002:00001820       ??_C@_0CO@HPDBAEEA@Cannot?5quantize?5more?5than?5?$CFd?5co@ 0000000180022820     jerror.obj
 0002:00001850       ??_C@_0CI@PLMPLCNO@Cannot?5quantize?5to?5fewer?5than?5?$CF@ 0000000180022850     jerror.obj
 0002:00001878       ??_C@_0CH@NHMNHHIB@Cannot?5quantize?5to?5more?5than?5?$CFd@ 0000000180022878     jerror.obj
 0002:000018a0       ??_C@_0CL@FGONDLAJ@Invalid?5JPEG?5file?5structure?3?5?$CFs@ 00000001800228a0     jerror.obj
 0002:000018d0       ??_C@_0CN@IHJJJAFJ@Invalid?5JPEG?5file?5structure?3?5tw@ 00000001800228d0     jerror.obj
 0002:00001900       ??_C@_0DA@GJIJGINK@Invalid?5JPEG?5file?5structure?3?5mi@ 0000000180022900     jerror.obj
 0002:00001930       ??_C@_0CK@HMKECJK@Unsupported?5JPEG?5process?3?5SOF?5t@ 0000000180022930     jerror.obj
 0002:00001960       ??_C@_0CN@HGJCMLNE@Invalid?5JPEG?5file?5structure?3?5tw@ 0000000180022960     jerror.obj
 0002:00001990       ??_C@_0CD@POKNOPOF@Failed?5to?5create?5temporary?5file@ 0000000180022990     jerror.obj
 0002:000019b8       ??_C@_0BO@EEPJGHHI@Read?5failed?5on?5temporary?5file@ 00000001800229b8     jerror.obj
 0002:000019d8       ??_C@_0BO@GOBJOAAI@Seek?5failed?5on?5temporary?5file@ 00000001800229d8     jerror.obj
 0002:000019f8       ??_C@_0DG@KALDLIJB@Write?5failed?5on?5temporary?5file?5@ 00000001800229f8     jerror.obj
 0002:00001a30       ??_C@_0CK@EPADOAKC@Application?5transferred?5too?5few@ 0000000180022a30     jerror.obj
 0002:00001a60       ??_C@_0BP@BPKOBOIP@Unsupported?5marker?5type?50x?$CF02x@ 0000000180022a60     jerror.obj
 0002:00001a80       ??_C@_0CD@GCLFJCHC@Virtual?5array?5controller?5messed@ 0000000180022a80     jerror.obj
 0002:00001aa8       ??_C@_0CH@LJLHCCHC@Image?5too?5wide?5for?5this?5impleme@ 0000000180022aa8     jerror.obj
 0002:00001ad0       ??_C@_0BF@EKLGFGNM@Read?5from?5XMS?5failed@ 0000000180022ad0     jerror.obj
 0002:00001ae8       ??_C@_0BE@FDPDCBIN@Write?5to?5XMS?5failed@ 0000000180022ae8     jerror.obj
 0002:00001b00       ??_C@_0DF@CKAGIPEJ@Copyright?5?$CIC?$CJ?52018?0?5Thomas?5G?4?5L@ 0000000180022b00     jerror.obj
 0002:00001b38       ??_C@_0BA@JBFIABEC@9c?5?514?9Jan?92018@ 0000000180022b38     jerror.obj
 0002:00001b48       ??_C@_0DO@EGLODMBB@Caution?3?5quantization?5tables?5ar@ 0000000180022b48     jerror.obj
 0002:00001b90       ??_C@_0EC@EHPKAOHA@Adobe?5APP14?5marker?3?5version?5?$CFd?0@ 0000000180022b90     jerror.obj
 0002:00001bd8       ??_C@_0CK@HCPFFNKJ@Unknown?5APP0?5marker?5?$CInot?5JFIF?$CJ?0@ 0000000180022bd8     jerror.obj
 0002:00001c08       ??_C@_0CM@CAEPHFAA@Unknown?5APP14?5marker?5?$CInot?5Adobe@ 0000000180022c08     jerror.obj
 0002:00001c38       ??_C@_0CH@KIJGKPAA@Define?5Arithmetic?5Table?50x?$CF02x?3@ 0000000180022c38     jerror.obj
 0002:00001c60       ??_C@_0BM@MDIEILCE@Define?5Huffman?5Table?50x?$CF02x@ 0000000180022c60     jerror.obj
 0002:00001c80       ??_C@_0CL@KLDOJIKN@Define?5Quantization?5Table?5?$CFd?5?5p@ 0000000180022c80     jerror.obj
 0002:00001cb0       ??_C@_0BL@EMFIKBEK@Define?5Restart?5Interval?5?$CFu@ 0000000180022cb0     jerror.obj
 0002:00001cd0       ??_C@_0BE@IPCOOGDJ@Freed?5EMS?5handle?5?$CFu@ 0000000180022cd0     jerror.obj
 0002:00001ce8       ??_C@_0BH@GIPOLIGC@Obtained?5EMS?5handle?5?$CFu@ 0000000180022ce8     jerror.obj
 0002:00001d00       ??_C@_0N@HJHFKELG@End?5Of?5Image@ 0000000180022d00     jerror.obj
 0002:00001d10       ??_C@_0CI@FKGPAJC@?5?5?5?5?5?5?5?5?$CF3d?5?$CF3d?5?$CF3d?5?$CF3d?5?$CF3d?5?$CF3d@ 0000000180022d10     jerror.obj
 0002:00001d38       ??_C@_0DF@LOKNABIG@JFIF?5APP0?5marker?3?5version?5?$CFd?4?$CF0@ 0000000180022d38     jerror.obj
 0002:00001d70       ??_C@_0DM@JLHNPIBE@Warning?3?5thumbnail?5image?5size?5d@ 0000000180022d70     jerror.obj
 0002:00001db0       ??_C@_0CO@KKPHGHBA@JFIF?5extension?5marker?3?5type?50x?$CF@ 0000000180022db0     jerror.obj
 0002:00001de0       ??_C@_0CB@BADBMAAB@?5?5?5?5with?5?$CFd?5x?5?$CFd?5thumbnail?5imag@ 0000000180022de0     jerror.obj
 0002:00001e08       ??_C@_0CH@EHHJCMGA@Miscellaneous?5marker?50x?$CF02x?0?5le@ 0000000180022e08     jerror.obj
 0002:00001e30       ??_C@_0BJ@COPODLDN@Unexpected?5marker?50x?$CF02x@ 0000000180022e30     jerror.obj
 0002:00001e50       ??_C@_0CI@GHPOCOCL@?5?5?5?5?5?5?5?5?$CF4u?5?$CF4u?5?$CF4u?5?$CF4u?5?$CF4u?5?$CF4u@ 0000000180022e50     jerror.obj
 0002:00001e78       ??_C@_0CD@CNNAOOFA@Quantizing?5to?5?$CFd?5?$DN?5?$CFd?$CK?$CFd?$CK?$CFd?5col@ 0000000180022e78     jerror.obj
 0002:00001ea0       ??_C@_0BI@NEIBNACE@Quantizing?5to?5?$CFd?5colors@ 0000000180022ea0     jerror.obj
 0002:00001eb8       ??_C@_0CE@FDPBEAOO@Selected?5?$CFd?5colors?5for?5quantiza@ 0000000180022eb8     jerror.obj
 0002:00001ee0       ??_C@_0CF@NIMOLBCP@At?5marker?50x?$CF02x?0?5recovery?5acti@ 0000000180022ee0     jerror.obj
 0002:00001f08       ??_C@_05LLAPAOG@RST?$CFd@  0000000180022f08     jerror.obj
 0002:00001f10       ??_C@_0DJ@PCBCLFML@Smoothing?5not?5supported?5with?5no@ 0000000180022f10     jerror.obj
 0002:00001f50       ??_C@_0DK@DMINKOGN@Start?5Of?5Frame?50x?$CF02x?3?5width?$DN?$CFu@ 0000000180022f50     jerror.obj
 0002:00001f90       ??_C@_0BP@EDCAMHHE@?5?5?5?5Component?5?$CFd?3?5?$CFdhx?$CFdv?5q?$DN?$CFd@ 0000000180022f90     jerror.obj
 0002:00001fb0       ??_C@_0P@JLCHJELA@Start?5of?5Image@ 0000000180022fb0     jerror.obj
 0002:00001fc0       ??_C@_0BN@BLOOHNC@Start?5Of?5Scan?3?5?$CFd?5components@ 0000000180022fc0     jerror.obj
 0002:00001fe0       ??_C@_0BO@CDEKFGLC@?5?5?5?5Component?5?$CFd?3?5dc?$DN?$CFd?5ac?$DN?$CFd@ 0000000180022fe0     jerror.obj
 0002:00002000       ??_C@_0BN@GAMIJLDC@?5?5Ss?$DN?$CFd?0?5Se?$DN?$CFd?0?5Ah?$DN?$CFd?0?5Al?$DN?$CFd@ 0000000180023000     jerror.obj
 0002:00002020       ??_C@_0BJ@KDCGAOJB@Closed?5temporary?5file?5?$CFs@ 0000000180023020     jerror.obj
 0002:00002040       ??_C@_0BJ@GOCABEP@Opened?5temporary?5file?5?$CFs@ 0000000180023040     jerror.obj
 0002:00002060       ??_C@_0EC@ELDEPOJP@JFIF?5extension?5marker?3?5JPEG?9com@ 0000000180023060     jerror.obj
 0002:000020a8       ??_C@_0DK@JGAPDCJL@JFIF?5extension?5marker?3?5palette?5@ 00000001800230a8     jerror.obj
 0002:000020e8       ??_C@_0DG@FCFDGNHE@JFIF?5extension?5marker?3?5RGB?5thum@ 00000001800230e8     jerror.obj
 0002:00002120       ??_C@_0DE@EEJCDLOO@Unrecognized?5component?5IDs?5?$CFd?5?$CF@ 0000000180023120     jerror.obj
 0002:00002158       ??_C@_0BE@FOGGKKAO@Freed?5XMS?5handle?5?$CFu@ 0000000180023158     jerror.obj
 0002:00002170       ??_C@_0BH@LJLGPEFF@Obtained?5XMS?5handle?5?$CFu@ 0000000180023170     jerror.obj
 0002:00002188       ??_C@_0CG@KEGHCDOM@Unknown?5Adobe?5color?5transform?5c@ 0000000180023188     jerror.obj
 0002:000021b0       ??_C@_0CH@LMKBDJBK@Corrupt?5JPEG?5data?3?5bad?5arithmet@ 00000001800231b0     jerror.obj
 0002:000021e0       ??_C@_0EC@CBCJOINE@Inconsistent?5progression?5sequen@ 00000001800231e0     jerror.obj
 0002:00002228       ??_C@_0DM@PCOGCKJB@Corrupt?5JPEG?5data?3?5?$CFu?5extraneou@ 0000000180023228     jerror.obj
 0002:00002268       ??_C@_0DB@PGMEPGHN@Corrupt?5JPEG?5data?3?5premature?5en@ 0000000180023268     jerror.obj
 0002:000022a0       ??_C@_0CE@PBLDOPKB@Corrupt?5JPEG?5data?3?5bad?5Huffman?5@ 00000001800232a0     jerror.obj
 0002:000022c8       ??_C@_0CO@ODCCEDLN@Warning?3?5unknown?5JFIF?5revision?5@ 00000001800232c8     jerror.obj
 0002:000022f8       ??_C@_0BL@DPFPFMLM@Premature?5end?5of?5JPEG?5file@ 00000001800232f8     jerror.obj
 0002:00002318       ??_C@_0DI@NFMBADOH@Corrupt?5JPEG?5data?3?5found?5marker@ 0000000180023318     jerror.obj
 0002:00002350       ??_C@_0CL@BAKCGOKJ@Invalid?5SOS?5parameters?5for?5sequ@ 0000000180023350     jerror.obj
 0002:00002380       ??_C@_0CL@OCGBAKPF@Application?5transferred?5too?5man@ 0000000180023380     jerror.obj
 0002:000023ac       ??_C@_03OFAPEBGM@?$CFs?6@  00000001800233ac     jerror.obj
 0002:000023b0       __real@3f8a8bd4            00000001800233b0     jidctflt.obj
 0002:000023b4       __real@3fb504f3            00000001800233b4     jidctflt.obj
 0002:000023b8       __real@3fec835e            00000001800233b8     jidctflt.obj
 0002:000023bc       __real@40273d75            00000001800233bc     jidctflt.obj
 0002:000023c0       __real@44002000            00000001800233c0     jidctflt.obj
 0002:000023e8       ??_C@_07OOOLPGAB@JPEGMEM@  00000001800233e8     jmemmgr.obj
 0002:000023f0       ??_C@_05IBIMIMKO@?$CFld?$CFc@ 00000001800233f0     jmemmgr.obj
 0002:000023f8       ??_C@_0BL@ENCPOIKC@java?1lang?1OutOfMemoryError@ 00000001800233f8     jpegloader.obj
 0002:00002418       ??_C@_0P@FDFGJBFF@Setting?5Stream@ 0000000180023418     jpegloader.obj
 0002:00002428       ??_C@_0BE@EBAPEBGJ@java?1io?1IOException@ 0000000180023428     jpegloader.obj
 0002:00002440       ??_C@_0DF@EJNALACK@Invalid?5icc?5profile?3?5inconsiste@ 0000000180023440     jpegloader.obj
 0002:00002478       ??_C@_0CJ@PKIHEMMA@Invalid?5icc?5profile?3?5bad?5sequen@ 0000000180023478     jpegloader.obj
 0002:000024a8       ??_C@_0DA@GLMLOKJH@Invalid?5icc?5profile?3?5duplicate?5@ 00000001800234a8     jpegloader.obj
 0002:000024d8       ??_C@_0DD@PBCIMJPM@Invalid?5icc?5profile?3?5invalid?5nu@ 00000001800234d8     jpegloader.obj
 0002:00002510       ??_C@_0CN@PIKPANEC@Invalid?5icc?5profile?3?5missing?5se@ 0000000180023510     jpegloader.obj
 0002:00002540       ??_C@_0CJ@HIEMCHIB@Invalid?5icc?5profile?3?5invalid?5da@ 0000000180023540     jpegloader.obj
 0002:00002570       ??_C@_0CO@ILDJFFGN@Invalid?5icc?5profile?3?5found?5only@ 0000000180023570     jpegloader.obj
 0002:000025a0       ??_C@_0BE@JBLDAGLI@Reading?5ICC?5profile@ 00000001800235a0     jpegloader.obj
 0002:000025b8       ??_C@_0CF@EJBMEBBP@Unable?5to?5pin?5icc?5profile?5data?5@ 00000001800235b8     jpegloader.obj
 0002:000025e0       ??_C@_07HGNEOLPD@?$CI?$FLBII?$CJI@ 00000001800235e0     jpegloader.obj
 0002:000025e8       ??_C@_04POLDLDMI@read@     00000001800235e8     jpegloader.obj
 0002:000025f0       ??_C@_04BMPAOJO@?$CIJ?$CJJ@ 00000001800235f0     jpegloader.obj
 0002:000025f8       ??_C@_04DLBGLKG@skip@      00000001800235f8     jpegloader.obj
 0002:00002600       ??_C@_0L@NCAMOCKO@?$CIIIIII?$FLB?$CJV@ 0000000180023600     jpegloader.obj
 0002:00002610       ??_C@_0BD@LDHPAJPL@setInputAttributes@ 0000000180023610     jpegloader.obj
 0002:00002624       ??_C@_05MNEAHDDF@?$CIII?$CJV@ 0000000180023624     jpegloader.obj
 0002:00002630       ??_C@_0BE@LAIJFMOE@setOutputAttributes@ 0000000180023630     jpegloader.obj
 0002:00002644       ??_C@_04PFANPMCN@?$CII?$CJV@ 0000000180023644     jpegloader.obj
 0002:00002650       ??_C@_0BE@HMODILCA@updateImageProgress@ 0000000180023650     jpegloader.obj
 0002:00002668       ??_C@_0BG@IKDDPPGD@?$CILjava?1lang?1String?$DL?$CJV@ 0000000180023668     jpegloader.obj
 0002:00002680       ??_C@_0M@BDDHDPHP@emitWarning@ 0000000180023680     jpegloader.obj
 0002:00002690       ??_C@_0BE@LOJEHOGK@Initializing?5Reader@ 0000000180023690     jpegloader.obj
 0002:000026a8       ??_C@_0BB@BBPIIEJP@Array?5pin?5failed@ 00000001800236a8     jpegloader.obj
 0002:000026c0       ??_C@_0BE@KOGPEOLP@Reading?5JPEG?5Stream@ 00000001800236c0     jpegloader.obj
 0002:000026d4       __real@3e000000            00000001800236d4     jpegloader.obj
 0002:000026d8       __real@3e800000            00000001800236d8     jpegloader.obj
 0002:000026dc       __real@3f000000            00000001800236dc     jpegloader.obj
 0002:000027f0       __xmm@7fffffff7fffffff7fffffff7fffffff 00000001800237f0     jquant2.obj
 0002:00002800       jpeg_natural_order         0000000180023800     jutils.obj
 0002:00002940       jpeg_natural_order7        0000000180023940     jutils.obj
 0002:00002a50       jpeg_natural_order6        0000000180023a50     jutils.obj
 0002:00002b20       jpeg_natural_order5        0000000180023b20     jutils.obj
 0002:00002bd0       jpeg_natural_order4        0000000180023bd0     jutils.obj
 0002:00002c50       jpeg_natural_order3        0000000180023c50     jutils.obj
 0002:00002cc0       jpeg_natural_order2        0000000180023cc0     jutils.obj
 0002:00002d20       _pRawDllMain               0000000180023d20     MSVCRT:dll_dllmain.obj
 0002:00002d20       _pDefaultRawDllMain        0000000180023d20     MSVCRT:dll_dllmain.obj
 0002:00002d50       _load_config_used          0000000180023d50     MSVCRT:loadcfg.obj
 0002:00003090       __rtc_iaa                  0000000180024090     MSVCRT:initsect.obj
 0002:00003098       __rtc_izz                  0000000180024098     MSVCRT:initsect.obj
 0002:000030a0       __rtc_taa                  00000001800240a0     MSVCRT:initsect.obj
 0002:000030a8       __rtc_tzz                  00000001800240a8     MSVCRT:initsect.obj
 0002:00004a70       __IMPORT_DESCRIPTOR_KERNEL32 0000000180025a70     kernel32:KERNEL32.dll
 0002:00004a84       __IMPORT_DESCRIPTOR_VCRUNTIME140 0000000180025a84     vcruntime:VCRUNTIME140.dll
 0002:00004a98       __IMPORT_DESCRIPTOR_api-ms-win-crt-string-l1-1-0 0000000180025a98     ucrt:api-ms-win-crt-string-l1-1-0.dll
 0002:00004aac       __IMPORT_DESCRIPTOR_api-ms-win-crt-runtime-l1-1-0 0000000180025aac     ucrt:api-ms-win-crt-runtime-l1-1-0.dll
 0002:00004ac0       __IMPORT_DESCRIPTOR_api-ms-win-crt-stdio-l1-1-0 0000000180025ac0     ucrt:api-ms-win-crt-stdio-l1-1-0.dll
 0002:00004ad4       __IMPORT_DESCRIPTOR_api-ms-win-crt-environment-l1-1-0 0000000180025ad4     ucrt:api-ms-win-crt-environment-l1-1-0.dll
 0002:00004ae8       __IMPORT_DESCRIPTOR_api-ms-win-crt-heap-l1-1-0 0000000180025ae8     ucrt:api-ms-win-crt-heap-l1-1-0.dll
 0002:00004afc       __NULL_IMPORT_DESCRIPTOR   0000000180025afc     kernel32:KERNEL32.dll
 0003:00000000       _fltused                   0000000180027000     MSVCRT:fltused.obj
 0003:00000010       __security_cookie_complement 0000000180027010     MSVCRT:gs_cookie.obj
 0003:00000018       __security_cookie          0000000180027018     MSVCRT:gs_cookie.obj
 0003:00000020       __isa_available            0000000180027020     MSVCRT:cpu_disp.obj
 0003:00000024       __isa_enabled              0000000180027024     MSVCRT:cpu_disp.obj
 0003:00000028       __memcpy_nt_iters          0000000180027028     MSVCRT:cpu_disp.obj
 0003:00000030       __scrt_native_dllmain_reason 0000000180027030     MSVCRT:utility.obj
 0003:00000040       __scrt_ucrt_dll_is_in_use  0000000180027040     MSVCRT:ucrt_stubs.obj
 0003:00000088       __favor                    0000000180027088     MSVCRT:cpu_disp.obj
 0003:00000610       ?__type_info_root_node@@3U__type_info_node@@A 0000000180027610     MSVCRT:tncleanup.obj
 0003:00000620       __scrt_current_native_startup_state 0000000180027620     MSVCRT:utility.obj
 0003:00000628       __scrt_native_startup_lock 0000000180027628     MSVCRT:utility.obj
 0003:00000668       __scrt_debugger_hook_flag  0000000180027668     MSVCRT:utility_desktop.obj
 0003:00000670       ?_OptionsStorage@?1??__local_stdio_scanf_options@@9@9 0000000180027670     <common>
 0003:00000678       ?_OptionsStorage@?1??__local_stdio_printf_options@@9@9 0000000180027678     <common>
 0003:00000680       __dyn_tls_init_callback    0000000180027680     <common>

 entry point at        0001:0001f41c

 Static symbols

 0001:000000d0       default_decompress_parms   00000001800010d0 f   jdapimin.obj
 0001:00000624       $LN20                      0000000180001624     jdapimin.obj
 0001:00000820       output_pass_setup          0000000180001820 f   jdapistd.obj
 0001:00000930       consume_data               0000000180001930 f   jdcoefct.obj
 0001:00000bb0       decompress_data            0000000180001bb0 f   jdcoefct.obj
 0001:00000db0       decompress_onepass         0000000180001db0 f   jdcoefct.obj
 0001:000010a0       decompress_smooth_data     00000001800020a0 f   jdcoefct.obj
 0001:000017d0       dummy_consume_data         00000001800027d0 f   jdcoefct.obj
 0001:000019c0       start_input_pass           00000001800029c0 f   jdcoefct.obj
 0001:00001a10       start_output_pass          0000000180002a10 f   jdcoefct.obj
 0001:00001bf0       build_ycc_rgb_table        0000000180002bf0 f   jdcolor.obj
 0001:00001ce0       cmyk_rgb_convert           0000000180002ce0 f   jdcolor.obj
 0001:00001e40       gray_rgb_convert           0000000180002e40 f   jdcolor.obj
 0001:00001eb0       grayscale_convert          0000000180002eb0 f   jdcolor.obj
 0001:000023f8       $LN96                      00000001800033f8     jdcolor.obj
 0001:00002414       $LN95                      0000000180003414     jdcolor.obj
 0001:00002430       null_convert               0000000180003430 f   jdcolor.obj
 0001:000024f0       rgb1_gray_convert          00000001800034f0 f   jdcolor.obj
 0001:000025e0       rgb1_rgb_convert           00000001800035e0 f   jdcolor.obj
 0001:000026b0       rgb_convert                00000001800036b0 f   jdcolor.obj
 0001:00002770       rgb_gray_convert           0000000180003770 f   jdcolor.obj
 0001:00002850       start_pass_dcolor          0000000180003850 f   jdcolor.obj
 0001:00002850       finish_pass2               0000000180003850 f   jquant2.obj
 0001:00002850       finish_pass_1_quant        0000000180003850 f   jquant1.obj
 0001:00002860       ycc_rgb_convert            0000000180003860 f   jdcolor.obj
 0001:00002a10       ycck_cmyk_convert          0000000180003a10 f   jdcolor.obj
 0001:00002be0       ycck_rgb_convert           0000000180003be0 f   jdcolor.obj
 0001:00002ee0       start_pass                 0000000180003ee0 f   jddctmgr.obj
 0001:000036d0       decode_mcu                 00000001800046d0 f   jdhuff.obj
 0001:00003b60       decode_mcu_AC_first        0000000180004b60 f   jdhuff.obj
 0001:00003de0       decode_mcu_AC_refine       0000000180004de0 f   jdhuff.obj
 0001:00004290       decode_mcu_DC_first        0000000180005290 f   jdhuff.obj
 0001:000044d0       decode_mcu_DC_refine       00000001800054d0 f   jdhuff.obj
 0001:000045e0       decode_mcu_sub             00000001800055e0 f   jdhuff.obj
 0001:00004a80       finish_pass_huff           0000000180005a80 f   jdhuff.obj
 0001:00004c00       jpeg_fill_bit_buffer       0000000180005c00 f   jdhuff.obj
 0001:00004d50       jpeg_huff_decode           0000000180005d50 f   jdhuff.obj
 0001:00004e90       jpeg_make_d_derived_tbl    0000000180005e90 f   jdhuff.obj
 0001:000051e0       process_restart            00000001800061e0 f   jdhuff.obj
 0001:00005290       start_pass_huff_decoder    0000000180006290 f   jdhuff.obj
 0001:00005848       $LN129                     0000000180006848     jdhuff.obj
 0001:00005868       $LN128                     0000000180006868     jdhuff.obj
 0001:000058a0       consume_markers            00000001800068a0 f   jdinput.obj
 0001:000059c0       finish_input_pass          00000001800069c0 f   jdinput.obj
 0001:000059f0       initial_setup              00000001800069f0 f   jdinput.obj
 0001:00005e28       $LN57                      0000000180006e28     jdinput.obj
 0001:00005e68       $LN56                      0000000180006e68     jdinput.obj
 0001:00006400       reset_input_controller     0000000180007400 f   jdinput.obj
 0001:00006450       start_input_pass           0000000180007450 f   jdinput.obj
 0001:00006910       process_data_context_main  0000000180007910 f   jdmainct.obj
 0001:00006c70       process_data_crank_post    0000000180007c70 f   jdmainct.obj
 0001:00006ca0       process_data_simple_main   0000000180007ca0 f   jdmainct.obj
 0001:00006d40       start_pass_main            0000000180007d40 f   jdmainct.obj
 0001:00006f70       examine_app0               0000000180007f70 f   jdmarker.obj
 0001:00007200       examine_app14              0000000180008200 f   jdmarker.obj
 0001:000072e0       get_dht                    00000001800082e0 f   jdmarker.obj
 0001:00007650       get_dqt                    0000000180008650 f   jdmarker.obj
 0001:00007980       $LN97                      0000000180008980     jdmarker.obj
 0001:0000799c       $LN96                      000000018000899c     jdmarker.obj
 0001:000079d0       get_interesting_appn       00000001800089d0 f   jdmarker.obj
 0001:00007b50       get_lse                    0000000180008b50 f   jdmarker.obj
 0001:00008010       get_sof                    0000000180009010 f   jdmarker.obj
 0001:000083a0       get_sos                    00000001800093a0 f   jdmarker.obj
 0001:00008a20       next_marker                0000000180009a20 f   jdmarker.obj
 0001:00008b60       read_markers               0000000180009b60 f   jdmarker.obj
 0001:00008fcc       $LN135                     0000000180009fcc     jdmarker.obj
 0001:00009014       $LN134                     000000018000a014     jdmarker.obj
 0001:00009120       read_restart_marker        000000018000a120 f   jdmarker.obj
 0001:000091c0       reset_marker_reader        000000018000a1c0 f   jdmarker.obj
 0001:000091f0       save_marker                000000018000a1f0 f   jdmarker.obj
 0001:00009480       skip_variable              000000018000a480 f   jdmarker.obj
 0001:00009560       finish_output_pass         000000018000a560 f   jdmaster.obj
 0001:0000981c       $LN44                      000000018000a81c     jdmaster.obj
 0001:00009840       master_selection           000000018000a840 f   jdmaster.obj
 0001:00009b00       prepare_for_output_pass    000000018000ab00 f   jdmaster.obj
 0001:00009c60       use_merged_upsample        000000018000ac60 f   jdmaster.obj
 0001:00009d10       h2v1_merged_upsample       000000018000ad10 f   jdmerge.obj
 0001:00009ea0       h2v2_merged_upsample       000000018000aea0 f   jdmerge.obj
 0001:0000a360       merged_1v_upsample         000000018000b360 f   jdmerge.obj
 0001:0000a3a0       merged_2v_upsample         000000018000b3a0 f   jdmerge.obj
 0001:0000a480       start_pass_merged_upsample 000000018000b480 f   jdmerge.obj
 0001:0000a570       post_process_1pass         000000018000b570 f   jdpostct.obj
 0001:0000a620       post_process_2pass         000000018000b620 f   jdpostct.obj
 0001:0000a6e0       post_process_prepass       000000018000b6e0 f   jdpostct.obj
 0001:0000a7d0       start_pass_dpost           000000018000b7d0 f   jdpostct.obj
 0001:0000a8c0       fullsize_upsample          000000018000b8c0 f   jdsample.obj
 0001:0000a8d0       h2v1_upsample              000000018000b8d0 f   jdsample.obj
 0001:0000a940       h2v2_upsample              000000018000b940 f   jdsample.obj
 0001:0000aa00       int_upsample               000000018000ba00 f   jdsample.obj
 0001:0000acf0       noop_upsample              000000018000bcf0 f   jdsample.obj
 0001:0000ad00       sep_upsample               000000018000bd00 f   jdsample.obj
 0001:0000ae50       start_pass_upsample        000000018000be50 f   jdsample.obj
 0001:0000ae80       emit_message               000000018000be80 f   jerror.obj
 0001:0000aed0       error_exit                 000000018000bed0 f   jerror.obj
 0001:0000af00       format_message             000000018000bf00 f   jerror.obj
 0001:0000b0c0       output_message             000000018000c0c0 f   jerror.obj
 0001:0000b120       reset_error_mgr            000000018000c120 f   jerror.obj
 0001:00019460       access_virt_barray         000000018001a460 f   jmemmgr.obj
 0001:000196d0       access_virt_sarray         000000018001a6d0 f   jmemmgr.obj
 0001:00019930       alloc_barray               000000018001a930 f   jmemmgr.obj
 0001:00019a20       alloc_large                000000018001aa20 f   jmemmgr.obj
 0001:00019b10       alloc_sarray               000000018001ab10 f   jmemmgr.obj
 0001:00019c00       alloc_small                000000018001ac00 f   jmemmgr.obj
 0001:00019d90       free_pool                  000000018001ad90 f   jmemmgr.obj
 0001:0001a050       realize_virt_arrays        000000018001b050 f   jmemmgr.obj
 0001:0001a220       request_virt_barray        000000018001b220 f   jmemmgr.obj
 0001:0001a2d0       request_virt_sarray        000000018001b2d0 f   jmemmgr.obj
 0001:0001a380       self_destruct              000000018001b380 f   jmemmgr.obj
 0001:0001a5b0       GET_ARRAYS                 000000018001b5b0 f   jpegloader.obj
 0001:0001b470       RELEASE_ARRAYS             000000018001c470 f   jpegloader.obj
 0001:0001b6c0       imageio_set_stream         000000018001c6c0 f   jpegloader.obj
 0001:0001bea0       resetStreamBuffer          000000018001cea0 f   jpegloader.obj
 0001:0001bf10       sun_jpeg_error_exit        000000018001cf10 f   jpegloader.obj
 0001:0001bf30       sun_jpeg_output_message    000000018001cf30 f   jpegloader.obj
 0001:0001c040       alloc_fs_workspace         000000018001d040 f   jquant1.obj
 0001:0001c0c0       color_quantize             000000018001d0c0 f   jquant1.obj
 0001:0001c170       color_quantize3            000000018001d170 f   jquant1.obj
 0001:0001c210       create_colorindex          000000018001d210 f   jquant1.obj
 0001:0001c3a0       create_colormap            000000018001d3a0 f   jquant1.obj
 0001:0001c620       create_odither_tables      000000018001d620 f   jquant1.obj
 0001:0001c970       new_color_map_1_quant      000000018001d970 f   jquant1.obj
 0001:0001c980       quantize3_ord_dither       000000018001d980 f   jquant1.obj
 0001:0001cb30       quantize_fs_dither         000000018001db30 f   jquant1.obj
 0001:0001cd90       quantize_ord_dither        000000018001dd90 f   jquant1.obj
 0001:0001cf00       start_pass_1_quant         000000018001df00 f   jquant1.obj
 0001:0001d040       fill_inverse_cmap          000000018001e040 f   jquant2.obj
 0001:0001d1a0       find_best_colors           000000018001e1a0 f   jquant2.obj
 0001:0001d4a0       find_nearby_colors         000000018001e4a0 f   jquant2.obj
 0001:0001d6f0       finish_pass1               000000018001e6f0 f   jquant2.obj
 0001:0001d720       init_error_limit           000000018001e720 f   jquant2.obj
 0001:0001da40       median_cut                 000000018001ea40 f   jquant2.obj
 0001:0001dc30       new_color_map_2_quant      000000018001ec30 f   jquant2.obj
 0001:0001dc40       pass2_fs_dither            000000018001ec40 f   jquant2.obj
 0001:0001e000       pass2_no_dither            000000018001f000 f   jquant2.obj
 0001:0001e2e0       prescan_quantize           000000018001f2e0 f   jquant2.obj
 0001:0001e380       select_colors              000000018001f380 f   jquant2.obj
 0001:0001e620       start_pass_2_quant         000000018001f620 f   jquant2.obj
 0001:0001e770       update_box                 000000018001f770 f   jquant2.obj
 0001:0001ec60       $$000000                   000000018001fc60     MSVCRT:amdsecgs.obj
 0001:0001f008       capture_current_context    0000000180020008 f   MSVCRT:gs_report.obj
 0001:0001f078       capture_previous_context   0000000180020078 f   MSVCRT:gs_report.obj
 0001:0001f0ec       ?dllmain_crt_dispatch@@YAHQEAUHINSTANCE__@@KQEAX@Z 00000001800200ec f   MSVCRT:dll_dllmain.obj
 0001:0001f13c       ?dllmain_crt_process_attach@@YAHQEAUHINSTANCE__@@QEAX@Z 000000018002013c f   MSVCRT:dll_dllmain.obj
 0001:0001f258       ?dllmain_crt_process_detach@@YAH_N@Z 0000000180020258 f   MSVCRT:dll_dllmain.obj
 0001:0001f2e8       ?dllmain_dispatch@@YAHQEAUHINSTANCE__@@KQEAX@Z 00000001800202e8 f   MSVCRT:dll_dllmain.obj
 0001:0001fb30       $$000000                   0000000180020b30     MSVCRT:guard_dispatch.obj
 0001:0001fb42       ?fin$0@?0??dllmain_crt_process_attach@@YAHQEAUHINSTANCE__@@QEAX@Z@4HA 0000000180020b42 f   MSVCRT:dll_dllmain.obj
 0001:0001fb59       ?fin$0@?0??dllmain_crt_process_detach@@YAH_N@Z@4HA 0000000180020b59 f   MSVCRT:dll_dllmain.obj
 0001:0001fb75       ?filt$0@?0??dllmain_dispatch@@YAHQEAUHINSTANCE__@@KQEAX@Z@4HA 0000000180020b75 f   MSVCRT:dll_dllmain.obj
 0001:0001fbab       __scrt_is_nonwritable_in_current_image$filt$0 0000000180020bab f   MSVCRT:utility.obj
 0002:00000210       ?aanscales@?9??start_pass_fdctmgr@@9@9 0000000180021210     jcdctmgr.obj
 0002:00000290       ?aanscalefactor@?N@??start_pass_fdctmgr@@9@9 0000000180021290     jcdctmgr.obj
 0002:00000300       std_luminance_quant_tbl    0000000180021300     jcparam.obj
 0002:00000400       std_chrominance_quant_tbl  0000000180021400     jcparam.obj
 0002:00000500       ?bits_dc_luminance@?1??std_huff_tables@@9@9 0000000180021500     jcparam.obj
 0002:00000518       ?val_dc_luminance@?1??std_huff_tables@@9@9 0000000180021518     jcparam.obj
 0002:00000528       ?bits_dc_chrominance@?1??std_huff_tables@@9@9 0000000180021528     jcparam.obj
 0002:00000540       ?val_dc_chrominance@?1??std_huff_tables@@9@9 0000000180021540     jcparam.obj
 0002:00000550       ?bits_ac_luminance@?1??std_huff_tables@@9@9 0000000180021550     jcparam.obj
 0002:00000568       ?bits_ac_chrominance@?1??std_huff_tables@@9@9 0000000180021568     jcparam.obj
 0002:00000580       ?val_ac_luminance@?1??std_huff_tables@@9@9 0000000180021580     jcparam.obj
 0002:00000630       ?val_ac_chrominance@?1??std_huff_tables@@9@9 0000000180021630     jcparam.obj
 0002:000006e0       ?aanscales@?L@??start_pass@@9@9 00000001800216e0     jddctmgr.obj
 0002:00000760       ?aanscalefactor@?O@??start_pass@@9@9 0000000180021760     jddctmgr.obj
 0002:000007c0       jpeg_zigzag_order          00000001800217c0     jdhuff.obj
 0002:000008c0       jpeg_zigzag_order7         00000001800218c0     jdhuff.obj
 0002:00000990       jpeg_zigzag_order6         0000000180021990     jdhuff.obj
 0002:00000a20       jpeg_zigzag_order5         0000000180021a20     jdhuff.obj
 0002:00000a90       jpeg_zigzag_order4         0000000180021a90     jdhuff.obj
 0002:00000ad0       jpeg_zigzag_order3         0000000180021ad0     jdhuff.obj
 0002:00000af8       jpeg_zigzag_order2         0000000180021af8     jdhuff.obj
 0002:00000b10       bmask                      0000000180021b10     jdhuff.obj
 0002:000023c8       first_pool_slop            00000001800233c8     jmemmgr.obj
 0002:000023d8       extra_pool_slop            00000001800233d8     jmemmgr.obj
 0002:000026e0       base_dither_matrix         00000001800236e0     jquant1.obj
 0002:000027e0       ?RGB_order@?1??select_ncolors@@9@9 00000001800237e0     jquant1.obj
 0002:00002d10       GS_ExceptionPointers       0000000180023d10     MSVCRT:gs_report.obj
 0002:000030b0       $unwind$__report_rangecheckfailure 00000001800240b0     MSVCRT:gs_report.obj
 0002:000030b0       $unwind$__scrt_dllmain_uninitialize_critical 00000001800240b0     MSVCRT:utility.obj
 0002:000030b0       $unwind$__scrt_dllmain_crt_thread_attach 00000001800240b0     MSVCRT:utility.obj
 0002:000030b0       $unwind$__scrt_dllmain_crt_thread_detach 00000001800240b0     MSVCRT:utility.obj
 0002:000030b0       $unwind$__scrt_dllmain_uninitialize_c 00000001800240b0     MSVCRT:utility.obj
 0002:000030b0       $unwind$DllMain            00000001800240b0     MSVCRT:dll_dllmain_stub.obj
 0002:000030b0       $unwind$jpeg_alloc_quant_table 00000001800240b0     jcomapi.obj
 0002:000030b0       $unwind$sun_jpeg_error_exit 00000001800240b0     jpegloader.obj
 0002:000030b0       $unwind$__scrt_dllmain_after_initialize_c 00000001800240b0     MSVCRT:utility.obj
 0002:000030b0       $unwind$__GSHandlerCheck   00000001800240b0     MSVCRT:gshandler.obj
 0002:000030b0       $unwind$__scrt_acquire_startup_lock 00000001800240b0     MSVCRT:utility.obj
 0002:000030b0       $unwind$__scrt_initialize_default_local_stdio_options 00000001800240b0     MSVCRT:default_local_stdio_options.obj
 0002:000030b0       $unwind$GetEnv             00000001800240b0     jpegloader.obj
 0002:000030b0       $unwind$?dllmain_crt_dispatch@@YAHQEAUHINSTANCE__@@KQEAX@Z 00000001800240b0     MSVCRT:dll_dllmain.obj
 0002:000030b0       $unwind$__scrt_dllmain_before_initialize_c 00000001800240b0     MSVCRT:utility.obj
 0002:000030b0       $unwind$jpeg_alloc_huff_table 00000001800240b0     jcomapi.obj
 0002:000030b8       $unwind$jpeg_abort         00000001800240b8     jcomapi.obj
 0002:000030b8       $unwind$jpeg_start_decompress 00000001800240b8     jdapistd.obj
 0002:000030b8       $unwind$jinit_master_decompress 00000001800240b8     jdmaster.obj
 0002:000030b8       $unwind$__raise_securityfailure 00000001800240b8     MSVCRT:gs_report.obj
 0002:000030b8       $unwind$jinit_marker_reader 00000001800240b8     jdmarker.obj
 0002:000030b8       $unwind$__scrt_release_startup_lock 00000001800240b8     MSVCRT:utility.obj
 0002:000030b8       $unwind$finish_pass1       00000001800240b8     jquant2.obj
 0002:000030b8       $unwind$__scrt_initialize_crt 00000001800240b8     MSVCRT:utility.obj
 0002:000030b8       $unwind$finish_output_pass 00000001800240b8     jdmaster.obj
 0002:000030b8       $unwind$init_error_limit   00000001800240b8     jquant2.obj
 0002:000030b8       $unwind$emit_message       00000001800240b8     jerror.obj
 0002:000030b8       $unwind$error_exit         00000001800240b8     jerror.obj
 0002:000030b8       $unwind$jpeg_core_output_dimensions 00000001800240b8     jdinput.obj
 0002:000030b8       $unwind$jinit_input_controller 00000001800240b8     jdinput.obj
 0002:000030b8       $unwind$jinit_1pass_quantizer 00000001800240b8     jquant1.obj
 0002:000030b8       $unwind$jpeg_destroy       00000001800240b8     jcomapi.obj
 0002:000030b8       $unwind$read_restart_marker 00000001800240b8     jdmarker.obj
 0002:000030b8       $unwind$reset_input_controller 00000001800240b8     jdinput.obj
 0002:000030b8       $unwind$__scrt_uninitialize_crt 00000001800240b8     MSVCRT:utility.obj
 0002:000030b8       $unwind$finish_input_pass  00000001800240b8     jdinput.obj
 0002:000030b8       $unwind$jpeg_finish_decompress 00000001800240b8     jdapimin.obj
 0002:000030c0       $unwind$jpeg_resync_to_restart 00000001800240c0     jdmarker.obj
 0002:000030c0       $unwind$__scrt_dllmain_exception_filter 00000001800240c0     MSVCRT:utility.obj
 0002:000030c0       $unwind$jcopy_sample_rows  00000001800240c0     jutils.obj
 0002:000030c0       $unwind$jpeg_CreateDecompress 00000001800240c0     jdapimin.obj
 0002:000030c0       $unwind$initial_setup      00000001800240c0     jdinput.obj
 0002:000030c0       $unwind$jinit_2pass_quantizer 00000001800240c0     jquant2.obj
 0002:000030c0       $unwind$alloc_fs_workspace 00000001800240c0     jquant1.obj
 0002:000030d4       $unwind$examine_app0       00000001800240d4     jdmarker.obj
 0002:000030d4       $unwind$jinit_merged_upsampler 00000001800240d4     jdmerge.obj
 0002:000030d4       $unwind$jpeg_read_header   00000001800240d4     jdapimin.obj
 0002:000030d4       $unwind$Java_com_sun_javafx_iio_jpeg_JPEGImageLoader_initJPEGMethodIDs 00000001800240d4     jpegloader.obj
 0002:000030d4       $unwind$ThrowByName        00000001800240d4     jpegloader.obj
 0002:000030d4       $unwind$process_restart    00000001800240d4     jdhuff.obj
 0002:000030d4       $unwind$GET_ARRAYS         00000001800240d4     jpegloader.obj
 0002:000030d4       $unwind$_DllMainCRTStartup 00000001800240d4     MSVCRT:dll_dllmain.obj
 0002:000030d4       $unwind$resetStreamBuffer  00000001800240d4     jpegloader.obj
 0002:000030e4       $unwind$RELEASE_ARRAYS     00000001800240e4     jpegloader.obj
 0002:000030e4       $unwind$merged_1v_upsample 00000001800240e4     jdmerge.obj
 0002:000030e4       $unwind$jinit_huff_decoder 00000001800240e4     jdhuff.obj
 0002:000030e4       $unwind$build_ycc_rgb_table 00000001800240e4     jdcolor.obj
 0002:000030e4       $unwind$prepare_for_output_pass 00000001800240e4     jdmaster.obj
 0002:000030e4       $unwind$consume_markers    00000001800240e4     jdinput.obj
 0002:000030e4       $unwind$_RTC_Initialize    00000001800240e4     MSVCRT:initsect.obj
 0002:000030e4       $unwind$default_decompress_parms 00000001800240e4     jdapimin.obj
 0002:000030e4       $unwind$_RTC_Terminate     00000001800240e4     MSVCRT:initsect.obj
 0002:000030f0       $unwind$jpeg_read_scanlines 00000001800240f0     jdapistd.obj
 0002:000030f0       $unwind$start_pass_2_quant 00000001800240f0     jquant2.obj
 0002:00003100       $unwind$output_pass_setup  0000000180024100     jdapistd.obj
 0002:00003114       $unwind$jinit_d_coef_controller 0000000180024114     jdcoefct.obj
 0002:00003124       $chain$0$jinit_d_coef_controller 0000000180024124     jdcoefct.obj
 0002:00003138       $chain$3$jinit_d_coef_controller 0000000180024138     jdcoefct.obj
 0002:00003154       $chain$4$jinit_d_coef_controller 0000000180024154     jdcoefct.obj
 0002:00003164       $chain$5$jinit_d_coef_controller 0000000180024164     jdcoefct.obj
 0002:00003174       $unwind$decompress_onepass 0000000180024174     jdcoefct.obj
 0002:0000318c       $unwind$decompress_data    000000018002418c     jdcoefct.obj
 0002:000031a4       $chain$3$decompress_data   00000001800241a4     jdcoefct.obj
 0002:000031bc       $chain$4$decompress_data   00000001800241bc     jdcoefct.obj
 0002:000031cc       $unwind$decompress_smooth_data 00000001800241cc     jdcoefct.obj
 0002:000031e4       $chain$4$decompress_smooth_data 00000001800241e4     jdcoefct.obj
 0002:00003208       $chain$8$decompress_smooth_data 0000000180024208     jdcoefct.obj
 0002:00003208       $chain$5$decompress_smooth_data 0000000180024208     jdcoefct.obj
 0002:00003218       $chain$6$decompress_smooth_data 0000000180024218     jdcoefct.obj
 0002:0000323c       $chain$7$decompress_smooth_data 000000018002423c     jdcoefct.obj
 0002:00003250       $unwind$start_output_pass  0000000180024250     jdcoefct.obj
 0002:0000325c       $chain$2$start_output_pass 000000018002425c     jdcoefct.obj
 0002:00003278       $chain$4$start_output_pass 0000000180024278     jdcoefct.obj
 0002:00003294       $chain$5$start_output_pass 0000000180024294     jdcoefct.obj
 0002:000032a4       $unwind$consume_data       00000001800242a4     jdcoefct.obj
 0002:000032c8       $unwind$jinit_color_deconverter 00000001800242c8     jdcolor.obj
 0002:000032d0       $chain$1$jinit_color_deconverter 00000001800242d0     jdcolor.obj
 0002:000032e8       $chain$4$jinit_color_deconverter 00000001800242e8     jdcolor.obj
 0002:00003304       $chain$5$jinit_color_deconverter 0000000180024304     jdcolor.obj
 0002:00003314       $chain$6$jinit_color_deconverter 0000000180024314     jdcolor.obj
 0002:00003324       $unwind$ycc_rgb_convert    0000000180024324     jdcolor.obj
 0002:00003334       $chain$2$ycc_rgb_convert   0000000180024334     jdcolor.obj
 0002:00003350       $chain$3$ycc_rgb_convert   0000000180024350     jdcolor.obj
 0002:00003360       $unwind$rgb_gray_convert   0000000180024360     jdcolor.obj
 0002:00003374       $chain$1$rgb_gray_convert  0000000180024374     jdcolor.obj
 0002:0000338c       $chain$2$rgb_gray_convert  000000018002438c     jdcolor.obj
 0002:0000339c       $unwind$rgb1_rgb_convert   000000018002439c     jdcolor.obj
 0002:000033b0       $chain$0$rgb1_rgb_convert  00000001800243b0     jdcolor.obj
 0002:000033c4       $chain$1$rgb1_rgb_convert  00000001800243c4     jdcolor.obj
 0002:000033d4       $unwind$rgb1_gray_convert  00000001800243d4     jdcolor.obj
 0002:000033e4       $chain$2$rgb1_gray_convert 00000001800243e4     jdcolor.obj
 0002:00003400       $chain$3$rgb1_gray_convert 0000000180024400     jdcolor.obj
 0002:00003410       $unwind$rgb_convert        0000000180024410     jdcolor.obj
 0002:00003424       $unwind$null_convert       0000000180024424     jdcolor.obj
 0002:00003438       $chain$1$null_convert      0000000180024438     jdcolor.obj
 0002:00003450       $chain$2$null_convert      0000000180024450     jdcolor.obj
 0002:00003460       $unwind$grayscale_convert  0000000180024460     jdcolor.obj
 0002:00003460       $unwind$start_pass_dpost   0000000180024460     jdpostct.obj
 0002:00003468       $unwind$jpeg_idct_2x2      0000000180024468     jidctint.obj
 0002:00003468       $unwind$gray_rgb_convert   0000000180024468     jdcolor.obj
 0002:00003474       $unwind$ycck_rgb_convert   0000000180024474     jdcolor.obj
 0002:00003480       $chain$5$ycck_rgb_convert  0000000180024480     jdcolor.obj
 0002:000034a8       $chain$6$ycck_rgb_convert  00000001800244a8     jdcolor.obj
 0002:000034b8       $unwind$cmyk_rgb_convert   00000001800244b8     jdcolor.obj
 0002:000034c4       $chain$4$cmyk_rgb_convert  00000001800244c4     jdcolor.obj
 0002:000034e8       $chain$5$cmyk_rgb_convert  00000001800244e8     jdcolor.obj
 0002:000034f8       $unwind$ycck_cmyk_convert  00000001800244f8     jdcolor.obj
 0002:00003508       $chain$3$ycck_cmyk_convert 0000000180024508     jdcolor.obj
 0002:00003528       $chain$4$ycck_cmyk_convert 0000000180024528     jdcolor.obj
 0002:00003538       $unwind$jinit_inverse_dct  0000000180024538     jddctmgr.obj
 0002:00003548       $chain$0$jinit_inverse_dct 0000000180024548     jddctmgr.obj
 0002:0000355c       $chain$1$jinit_inverse_dct 000000018002455c     jddctmgr.obj
 0002:0000356c       $unwind$start_pass         000000018002456c     jddctmgr.obj
 0002:00003584       $chain$8$start_pass        0000000180024584     jddctmgr.obj
 0002:000035b8       $chain$9$start_pass        00000001800245b8     jddctmgr.obj
 0002:000035c8       $unwind$jpeg_make_d_derived_tbl 00000001800245c8     jdhuff.obj
 0002:000035ec       $unwind$alloc_sarray       00000001800245ec     jmemmgr.obj
 0002:000035ec       $unwind$alloc_barray       00000001800245ec     jmemmgr.obj
 0002:000035ec       $unwind$self_destruct      00000001800245ec     jmemmgr.obj
 0002:000035ec       $unwind$jpeg_fill_bit_buffer 00000001800245ec     jdhuff.obj
 0002:00003608       $unwind$next_marker        0000000180024608     jdmarker.obj
 0002:00003608       $unwind$alloc_large        0000000180024608     jmemmgr.obj
 0002:00003608       $unwind$jpeg_huff_decode   0000000180024608     jdhuff.obj
 0002:00003608       $unwind$skip_variable      0000000180024608     jdmarker.obj
 0002:00003608       $unwind$request_virt_barray 0000000180024608     jmemmgr.obj
 0002:00003608       $unwind$request_virt_sarray 0000000180024608     jmemmgr.obj
 0002:00003620       $unwind$decode_mcu_DC_first 0000000180024620     jdhuff.obj
 0002:00003640       $unwind$decode_mcu_AC_first 0000000180024640     jdhuff.obj
 0002:00003658       $unwind$decode_mcu_DC_refine 0000000180024658     jdhuff.obj
 0002:00003670       $unwind$decode_mcu_AC_refine 0000000180024670     jdhuff.obj
 0002:00003688       $chain$4$decode_mcu_AC_refine 0000000180024688     jdhuff.obj
 0002:000036ac       $chain$5$decode_mcu_AC_refine 00000001800246ac     jdhuff.obj
 0002:000036bc       $unwind$decode_mcu_sub     00000001800246bc     jdhuff.obj
 0002:000036e0       $unwind$decode_mcu         00000001800246e0     jdhuff.obj
 0002:00003704       $unwind$start_pass_huff_decoder 0000000180024704     jdhuff.obj
 0002:00003720       $unwind$start_input_pass   0000000180024720     jdinput.obj
 0002:00003730       $chain$0$start_input_pass  0000000180024730     jdinput.obj
 0002:00003744       $chain$1$start_input_pass  0000000180024744     jdinput.obj
 0002:00003754       $chain$2$start_input_pass  0000000180024754     jdinput.obj
 0002:00003768       $chain$3$start_input_pass  0000000180024768     jdinput.obj
 0002:00003778       $unwind$jinit_d_main_controller 0000000180024778     jdmainct.obj
 0002:00003788       $chain$1$jinit_d_main_controller 0000000180024788     jdmainct.obj
 0002:000037a0       $chain$2$jinit_d_main_controller 00000001800247a0     jdmainct.obj
 0002:000037b4       $chain$3$jinit_d_main_controller 00000001800247b4     jdmainct.obj
 0002:000037c4       $chain$4$jinit_d_main_controller 00000001800247c4     jdmainct.obj
 0002:000037d4       $unwind$process_data_simple_main 00000001800247d4     jdmainct.obj
 0002:000037d4       $unwind$post_process_prepass 00000001800247d4     jdpostct.obj
 0002:000037f0       $unwind$process_data_context_main 00000001800247f0     jdmainct.obj
 0002:00003800       $chain$2$process_data_context_main 0000000180024800     jdmainct.obj
 0002:0000381c       $chain$3$process_data_context_main 000000018002481c     jdmainct.obj
 0002:0000382c       $unwind$process_data_crank_post 000000018002482c     jdmainct.obj
 0002:00003834       $unwind$start_pass_main    0000000180024834     jdmainct.obj
 0002:00003840       $chain$1$start_pass_main   0000000180024840     jdmainct.obj
 0002:00003858       $chain$5$start_pass_main   0000000180024858     jdmainct.obj
 0002:00003878       $chain$6$start_pass_main   0000000180024878     jdmainct.obj
 0002:00003888       $chain$7$start_pass_main   0000000180024888     jdmainct.obj
 0002:00003898       $unwind$get_sof            0000000180024898     jdmarker.obj
 0002:000038b0       $unwind$get_sos            00000001800248b0     jdmarker.obj
 0002:000038d0       $unwind$get_dht            00000001800248d0     jdmarker.obj
 0002:000038f8       $unwind$get_dqt            00000001800248f8     jdmarker.obj
 0002:00003910       $unwind$get_lse            0000000180024910     jdmarker.obj
 0002:00003928       $unwind$examine_app14      0000000180024928     jdmarker.obj
 0002:00003930       $chain$0$examine_app14     0000000180024930     jdmarker.obj
 0002:00003944       $chain$1$examine_app14     0000000180024944     jdmarker.obj
 0002:00003954       $unwind$get_interesting_appn 0000000180024954     jdmarker.obj
 0002:00003978       $unwind$save_marker        0000000180024978     jdmarker.obj
 0002:00003990       $unwind$read_markers       0000000180024990     jdmarker.obj
 0002:000039b0       $unwind$jpeg_calc_output_dimensions 00000001800249b0     jdmaster.obj
 0002:000039bc       $chain$0$jpeg_calc_output_dimensions 00000001800249bc     jdmaster.obj
 0002:000039d0       $chain$1$jpeg_calc_output_dimensions 00000001800249d0     jdmaster.obj
 0002:000039e4       $chain$3$jpeg_calc_output_dimensions 00000001800249e4     jdmaster.obj
 0002:000039fc       $chain$5$jpeg_calc_output_dimensions 00000001800249fc     jdmaster.obj
 0002:00003a14       $chain$6$jpeg_calc_output_dimensions 0000000180024a14     jdmaster.obj
 0002:00003a24       $chain$7$jpeg_calc_output_dimensions 0000000180024a24     jdmaster.obj
 0002:00003a38       $chain$8$jpeg_calc_output_dimensions 0000000180024a38     jdmaster.obj
 0002:00003a48       $chain$9$jpeg_calc_output_dimensions 0000000180024a48     jdmaster.obj
 0002:00003a58       $unwind$master_selection   0000000180024a58     jdmaster.obj
 0002:00003a68       $chain$0$master_selection  0000000180024a68     jdmaster.obj
 0002:00003a7c       $chain$1$master_selection  0000000180024a7c     jdmaster.obj
 0002:00003a90       $chain$2$master_selection  0000000180024a90     jdmaster.obj
 0002:00003aa0       $chain$3$master_selection  0000000180024aa0     jdmaster.obj
 0002:00003ab0       $unwind$merged_2v_upsample 0000000180024ab0     jdmerge.obj
 0002:00003ac4       $unwind$h2v1_merged_upsample 0000000180024ac4     jdmerge.obj
 0002:00003adc       $unwind$h2v2_merged_upsample 0000000180024adc     jdmerge.obj
 0002:00003af4       $unwind$jinit_d_post_controller 0000000180024af4     jdpostct.obj
 0002:00003b04       $chain$1$jinit_d_post_controller 0000000180024b04     jdpostct.obj
 0002:00003b1c       $chain$2$jinit_d_post_controller 0000000180024b1c     jdpostct.obj
 0002:00003b2c       $unwind$post_process_1pass 0000000180024b2c     jdpostct.obj
 0002:00003b3c       $unwind$post_process_2pass 0000000180024b3c     jdpostct.obj
 0002:00003b50       $unwind$jinit_upsampler    0000000180024b50     jdsample.obj
 0002:00003b60       $chain$3$jinit_upsampler   0000000180024b60     jdsample.obj
 0002:00003b80       $chain$4$jinit_upsampler   0000000180024b80     jdsample.obj
 0002:00003b90       $unwind$sep_upsample       0000000180024b90     jdsample.obj
 0002:00003b98       $chain$4$sep_upsample      0000000180024b98     jdsample.obj
 0002:00003bbc       $chain$5$sep_upsample      0000000180024bbc     jdsample.obj
 0002:00003bd0       $chain$6$sep_upsample      0000000180024bd0     jdsample.obj
 0002:00003be4       $chain$7$sep_upsample      0000000180024be4     jdsample.obj
 0002:00003bf4       $chain$8$sep_upsample      0000000180024bf4     jdsample.obj
 0002:00003c04       $chain$9$sep_upsample      0000000180024c04     jdsample.obj
 0002:00003c14       $unwind$int_upsample       0000000180024c14     jdsample.obj
 0002:00003c2c       $chain$0$int_upsample      0000000180024c2c     jdsample.obj
 0002:00003c40       $chain$1$int_upsample      0000000180024c40     jdsample.obj
 0002:00003c50       $unwind$h2v1_upsample      0000000180024c50     jdsample.obj
 0002:00003c58       $unwind$h2v2_upsample      0000000180024c58     jdsample.obj
 0002:00003c6c       $chain$0$h2v2_upsample     0000000180024c6c     jdsample.obj
 0002:00003c80       $chain$1$h2v2_upsample     0000000180024c80     jdsample.obj
 0002:00003c90       $unwind$sscanf             0000000180024c90     jmemmgr.obj
 0002:00003c90       $unwind$fprintf            0000000180024c90     jerror.obj
 0002:00003c90       $unwind$sprintf            0000000180024c90     jerror.obj
 0002:00003c9c       $unwind$output_message     0000000180024c9c     jerror.obj
 0002:00003cac       $unwind$format_message     0000000180024cac     jerror.obj
 0002:00003cb4       $unwind$jpeg_idct_float    0000000180024cb4     jidctflt.obj
 0002:00003cf8       $unwind$jpeg_idct_ifast    0000000180024cf8     jidctfst.obj
 0002:00003d20       $unwind$jpeg_idct_islow    0000000180024d20     jidctint.obj
 0002:00003d48       $unwind$jpeg_idct_7x7      0000000180024d48     jidctint.obj
 0002:00003d70       $unwind$jpeg_idct_6x6      0000000180024d70     jidctint.obj
 0002:00003d70       $unwind$jpeg_idct_8x4      0000000180024d70     jidctint.obj
[...]
 0004:00000594       $pdata$get_sos             0000000180028594     jdmarker.obj
 0004:000005a0       $pdata$jinit_marker_reader 00000001800285a0     jdmarker.obj
 0004:000005ac       $pdata$jpeg_resync_to_restart 00000001800285ac     jdmarker.obj
 0004:000005b8       $pdata$next_marker         00000001800285b8     jdmarker.obj
 0004:000005c4       $pdata$read_markers        00000001800285c4     jdmarker.obj
 0004:000005d0       $pdata$read_restart_marker 00000001800285d0     jdmarker.obj
 0004:000005dc       $pdata$save_marker         00000001800285dc     jdmarker.obj
 0004:000005e8       $pdata$skip_variable       00000001800285e8     jdmarker.obj
 0004:000005f4       $pdata$finish_output_pass  00000001800285f4     jdmaster.obj
 0004:00000600       $pdata$jinit_master_decompress 0000000180028600     jdmaster.obj
 0004:0000060c       $pdata$jpeg_calc_output_dimensions 000000018002860c     jdmaster.obj
 0004:00000618       $pdata$0$jpeg_calc_output_dimensions 0000000180028618     jdmaster.obj
 0004:00000624       $pdata$1$jpeg_calc_output_dimensions 0000000180028624     jdmaster.obj
 0004:00000630       $pdata$3$jpeg_calc_output_dimensions 0000000180028630     jdmaster.obj
 0004:0000063c       $pdata$5$jpeg_calc_output_dimensions 000000018002863c     jdmaster.obj
 0004:00000648       $pdata$6$jpeg_calc_output_dimensions 0000000180028648     jdmaster.obj
 0004:00000654       $pdata$7$jpeg_calc_output_dimensions 0000000180028654     jdmaster.obj
 0004:00000660       $pdata$8$jpeg_calc_output_dimensions 0000000180028660     jdmaster.obj
 0004:0000066c       $pdata$9$jpeg_calc_output_dimensions 000000018002866c     jdmaster.obj
 0004:00000678       $pdata$master_selection    0000000180028678     jdmaster.obj
 0004:00000684       $pdata$0$master_selection  0000000180028684     jdmaster.obj
 0004:00000690       $pdata$1$master_selection  0000000180028690     jdmaster.obj
 0004:0000069c       $pdata$2$master_selection  000000018002869c     jdmaster.obj
 0004:000006a8       $pdata$3$master_selection  00000001800286a8     jdmaster.obj
 0004:000006b4       $pdata$prepare_for_output_pass 00000001800286b4     jdmaster.obj
 0004:000006c0       $pdata$h2v1_merged_upsample 00000001800286c0     jdmerge.obj
 0004:000006cc       $pdata$h2v2_merged_upsample 00000001800286cc     jdmerge.obj
 0004:000006d8       $pdata$jinit_merged_upsampler 00000001800286d8     jdmerge.obj
 0004:000006e4       $pdata$merged_1v_upsample  00000001800286e4     jdmerge.obj
 0004:000006f0       $pdata$merged_2v_upsample  00000001800286f0     jdmerge.obj
 0004:000006fc       $pdata$jinit_d_post_controller 00000001800286fc     jdpostct.obj
 0004:00000708       $pdata$1$jinit_d_post_controller 0000000180028708     jdpostct.obj
 0004:00000714       $pdata$2$jinit_d_post_controller 0000000180028714     jdpostct.obj
 0004:00000720       $pdata$post_process_1pass  0000000180028720     jdpostct.obj
 0004:0000072c       $pdata$post_process_2pass  000000018002872c     jdpostct.obj
 0004:00000738       $pdata$post_process_prepass 0000000180028738     jdpostct.obj
 0004:00000744       $pdata$start_pass_dpost    0000000180028744     jdpostct.obj
 0004:00000750       $pdata$h2v1_upsample       0000000180028750     jdsample.obj
 0004:0000075c       $pdata$h2v2_upsample       000000018002875c     jdsample.obj
 0004:00000768       $pdata$0$h2v2_upsample     0000000180028768     jdsample.obj
 0004:00000774       $pdata$1$h2v2_upsample     0000000180028774     jdsample.obj
 0004:00000780       $pdata$int_upsample        0000000180028780     jdsample.obj
 0004:0000078c       $pdata$0$int_upsample      000000018002878c     jdsample.obj
 0004:00000798       $pdata$1$int_upsample      0000000180028798     jdsample.obj
 0004:000007a4       $pdata$jinit_upsampler     00000001800287a4     jdsample.obj
 0004:000007b0       $pdata$3$jinit_upsampler   00000001800287b0     jdsample.obj
 0004:000007bc       $pdata$4$jinit_upsampler   00000001800287bc     jdsample.obj
 0004:000007c8       $pdata$sep_upsample        00000001800287c8     jdsample.obj
 0004:000007d4       $pdata$4$sep_upsample      00000001800287d4     jdsample.obj
 0004:000007e0       $pdata$5$sep_upsample      00000001800287e0     jdsample.obj
 0004:000007ec       $pdata$6$sep_upsample      00000001800287ec     jdsample.obj
 0004:000007f8       $pdata$7$sep_upsample      00000001800287f8     jdsample.obj
 0004:00000804       $pdata$8$sep_upsample      0000000180028804     jdsample.obj
 0004:00000810       $pdata$9$sep_upsample      0000000180028810     jdsample.obj
 0004:0000081c       $pdata$emit_message        000000018002881c     jerror.obj
 0004:00000828       $pdata$error_exit          0000000180028828     jerror.obj
 0004:00000834       $pdata$format_message      0000000180028834     jerror.obj
 0004:00000840       $pdata$fprintf             0000000180028840     jerror.obj
 0004:0000084c       $pdata$output_message      000000018002884c     jerror.obj
 0004:00000858       $pdata$sprintf             0000000180028858     jerror.obj
 0004:00000864       $pdata$jpeg_idct_float     0000000180028864     jidctflt.obj
 0004:00000870       $pdata$jpeg_idct_ifast     0000000180028870     jidctfst.obj
 0004:0000087c       $pdata$jpeg_idct_10x10     000000018002887c     jidctint.obj
 0004:00000888       $pdata$jpeg_idct_10x5      0000000180028888     jidctint.obj
 0004:00000894       $pdata$jpeg_idct_11x11     0000000180028894     jidctint.obj
 0004:000008a0       $pdata$jpeg_idct_12x12     00000001800288a0     jidctint.obj
 0004:000008ac       $pdata$jpeg_idct_12x6      00000001800288ac     jidctint.obj
 0004:000008b8       $pdata$jpeg_idct_13x13     00000001800288b8     jidctint.obj
 0004:000008c4       $pdata$jpeg_idct_14x14     00000001800288c4     jidctint.obj
 0004:000008d0       $pdata$jpeg_idct_14x7      00000001800288d0     jidctint.obj
 0004:000008dc       $pdata$jpeg_idct_15x15     00000001800288dc     jidctint.obj
 0004:000008e8       $pdata$jpeg_idct_16x16     00000001800288e8     jidctint.obj
 0004:000008f4       $pdata$jpeg_idct_16x8      00000001800288f4     jidctint.obj
 0004:00000900       $pdata$jpeg_idct_2x2       0000000180028900     jidctint.obj
 0004:0000090c       $pdata$jpeg_idct_2x4       000000018002890c     jidctint.obj
 0004:00000918       $pdata$jpeg_idct_3x3       0000000180028918     jidctint.obj
 0004:00000924       $pdata$jpeg_idct_3x6       0000000180028924     jidctint.obj
 0004:00000930       $pdata$jpeg_idct_4x2       0000000180028930     jidctint.obj
 0004:0000093c       $pdata$jpeg_idct_4x4       000000018002893c     jidctint.obj
 0004:00000948       $pdata$jpeg_idct_4x8       0000000180028948     jidctint.obj
 0004:00000954       $pdata$jpeg_idct_5x10      0000000180028954     jidctint.obj
 0004:00000960       $pdata$jpeg_idct_5x5       0000000180028960     jidctint.obj
 0004:0000096c       $pdata$jpeg_idct_6x12      000000018002896c     jidctint.obj
 0004:00000978       $pdata$jpeg_idct_6x3       0000000180028978     jidctint.obj
 0004:00000984       $pdata$jpeg_idct_6x6       0000000180028984     jidctint.obj
 0004:00000990       $pdata$jpeg_idct_7x14      0000000180028990     jidctint.obj
 0004:0000099c       $pdata$jpeg_idct_7x7       000000018002899c     jidctint.obj
 0004:000009a8       $pdata$jpeg_idct_8x16      00000001800289a8     jidctint.obj
 0004:000009b4       $pdata$jpeg_idct_8x4       00000001800289b4     jidctint.obj
 0004:000009c0       $pdata$jpeg_idct_9x9       00000001800289c0     jidctint.obj
 0004:000009cc       $pdata$jpeg_idct_islow     00000001800289cc     jidctint.obj
 0004:000009d8       $pdata$access_virt_barray  00000001800289d8     jmemmgr.obj
 0004:000009e4       $pdata$1$access_virt_barray 00000001800289e4     jmemmgr.obj
 0004:000009f0       $pdata$2$access_virt_barray 00000001800289f0     jmemmgr.obj
 0004:000009fc       $pdata$access_virt_sarray  00000001800289fc     jmemmgr.obj
 0004:00000a08       $pdata$1$access_virt_sarray 0000000180028a08     jmemmgr.obj
 0004:00000a14       $pdata$2$access_virt_sarray 0000000180028a14     jmemmgr.obj
 0004:00000a20       $pdata$alloc_barray        0000000180028a20     jmemmgr.obj
 0004:00000a2c       $pdata$alloc_large         0000000180028a2c     jmemmgr.obj
 0004:00000a38       $pdata$alloc_sarray        0000000180028a38     jmemmgr.obj
 0004:00000a44       $pdata$alloc_small         0000000180028a44     jmemmgr.obj
 0004:00000a50       $pdata$0$alloc_small       0000000180028a50     jmemmgr.obj
 0004:00000a5c       $pdata$1$alloc_small       0000000180028a5c     jmemmgr.obj
 0004:00000a68       $pdata$free_pool           0000000180028a68     jmemmgr.obj
 0004:00000a74       $pdata$2$free_pool         0000000180028a74     jmemmgr.obj
 0004:00000a80       $pdata$3$free_pool         0000000180028a80     jmemmgr.obj
 0004:00000a8c       $pdata$jinit_memory_mgr    0000000180028a8c     jmemmgr.obj
 0004:00000a98       $pdata$realize_virt_arrays 0000000180028a98     jmemmgr.obj
 0004:00000aa4       $pdata$0$realize_virt_arrays 0000000180028aa4     jmemmgr.obj
 0004:00000ab0       $pdata$1$realize_virt_arrays 0000000180028ab0     jmemmgr.obj
 0004:00000abc       $pdata$request_virt_barray 0000000180028abc     jmemmgr.obj
 0004:00000ac8       $pdata$request_virt_sarray 0000000180028ac8     jmemmgr.obj
 0004:00000ad4       $pdata$self_destruct       0000000180028ad4     jmemmgr.obj
 0004:00000ae0       $pdata$sscanf              0000000180028ae0     jmemmgr.obj
 0004:00000aec       $pdata$GET_ARRAYS          0000000180028aec     jpegloader.obj
 0004:00000af8       $pdata$GetEnv              0000000180028af8     jpegloader.obj
 0004:00000b04       $pdata$Java_com_sun_javafx_iio_jpeg_JPEGImageLoader_decompressIndirect 0000000180028b04     jpegloader.obj
 0004:00000b10       $pdata$Java_com_sun_javafx_iio_jpeg_JPEGImageLoader_disposeNative 0000000180028b10     jpegloader.obj
 0004:00000b1c       $pdata$Java_com_sun_javafx_iio_jpeg_JPEGImageLoader_initDecompressor 0000000180028b1c     jpegloader.obj
 0004:00000b28       $pdata$Java_com_sun_javafx_iio_jpeg_JPEGImageLoader_initJPEGMethodIDs 0000000180028b28     jpegloader.obj
 0004:00000b34       $pdata$Java_com_sun_javafx_iio_jpeg_JPEGImageLoader_startDecompression 0000000180028b34     jpegloader.obj
 0004:00000b40       $pdata$RELEASE_ARRAYS      0000000180028b40     jpegloader.obj
 0004:00000b4c       $pdata$ThrowByName         0000000180028b4c     jpegloader.obj
 0004:00000b58       $pdata$imageio_fill_input_buffer 0000000180028b58     jpegloader.obj
 0004:00000b64       $pdata$imageio_set_stream  0000000180028b64     jpegloader.obj
 0004:00000b70       $pdata$imageio_skip_input_data 0000000180028b70     jpegloader.obj
 0004:00000b7c       $pdata$imageio_term_source 0000000180028b7c     jpegloader.obj
 0004:00000b88       $pdata$read_icc_profile    0000000180028b88     jpegloader.obj
 0004:00000b94       $pdata$5$read_icc_profile  0000000180028b94     jpegloader.obj
 0004:00000ba0       $pdata$resetStreamBuffer   0000000180028ba0     jpegloader.obj
 0004:00000bac       $pdata$sun_jpeg_error_exit 0000000180028bac     jpegloader.obj
 0004:00000bb8       $pdata$sun_jpeg_output_message 0000000180028bb8     jpegloader.obj
 0004:00000bc4       $pdata$alloc_fs_workspace  0000000180028bc4     jquant1.obj
 0004:00000bd0       $pdata$color_quantize      0000000180028bd0     jquant1.obj
 0004:00000bdc       $pdata$0$color_quantize    0000000180028bdc     jquant1.obj
 0004:00000be8       $pdata$1$color_quantize    0000000180028be8     jquant1.obj
 0004:00000bf4       $pdata$color_quantize3     0000000180028bf4     jquant1.obj
 0004:00000c00       $pdata$create_colorindex   0000000180028c00     jquant1.obj
 0004:00000c0c       $pdata$2$create_colorindex 0000000180028c0c     jquant1.obj
 0004:00000c18       $pdata$3$create_colorindex 0000000180028c18     jquant1.obj
 0004:00000c24       $pdata$create_colormap     0000000180028c24     jquant1.obj
 0004:00000c30       $pdata$create_odither_tables 0000000180028c30     jquant1.obj
 0004:00000c3c       $pdata$4$create_odither_tables 0000000180028c3c     jquant1.obj
 0004:00000c48       $pdata$5$create_odither_tables 0000000180028c48     jquant1.obj
 0004:00000c54       $pdata$jinit_1pass_quantizer 0000000180028c54     jquant1.obj
 0004:00000c60       $pdata$quantize3_ord_dither 0000000180028c60     jquant1.obj
 0004:00000c6c       $pdata$4$quantize3_ord_dither 0000000180028c6c     jquant1.obj
 0004:00000c78       $pdata$5$quantize3_ord_dither 0000000180028c78     jquant1.obj
 0004:00000c84       $pdata$quantize_fs_dither  0000000180028c84     jquant1.obj
 0004:00000c90       $pdata$1$quantize_fs_dither 0000000180028c90     jquant1.obj
 0004:00000c9c       $pdata$2$quantize_fs_dither 0000000180028c9c     jquant1.obj
 0004:00000ca8       $pdata$quantize_ord_dither 0000000180028ca8     jquant1.obj
 0004:00000cb4       $pdata$2$quantize_ord_dither 0000000180028cb4     jquant1.obj
 0004:00000cc0       $pdata$3$quantize_ord_dither 0000000180028cc0     jquant1.obj
 0004:00000ccc       $pdata$start_pass_1_quant  0000000180028ccc     jquant1.obj
 0004:00000cd8       $pdata$0$start_pass_1_quant 0000000180028cd8     jquant1.obj
 0004:00000ce4       $pdata$2$start_pass_1_quant 0000000180028ce4     jquant1.obj
 0004:00000cf0       $pdata$3$start_pass_1_quant 0000000180028cf0     jquant1.obj
 0004:00000cfc       $pdata$4$start_pass_1_quant 0000000180028cfc     jquant1.obj
 0004:00000d08       $pdata$6$start_pass_1_quant 0000000180028d08     jquant1.obj
 0004:00000d14       $pdata$7$start_pass_1_quant 0000000180028d14     jquant1.obj
 0004:00000d20       $pdata$fill_inverse_cmap   0000000180028d20     jquant2.obj
 0004:00000d2c       $pdata$find_best_colors    0000000180028d2c     jquant2.obj
 0004:00000d38       $pdata$5$find_best_colors  0000000180028d38     jquant2.obj
 0004:00000d44       $pdata$6$find_best_colors  0000000180028d44     jquant2.obj
 0004:00000d50       $pdata$find_nearby_colors  0000000180028d50     jquant2.obj
 0004:00000d5c       $pdata$5$find_nearby_colors 0000000180028d5c     jquant2.obj
 0004:00000d68       $pdata$6$find_nearby_colors 0000000180028d68     jquant2.obj
 0004:00000d74       $pdata$7$find_nearby_colors 0000000180028d74     jquant2.obj
 0004:00000d80       $pdata$8$find_nearby_colors 0000000180028d80     jquant2.obj
 0004:00000d8c       $pdata$9$find_nearby_colors 0000000180028d8c     jquant2.obj
 0004:00000d98       $pdata$finish_pass1        0000000180028d98     jquant2.obj
 0004:00000da4       $pdata$init_error_limit    0000000180028da4     jquant2.obj
 0004:00000db0       $pdata$jinit_2pass_quantizer 0000000180028db0     jquant2.obj
 0004:00000dbc       $pdata$median_cut          0000000180028dbc     jquant2.obj
 0004:00000dc8       $pdata$6$median_cut        0000000180028dc8     jquant2.obj
 0004:00000dd4       $pdata$7$median_cut        0000000180028dd4     jquant2.obj
 0004:00000de0       $pdata$pass2_fs_dither     0000000180028de0     jquant2.obj
 0004:00000dec       $pdata$5$pass2_fs_dither   0000000180028dec     jquant2.obj
 0004:00000df8       $pdata$6$pass2_fs_dither   0000000180028df8     jquant2.obj
 0004:00000e04       $pdata$pass2_no_dither     0000000180028e04     jquant2.obj
 0004:00000e10       $pdata$7$pass2_no_dither   0000000180028e10     jquant2.obj
 0004:00000e1c       $pdata$8$pass2_no_dither   0000000180028e1c     jquant2.obj
 0004:00000e28       $pdata$prescan_quantize    0000000180028e28     jquant2.obj
 0004:00000e34       $pdata$select_colors       0000000180028e34     jquant2.obj
 0004:00000e40       $pdata$3$select_colors     0000000180028e40     jquant2.obj
 0004:00000e4c       $pdata$4$select_colors     0000000180028e4c     jquant2.obj
 0004:00000e58       $pdata$start_pass_2_quant  0000000180028e58     jquant2.obj
 0004:00000e64       $pdata$0$start_pass_2_quant 0000000180028e64     jquant2.obj
 0004:00000e70       $pdata$1$start_pass_2_quant 0000000180028e70     jquant2.obj
 0004:00000e7c       $pdata$update_box          0000000180028e7c     jquant2.obj
 0004:00000e88       $pdata$jcopy_sample_rows   0000000180028e88     jutils.obj
 0004:00000e94       $pdata$__GSHandlerCheck    0000000180028e94     MSVCRT:gshandler.obj
 0004:00000ea0       $pdata$__GSHandlerCheckCommon 0000000180028ea0     MSVCRT:gshandler.obj
 0004:00000eb8       $pdata$__isa_available_init 0000000180028eb8     MSVCRT:cpu_disp.obj
 0004:00000ec4       $pdata$__raise_securityfailure 0000000180028ec4     MSVCRT:gs_report.obj
 0004:00000ed0       $pdata$__report_gsfailure  0000000180028ed0     MSVCRT:gs_report.obj
 0004:00000edc       $pdata$__report_rangecheckfailure 0000000180028edc     MSVCRT:gs_report.obj
 0004:00000ee8       $pdata$__report_securityfailure 0000000180028ee8     MSVCRT:gs_report.obj
 0004:00000ef4       $pdata$capture_current_context 0000000180028ef4     MSVCRT:gs_report.obj
 0004:00000f00       $pdata$capture_previous_context 0000000180028f00     MSVCRT:gs_report.obj
 0004:00000f0c       $pdata$?dllmain_crt_dispatch@@YAHQEAUHINSTANCE__@@KQEAX@Z 0000000180028f0c     MSVCRT:dll_dllmain.obj
 0004:00000f18       $pdata$?dllmain_crt_process_attach@@YAHQEAUHINSTANCE__@@QEAX@Z 0000000180028f18     MSVCRT:dll_dllmain.obj
 0004:00000f24       $pdata$?dllmain_crt_process_detach@@YAH_N@Z 0000000180028f24     MSVCRT:dll_dllmain.obj
 0004:00000f30       $pdata$?dllmain_dispatch@@YAHQEAUHINSTANCE__@@KQEAX@Z 0000000180028f30     MSVCRT:dll_dllmain.obj
 0004:00000f3c       $pdata$_DllMainCRTStartup  0000000180028f3c     MSVCRT:dll_dllmain.obj
 0004:00000f48       $pdata$__security_init_cookie 0000000180028f48     MSVCRT:gs_support.obj
 0004:00000f54       $pdata$DllMain             0000000180028f54     MSVCRT:dll_dllmain_stub.obj
 0004:00000f60       $pdata$__scrt_initialize_default_local_stdio_options 0000000180028f60     MSVCRT:default_local_stdio_options.obj
 0004:00000f6c       $pdata$__scrt_acquire_startup_lock 0000000180028f6c     MSVCRT:utility.obj
 0004:00000f78       $pdata$__scrt_dllmain_after_initialize_c 0000000180028f78     MSVCRT:utility.obj
 0004:00000f84       $pdata$__scrt_dllmain_before_initialize_c 0000000180028f84     MSVCRT:utility.obj
 0004:00000f90       $pdata$__scrt_dllmain_crt_thread_attach 0000000180028f90     MSVCRT:utility.obj
 0004:00000f9c       $pdata$__scrt_dllmain_crt_thread_detach 0000000180028f9c     MSVCRT:utility.obj
 0004:00000fa8       $pdata$__scrt_dllmain_exception_filter 0000000180028fa8     MSVCRT:utility.obj
 0004:00000fb4       $pdata$__scrt_dllmain_uninitialize_c 0000000180028fb4     MSVCRT:utility.obj
 0004:00000fc0       $pdata$__scrt_dllmain_uninitialize_critical 0000000180028fc0     MSVCRT:utility.obj
 0004:00000fcc       $pdata$__scrt_initialize_crt 0000000180028fcc     MSVCRT:utility.obj
 0004:00000fd8       $pdata$__scrt_initialize_onexit_tables 0000000180028fd8     MSVCRT:utility.obj
 0004:00000fe4       $pdata$__scrt_is_nonwritable_in_current_image 0000000180028fe4     MSVCRT:utility.obj
 0004:00000ff0       $pdata$__scrt_release_startup_lock 0000000180028ff0     MSVCRT:utility.obj
 0004:00000ffc       $pdata$__scrt_uninitialize_crt 0000000180028ffc     MSVCRT:utility.obj
 0004:00001008       $pdata$__scrt_fastfail     0000000180029008     MSVCRT:utility_desktop.obj
 0004:00001014       $pdata$_RTC_Initialize     0000000180029014     MSVCRT:initsect.obj
 0004:00001020       $pdata$_RTC_Terminate      0000000180029020     MSVCRT:initsect.obj
 0004:00001038       $pdata$?fin$0@?0??dllmain_crt_process_attach@@YAHQEAUHINSTANCE__@@QEAX@Z@4HA 0000000180029038     MSVCRT:dll_dllmain.obj
 0004:00001044       $pdata$?fin$0@?0??dllmain_crt_process_detach@@YAH_N@Z@4HA 0000000180029044     MSVCRT:dll_dllmain.obj
 0004:00001050       $pdata$?filt$0@?0??dllmain_dispatch@@YAHQEAUHINSTANCE__@@KQEAX@Z@4HA 0000000180029050     MSVCRT:dll_dllmain.obj
 0004:0000105c       $pdata$__scrt_is_nonwritable_in_current_image$filt$0 000000018002905c     MSVCRT:utility.obj
 0005:00000060       $R000000                   000000018002a060     version.res
