 prism_common

 Timestamp is 5c212b42 (Mon Dec 24 13:53:54 2018)

 Preferred load address is 0000000180000000

 Start         Length     Name                   Class
 0001:00000000 00009d90H .text$mn                CODE
 0001:00009d90 00000012H .text$mn$00             CODE
 0001:00009da2 00000081H .text$x                 CODE
 0002:00000000 00000140H .idata$5                DATA
 0002:00000140 00000010H .00cfg                  DATA
 0002:00000150 00000008H .CRT$XCA                DATA
 0002:00000158 00000008H .CRT$XCZ                DATA
 0002:00000160 00000008H .CRT$XIA                DATA
 0002:00000168 00000008H .CRT$XIZ                DATA
 0002:00000170 00000008H .CRT$XPA                DATA
 0002:00000178 00000008H .CRT$XPZ                DATA
 0002:00000180 00000008H .CRT$XTA                DATA
 0002:00000188 00000008H .CRT$XTZ                DATA
 0002:00000190 00000000H .gfids$y                DATA
 0002:00000190 000003a0H .rdata                  DATA
 0002:00000530 00000240H .rdata$zzzdbg           DATA
 0002:00000770 00000008H .rtc$IAA                DATA
 0002:00000778 00000008H .rtc$IZZ                DATA
 0002:00000780 00000008H .rtc$TAA                DATA
 0002:00000788 00000008H .rtc$TZZ                DATA
 0002:00000790 00001070H .xdata                  DATA
 0002:00001800 00000124H .edata                  DATA
 0002:00001924 00000064H .idata$2                DATA
 0002:00001988 00000018H .idata$3                DATA
 0002:000019a0 00000140H .idata$4                DATA
 0002:00001ae0 00000318H .idata$6                DATA
 0003:00000000 00000050H .data                   DATA
 0003:00000050 000007e8H .bss                    DATA
 0004:00000000 00000a38H .pdata                  DATA
 0005:00000000 00000060H .rsrc$01                DATA
 0005:00000060 00000318H .rsrc$02                DATA

  Address         Publics by Value              Rva+Base               Lib:Object

 0000:00000000       __guard_iat_table          0000000000000000     <absolute>
 0000:00000000       __dynamic_value_reloc_table 0000000000000000     <absolute>
 0000:00000000       __volatile_metadata        0000000000000000     <absolute>
 0000:00000000       ___safe_se_handler_count   0000000000000000     <absolute>
 0000:00000000       __guard_iat_count          0000000000000000     <absolute>
 0000:00000000       __hybrid_code_map          0000000000000000     <absolute>
 0000:00000000       __guard_longjmp_count      0000000000000000     <absolute>
 0000:00000000       __hybrid_auxiliary_iat     0000000000000000     <absolute>
 0000:00000000       __enclave_config           0000000000000000     <absolute>
 0000:00000000       __guard_longjmp_table      0000000000000000     <absolute>
 0000:00000000       __guard_fids_count         0000000000000000     <absolute>
 0000:00000000       __hybrid_code_map_count    0000000000000000     <absolute>
 0000:00000000       ___safe_se_handler_table   0000000000000000     <absolute>
 0000:00000000       __guard_fids_table         0000000000000000     <absolute>
 0000:00000100       __guard_flags              0000000000000100     <absolute>
 0000:00000000       __ImageBase                0000000180000000     <linker-defined>
 0001:00000000       Curve_dxRoots              0000000180001000 f   Curve.obj
 0001:00000030       Curve_dyRoots              0000000180001030 f   Curve.obj
 0001:00000060       Curve_infPoints            0000000180001060 f   Curve.obj
 0001:000000e0       Curve_rootsOfROCMinusW     00000001800010e0 f   Curve.obj
 0001:000003b0       Curve_set                  00000001800013b0 f   Curve.obj
 0001:00000570       Curve_setcubic             0000000180001570 f   Curve.obj
 0001:000006b0       Curve_setquad              00000001800016b0 f   Curve.obj
 0001:00000e80       Dasher_destroy             0000000180001e80 f   Dasher.obj
 0001:00000eb0       Dasher_init                0000000180001eb0 f   Dasher.obj
 0001:00000f80       Dasher_reset               0000000180001f80 f   Dasher.obj
 0001:000022b0       Helpers_cubicRootsInAB     00000001800032b0 f   Helpers.obj
 0001:00002750       Helpers_filterOutNotInAB   0000000180003750 f   Helpers.obj
 0001:00002860       Helpers_isort              0000000180003860 f   Helpers.obj
 0001:00002950       Helpers_linelen            0000000180003950 f   Helpers.obj
 0001:00002980       Helpers_quadraticRoots     0000000180003980 f   Helpers.obj
 0001:00002ab0       Helpers_subdivide          0000000180003ab0 f   Helpers.obj
 0001:00002d50       Helpers_subdivideAt        0000000180003d50 f   Helpers.obj
 0001:00002eb0       Helpers_subdivideCubicAt   0000000180003eb0 f   Helpers.obj
 0001:000030a0       Helpers_subdivideQuadAt    00000001800040a0 f   Helpers.obj
 0001:000031c0       Helpers_within             00000001800041c0 f   Helpers.obj
 0001:000031e0       Helpers_withinULP          00000001800041e0 f   Helpers.obj
 0001:00003260       PathConsumer_init          0000000180004260 f   Helpers.obj
 0001:00003290       Java_com_sun_prism_impl_shape_NativePiscesRasterizer_init 0000000180004290 f   NativePiscesRasterizer.obj
 0001:000032a0       Java_com_sun_prism_impl_shape_NativePiscesRasterizer_produceFillAlphas 00000001800042a0 f   NativePiscesRasterizer.obj
 0001:000036c0       Java_com_sun_prism_impl_shape_NativePiscesRasterizer_produceStrokeAlphas 00000001800046c0 f   NativePiscesRasterizer.obj
 0001:00004070       Renderer_destroy           0000000180005070 f   Renderer.obj
 0001:000040b0       Renderer_getOutputBounds   00000001800050b0 f   Renderer.obj
 0001:00004160       Renderer_init              0000000180005160 f   Renderer.obj
 0001:000042b0       Renderer_produceAlphas     00000001800052b0 f   Renderer.obj
 0001:00004930       Renderer_reset             0000000180005930 f   Renderer.obj
 0001:00004ac0       Renderer_setup             0000000180005ac0 f   Renderer.obj
 0001:00005d40       Stroker_destroy            0000000180006d40 f   Stroker.obj
 0001:00005d90       Stroker_init               0000000180006d90 f   Stroker.obj
 0001:000067a0       computeOffset              00000001800077a0 f   Stroker.obj
 0001:00008b30       Transformer_init           0000000180009b30 f   Transformer.obj
 0001:00008ec0       __GSHandlerCheck           0000000180009ec0 f   MSVCRT:gshandler.obj
 0001:00008ee0       __GSHandlerCheckCommon     0000000180009ee0 f   MSVCRT:gshandler.obj
 0001:00008f50       __security_check_cookie    0000000180009f50 f   MSVCRT:amdsecgs.obj
 0001:00008f90       __chkstk                   0000000180009f90 f   MSVCRT:chkstk.obj
 0001:00008f90       _alloca_probe              0000000180009f90 f   MSVCRT:chkstk.obj
 0001:00009314       _DllMainCRTStartup         000000018000a314 f   MSVCRT:dll_dllmain.obj
 0001:00009354       __raise_securityfailure    000000018000a354 f   MSVCRT:gs_report.obj
 0001:00009388       __report_gsfailure         000000018000a388 f   MSVCRT:gs_report.obj
 0001:000094d0       __security_init_cookie     000000018000a4d0 f   MSVCRT:gs_support.obj
 0001:0000957c       DllMain                    000000018000a57c f   MSVCRT:dll_dllmain_stub.obj
 0001:000095a0       ?__scrt_initialize_type_info@@YAXXZ 000000018000a5a0 f   MSVCRT:tncleanup.obj
 0001:000095b0       ?__scrt_uninitialize_type_info@@YAXXZ 000000018000a5b0 f   MSVCRT:tncleanup.obj
 0001:000095bc       __local_stdio_printf_options 000000018000a5bc f i MSVCRT:default_local_stdio_options.obj
 0001:000095c4       __local_stdio_scanf_options 000000018000a5c4 f i MSVCRT:default_local_stdio_options.obj
 0001:000095cc       __scrt_initialize_default_local_stdio_options 000000018000a5cc f   MSVCRT:default_local_stdio_options.obj
 0001:000095e8       __scrt_acquire_startup_lock 000000018000a5e8 f   MSVCRT:utility.obj
 0001:00009624       __scrt_dllmain_after_initialize_c 000000018000a624 f   MSVCRT:utility.obj
 0001:00009658       __scrt_dllmain_before_initialize_c 000000018000a658 f   MSVCRT:utility.obj
 0001:00009670       __scrt_dllmain_crt_thread_attach 000000018000a670 f   MSVCRT:utility.obj
 0001:00009698       __scrt_dllmain_crt_thread_detach 000000018000a698 f   MSVCRT:utility.obj
 0001:000096b0       __scrt_dllmain_exception_filter 000000018000a6b0 f   MSVCRT:utility.obj
 0001:00009710       __scrt_dllmain_uninitialize_c 000000018000a710 f   MSVCRT:utility.obj
 0001:00009740       __scrt_dllmain_uninitialize_critical 000000018000a740 f   MSVCRT:utility.obj
 0001:00009754       __scrt_initialize_crt      000000018000a754 f   MSVCRT:utility.obj
 0001:000097a0       __scrt_initialize_onexit_tables 000000018000a7a0 f   MSVCRT:utility.obj
 0001:00009878       __scrt_is_nonwritable_in_current_image 000000018000a878 f   MSVCRT:utility.obj
 0001:00009914       __scrt_release_startup_lock 000000018000a914 f   MSVCRT:utility.obj
 0001:00009938       __scrt_uninitialize_crt    000000018000a938 f   MSVCRT:utility.obj
 0001:00009964       __scrt_get_dyn_tls_init_callback 000000018000a964 f   MSVCRT:dyn_tls_init.obj
 0001:0000996c       __crt_debugger_hook        000000018000a96c f   MSVCRT:utility_desktop.obj
 0001:00009974       __scrt_fastfail            000000018000a974 f   MSVCRT:utility_desktop.obj
 0001:00009ac0       _RTC_Initialize            000000018000aac0 f   MSVCRT:initsect.obj
 0001:00009afc       _RTC_Terminate             000000018000aafc f   MSVCRT:initsect.obj
 0001:00009b38       _guard_check_icall_nop     000000018000ab38 f i MSVCRT:guard_support.obj
 0001:00009b3c       __isa_available_init       000000018000ab3c f   MSVCRT:cpu_disp.obj
 0001:00009cf8       _get_startup_argv_mode     000000018000acf8 f   MSVCRT:argv_mode.obj
 0001:00009d00       __scrt_is_ucrt_dll_in_use  000000018000ad00 f   MSVCRT:ucrt_detection.obj
 0001:00009d10       IsProcessorFeaturePresent  000000018000ad10 f   kernel32:KERNEL32.dll
 0001:00009d16       memset                     000000018000ad16 f   vcruntime:VCRUNTIME140.dll
 0001:00009d1c       __C_specific_handler       000000018000ad1c f   vcruntime:VCRUNTIME140.dll
 0001:00009d22       __std_type_info_destroy_list 000000018000ad22 f   vcruntime:VCRUNTIME140.dll
 0001:00009d28       floor                      000000018000ad28 f   ucrt:api-ms-win-crt-math-l1-1-0.dll
 0001:00009d2e       sqrt                       000000018000ad2e f   ucrt:api-ms-win-crt-math-l1-1-0.dll
 0001:00009d34       acos                       000000018000ad34 f   ucrt:api-ms-win-crt-math-l1-1-0.dll
 0001:00009d3a       cos                        000000018000ad3a f   ucrt:api-ms-win-crt-math-l1-1-0.dll
 0001:00009d40       pow                        000000018000ad40 f   ucrt:api-ms-win-crt-math-l1-1-0.dll
 0001:00009d46       ceil                       000000018000ad46 f   ucrt:api-ms-win-crt-math-l1-1-0.dll
 0001:00009d4c       _initterm                  000000018000ad4c f   ucrt:api-ms-win-crt-runtime-l1-1-0.dll
 0001:00009d52       _initterm_e                000000018000ad52 f   ucrt:api-ms-win-crt-runtime-l1-1-0.dll
 0001:00009d58       _seh_filter_dll            000000018000ad58 f   ucrt:api-ms-win-crt-runtime-l1-1-0.dll
 0001:00009d5e       _configure_narrow_argv     000000018000ad5e f   ucrt:api-ms-win-crt-runtime-l1-1-0.dll
 0001:00009d64       _initialize_narrow_environment 000000018000ad64 f   ucrt:api-ms-win-crt-runtime-l1-1-0.dll
 0001:00009d6a       _initialize_onexit_table   000000018000ad6a f   ucrt:api-ms-win-crt-runtime-l1-1-0.dll
 0001:00009d70       _execute_onexit_table      000000018000ad70 f   ucrt:api-ms-win-crt-runtime-l1-1-0.dll
 0001:00009d76       _cexit                     000000018000ad76 f   ucrt:api-ms-win-crt-runtime-l1-1-0.dll
 0001:00009d7c       __scrt_stub_for_acrt_thread_detach 000000018000ad7c f   MSVCRT:ucrt_stubs.obj
 0001:00009d7c       __scrt_stub_for_acrt_uninitialize_critical 000000018000ad7c f   MSVCRT:ucrt_stubs.obj
 0001:00009d7c       __scrt_stub_for_acrt_thread_attach 000000018000ad7c f   MSVCRT:ucrt_stubs.obj
 0001:00009d7c       __vcrt_thread_detach       000000018000ad7c f   MSVCRT:ucrt_stubs.obj
 0001:00009d7c       __vcrt_uninitialize_critical 000000018000ad7c f   MSVCRT:ucrt_stubs.obj
 0001:00009d7c       __scrt_stub_for_acrt_uninitialize 000000018000ad7c f   MSVCRT:ucrt_stubs.obj
 0001:00009d7c       __acrt_uninitialize        000000018000ad7c f   MSVCRT:ucrt_stubs.obj
 0001:00009d7c       __acrt_thread_attach       000000018000ad7c f   MSVCRT:ucrt_stubs.obj
 0001:00009d7c       __acrt_thread_detach       000000018000ad7c f   MSVCRT:ucrt_stubs.obj
 0001:00009d7c       __acrt_uninitialize_critical 000000018000ad7c f   MSVCRT:ucrt_stubs.obj
 0001:00009d7c       __scrt_stub_for_acrt_initialize 000000018000ad7c f   MSVCRT:ucrt_stubs.obj
 0001:00009d7c       __vcrt_uninitialize        000000018000ad7c f   MSVCRT:ucrt_stubs.obj
 0001:00009d7c       __acrt_initialize          000000018000ad7c f   MSVCRT:ucrt_stubs.obj
 0001:00009d7c       __vcrt_initialize          000000018000ad7c f   MSVCRT:ucrt_stubs.obj
 0001:00009d7c       __vcrt_thread_attach       000000018000ad7c f   MSVCRT:ucrt_stubs.obj
 0001:00009d80       _is_c_termination_complete 000000018000ad80 f   MSVCRT:ucrt_stubs.obj
 0001:00009d80       __scrt_stub_for_is_c_termination_complete 000000018000ad80 f   MSVCRT:ucrt_stubs.obj
 0001:00009da0       _guard_dispatch_icall_nop  000000018000ada0 f   MSVCRT:guard_dispatch.obj
 0002:00000000       __imp_RtlCaptureContext    000000018000b000     kernel32:KERNEL32.dll
 0002:00000008       __imp_RtlLookupFunctionEntry 000000018000b008     kernel32:KERNEL32.dll
 0002:00000010       __imp_RtlVirtualUnwind     000000018000b010     kernel32:KERNEL32.dll
 0002:00000018       __imp_UnhandledExceptionFilter 000000018000b018     kernel32:KERNEL32.dll
 0002:00000020       __imp_SetUnhandledExceptionFilter 000000018000b020     kernel32:KERNEL32.dll
 0002:00000028       __imp_GetCurrentProcess    000000018000b028     kernel32:KERNEL32.dll
 0002:00000030       __imp_TerminateProcess     000000018000b030     kernel32:KERNEL32.dll
 0002:00000038       __imp_IsProcessorFeaturePresent 000000018000b038     kernel32:KERNEL32.dll
 0002:00000040       __imp_QueryPerformanceCounter 000000018000b040     kernel32:KERNEL32.dll
 0002:00000048       __imp_GetCurrentProcessId  000000018000b048     kernel32:KERNEL32.dll
 0002:00000050       __imp_GetCurrentThreadId   000000018000b050     kernel32:KERNEL32.dll
 0002:00000058       __imp_GetSystemTimeAsFileTime 000000018000b058     kernel32:KERNEL32.dll
 0002:00000060       __imp_DisableThreadLibraryCalls 000000018000b060     kernel32:KERNEL32.dll
 0002:00000068       __imp_InitializeSListHead  000000018000b068     kernel32:KERNEL32.dll
 0002:00000070       __imp_IsDebuggerPresent    000000018000b070     kernel32:KERNEL32.dll
 0002:00000078       \177KERNEL32_NULL_THUNK_DATA 000000018000b078     kernel32:KERNEL32.dll
 0002:00000080       __imp___C_specific_handler 000000018000b080     vcruntime:VCRUNTIME140.dll
 0002:00000088       __imp___std_type_info_destroy_list 000000018000b088     vcruntime:VCRUNTIME140.dll
 0002:00000090       __imp_memset               000000018000b090     vcruntime:VCRUNTIME140.dll
 0002:00000098       \177VCRUNTIME140_NULL_THUNK_DATA 000000018000b098     vcruntime:VCRUNTIME140.dll
 0002:000000a0       __imp_calloc               000000018000b0a0     ucrt:api-ms-win-crt-heap-l1-1-0.dll
 0002:000000a8       __imp_free                 000000018000b0a8     ucrt:api-ms-win-crt-heap-l1-1-0.dll
 0002:000000b0       __imp_malloc               000000018000b0b0     ucrt:api-ms-win-crt-heap-l1-1-0.dll
 0002:000000b8       \177api-ms-win-crt-heap-l1-1-0_NULL_THUNK_DATA 000000018000b0b8     ucrt:api-ms-win-crt-heap-l1-1-0.dll
 0002:000000c0       __imp_cos                  000000018000b0c0     ucrt:api-ms-win-crt-math-l1-1-0.dll
 0002:000000c8       __imp_pow                  000000018000b0c8     ucrt:api-ms-win-crt-math-l1-1-0.dll
 0002:000000d0       __imp_floor                000000018000b0d0     ucrt:api-ms-win-crt-math-l1-1-0.dll
 0002:000000d8       __imp_ceil                 000000018000b0d8     ucrt:api-ms-win-crt-math-l1-1-0.dll
 0002:000000e0       __imp_acos                 000000018000b0e0     ucrt:api-ms-win-crt-math-l1-1-0.dll
 0002:000000e8       __imp_sqrt                 000000018000b0e8     ucrt:api-ms-win-crt-math-l1-1-0.dll
 0002:000000f0       \177api-ms-win-crt-math-l1-1-0_NULL_THUNK_DATA 000000018000b0f0     ucrt:api-ms-win-crt-math-l1-1-0.dll
 0002:000000f8       __imp__seh_filter_dll      000000018000b0f8     ucrt:api-ms-win-crt-runtime-l1-1-0.dll
 0002:00000100       __imp__configure_narrow_argv 000000018000b100     ucrt:api-ms-win-crt-runtime-l1-1-0.dll
 0002:00000108       __imp__initterm_e          000000018000b108     ucrt:api-ms-win-crt-runtime-l1-1-0.dll
 0002:00000110       __imp__initialize_onexit_table 000000018000b110     ucrt:api-ms-win-crt-runtime-l1-1-0.dll
 0002:00000118       __imp__execute_onexit_table 000000018000b118     ucrt:api-ms-win-crt-runtime-l1-1-0.dll
 0002:00000120       __imp__cexit               000000018000b120     ucrt:api-ms-win-crt-runtime-l1-1-0.dll
 0002:00000128       __imp__initterm            000000018000b128     ucrt:api-ms-win-crt-runtime-l1-1-0.dll
 0002:00000130       __imp__initialize_narrow_environment 000000018000b130     ucrt:api-ms-win-crt-runtime-l1-1-0.dll
 0002:00000138       \177api-ms-win-crt-runtime-l1-1-0_NULL_THUNK_DATA 000000018000b138     ucrt:api-ms-win-crt-runtime-l1-1-0.dll
 0002:00000140       __guard_check_icall_fptr   000000018000b140     MSVCRT:guard_support.obj
 0002:00000148       __guard_dispatch_icall_fptr 000000018000b148     MSVCRT:guard_support.obj
 0002:00000150       __xc_a                     000000018000b150     MSVCRT:initializers.obj
 0002:00000158       __xc_z                     000000018000b158     MSVCRT:initializers.obj
 0002:00000160       __xi_a                     000000018000b160     MSVCRT:initializers.obj
 0002:00000168       __xi_z                     000000018000b168     MSVCRT:initializers.obj
 0002:00000170       __xp_a                     000000018000b170     MSVCRT:initializers.obj
 0002:00000178       __xp_z                     000000018000b178     MSVCRT:initializers.obj
 0002:00000180       __xt_a                     000000018000b180     MSVCRT:initializers.obj
 0002:00000188       __xt_z                     000000018000b188     MSVCRT:initializers.obj
 0002:00000190       __real@3f800000            000000018000b190     Curve.obj
 0002:00000194       __real@40400000            000000018000b194     Curve.obj
 0002:00000198       __real@7f7fffff            000000018000b198     Curve.obj
 0002:0000019c       __real@ff7fffff            000000018000b19c     Curve.obj
 0002:000001a0       __xmm@7fffffffffffffff7fffffffffffffff 000000018000b1a0     Curve.obj
 0002:000001b0       __real@3c23d70a            000000018000b1b0     Dasher.obj
 0002:000001b4       __real@3d4ccccd            000000018000b1b4     Dasher.obj
 0002:000001b8       __real@3d800000            000000018000b1b8     Dasher.obj
 0002:000001bc       __real@3f000000            000000018000b1bc     Dasher.obj
 0002:000001c0       __real@4b742400            000000018000b1c0     Dasher.obj
 0002:000001c4       __real@bf800000            000000018000b1c4     Dasher.obj
 0002:000001d0       __xmm@80000000800000008000000080000000 000000018000b1d0     Dasher.obj
 0002:000001e0       __real@3e45798ee2308c3a    000000018000b1e0     Helpers.obj
 0002:000001e8       __real@3eaaaaab            000000018000b1e8     Helpers.obj
 0002:000001f0       __real@3fb2f684bda12f68    000000018000b1f0     Helpers.obj
 0002:000001f8       __real@3fd5555555555555    000000018000b1f8     Helpers.obj
 0002:00000200       __real@3fe0000000000000    000000018000b200     Helpers.obj
 0002:00000208       __real@3ff0c152382d7365    000000018000b208     Helpers.obj
 0002:00000210       __real@40800000            000000018000b210     Helpers.obj
 0002:00000218       __real@be45798ee2308c3a    000000018000b218     Helpers.obj
 0002:00000220       __xmm@80000000000000008000000000000000 000000018000b220     Helpers.obj
 0002:00000230       ??_C@_00CNPNBAHC@@         000000018000b230     NativePiscesRasterizer.obj
 0002:00000238       ??_C@_0CD@FBNCOKCI@?$FLnot?5enough?5coordinates?5for?5mov@ 000000018000b238     NativePiscesRasterizer.obj
 0002:00000260       ??_C@_0CD@HBGMNOMC@?$FLnot?5enough?5coordinates?5for?5lin@ 000000018000b260     NativePiscesRasterizer.obj
 0002:00000288       ??_C@_0CD@DJJNBBJI@?$FLnot?5enough?5coordinates?5for?5qua@ 000000018000b288     NativePiscesRasterizer.obj
 0002:000002b0       ??_C@_0CE@NNNNOGDL@?$FLnot?5enough?5coordinates?5for?5cur@ 000000018000b2b0     NativePiscesRasterizer.obj
 0002:000002d8       ??_C@_0BK@IGKDACPH@unrecognized?5Path?5segment@ 000000018000b2d8     NativePiscesRasterizer.obj
 0002:000002f8       ??_C@_0M@FOJKFEBG@coordsArray@ 000000018000b2f8     NativePiscesRasterizer.obj
 0002:00000308       ??_C@_0BP@GJLHLAKJ@java?1lang?1NullPointerException@ 000000018000b308     NativePiscesRasterizer.obj
 0002:00000328       ??_C@_0O@MIKLKFCO@commandsArray@ 000000018000b328     NativePiscesRasterizer.obj
 0002:00000338       ??_C@_0M@LPEHLIDN@boundsArray@ 000000018000b338     NativePiscesRasterizer.obj
 0002:00000348       ??_C@_09OJNCGCBL@maskArray@ 000000018000b348     NativePiscesRasterizer.obj
 0002:00000358       ??_C@_0CJ@ODBKFPOB@java?1lang?1ArrayIndexOutOfBounds@ 000000018000b358     NativePiscesRasterizer.obj
 0002:00000388       ??_C@_0BI@NBLNIHIB@java?1lang?1InternalError@ 000000018000b388     NativePiscesRasterizer.obj
 0002:000003a0       ??_C@_04MKJKGABJ@Mask@     000000018000b3a0     NativePiscesRasterizer.obj
 0002:000003a8       __real@3b000000            000000018000b3a8     Renderer.obj
 0002:000003ac       __real@3b800000            000000018000b3ac     Renderer.obj
 0002:000003b0       __real@3c800000            000000018000b3b0     Renderer.obj
 0002:000003b4       __real@3e000000            000000018000b3b4     Renderer.obj
 0002:000003b8       __real@3e800000            000000018000b3b8     Renderer.obj
 0002:000003c0       __real@3fd99999a0000000    000000018000b3c0     Renderer.obj
 0002:000003c8       __real@3ff0000000000000    000000018000b3c8     Renderer.obj
 0002:000003d0       __real@41000000            000000018000b3d0     Renderer.obj
 0002:000003d4       __real@42000000            000000018000b3d4     Renderer.obj
 0002:000003d8       __real@38d1b717            000000018000b3d8     Stroker.obj
 0002:000003dc       __real@3c7a0000            000000018000b3dc     Stroker.obj
 0002:000003e0       __real@3f0d6289            000000018000b3e0     Stroker.obj
 0002:000003e4       __real@3f7ff972            000000018000b3e4     Stroker.obj
 0002:000003e8       __real@3fb99999a0000000    000000018000b3e8     Stroker.obj
 0002:000003f0       __real@3ff5555555555555    000000018000b3f0     Stroker.obj
 0002:000003f8       _pRawDllMain               000000018000b3f8     MSVCRT:dll_dllmain.obj
 0002:000003f8       _pDefaultRawDllMain        000000018000b3f8     MSVCRT:dll_dllmain.obj
 0002:00000430       _load_config_used          000000018000b430     MSVCRT:loadcfg.obj
 0002:00000770       __rtc_iaa                  000000018000b770     MSVCRT:initsect.obj
 0002:00000778       __rtc_izz                  000000018000b778     MSVCRT:initsect.obj
 0002:00000780       __rtc_taa                  000000018000b780     MSVCRT:initsect.obj
 0002:00000788       __rtc_tzz                  000000018000b788     MSVCRT:initsect.obj
 0002:00001924       __IMPORT_DESCRIPTOR_KERNEL32 000000018000c924     kernel32:KERNEL32.dll
 0002:00001938       __IMPORT_DESCRIPTOR_VCRUNTIME140 000000018000c938     vcruntime:VCRUNTIME140.dll
 0002:0000194c       __IMPORT_DESCRIPTOR_api-ms-win-crt-heap-l1-1-0 000000018000c94c     ucrt:api-ms-win-crt-heap-l1-1-0.dll
 0002:00001960       __IMPORT_DESCRIPTOR_api-ms-win-crt-math-l1-1-0 000000018000c960     ucrt:api-ms-win-crt-math-l1-1-0.dll
 0002:00001974       __IMPORT_DESCRIPTOR_api-ms-win-crt-runtime-l1-1-0 000000018000c974     ucrt:api-ms-win-crt-runtime-l1-1-0.dll
 0002:00001988       __NULL_IMPORT_DESCRIPTOR   000000018000c988     kernel32:KERNEL32.dll
 0003:00000000       _fltused                   000000018000d000     MSVCRT:fltused.obj
 0003:00000010       __security_cookie_complement 000000018000d010     MSVCRT:gs_cookie.obj
 0003:00000018       __security_cookie          000000018000d018     MSVCRT:gs_cookie.obj
 0003:00000020       __scrt_native_dllmain_reason 000000018000d020     MSVCRT:utility.obj
 0003:00000028       __isa_available            000000018000d028     MSVCRT:cpu_disp.obj
 0003:0000002c       __isa_enabled              000000018000d02c     MSVCRT:cpu_disp.obj
 0003:00000030       __memcpy_nt_iters          000000018000d030     MSVCRT:cpu_disp.obj
 0003:00000040       __scrt_ucrt_dll_is_in_use  000000018000d040     MSVCRT:ucrt_stubs.obj
 0003:000007c0       ?__type_info_root_node@@3U__type_info_node@@A 000000018000d7c0     MSVCRT:tncleanup.obj
 0003:000007d0       ?_OptionsStorage@?1??__local_stdio_printf_options@@9@4_KA 000000018000d7d0     MSVCRT:default_local_stdio_options.obj
 0003:000007d8       ?_OptionsStorage@?1??__local_stdio_scanf_options@@9@4_KA 000000018000d7d8     MSVCRT:default_local_stdio_options.obj
 0003:000007e0       __scrt_current_native_startup_state 000000018000d7e0     MSVCRT:utility.obj
 0003:000007e8       __scrt_native_startup_lock 000000018000d7e8     MSVCRT:utility.obj
 0003:00000828       __scrt_debugger_hook_flag  000000018000d828     MSVCRT:utility_desktop.obj
 0003:0000082c       __favor                    000000018000d82c     MSVCRT:cpu_disp.obj
 0003:00000830       __dyn_tls_init_callback    000000018000d830     <common>

 entry point at        0001:00009314

 Static symbols

 0001:00000740       ROCsq                      0000000180001740 f   Curve.obj
 0001:000007f0       falsePositionROCsqMinusX   00000001800017f0 f   Curve.obj
 0001:00000ab0       Dasher_ClosePath           0000000180001ab0 f   Dasher.obj
 0001:00000b10       Dasher_CurveTo             0000000180001b10 f   Dasher.obj
 0001:00000b70       Dasher_LineTo              0000000180001b70 f   Dasher.obj
 0001:00000d80       Dasher_MoveTo              0000000180001d80 f   Dasher.obj
 0001:00000e00       Dasher_PathDone            0000000180001e00 f   Dasher.obj
 0001:00000e40       Dasher_QuadTo              0000000180001e40 f   Dasher.obj
 0001:00001180       LIgoLeft                   0000000180002180 f   Dasher.obj
 0001:000013a0       LIgoToNextLeaf             00000001800023a0 f   Dasher.obj
 0001:00001680       LIinitializeIterationOnCurve 0000000180002680 f   Dasher.obj
 0001:00001950       LInext                     0000000180002950 f   Dasher.obj
 0001:00001c70       emitFirstSegments          0000000180002c70 f   Dasher.obj
 0001:00001d90       emitSeg                    0000000180002d90 f   Dasher.obj
 0001:00001e50       goTo                       0000000180002e50 f   Dasher.obj
 0001:000020d0       somethingTo                00000001800030d0 f   Dasher.obj
 0001:00003bc0       feedConsumer               0000000180004bc0 f   NativePiscesRasterizer.obj
 0001:00003f20       Renderer_pathDone          0000000180004f20 f   Renderer.obj
 0001:00003f20       Renderer_closePath         0000000180004f20 f   Renderer.obj
 0001:00003f40       Renderer_curveTo           0000000180004f40 f   Renderer.obj
 0001:000041c0       Renderer_lineTo            00000001800051c0 f   Renderer.obj
 0001:00004230       Renderer_moveTo            0000000180005230 f   Renderer.obj
 0001:000046f0       Renderer_quadTo            00000001800056f0 f   Renderer.obj
 0001:00004bd0       ScanlineIterator_next      0000000180005bd0 f   Renderer.obj
 0001:00004ed0       addLine                    0000000180005ed0 f   Renderer.obj
 0001:00005200       curveBreakIntoLinesAndAdd  0000000180006200 f   Renderer.obj
 0001:00005520       Stroker_closePath          0000000180006520 f   Stroker.obj
 0001:000056c0       Stroker_curveTo            00000001800066c0 f   Stroker.obj
 0001:00005ea0       Stroker_lineTo             0000000180006ea0 f   Stroker.obj
 0001:00006100       Stroker_moveTo             0000000180007100 f   Stroker.obj
 0001:00006170       Stroker_pathDone           0000000180007170 f   Stroker.obj
 0001:000061a0       Stroker_quadTo             00000001800071a0 f   Stroker.obj
 0001:00006840       computeOffsetCubic         0000000180007840 f   Stroker.obj
 0001:00006d60       computeOffsetQuad          0000000180007d60 f   Stroker.obj
 0001:000070d0       drawBezApproxForArc        00000001800080d0 f   Stroker.obj
 0001:00007260       drawJoin                   0000000180008260 f   Stroker.obj
 0001:00007700       drawRoundCap               0000000180008700 f   Stroker.obj
 0001:00007840       emitCurveTo                0000000180008840 f   Stroker.obj
 0001:00007990       emitLineTo                 0000000180008990 f   Stroker.obj
 0001:00007a30       emitReverse                0000000180008a30 f   Stroker.obj
 0001:00007b50       ensureSpace                0000000180008b50 f   Stroker.obj
 0001:00007c20       findSubdivPoints           0000000180008c20 f   Stroker.obj
 0001:00007ed0       finish                     0000000180008ed0 f   Stroker.obj
 0001:00008050       getLineOffsets             0000000180009050 f   Stroker.obj
 0001:00008140       safecomputeMiter           0000000180009140 f   Stroker.obj
 0001:00008250       DeltaScale_curveTo         0000000180009250 f   Transformer.obj
 0001:00008310       DeltaScale_lineTo          0000000180009310 f   Transformer.obj
 0001:00008340       DeltaScale_moveTo          0000000180009340 f   Transformer.obj
 0001:00008370       DeltaScale_quadTo          0000000180009370 f   Transformer.obj
 0001:000083c0       DeltaTransform_curveTo     00000001800093c0 f   Transformer.obj
 0001:000084f0       DeltaTransform_lineTo      00000001800094f0 f   Transformer.obj
 0001:00008540       DeltaTransform_moveTo      0000000180009540 f   Transformer.obj
 0001:00008590       DeltaTransform_quadTo      0000000180009590 f   Transformer.obj
 0001:00008660       ScaleTranslate_curveTo     0000000180009660 f   Transformer.obj
 0001:00008750       ScaleTranslate_lineTo      0000000180009750 f   Transformer.obj
 0001:00008790       ScaleTranslate_moveTo      0000000180009790 f   Transformer.obj
 0001:000087d0       ScaleTranslate_quadTo      00000001800097d0 f   Transformer.obj
 0001:00008850       Transform_curveTo          0000000180009850 f   Transformer.obj
 0001:000089a0       Transform_lineTo           00000001800099a0 f   Transformer.obj
 0001:000089f0       Transform_moveTo           00000001800099f0 f   Transformer.obj
 0001:00008a40       Transform_quadTo           0000000180009a40 f   Transformer.obj
 0001:00008b20       Transformer_closePath      0000000180009b20 f   Transformer.obj
 0001:00008d40       Transformer_pathDone       0000000180009d40 f   Transformer.obj
 0001:00008d50       Translate_curveTo          0000000180009d50 f   Transformer.obj
 0001:00008e10       Translate_lineTo           0000000180009e10 f   Transformer.obj
 0001:00008e40       Translate_moveTo           0000000180009e40 f   Transformer.obj
 0001:00008e70       Translate_quadTo           0000000180009e70 f   Transformer.obj
 0001:00008f40       $$000000                   0000000180009f40     MSVCRT:amdsecgs.obj
 0001:00008f80       $$000000                   0000000180009f80     MSVCRT:chkstk.obj
 0001:00008fe4       ?dllmain_crt_dispatch@@YAHQEAUHINSTANCE__@@KQEAX@Z 0000000180009fe4 f   MSVCRT:dll_dllmain.obj
 0001:00009034       ?dllmain_crt_process_attach@@YAHQEAUHINSTANCE__@@QEAX@Z 000000018000a034 f   MSVCRT:dll_dllmain.obj
 0001:00009150       ?dllmain_crt_process_detach@@YAH_N@Z 000000018000a150 f   MSVCRT:dll_dllmain.obj
 0001:000091e0       ?dllmain_dispatch@@YAHQEAUHINSTANCE__@@KQEAX@Z 000000018000a1e0 f   MSVCRT:dll_dllmain.obj
 0001:0000945c       capture_previous_context   000000018000a45c f   MSVCRT:gs_report.obj
 0001:00009d90       $$000000                   000000018000ad90     MSVCRT:guard_dispatch.obj
 0001:00009da2       ?fin$0@?0??dllmain_crt_process_attach@@YAHQEAUHINSTANCE__@@QEAX@Z@4HA 000000018000ada2 f   MSVCRT:dll_dllmain.obj
 0001:00009db9       ?fin$0@?0??dllmain_crt_process_detach@@YAH_N@Z@4HA 000000018000adb9 f   MSVCRT:dll_dllmain.obj
 0001:00009dd5       ?filt$0@?0??dllmain_dispatch@@YAHQEAUHINSTANCE__@@KQEAX@Z@4HA 000000018000add5 f   MSVCRT:dll_dllmain.obj
 0001:00009e0b       __scrt_is_nonwritable_in_current_image$filt$0 000000018000ae0b f   MSVCRT:utility.obj
 0002:00000400       GS_ExceptionPointers       000000018000b400     MSVCRT:gs_report.obj
 0002:00000790       $unwind$Curve_set          000000018000b790     Curve.obj
 0002:000007a0       $chain$2$Curve_set         000000018000b7a0     Curve.obj
 0002:000007bc       $chain$3$Curve_set         000000018000b7bc     Curve.obj
 0002:000007cc       $unwind$Curve_setquad      000000018000b7cc     Curve.obj
 0002:000007d8       $unwind$Curve_setcubic     000000018000b7d8     Curve.obj
 0002:000007f8       $unwind$Curve_dyRoots      000000018000b7f8     Curve.obj
 0002:000007f8       $unwind$Curve_dxRoots      000000018000b7f8     Curve.obj
 0002:00000800       $unwind$Curve_infPoints    000000018000b800     Curve.obj
 0002:00000810       $unwind$Curve_rootsOfROCMinusW 000000018000b810     Curve.obj
 0002:00000848       $chain$1$Curve_rootsOfROCMinusW 000000018000b848     Curve.obj
 0002:00000860       $chain$2$Curve_rootsOfROCMinusW 000000018000b860     Curve.obj
 0002:00000870       $unwind$ROCsq              000000018000b870     Curve.obj
 0002:0000087c       $unwind$falsePositionROCsqMinusX 000000018000b87c     Curve.obj
 0002:000008ac       $unwind$Dasher_init        000000018000b8ac     Dasher.obj
 0002:000008c0       $unwind$Dasher_reset       000000018000b8c0     Dasher.obj
 0002:000008e4       $unwind$Dasher_destroy     000000018000b8e4     Dasher.obj
 0002:000008e4       $unwind$Renderer_setup     000000018000b8e4     Renderer.obj
 0002:000008e4       $unwind$Dasher_PathDone    000000018000b8e4     Dasher.obj
 0002:000008e4       $unwind$__raise_securityfailure 000000018000b8e4     MSVCRT:gs_report.obj
 0002:000008e4       $unwind$Stroker_pathDone   000000018000b8e4     Stroker.obj
 0002:000008e4       $unwind$__scrt_uninitialize_crt 000000018000b8e4     MSVCRT:utility.obj
 0002:000008e4       $unwind$__scrt_initialize_crt 000000018000b8e4     MSVCRT:utility.obj
 0002:000008e4       $unwind$__scrt_release_startup_lock 000000018000b8e4     MSVCRT:utility.obj
 0002:000008e4       $unwind$Dasher_ClosePath   000000018000b8e4     Dasher.obj
 0002:000008ec       $unwind$LIinitializeIterationOnCurve 000000018000b8ec     Dasher.obj
 0002:000008f8       $chain$2$LIinitializeIterationOnCurve 000000018000b8f8     Dasher.obj
 0002:00000914       $chain$5$LIinitializeIterationOnCurve 000000018000b914     Dasher.obj
 0002:00000930       $chain$6$LIinitializeIterationOnCurve 000000018000b930     Dasher.obj
 0002:00000940       $chain$7$LIinitializeIterationOnCurve 000000018000b940     Dasher.obj
 0002:00000958       $chain$8$LIinitializeIterationOnCurve 000000018000b958     Dasher.obj
 0002:00000968       $unwind$LInext             000000018000b968     Dasher.obj
 0002:0000097c       $chain$4$LInext            000000018000b97c     Dasher.obj
 0002:000009a0       $chain$10$LInext           000000018000b9a0     Dasher.obj
 0002:000009a0       $chain$5$LInext            000000018000b9a0     Dasher.obj
 0002:000009b0       $chain$6$LInext            000000018000b9b0     Dasher.obj
 0002:000009d4       $chain$7$LInext            000000018000b9d4     Dasher.obj
 0002:000009e8       $chain$8$LInext            000000018000b9e8     Dasher.obj
 0002:000009f8       $chain$9$LInext            000000018000b9f8     Dasher.obj
 0002:00000a0c       $unwind$LIgoLeft           000000018000ba0c     Dasher.obj
 0002:00000a40       $unwind$LIgoToNextLeaf     000000018000ba40     Dasher.obj
 0002:00000a48       $chain$4$LIgoToNextLeaf    000000018000ba48     Dasher.obj
 0002:00000a6c       $chain$7$LIgoToNextLeaf    000000018000ba6c     Dasher.obj
 0002:00000a88       $chain$8$LIgoToNextLeaf    000000018000ba88     Dasher.obj
 0002:00000a98       $chain$9$LIgoToNextLeaf    000000018000ba98     Dasher.obj
 0002:00000a98       $chain$11$LIgoToNextLeaf   000000018000ba98     Dasher.obj
 0002:00000ab4       $chain$10$LIgoToNextLeaf   000000018000bab4     Dasher.obj
 0002:00000ac4       $chain$14$LIgoToNextLeaf   000000018000bac4     Dasher.obj
 0002:00000ac4       $chain$12$LIgoToNextLeaf   000000018000bac4     Dasher.obj
 0002:00000ad8       $unwind$Dasher_MoveTo      000000018000bad8     Dasher.obj
 0002:00000ae8       $unwind$Dasher_LineTo      000000018000bae8     Dasher.obj
 0002:00000b0c       $chain$0$Dasher_LineTo     000000018000bb0c     Dasher.obj
 0002:00000b20       $chain$1$Dasher_LineTo     000000018000bb20     Dasher.obj
 0002:00000b34       $chain$2$Dasher_LineTo     000000018000bb34     Dasher.obj
 0002:00000b48       $chain$3$Dasher_LineTo     000000018000bb48     Dasher.obj
 0002:00000b58       $chain$4$Dasher_LineTo     000000018000bb58     Dasher.obj
 0002:00000b68       $chain$5$Dasher_LineTo     000000018000bb68     Dasher.obj
 0002:00000b78       $unwind$emitSeg            000000018000bb78     Dasher.obj
 0002:00000b80       $unwind$emitFirstSegments  000000018000bb80     Dasher.obj
 0002:00000b8c       $chain$0$emitFirstSegments 000000018000bb8c     Dasher.obj
 0002:00000ba0       $chain$1$emitFirstSegments 000000018000bba0     Dasher.obj
 0002:00000bb0       $unwind$goTo               000000018000bbb0     Dasher.obj
 0002:00000bc8       $chain$1$goTo              000000018000bbc8     Dasher.obj
 0002:00000be0       $chain$2$goTo              000000018000bbe0     Dasher.obj
 0002:00000bf4       $chain$3$goTo              000000018000bbf4     Dasher.obj
 0002:00000c04       $chain$4$goTo              000000018000bc04     Dasher.obj
 0002:00000c18       $chain$5$goTo              000000018000bc18     Dasher.obj
 0002:00000c28       $unwind$somethingTo        000000018000bc28     Dasher.obj
 0002:00000c34       $chain$6$somethingTo       000000018000bc34     Dasher.obj
 0002:00000c60       $chain$7$somethingTo       000000018000bc60     Dasher.obj
 0002:00000c74       $chain$8$somethingTo       000000018000bc74     Dasher.obj
 0002:00000c84       $unwind$Helpers_quadraticRoots 000000018000bc84     Helpers.obj
 0002:00000ca0       $unwind$Helpers_cubicRootsInAB 000000018000bca0     Helpers.obj
 0002:00000cc0       $chain$1$Helpers_cubicRootsInAB 000000018000bcc0     Helpers.obj
 0002:00000cd8       $chain$4$Helpers_cubicRootsInAB 000000018000bcd8     Helpers.obj
 0002:00000cf4       $chain$5$Helpers_cubicRootsInAB 000000018000bcf4     Helpers.obj
 0002:00000d08       $chain$6$Helpers_cubicRootsInAB 000000018000bd08     Helpers.obj
 0002:00000d18       $chain$7$Helpers_cubicRootsInAB 000000018000bd18     Helpers.obj
 0002:00000d28       $chain$8$Helpers_cubicRootsInAB 000000018000bd28     Helpers.obj
 0002:00000d38       $unwind$Helpers_filterOutNotInAB 000000018000bd38     Helpers.obj
 0002:00000d40       $unwind$DllMain            000000018000bd40     MSVCRT:dll_dllmain_stub.obj
 0002:00000d40       $unwind$__scrt_dllmain_uninitialize_critical 000000018000bd40     MSVCRT:utility.obj
 0002:00000d40       $unwind$__scrt_acquire_startup_lock 000000018000bd40     MSVCRT:utility.obj
 0002:00000d40       $unwind$__scrt_dllmain_uninitialize_c 000000018000bd40     MSVCRT:utility.obj
 0002:00000d40       $unwind$__scrt_dllmain_crt_thread_attach 000000018000bd40     MSVCRT:utility.obj
 0002:00000d40       $unwind$__GSHandlerCheck   000000018000bd40     MSVCRT:gshandler.obj
 0002:00000d40       $unwind$__scrt_dllmain_after_initialize_c 000000018000bd40     MSVCRT:utility.obj
 0002:00000d40       $unwind$?dllmain_crt_dispatch@@YAHQEAUHINSTANCE__@@KQEAX@Z 000000018000bd40     MSVCRT:dll_dllmain.obj
 0002:00000d40       $unwind$__scrt_dllmain_crt_thread_detach 000000018000bd40     MSVCRT:utility.obj
 0002:00000d40       $unwind$Helpers_linelen    000000018000bd40     Helpers.obj
 0002:00000d40       $unwind$__scrt_initialize_default_local_stdio_options 000000018000bd40     MSVCRT:default_local_stdio_options.obj
 0002:00000d40       $unwind$__scrt_dllmain_before_initialize_c 000000018000bd40     MSVCRT:utility.obj
 0002:00000d48       $unwind$Helpers_subdivide  000000018000bd48     Helpers.obj
 0002:00000d58       $chain$2$Helpers_subdivide 000000018000bd58     Helpers.obj
 0002:00000d74       $chain$3$Helpers_subdivide 000000018000bd74     Helpers.obj
 0002:00000d84       $unwind$Helpers_isort      000000018000bd84     Helpers.obj
 0002:00000d8c       $chain$0$Helpers_isort     000000018000bd8c     Helpers.obj
 0002:00000da0       $chain$1$Helpers_isort     000000018000bda0     Helpers.obj
 0002:00000db0       $unwind$Helpers_subdivideCubicAt 000000018000bdb0     Helpers.obj
 0002:00000dd0       $unwind$Helpers_subdivideQuadAt 000000018000bdd0     Helpers.obj
 0002:00000de4       $unwind$Helpers_subdivideAt 000000018000bde4     Helpers.obj
 0002:00000df0       $chain$1$Helpers_subdivideAt 000000018000bdf0     Helpers.obj
 0002:00000e08       $chain$2$Helpers_subdivideAt 000000018000be08     Helpers.obj
 0002:00000e18       $unwind$Java_com_sun_prism_impl_shape_NativePiscesRasterizer_produceFillAlphas 000000018000be18     NativePiscesRasterizer.obj
 0002:00000e50       $chain$0$Java_com_sun_prism_impl_shape_NativePiscesRasterizer_produceFillAlphas 000000018000be50     NativePiscesRasterizer.obj
 0002:00000e64       $chain$1$Java_com_sun_prism_impl_shape_NativePiscesRasterizer_produceFillAlphas 000000018000be64     NativePiscesRasterizer.obj
 0002:00000e74       $unwind$Java_com_sun_prism_impl_shape_NativePiscesRasterizer_produceStrokeAlphas 000000018000be74     NativePiscesRasterizer.obj
 0002:00000eb0       $unwind$feedConsumer       000000018000beb0     NativePiscesRasterizer.obj
 0002:00000ec0       $chain$2$feedConsumer      000000018000bec0     NativePiscesRasterizer.obj
 0002:00000edc       $chain$3$feedConsumer      000000018000bedc     NativePiscesRasterizer.obj
 0002:00000eec       $chain$0$Renderer_setup    000000018000beec     Renderer.obj
 0002:00000f00       $chain$1$Renderer_setup    000000018000bf00     Renderer.obj
 0002:00000f10       $unwind$Renderer_init      000000018000bf10     Renderer.obj
 0002:00000f10       $unwind$emitReverse        000000018000bf10     Stroker.obj
 0002:00000f10       $unwind$__scrt_initialize_onexit_tables 000000018000bf10     MSVCRT:utility.obj
 0002:00000f18       $unwind$__scrt_dllmain_exception_filter 000000018000bf18     MSVCRT:utility.obj
 0002:00000f18       $unwind$ensureSpace        000000018000bf18     Stroker.obj
 0002:00000f18       $unwind$Renderer_reset     000000018000bf18     Renderer.obj
 0002:00000f2c       $unwind$_RTC_Initialize    000000018000bf2c     MSVCRT:initsect.obj
 0002:00000f2c       $unwind$Renderer_destroy   000000018000bf2c     Renderer.obj
 0002:00000f2c       $unwind$Stroker_destroy    000000018000bf2c     Stroker.obj
 0002:00000f2c       $unwind$_RTC_Terminate     000000018000bf2c     MSVCRT:initsect.obj
 0002:00000f38       $unwind$Renderer_getOutputBounds 000000018000bf38     Renderer.obj
 0002:00000f44       $unwind$Renderer_produceAlphas 000000018000bf44     Renderer.obj
 0002:00000f58       $chain$0$Renderer_produceAlphas 000000018000bf58     Renderer.obj
 0002:00000f6c       $chain$6$Renderer_produceAlphas 000000018000bf6c     Renderer.obj
 0002:00000f94       $chain$7$Renderer_produceAlphas 000000018000bf94     Renderer.obj
 0002:00000fb0       $chain$8$Renderer_produceAlphas 000000018000bfb0     Renderer.obj
 0002:00000fc0       $unwind$ScanlineIterator_next 000000018000bfc0     Renderer.obj
 0002:00000fdc       $chain$2$ScanlineIterator_next 000000018000bfdc     Renderer.obj
 0002:00000ff8       $chain$3$ScanlineIterator_next 000000018000bff8     Renderer.obj
 0002:00001008       $unwind$addLine            000000018000c008     Renderer.obj
 0002:00001030       $chain$2$addLine           000000018000c030     Renderer.obj
 0002:0000104c       $chain$4$addLine           000000018000c04c     Renderer.obj
 0002:00001064       $chain$5$addLine           000000018000c064     Renderer.obj
 0002:00001078       $chain$6$addLine           000000018000c078     Renderer.obj
 0002:00001088       $chain$7$addLine           000000018000c088     Renderer.obj
 0002:0000109c       $chain$8$addLine           000000018000c09c     Renderer.obj
 0002:000010ac       $chain$9$addLine           000000018000c0ac     Renderer.obj
 0002:000010bc       $unwind$curveBreakIntoLinesAndAdd 000000018000c0bc     Renderer.obj
 0002:000010f4       $unwind$Renderer_moveTo    000000018000c0f4     Renderer.obj
 0002:00001104       $unwind$Renderer_lineTo    000000018000c104     Renderer.obj
 0002:00001114       $unwind$Renderer_quadTo    000000018000c114     Renderer.obj
 0002:0000113c       $chain$1$Renderer_quadTo   000000018000c13c     Renderer.obj
 0002:00001154       $chain$2$Renderer_quadTo   000000018000c154     Renderer.obj
 0002:00001164       $unwind$Renderer_curveTo   000000018000c164     Renderer.obj
 0002:00001180       $unwind$Stroker_init       000000018000c180     Stroker.obj
 0002:00001194       $unwind$Stroker_moveTo     000000018000c194     Stroker.obj
 0002:000011a4       $unwind$Stroker_lineTo     000000018000c1a4     Stroker.obj
 0002:000011d4       $unwind$Stroker_quadTo     000000018000c1d4     Stroker.obj
 0002:000011fc       $chain$7$Stroker_quadTo    000000018000c1fc     Stroker.obj
 0002:0000122c       $chain$8$Stroker_quadTo    000000018000c22c     Stroker.obj
 0002:00001240       $chain$9$Stroker_quadTo    000000018000c240     Stroker.obj
 0002:00001250       $chain$10$Stroker_quadTo   000000018000c250     Stroker.obj
 0002:00001260       $unwind$Stroker_curveTo    000000018000c260     Stroker.obj
 0002:00001288       $chain$5$Stroker_curveTo   000000018000c288     Stroker.obj
 0002:000012b0       $chain$8$Stroker_curveTo   000000018000c2b0     Stroker.obj
 0002:000012cc       $chain$9$Stroker_curveTo   000000018000c2cc     Stroker.obj
 0002:000012e0       $chain$10$Stroker_curveTo  000000018000c2e0     Stroker.obj
 0002:000012f0       $unwind$Stroker_closePath  000000018000c2f0     Stroker.obj
 0002:000012f8       $chain$0$Stroker_closePath 000000018000c2f8     Stroker.obj
 0002:0000130c       $chain$1$Stroker_closePath 000000018000c30c     Stroker.obj
 0002:0000131c       $unwind$drawJoin           000000018000c31c     Stroker.obj
 0002:00001338       $chain$2$drawJoin          000000018000c338     Stroker.obj
 0002:00001354       $chain$5$drawJoin          000000018000c354     Stroker.obj
 0002:00001370       $chain$6$drawJoin          000000018000c370     Stroker.obj
 0002:00001384       $chain$7$drawJoin          000000018000c384     Stroker.obj
 0002:00001394       $chain$8$drawJoin          000000018000c394     Stroker.obj
 0002:000013a4       $chain$9$drawJoin          000000018000c3a4     Stroker.obj
 0002:000013b4       $unwind$drawBezApproxForArc 000000018000c3b4     Stroker.obj
 0002:000013d8       $unwind$emitLineTo         000000018000c3d8     Stroker.obj
 0002:000013e8       $chain$0$emitLineTo        000000018000c3e8     Stroker.obj
 0002:000013fc       $chain$1$emitLineTo        000000018000c3fc     Stroker.obj
 0002:0000140c       $unwind$emitCurveTo        000000018000c40c     Stroker.obj
 0002:00001420       $chain$0$emitCurveTo       000000018000c420     Stroker.obj
 0002:00001434       $chain$1$emitCurveTo       000000018000c434     Stroker.obj
 0002:00001444       $unwind$finish             000000018000c444     Stroker.obj
 0002:0000144c       $unwind$computeOffset      000000018000c44c     Stroker.obj
 0002:00001460       $unwind$drawRoundCap       000000018000c460     Stroker.obj
 0002:0000148c       $unwind$safecomputeMiter   000000018000c48c     Stroker.obj
 0002:000014a4       $unwind$getLineOffsets     000000018000c4a4     Stroker.obj
 0002:000014c0       $unwind$computeOffsetCubic 000000018000c4c0     Stroker.obj
 0002:000014f8       $chain$1$computeOffsetCubic 000000018000c4f8     Stroker.obj
 0002:00001510       $chain$2$computeOffsetCubic 000000018000c510     Stroker.obj
 0002:00001520       $unwind$computeOffsetQuad  000000018000c520     Stroker.obj
 0002:00001558       $chain$0$computeOffsetQuad 000000018000c558     Stroker.obj
 0002:0000156c       $chain$1$computeOffsetQuad 000000018000c56c     Stroker.obj
 0002:0000157c       $unwind$findSubdivPoints   000000018000c57c     Stroker.obj
 0002:00001594       $chain$5$findSubdivPoints  000000018000c594     Stroker.obj
 0002:000015bc       $chain$6$findSubdivPoints  000000018000c5bc     Stroker.obj
 0002:000015d0       $chain$7$findSubdivPoints  000000018000c5d0     Stroker.obj
 0002:000015e0       $chain$8$findSubdivPoints  000000018000c5e0     Stroker.obj
 0002:000015f0       $unwind$Transformer_init   000000018000c5f0     Transformer.obj
 0002:00001618       $unwind$Translate_curveTo  000000018000c618     Transformer.obj
 0002:00001628       $unwind$DeltaScale_curveTo 000000018000c628     Transformer.obj
 0002:00001638       $unwind$ScaleTranslate_quadTo 000000018000c638     Transformer.obj
 0002:00001644       $unwind$ScaleTranslate_curveTo 000000018000c644     Transformer.obj
 0002:00001658       $unwind$DeltaTransform_quadTo 000000018000c658     Transformer.obj
 0002:0000166c       $unwind$DeltaTransform_curveTo 000000018000c66c     Transformer.obj
 0002:00001684       $unwind$Transform_quadTo   000000018000c684     Transformer.obj
 0002:00001698       $unwind$Transform_curveTo  000000018000c698     Transformer.obj
 0002:000016b0       $unwind$__GSHandlerCheckCommon 000000018000c6b0     MSVCRT:gshandler.obj
 0002:000016b8       $xdatasym                  000000018000c6b8     MSVCRT:amdsecgs.obj
 0002:000016c0       $xdatasym                  000000018000c6c0     MSVCRT:chkstk.obj
 0002:000016c8       $unwind$?dllmain_crt_process_attach@@YAHQEAUHINSTANCE__@@QEAX@Z 000000018000c6c8     MSVCRT:dll_dllmain.obj
 0002:00001704       $unwind$?fin$0@?0??dllmain_crt_process_detach@@YAH_N@Z@4HA 000000018000c704     MSVCRT:dll_dllmain.obj
 0002:00001704       $unwind$?fin$0@?0??dllmain_crt_process_attach@@YAHQEAUHINSTANCE__@@QEAX@Z@4HA 000000018000c704     MSVCRT:dll_dllmain.obj
 0002:0000170c       $unwind$?dllmain_crt_process_detach@@YAH_N@Z 000000018000c70c     MSVCRT:dll_dllmain.obj
 0002:00001744       $unwind$?dllmain_dispatch@@YAHQEAUHINSTANCE__@@KQEAX@Z 000000018000c744     MSVCRT:dll_dllmain.obj
 0002:0000176c       $unwind$?filt$0@?0??dllmain_dispatch@@YAHQEAUHINSTANCE__@@KQEAX@Z@4HA 000000018000c76c     MSVCRT:dll_dllmain.obj
 0002:00001774       $unwind$_DllMainCRTStartup 000000018000c774     MSVCRT:dll_dllmain.obj
 0002:00001784       $unwind$__report_gsfailure 000000018000c784     MSVCRT:gs_report.obj
 0002:0000178c       $unwind$capture_previous_context 000000018000c78c     MSVCRT:gs_report.obj
 0002:00001798       $unwind$__security_init_cookie 000000018000c798     MSVCRT:gs_support.obj
 0002:000017a4       $unwind$__scrt_is_nonwritable_in_current_image 000000018000c7a4     MSVCRT:utility.obj
 0002:000017c4       $unwind$__scrt_is_nonwritable_in_current_image$filt$0 000000018000c7c4     MSVCRT:utility.obj
 0002:000017cc       $unwind$__scrt_fastfail    000000018000c7cc     MSVCRT:utility_desktop.obj
 0002:000017dc       $unwind$__isa_available_init 000000018000c7dc     MSVCRT:cpu_disp.obj
 0002:000017f0       $xdatasym                  000000018000c7f0     MSVCRT:guard_dispatch.obj
 0002:00001800       .edata                     000000018000c800     prism_common.exp
 0002:00001828       rgpv                       000000018000c828     prism_common.exp
 0002:00001834       rgszName                   000000018000c834     prism_common.exp
 0002:00001840       rgwOrd                     000000018000c840     prism_common.exp
 0002:00001846       szName                     000000018000c846     prism_common.exp
 0002:00001857       $N00001                    000000018000c857     prism_common.exp
 0002:00001891       $N00002                    000000018000c891     prism_common.exp
 0002:000018d8       $N00003                    000000018000c8d8     prism_common.exp
 0002:00001c46       .idata$6                   000000018000cc46     kernel32:KERNEL32.dll
 0002:00001c96       .idata$6                   000000018000cc96     vcruntime:VCRUNTIME140.dll
 0002:00001d96       .idata$6                   000000018000cd96     ucrt:api-ms-win-crt-heap-l1-1-0.dll
 0002:00001db6       .idata$6                   000000018000cdb6     ucrt:api-ms-win-crt-math-l1-1-0.dll
 0002:00001dd6       .idata$6                   000000018000cdd6     ucrt:api-ms-win-crt-runtime-l1-1-0.dll
 0003:00000050       SUBPIXEL_LG_POSITIONS_X    000000018000d050     Renderer.obj
 0003:00000054       SUBPIXEL_LG_POSITIONS_Y    000000018000d054     Renderer.obj
 0003:00000058       SUBPIXEL_POSITIONS_X       000000018000d058     Renderer.obj
 0003:0000005c       SUBPIXEL_POSITIONS_Y       000000018000d05c     Renderer.obj
 0003:00000060       SUBPIXEL_MASK_X            000000018000d060     Renderer.obj
 0003:00000064       SUBPIXEL_MASK_Y            000000018000d064     Renderer.obj
 0003:00000068       alphaMap                   000000018000d068     Renderer.obj
 0003:00000070       alphaMax                   000000018000d070     Renderer.obj
 0003:00000074       altAlphaMax                000000018000d074     Renderer.obj
 0003:00000078       altAlphaMap                000000018000d078     Renderer.obj
 0003:00000080       middle                     000000018000d080     Stroker.obj
 0003:000001e0       lp                         000000018000d1e0     Stroker.obj
 0003:00000200       rp                         000000018000d200     Stroker.obj
 0003:00000220       subdivTs                   000000018000d220     Stroker.obj
 0003:00000248       ?__proc_attached@@3HA      000000018000d248     MSVCRT:dll_dllmain.obj
 0003:00000250       GS_ExceptionRecord         000000018000d250     MSVCRT:gs_report.obj
 0003:000002f0       GS_ContextRecord           000000018000d2f0     MSVCRT:gs_report.obj
 0003:000007f0       ?is_initialized_as_dll@@3_NA 000000018000d7f0     MSVCRT:utility.obj
 0003:000007f1       ?module_local_atexit_table_initialized@@3_NA 000000018000d7f1     MSVCRT:utility.obj
 0003:000007f8       ?module_local_atexit_table@@3U_onexit_table_t@@A 000000018000d7f8     MSVCRT:utility.obj
 0003:00000810       ?module_local_at_quick_exit_table@@3U_onexit_table_t@@A 000000018000d810     MSVCRT:utility.obj
 0004:00000000       $pdata$Curve_dxRoots       000000018000e000     Curve.obj
 0004:0000000c       $pdata$Curve_dyRoots       000000018000e00c     Curve.obj
 0004:00000018       $pdata$Curve_infPoints     000000018000e018     Curve.obj
 0004:00000024       $pdata$Curve_rootsOfROCMinusW 000000018000e024     Curve.obj
 0004:00000030       $pdata$1$Curve_rootsOfROCMinusW 000000018000e030     Curve.obj
 0004:0000003c       $pdata$2$Curve_rootsOfROCMinusW 000000018000e03c     Curve.obj
 0004:00000048       $pdata$Curve_set           000000018000e048     Curve.obj
 0004:00000054       $pdata$2$Curve_set         000000018000e054     Curve.obj
 0004:00000060       $pdata$3$Curve_set         000000018000e060     Curve.obj
 0004:0000006c       $pdata$Curve_setcubic      000000018000e06c     Curve.obj
 0004:00000078       $pdata$Curve_setquad       000000018000e078     Curve.obj
 0004:00000084       $pdata$ROCsq               000000018000e084     Curve.obj
 0004:00000090       $pdata$falsePositionROCsqMinusX 000000018000e090     Curve.obj
 0004:0000009c       $pdata$Dasher_ClosePath    000000018000e09c     Dasher.obj
 0004:000000a8       $pdata$Dasher_LineTo       000000018000e0a8     Dasher.obj
 0004:000000b4       $pdata$0$Dasher_LineTo     000000018000e0b4     Dasher.obj
 0004:000000c0       $pdata$1$Dasher_LineTo     000000018000e0c0     Dasher.obj
 0004:000000cc       $pdata$2$Dasher_LineTo     000000018000e0cc     Dasher.obj
 0004:000000d8       $pdata$3$Dasher_LineTo     000000018000e0d8     Dasher.obj
 0004:000000e4       $pdata$4$Dasher_LineTo     000000018000e0e4     Dasher.obj
 0004:000000f0       $pdata$5$Dasher_LineTo     000000018000e0f0     Dasher.obj
 0004:000000fc       $pdata$Dasher_MoveTo       000000018000e0fc     Dasher.obj
 0004:00000108       $pdata$Dasher_PathDone     000000018000e108     Dasher.obj
 0004:00000114       $pdata$Dasher_destroy      000000018000e114     Dasher.obj
 0004:00000120       $pdata$Dasher_init         000000018000e120     Dasher.obj
 0004:0000012c       $pdata$Dasher_reset        000000018000e12c     Dasher.obj
 0004:00000138       $pdata$LIgoLeft            000000018000e138     Dasher.obj
 0004:00000144       $pdata$LIgoToNextLeaf      000000018000e144     Dasher.obj
 0004:00000150       $pdata$4$LIgoToNextLeaf    000000018000e150     Dasher.obj
 0004:0000015c       $pdata$7$LIgoToNextLeaf    000000018000e15c     Dasher.obj
 0004:00000168       $pdata$8$LIgoToNextLeaf    000000018000e168     Dasher.obj
 0004:00000174       $pdata$9$LIgoToNextLeaf    000000018000e174     Dasher.obj
 0004:00000180       $pdata$10$LIgoToNextLeaf   000000018000e180     Dasher.obj
 0004:0000018c       $pdata$11$LIgoToNextLeaf   000000018000e18c     Dasher.obj
 0004:00000198       $pdata$12$LIgoToNextLeaf   000000018000e198     Dasher.obj
 0004:000001a4       $pdata$14$LIgoToNextLeaf   000000018000e1a4     Dasher.obj
 0004:000001b0       $pdata$LIinitializeIterationOnCurve 000000018000e1b0     Dasher.obj
 0004:000001bc       $pdata$2$LIinitializeIterationOnCurve 000000018000e1bc     Dasher.obj
 0004:000001c8       $pdata$5$LIinitializeIterationOnCurve 000000018000e1c8     Dasher.obj
 0004:000001d4       $pdata$6$LIinitializeIterationOnCurve 000000018000e1d4     Dasher.obj
 0004:000001e0       $pdata$7$LIinitializeIterationOnCurve 000000018000e1e0     Dasher.obj
 0004:000001ec       $pdata$8$LIinitializeIterationOnCurve 000000018000e1ec     Dasher.obj
 0004:000001f8       $pdata$LInext              000000018000e1f8     Dasher.obj
 0004:00000204       $pdata$4$LInext            000000018000e204     Dasher.obj
 0004:00000210       $pdata$5$LInext            000000018000e210     Dasher.obj
 0004:0000021c       $pdata$6$LInext            000000018000e21c     Dasher.obj
 0004:00000228       $pdata$7$LInext            000000018000e228     Dasher.obj
 0004:00000234       $pdata$8$LInext            000000018000e234     Dasher.obj
 0004:00000240       $pdata$9$LInext            000000018000e240     Dasher.obj
 0004:0000024c       $pdata$10$LInext           000000018000e24c     Dasher.obj
 0004:00000258       $pdata$emitFirstSegments   000000018000e258     Dasher.obj
 0004:00000264       $pdata$0$emitFirstSegments 000000018000e264     Dasher.obj
 0004:00000270       $pdata$1$emitFirstSegments 000000018000e270     Dasher.obj
 0004:0000027c       $pdata$emitSeg             000000018000e27c     Dasher.obj
 0004:00000288       $pdata$goTo                000000018000e288     Dasher.obj
 0004:00000294       $pdata$1$goTo              000000018000e294     Dasher.obj
 0004:000002a0       $pdata$2$goTo              000000018000e2a0     Dasher.obj
 0004:000002ac       $pdata$3$goTo              000000018000e2ac     Dasher.obj
 0004:000002b8       $pdata$4$goTo              000000018000e2b8     Dasher.obj
 0004:000002c4       $pdata$5$goTo              000000018000e2c4     Dasher.obj
 0004:000002d0       $pdata$somethingTo         000000018000e2d0     Dasher.obj
 0004:000002dc       $pdata$6$somethingTo       000000018000e2dc     Dasher.obj
 0004:000002e8       $pdata$7$somethingTo       000000018000e2e8     Dasher.obj
 0004:000002f4       $pdata$8$somethingTo       000000018000e2f4     Dasher.obj
 0004:00000300       $pdata$Helpers_cubicRootsInAB 000000018000e300     Helpers.obj
 0004:0000030c       $pdata$1$Helpers_cubicRootsInAB 000000018000e30c     Helpers.obj
 0004:00000318       $pdata$4$Helpers_cubicRootsInAB 000000018000e318     Helpers.obj
 0004:00000324       $pdata$5$Helpers_cubicRootsInAB 000000018000e324     Helpers.obj
 0004:00000330       $pdata$6$Helpers_cubicRootsInAB 000000018000e330     Helpers.obj
 0004:0000033c       $pdata$7$Helpers_cubicRootsInAB 000000018000e33c     Helpers.obj
 0004:00000348       $pdata$8$Helpers_cubicRootsInAB 000000018000e348     Helpers.obj
 0004:00000354       $pdata$Helpers_filterOutNotInAB 000000018000e354     Helpers.obj
 0004:00000360       $pdata$Helpers_isort       000000018000e360     Helpers.obj
 0004:0000036c       $pdata$0$Helpers_isort     000000018000e36c     Helpers.obj
 0004:00000378       $pdata$1$Helpers_isort     000000018000e378     Helpers.obj
 0004:00000384       $pdata$Helpers_linelen     000000018000e384     Helpers.obj
 0004:00000390       $pdata$Helpers_quadraticRoots 000000018000e390     Helpers.obj
 0004:0000039c       $pdata$Helpers_subdivide   000000018000e39c     Helpers.obj
 0004:000003a8       $pdata$2$Helpers_subdivide 000000018000e3a8     Helpers.obj
 0004:000003b4       $pdata$3$Helpers_subdivide 000000018000e3b4     Helpers.obj
 0004:000003c0       $pdata$Helpers_subdivideAt 000000018000e3c0     Helpers.obj
 0004:000003cc       $pdata$1$Helpers_subdivideAt 000000018000e3cc     Helpers.obj
 0004:000003d8       $pdata$2$Helpers_subdivideAt 000000018000e3d8     Helpers.obj
 0004:000003e4       $pdata$Helpers_subdivideCubicAt 000000018000e3e4     Helpers.obj
 0004:000003f0       $pdata$Helpers_subdivideQuadAt 000000018000e3f0     Helpers.obj
 0004:000003fc       $pdata$Java_com_sun_prism_impl_shape_NativePiscesRasterizer_produceFillAlphas 000000018000e3fc     NativePiscesRasterizer.obj
 0004:00000408       $pdata$0$Java_com_sun_prism_impl_shape_NativePiscesRasterizer_produceFillAlphas 000000018000e408     NativePiscesRasterizer.obj
 0004:00000414       $pdata$1$Java_com_sun_prism_impl_shape_NativePiscesRasterizer_produceFillAlphas 000000018000e414     NativePiscesRasterizer.obj
 0004:00000420       $pdata$Java_com_sun_prism_impl_shape_NativePiscesRasterizer_produceStrokeAlphas 000000018000e420     NativePiscesRasterizer.obj
 0004:0000042c       $pdata$feedConsumer        000000018000e42c     NativePiscesRasterizer.obj
 0004:00000438       $pdata$2$feedConsumer      000000018000e438     NativePiscesRasterizer.obj
 0004:00000444       $pdata$3$feedConsumer      000000018000e444     NativePiscesRasterizer.obj
 0004:00000450       $pdata$Renderer_curveTo    000000018000e450     Renderer.obj
 0004:0000045c       $pdata$Renderer_destroy    000000018000e45c     Renderer.obj
 0004:00000468       $pdata$Renderer_getOutputBounds 000000018000e468     Renderer.obj
 0004:00000474       $pdata$Renderer_init       000000018000e474     Renderer.obj
 0004:00000480       $pdata$Renderer_lineTo     000000018000e480     Renderer.obj
 0004:0000048c       $pdata$Renderer_moveTo     000000018000e48c     Renderer.obj
 0004:00000498       $pdata$Renderer_produceAlphas 000000018000e498     Renderer.obj
 0004:000004a4       $pdata$0$Renderer_produceAlphas 000000018000e4a4     Renderer.obj
 0004:000004b0       $pdata$6$Renderer_produceAlphas 000000018000e4b0     Renderer.obj
 0004:000004bc       $pdata$7$Renderer_produceAlphas 000000018000e4bc     Renderer.obj
 0004:000004c8       $pdata$8$Renderer_produceAlphas 000000018000e4c8     Renderer.obj
 0004:000004d4       $pdata$Renderer_quadTo     000000018000e4d4     Renderer.obj
 0004:000004e0       $pdata$1$Renderer_quadTo   000000018000e4e0     Renderer.obj
 0004:000004ec       $pdata$2$Renderer_quadTo   000000018000e4ec     Renderer.obj
 0004:000004f8       $pdata$Renderer_reset      000000018000e4f8     Renderer.obj
 0004:00000504       $pdata$Renderer_setup      000000018000e504     Renderer.obj
 0004:00000510       $pdata$0$Renderer_setup    000000018000e510     Renderer.obj
 0004:0000051c       $pdata$1$Renderer_setup    000000018000e51c     Renderer.obj
 0004:00000528       $pdata$ScanlineIterator_next 000000018000e528     Renderer.obj
 0004:00000534       $pdata$2$ScanlineIterator_next 000000018000e534     Renderer.obj
 0004:00000540       $pdata$3$ScanlineIterator_next 000000018000e540     Renderer.obj
 0004:0000054c       $pdata$addLine             000000018000e54c     Renderer.obj
 0004:00000558       $pdata$2$addLine           000000018000e558     Renderer.obj
 0004:00000564       $pdata$4$addLine           000000018000e564     Renderer.obj
 0004:00000570       $pdata$5$addLine           000000018000e570     Renderer.obj
 0004:0000057c       $pdata$6$addLine           000000018000e57c     Renderer.obj
 0004:00000588       $pdata$7$addLine           000000018000e588     Renderer.obj
 0004:00000594       $pdata$8$addLine           000000018000e594     Renderer.obj
 0004:000005a0       $pdata$9$addLine           000000018000e5a0     Renderer.obj
 0004:000005ac       $pdata$curveBreakIntoLinesAndAdd 000000018000e5ac     Renderer.obj
 0004:000005b8       $pdata$Stroker_closePath   000000018000e5b8     Stroker.obj
 0004:000005c4       $pdata$0$Stroker_closePath 000000018000e5c4     Stroker.obj
 0004:000005d0       $pdata$1$Stroker_closePath 000000018000e5d0     Stroker.obj
 0004:000005dc       $pdata$Stroker_curveTo     000000018000e5dc     Stroker.obj
 0004:000005e8       $pdata$5$Stroker_curveTo   000000018000e5e8     Stroker.obj
 0004:000005f4       $pdata$8$Stroker_curveTo   000000018000e5f4     Stroker.obj
 0004:00000600       $pdata$9$Stroker_curveTo   000000018000e600     Stroker.obj
 0004:0000060c       $pdata$10$Stroker_curveTo  000000018000e60c     Stroker.obj
 0004:00000618       $pdata$Stroker_destroy     000000018000e618     Stroker.obj
 0004:00000624       $pdata$Stroker_init        000000018000e624     Stroker.obj
 0004:00000630       $pdata$Stroker_lineTo      000000018000e630     Stroker.obj
 0004:0000063c       $pdata$Stroker_moveTo      000000018000e63c     Stroker.obj
 0004:00000648       $pdata$Stroker_pathDone    000000018000e648     Stroker.obj
 0004:00000654       $pdata$Stroker_quadTo      000000018000e654     Stroker.obj
 0004:00000660       $pdata$7$Stroker_quadTo    000000018000e660     Stroker.obj
 0004:0000066c       $pdata$8$Stroker_quadTo    000000018000e66c     Stroker.obj
 0004:00000678       $pdata$9$Stroker_quadTo    000000018000e678     Stroker.obj
 0004:00000684       $pdata$10$Stroker_quadTo   000000018000e684     Stroker.obj
 0004:00000690       $pdata$computeOffset       000000018000e690     Stroker.obj
 0004:0000069c       $pdata$computeOffsetCubic  000000018000e69c     Stroker.obj
 0004:000006a8       $pdata$1$computeOffsetCubic 000000018000e6a8     Stroker.obj
 0004:000006b4       $pdata$2$computeOffsetCubic 000000018000e6b4     Stroker.obj
 0004:000006c0       $pdata$computeOffsetQuad   000000018000e6c0     Stroker.obj
 0004:000006cc       $pdata$0$computeOffsetQuad 000000018000e6cc     Stroker.obj
 0004:000006d8       $pdata$1$computeOffsetQuad 000000018000e6d8     Stroker.obj
 0004:000006e4       $pdata$drawBezApproxForArc 000000018000e6e4     Stroker.obj
 0004:000006f0       $pdata$drawJoin            000000018000e6f0     Stroker.obj
 0004:000006fc       $pdata$2$drawJoin          000000018000e6fc     Stroker.obj
 0004:00000708       $pdata$5$drawJoin          000000018000e708     Stroker.obj
 0004:00000714       $pdata$6$drawJoin          000000018000e714     Stroker.obj
 0004:00000720       $pdata$7$drawJoin          000000018000e720     Stroker.obj
 0004:0000072c       $pdata$8$drawJoin          000000018000e72c     Stroker.obj
 0004:00000738       $pdata$9$drawJoin          000000018000e738     Stroker.obj
 0004:00000744       $pdata$drawRoundCap        000000018000e744     Stroker.obj
 0004:00000750       $pdata$emitCurveTo         000000018000e750     Stroker.obj
 0004:0000075c       $pdata$0$emitCurveTo       000000018000e75c     Stroker.obj
 0004:00000768       $pdata$1$emitCurveTo       000000018000e768     Stroker.obj
 0004:00000774       $pdata$emitLineTo          000000018000e774     Stroker.obj
 0004:00000780       $pdata$0$emitLineTo        000000018000e780     Stroker.obj
 0004:0000078c       $pdata$1$emitLineTo        000000018000e78c     Stroker.obj
 0004:00000798       $pdata$emitReverse         000000018000e798     Stroker.obj
 0004:000007a4       $pdata$ensureSpace         000000018000e7a4     Stroker.obj
 0004:000007b0       $pdata$findSubdivPoints    000000018000e7b0     Stroker.obj
 0004:000007bc       $pdata$5$findSubdivPoints  000000018000e7bc     Stroker.obj
 0004:000007c8       $pdata$6$findSubdivPoints  000000018000e7c8     Stroker.obj
 0004:000007d4       $pdata$7$findSubdivPoints  000000018000e7d4     Stroker.obj
 0004:000007e0       $pdata$8$findSubdivPoints  000000018000e7e0     Stroker.obj
 0004:000007ec       $pdata$finish              000000018000e7ec     Stroker.obj
 0004:000007f8       $pdata$getLineOffsets      000000018000e7f8     Stroker.obj
 0004:00000804       $pdata$safecomputeMiter    000000018000e804     Stroker.obj
 0004:00000810       $pdata$DeltaScale_curveTo  000000018000e810     Transformer.obj
 0004:0000081c       $pdata$DeltaTransform_curveTo 000000018000e81c     Transformer.obj
 0004:00000828       $pdata$DeltaTransform_quadTo 000000018000e828     Transformer.obj
 0004:00000834       $pdata$ScaleTranslate_curveTo 000000018000e834     Transformer.obj
 0004:00000840       $pdata$ScaleTranslate_quadTo 000000018000e840     Transformer.obj
 0004:0000084c       $pdata$Transform_curveTo   000000018000e84c     Transformer.obj
 0004:00000858       $pdata$Transform_quadTo    000000018000e858     Transformer.obj
 0004:00000864       $pdata$Transformer_init    000000018000e864     Transformer.obj
 0004:00000870       $pdata$Translate_curveTo   000000018000e870     Transformer.obj
 0004:0000087c       $pdata$__GSHandlerCheck    000000018000e87c     MSVCRT:gshandler.obj
 0004:00000888       $pdata$__GSHandlerCheckCommon 000000018000e888     MSVCRT:gshandler.obj
 0004:000008ac       $pdata$?dllmain_crt_dispatch@@YAHQEAUHINSTANCE__@@KQEAX@Z 000000018000e8ac     MSVCRT:dll_dllmain.obj
 0004:000008b8       $pdata$?dllmain_crt_process_attach@@YAHQEAUHINSTANCE__@@QEAX@Z 000000018000e8b8     MSVCRT:dll_dllmain.obj
 0004:000008c4       $pdata$?dllmain_crt_process_detach@@YAH_N@Z 000000018000e8c4     MSVCRT:dll_dllmain.obj
 0004:000008d0       $pdata$?dllmain_dispatch@@YAHQEAUHINSTANCE__@@KQEAX@Z 000000018000e8d0     MSVCRT:dll_dllmain.obj
 0004:000008dc       $pdata$_DllMainCRTStartup  000000018000e8dc     MSVCRT:dll_dllmain.obj
 0004:000008e8       $pdata$__raise_securityfailure 000000018000e8e8     MSVCRT:gs_report.obj
 0004:000008f4       $pdata$__report_gsfailure  000000018000e8f4     MSVCRT:gs_report.obj
 0004:00000900       $pdata$capture_previous_context 000000018000e900     MSVCRT:gs_report.obj
 0004:0000090c       $pdata$__security_init_cookie 000000018000e90c     MSVCRT:gs_support.obj
 0004:00000918       $pdata$DllMain             000000018000e918     MSVCRT:dll_dllmain_stub.obj
 0004:00000924       $pdata$__scrt_initialize_default_local_stdio_options 000000018000e924     MSVCRT:default_local_stdio_options.obj
 0004:00000930       $pdata$__scrt_acquire_startup_lock 000000018000e930     MSVCRT:utility.obj
 0004:0000093c       $pdata$__scrt_dllmain_after_initialize_c 000000018000e93c     MSVCRT:utility.obj
 0004:00000948       $pdata$__scrt_dllmain_before_initialize_c 000000018000e948     MSVCRT:utility.obj
 0004:00000954       $pdata$__scrt_dllmain_crt_thread_attach 000000018000e954     MSVCRT:utility.obj
 0004:00000960       $pdata$__scrt_dllmain_crt_thread_detach 000000018000e960     MSVCRT:utility.obj
 0004:0000096c       $pdata$__scrt_dllmain_exception_filter 000000018000e96c     MSVCRT:utility.obj
 0004:00000978       $pdata$__scrt_dllmain_uninitialize_c 000000018000e978     MSVCRT:utility.obj
 0004:00000984       $pdata$__scrt_dllmain_uninitialize_critical 000000018000e984     MSVCRT:utility.obj
 0004:00000990       $pdata$__scrt_initialize_crt 000000018000e990     MSVCRT:utility.obj
 0004:0000099c       $pdata$__scrt_initialize_onexit_tables 000000018000e99c     MSVCRT:utility.obj
 0004:000009a8       $pdata$__scrt_is_nonwritable_in_current_image 000000018000e9a8     MSVCRT:utility.obj
 0004:000009b4       $pdata$__scrt_release_startup_lock 000000018000e9b4     MSVCRT:utility.obj
 0004:000009c0       $pdata$__scrt_uninitialize_crt 000000018000e9c0     MSVCRT:utility.obj
 0004:000009cc       $pdata$__scrt_fastfail     000000018000e9cc     MSVCRT:utility_desktop.obj
 0004:000009d8       $pdata$_RTC_Initialize     000000018000e9d8     MSVCRT:initsect.obj
 0004:000009e4       $pdata$_RTC_Terminate      000000018000e9e4     MSVCRT:initsect.obj
 0004:000009f0       $pdata$__isa_available_init 000000018000e9f0     MSVCRT:cpu_disp.obj
 0004:00000a08       $pdata$?fin$0@?0??dllmain_crt_process_attach@@YAHQEAUHINSTANCE__@@QEAX@Z@4HA 000000018000ea08     MSVCRT:dll_dllmain.obj
 0004:00000a14       $pdata$?fin$0@?0??dllmain_crt_process_detach@@YAH_N@Z@4HA 000000018000ea14     MSVCRT:dll_dllmain.obj
 0004:00000a20       $pdata$?filt$0@?0??dllmain_dispatch@@YAHQEAUHINSTANCE__@@KQEAX@Z@4HA 000000018000ea20     MSVCRT:dll_dllmain.obj
 0004:00000a2c       $pdata$__scrt_is_nonwritable_in_current_image$filt$0 000000018000ea2c     MSVCRT:utility.obj
 0005:00000060       $R000000                   000000018000f060     version.res
